#! /c/Source/iverilog-install/bin/vvp
:ivl_version "12.0 (devel)" "(s20150603-1110-g18392a46)";
:ivl_delay_selection "TYPICAL";
:vpi_time_precision + 0;
:vpi_module "D:\iverilog\iverilog\lib\ivl\system.vpi";
:vpi_module "D:\iverilog\iverilog\lib\ivl\vhdl_sys.vpi";
:vpi_module "D:\iverilog\iverilog\lib\ivl\vhdl_textio.vpi";
:vpi_module "D:\iverilog\iverilog\lib\ivl\v2005_math.vpi";
:vpi_module "D:\iverilog\iverilog\lib\ivl\va_math.vpi";
S_000001ac79302830 .scope module, "Fifo" "Fifo" 2 1;
 .timescale 0 0;
    .port_info 0 /INPUT 1 "clk";
    .port_info 1 /INPUT 1 "rst_n";
    .port_info 2 /INPUT 1 "wen";
    .port_info 3 /INPUT 1 "ren";
    .port_info 4 /INPUT 128 "din";
    .port_info 5 /OUTPUT 128 "dout";
    .port_info 6 /OUTPUT 1 "full";
    .port_info 7 /OUTPUT 1 "empty";
o000001ac79338fd8 .functor BUFZ 1, C4<z>; HiZ drive
v000001ac793029c0_0 .net "clk", 0 0, o000001ac79338fd8;  0 drivers
o000001ac79339008 .functor BUFZ 128, C4<zzzzzzzzzzzzzzzzzzzzzzzzzzzzzzzzzzzzzzzzzzzzzzzzzzzzzzzzzzzzzzzzzzzzzzzzzzzzzzzzzzzzzzzzzzzzzzzzzzzzzzzzzzzzzzzzzzzzzzzzzzzzzzzz>; HiZ drive
v000001ac79302a60_0 .net "din", 127 0, o000001ac79339008;  0 drivers
v000001ac79302b00_0 .var "dout", 127 0;
v000001ac7937fc50_0 .var "empty", 0 0;
v000001ac7937fcf0_0 .var "full", 0 0;
v000001ac7937fd90 .array "mem", 1 0, 127 0;
v000001ac7937fe30_0 .var "raddr", 0 0;
o000001ac793390f8 .functor BUFZ 1, C4<z>; HiZ drive
v000001ac7937fed0_0 .net "ren", 0 0, o000001ac793390f8;  0 drivers
o000001ac79339128 .functor BUFZ 1, C4<z>; HiZ drive
v000001ac7937ff70_0 .net "rst_n", 0 0, o000001ac79339128;  0 drivers
v000001ac79380010_0 .var "waddr", 0 0;
o000001ac79339188 .functor BUFZ 1, C4<z>; HiZ drive
v000001ac793800b0_0 .net "wen", 0 0, o000001ac79339188;  0 drivers
E_000001ac79325d90/0 .event negedge, v000001ac7937ff70_0;
E_000001ac79325d90/1 .event posedge, v000001ac793029c0_0;
E_000001ac79325d90 .event/or E_000001ac79325d90/0, E_000001ac79325d90/1;
    .scope S_000001ac79302830;
T_0 ;
    %wait E_000001ac79325d90;
    %load/vec4 v000001ac7937ff70_0;
    %inv;
    %flag_set/vec4 8;
    %jmp/0xz  T_0.0, 8;
    %pushi/vec4 0, 0, 128;
    %ix/load 3, 0, 0;
    %flag_set/imm 4, 0;
    %ix/load 4, 0, 0; Constant delay
    %assign/vec4/a/d v000001ac7937fd90, 0, 4;
    %pushi/vec4 0, 0, 128;
    %ix/load 3, 1, 0;
    %flag_set/imm 4, 0;
    %ix/load 4, 0, 0; Constant delay
    %assign/vec4/a/d v000001ac7937fd90, 0, 4;
    %pushi/vec4 0, 0, 1;
    %assign/vec4 v000001ac79380010_0, 0;
    %jmp T_0.1;
T_0.0 ;
    %load/vec4 v000001ac793800b0_0;
    %load/vec4 v000001ac7937fcf0_0;
    %nor/r;
    %and;
    %flag_set/vec4 8;
    %jmp/0xz  T_0.2, 8;
    %load/vec4 v000001ac79302a60_0;
    %load/vec4 v000001ac79380010_0;
    %pad/u 3;
    %ix/vec4 3;
    %ix/load 4, 0, 0; Constant delay
    %assign/vec4/a/d v000001ac7937fd90, 0, 4;
    %load/vec4 v000001ac79380010_0;
    %pad/u 2;
    %addi 1, 0, 2;
    %pad/u 1;
    %assign/vec4 v000001ac79380010_0, 0;
T_0.2 ;
    %load/vec4 v000001ac7937fed0_0;
    %load/vec4 v000001ac7937fc50_0;
    %nor/r;
    %and;
    %flag_set/vec4 8;
    %jmp/0xz  T_0.4, 8;
    %load/vec4 v000001ac7937fe30_0;
    %pad/u 3;
    %ix/vec4 4;
    %load/vec4a v000001ac7937fd90, 4;
    %assign/vec4 v000001ac79302b00_0, 0;
    %load/vec4 v000001ac7937fe30_0;
    %pad/u 2;
    %addi 1, 0, 2;
    %pad/u 1;
    %assign/vec4 v000001ac7937fe30_0, 0;
T_0.4 ;
    %load/vec4 v000001ac79380010_0;
    %pad/u 32;
    %pushi/vec4 1, 0, 32;
    %cmp/e;
    %flag_get/vec4 4;
    %load/vec4 v000001ac7937fe30_0;
    %pad/u 32;
    %pushi/vec4 0, 0, 32;
    %cmp/e;
    %flag_get/vec4 4;
    %and;
    %flag_set/vec4 8;
    %jmp/0xz  T_0.6, 8;
    %pushi/vec4 1, 0, 1;
    %assign/vec4 v000001ac7937fcf0_0, 0;
T_0.6 ;
    %load/vec4 v000001ac7937fe30_0;
    %load/vec4 v000001ac79380010_0;
    %cmp/e;
    %jmp/0xz  T_0.8, 4;
    %pushi/vec4 1, 0, 1;
    %assign/vec4 v000001ac7937fc50_0, 0;
    %pushi/vec4 0, 0, 1;
    %assign/vec4 v000001ac7937fe30_0, 0;
    %pushi/vec4 0, 0, 1;
    %assign/vec4 v000001ac79380010_0, 0;
    %jmp T_0.9;
T_0.8 ;
    %pushi/vec4 0, 0, 1;
    %assign/vec4 v000001ac7937fc50_0, 0;
    %pushi/vec4 0, 0, 1;
    %assign/vec4 v000001ac7937fcf0_0, 0;
T_0.9 ;
T_0.1 ;
    %jmp T_0;
    .thread T_0;
# The file index is used to find the file name in the following table.
:file_names 3;
    "N/A";
    "<interactive>";
    "Fifo.v";
