#! /c/Source/iverilog-install/bin/vvp
:ivl_version "12.0 (devel)" "(s20150603-1110-g18392a46)";
:ivl_delay_selection "TYPICAL";
:vpi_time_precision + 0;
:vpi_module "D:\iverilog\iverilog\lib\ivl\system.vpi";
:vpi_module "D:\iverilog\iverilog\lib\ivl\vhdl_sys.vpi";
:vpi_module "D:\iverilog\iverilog\lib\ivl\vhdl_textio.vpi";
:vpi_module "D:\iverilog\iverilog\lib\ivl\v2005_math.vpi";
:vpi_module "D:\iverilog\iverilog\lib\ivl\va_math.vpi";
S_000002174265ba70 .scope module, "InputInterface" "InputInterface" 2 1;
 .timescale 0 0;
    .port_info 0 /INPUT 1 "clk";
    .port_info 1 /INPUT 1 "rst_n";
    .port_info 2 /INPUT 128 "key_plaintext";
    .port_info 3 /INPUT 1 "loadkey";
    .port_info 4 /INPUT 1 "loaddata";
    .port_info 5 /INPUT 1 "readkey";
    .port_info 6 /INPUT 1 "readdata";
    .port_info 7 /OUTPUT 1 "keyrd";
    .port_info 8 /OUTPUT 1 "datard";
    .port_info 9 /OUTPUT 128 "InputBlk";
    .port_info 10 /OUTPUT 1 "keynewinput";
v000002174265b650_0 .var "InputBlk", 127 0;
o00000217426aa008 .functor BUFZ 1, C4<z>; HiZ drive
v00000217426a4000_0 .net "clk", 0 0, o00000217426aa008;  0 drivers
v00000217426a40a0_0 .var "data", 127 0;
v00000217426a4140_0 .var "datard", 0 0;
v00000217426a41e0_0 .var "key", 127 0;
o00000217426aa0c8 .functor BUFZ 128, C4<zzzzzzzzzzzzzzzzzzzzzzzzzzzzzzzzzzzzzzzzzzzzzzzzzzzzzzzzzzzzzzzzzzzzzzzzzzzzzzzzzzzzzzzzzzzzzzzzzzzzzzzzzzzzzzzzzzzzzzzzzzzzzzzz>; HiZ drive
v00000217426a4280_0 .net "key_plaintext", 127 0, o00000217426aa0c8;  0 drivers
v00000217426a4320_0 .var "keynewinput", 0 0;
v00000217426a43c0_0 .var "keyrd", 0 0;
o00000217426aa158 .functor BUFZ 1, C4<z>; HiZ drive
v00000217426a4460_0 .net "loaddata", 0 0, o00000217426aa158;  0 drivers
o00000217426aa188 .functor BUFZ 1, C4<z>; HiZ drive
v00000217426a4500_0 .net "loadkey", 0 0, o00000217426aa188;  0 drivers
o00000217426aa1b8 .functor BUFZ 1, C4<z>; HiZ drive
v00000217426a45a0_0 .net "readdata", 0 0, o00000217426aa1b8;  0 drivers
o00000217426aa1e8 .functor BUFZ 1, C4<z>; HiZ drive
v00000217426a4640_0 .net "readkey", 0 0, o00000217426aa1e8;  0 drivers
o00000217426aa218 .functor BUFZ 1, C4<z>; HiZ drive
v00000217426a46e0_0 .net "rst_n", 0 0, o00000217426aa218;  0 drivers
E_000002174265a5a0/0 .event negedge, v00000217426a46e0_0;
E_000002174265a5a0/1 .event posedge, v00000217426a4000_0;
E_000002174265a5a0 .event/or E_000002174265a5a0/0, E_000002174265a5a0/1;
    .scope S_000002174265ba70;
T_0 ;
    %wait E_000002174265a5a0;
    %load/vec4 v00000217426a46e0_0;
    %inv;
    %flag_set/vec4 8;
    %jmp/0xz  T_0.0, 8;
    %pushi/vec4 0, 0, 128;
    %assign/vec4 v00000217426a41e0_0, 0;
    %pushi/vec4 0, 0, 128;
    %assign/vec4 v00000217426a40a0_0, 0;
    %jmp T_0.1;
T_0.0 ;
    %load/vec4 v00000217426a4500_0;
    %flag_set/vec4 8;
    %jmp/0xz  T_0.2, 8;
    %load/vec4 v00000217426a41e0_0;
    %load/vec4 v00000217426a4280_0;
    %cmp/ne;
    %jmp/0xz  T_0.4, 4;
    %pushi/vec4 1, 0, 1;
    %assign/vec4 v00000217426a43c0_0, 0;
    %load/vec4 v00000217426a4280_0;
    %assign/vec4 v00000217426a41e0_0, 0;
    %pushi/vec4 1, 0, 1;
    %assign/vec4 v00000217426a4320_0, 0;
T_0.4 ;
    %jmp T_0.3;
T_0.2 ;
    %load/vec4 v00000217426a4460_0;
    %flag_set/vec4 8;
    %jmp/0xz  T_0.6, 8;
    %load/vec4 v00000217426a4280_0;
    %load/vec4 v00000217426a41e0_0;
    %xor;
    %assign/vec4 v00000217426a40a0_0, 0;
    %pushi/vec4 1, 0, 1;
    %assign/vec4 v00000217426a4140_0, 0;
    %jmp T_0.7;
T_0.6 ;
    %pushi/vec4 0, 0, 1;
    %assign/vec4 v00000217426a43c0_0, 0;
    %pushi/vec4 0, 0, 1;
    %assign/vec4 v00000217426a4140_0, 0;
    %pushi/vec4 0, 0, 1;
    %assign/vec4 v00000217426a4320_0, 0;
T_0.7 ;
T_0.3 ;
T_0.1 ;
    %jmp T_0;
    .thread T_0;
    .scope S_000002174265ba70;
T_1 ;
    %wait E_000002174265a5a0;
    %load/vec4 v00000217426a46e0_0;
    %inv;
    %flag_set/vec4 8;
    %jmp/0xz  T_1.0, 8;
    %pushi/vec4 0, 0, 128;
    %assign/vec4 v000002174265b650_0, 0;
    %jmp T_1.1;
T_1.0 ;
    %load/vec4 v00000217426a4640_0;
    %flag_set/vec4 8;
    %jmp/0xz  T_1.2, 8;
    %load/vec4 v00000217426a41e0_0;
    %assign/vec4 v000002174265b650_0, 0;
    %jmp T_1.3;
T_1.2 ;
    %load/vec4 v00000217426a45a0_0;
    %flag_set/vec4 8;
    %jmp/0xz  T_1.4, 8;
    %load/vec4 v00000217426a40a0_0;
    %assign/vec4 v000002174265b650_0, 0;
    %jmp T_1.5;
T_1.4 ;
    %pushi/vec4 0, 0, 128;
    %assign/vec4 v000002174265b650_0, 0;
T_1.5 ;
T_1.3 ;
T_1.1 ;
    %jmp T_1;
    .thread T_1;
# The file index is used to find the file name in the following table.
:file_names 3;
    "N/A";
    "<interactive>";
    "InputInterface.v";
