#! /c/Source/iverilog-install/bin/vvp
:ivl_version "12.0 (devel)" "(s20150603-1110-g18392a46)";
:ivl_delay_selection "TYPICAL";
:vpi_time_precision + 0;
:vpi_module "D:\iverilog\iverilog\lib\ivl\system.vpi";
:vpi_module "D:\iverilog\iverilog\lib\ivl\vhdl_sys.vpi";
:vpi_module "D:\iverilog\iverilog\lib\ivl\vhdl_textio.vpi";
:vpi_module "D:\iverilog\iverilog\lib\ivl\v2005_math.vpi";
:vpi_module "D:\iverilog\iverilog\lib\ivl\va_math.vpi";
S_000001adad3c2720 .scope module, "InputInterface_Pipeline" "InputInterface_Pipeline" 2 1;
 .timescale 0 0;
    .port_info 0 /INPUT 1 "clk";
    .port_info 1 /INPUT 1 "rst_n";
    .port_info 2 /INPUT 128 "key_plaintext";
    .port_info 3 /INPUT 1 "loadkey";
    .port_info 4 /INPUT 1 "loaddata";
    .port_info 5 /INPUT 1 "readkey";
    .port_info 6 /INPUT 1 "readdata";
    .port_info 7 /INPUT 2 "addr_data";
    .port_info 8 /OUTPUT 1 "keyrd";
    .port_info 9 /OUTPUT 1 "datard";
    .port_info 10 /OUTPUT 128 "InputBlk";
    .port_info 11 /OUTPUT 1 "keynewinput";
v000001adad3e6b20_0 .net "InputBlk", 127 0, L_000001adad446180;  1 drivers
v000001adad3c2df0_0 .var "InputBlk_reg", 127 0;
v000001adad3aaa40_0 .net *"_ivl_0", 127 0, L_000001adad4460e0;  1 drivers
v000001adad3c28b0_0 .net *"_ivl_2", 2 0, L_000001adad446540;  1 drivers
L_000001adad446d58 .functor BUFT 1, C4<0>, C4<0>, C4<0>, C4<0>;
v000001adad3c2950_0 .net *"_ivl_5", 0 0, L_000001adad446d58;  1 drivers
v000001adad3c29f0_0 .net *"_ivl_6", 127 0, L_000001adad4469a0;  1 drivers
o000001adad3ff0d8 .functor BUFZ 2, C4<zz>; HiZ drive
v000001adad3c2a90_0 .net "addr_data", 1 0, o000001adad3ff0d8;  0 drivers
o000001adad3ff108 .functor BUFZ 1, C4<z>; HiZ drive
v000001adad3c2b30_0 .net "clk", 0 0, o000001adad3ff108;  0 drivers
v000001adad3f40b0_0 .var "cnt", 1 0;
v000001adad3f4150 .array "data", 1 0, 127 0;
v000001adad446860_0 .var "datard", 0 0;
v000001adad4464a0_0 .var "key", 127 0;
o000001adad3ff1c8 .functor BUFZ 128, C4<zzzzzzzzzzzzzzzzzzzzzzzzzzzzzzzzzzzzzzzzzzzzzzzzzzzzzzzzzzzzzzzzzzzzzzzzzzzzzzzzzzzzzzzzzzzzzzzzzzzzzzzzzzzzzzzzzzzzzzzzzzzzzzzz>; HiZ drive
v000001adad4467c0_0 .net "key_plaintext", 127 0, o000001adad3ff1c8;  0 drivers
v000001adad446400_0 .var "keynewinput", 0 0;
v000001adad445c80_0 .var "keyrd", 0 0;
o000001adad3ff258 .functor BUFZ 1, C4<z>; HiZ drive
v000001adad445d20_0 .net "loaddata", 0 0, o000001adad3ff258;  0 drivers
o000001adad3ff288 .functor BUFZ 1, C4<z>; HiZ drive
v000001adad446a40_0 .net "loadkey", 0 0, o000001adad3ff288;  0 drivers
o000001adad3ff2b8 .functor BUFZ 1, C4<z>; HiZ drive
v000001adad445dc0_0 .net "readdata", 0 0, o000001adad3ff2b8;  0 drivers
o000001adad3ff2e8 .functor BUFZ 1, C4<z>; HiZ drive
v000001adad446680_0 .net "readkey", 0 0, o000001adad3ff2e8;  0 drivers
o000001adad3ff318 .functor BUFZ 1, C4<z>; HiZ drive
v000001adad446900_0 .net "rst_n", 0 0, o000001adad3ff318;  0 drivers
E_000001adad3abbb0/0 .event negedge, v000001adad446900_0;
E_000001adad3abbb0/1 .event posedge, v000001adad3c2b30_0;
E_000001adad3abbb0 .event/or E_000001adad3abbb0/0, E_000001adad3abbb0/1;
L_000001adad4460e0 .array/port v000001adad3f4150, L_000001adad446540;
L_000001adad446540 .concat [ 2 1 0 0], o000001adad3ff0d8, L_000001adad446d58;
L_000001adad4469a0 .functor MUXZ 128, v000001adad3c2df0_0, L_000001adad4460e0, o000001adad3ff2b8, C4<>;
L_000001adad446180 .functor MUXZ 128, L_000001adad4469a0, v000001adad4464a0_0, o000001adad3ff2e8, C4<>;
    .scope S_000001adad3c2720;
T_0 ;
    %wait E_000001adad3abbb0;
    %load/vec4 v000001adad446900_0;
    %inv;
    %flag_set/vec4 8;
    %jmp/0xz  T_0.0, 8;
    %pushi/vec4 0, 0, 128;
    %assign/vec4 v000001adad4464a0_0, 0;
    %pushi/vec4 0, 0, 128;
    %ix/load 3, 0, 0;
    %flag_set/imm 4, 0;
    %ix/load 4, 0, 0; Constant delay
    %assign/vec4/a/d v000001adad3f4150, 0, 4;
    %pushi/vec4 0, 0, 128;
    %ix/load 3, 1, 0;
    %flag_set/imm 4, 0;
    %ix/load 4, 0, 0; Constant delay
    %assign/vec4/a/d v000001adad3f4150, 0, 4;
    %jmp T_0.1;
T_0.0 ;
    %load/vec4 v000001adad446a40_0;
    %flag_set/vec4 8;
    %jmp/0xz  T_0.2, 8;
    %load/vec4 v000001adad4464a0_0;
    %load/vec4 v000001adad4467c0_0;
    %cmp/ne;
    %jmp/0xz  T_0.4, 4;
    %pushi/vec4 1, 0, 1;
    %assign/vec4 v000001adad445c80_0, 0;
    %load/vec4 v000001adad4467c0_0;
    %assign/vec4 v000001adad4464a0_0, 0;
    %pushi/vec4 1, 0, 1;
    %assign/vec4 v000001adad446400_0, 0;
    %pushi/vec4 0, 0, 1;
    %assign/vec4 v000001adad446860_0, 0;
T_0.4 ;
    %jmp T_0.3;
T_0.2 ;
    %load/vec4 v000001adad445d20_0;
    %flag_set/vec4 8;
    %jmp/0xz  T_0.6, 8;
    %load/vec4 v000001adad4467c0_0;
    %load/vec4 v000001adad4464a0_0;
    %xor;
    %load/vec4 v000001adad3f40b0_0;
    %pad/u 3;
    %ix/vec4 3;
    %ix/load 4, 0, 0; Constant delay
    %assign/vec4/a/d v000001adad3f4150, 0, 4;
    %pushi/vec4 1, 0, 1;
    %assign/vec4 v000001adad446860_0, 0;
    %pushi/vec4 0, 0, 1;
    %assign/vec4 v000001adad445c80_0, 0;
    %jmp T_0.7;
T_0.6 ;
    %pushi/vec4 0, 0, 1;
    %assign/vec4 v000001adad445c80_0, 0;
    %pushi/vec4 0, 0, 1;
    %assign/vec4 v000001adad446860_0, 0;
    %pushi/vec4 0, 0, 1;
    %assign/vec4 v000001adad446400_0, 0;
T_0.7 ;
T_0.3 ;
T_0.1 ;
    %jmp T_0;
    .thread T_0;
    .scope S_000001adad3c2720;
T_1 ;
    %wait E_000001adad3abbb0;
    %load/vec4 v000001adad446900_0;
    %inv;
    %flag_set/vec4 8;
    %jmp/0xz  T_1.0, 8;
    %pushi/vec4 0, 0, 2;
    %assign/vec4 v000001adad3f40b0_0, 0;
    %jmp T_1.1;
T_1.0 ;
    %load/vec4 v000001adad445d20_0;
    %flag_set/vec4 8;
    %jmp/0xz  T_1.2, 8;
    %load/vec4 v000001adad3f40b0_0;
    %addi 1, 0, 2;
    %assign/vec4 v000001adad3f40b0_0, 0;
T_1.2 ;
    %load/vec4 v000001adad445dc0_0;
    %flag_set/vec4 8;
    %jmp/0xz  T_1.4, 8;
    %load/vec4 v000001adad3f40b0_0;
    %subi 1, 0, 2;
    %assign/vec4 v000001adad3f40b0_0, 0;
T_1.4 ;
T_1.1 ;
    %jmp T_1;
    .thread T_1;
    .scope S_000001adad3c2720;
T_2 ;
    %wait E_000001adad3abbb0;
    %load/vec4 v000001adad446900_0;
    %nor/r;
    %flag_set/vec4 8;
    %jmp/0xz  T_2.0, 8;
    %pushi/vec4 0, 0, 128;
    %assign/vec4 v000001adad3c2df0_0, 0;
    %jmp T_2.1;
T_2.0 ;
    %load/vec4 v000001adad3e6b20_0;
    %assign/vec4 v000001adad3c2df0_0, 0;
T_2.1 ;
    %jmp T_2;
    .thread T_2;
# The file index is used to find the file name in the following table.
:file_names 3;
    "N/A";
    "<interactive>";
    "InputInterface_Pipeline.v";
