#! /c/Source/iverilog-install/bin/vvp
:ivl_version "12.0 (devel)" "(s20150603-1110-g18392a46)";
:ivl_delay_selection "TYPICAL";
:vpi_time_precision + 0;
:vpi_module "D:\iverilog\iverilog\lib\ivl\system.vpi";
:vpi_module "D:\iverilog\iverilog\lib\ivl\vhdl_sys.vpi";
:vpi_module "D:\iverilog\iverilog\lib\ivl\vhdl_textio.vpi";
:vpi_module "D:\iverilog\iverilog\lib\ivl\v2005_math.vpi";
:vpi_module "D:\iverilog\iverilog\lib\ivl\va_math.vpi";
S_000001daaa4b2720 .scope module, "KeyLogic_Controller" "KeyLogic_Controller" 2 1;
 .timescale 0 0;
    .port_info 0 /INPUT 1 "clk";
    .port_info 1 /INPUT 1 "rst_n";
    .port_info 2 /INPUT 1 "Key_rd";
    .port_info 3 /INPUT 4 "addr_key";
    .port_info 4 /OUTPUT 1 "done";
    .port_info 5 /OUTPUT 1 "mode";
    .port_info 6 /OUTPUT 4 "round";
    .port_info 7 /OUTPUT 4 "raddr";
    .port_info 8 /OUTPUT 4 "waddr";
    .port_info 9 /OUTPUT 1 "wen";
    .port_info 10 /OUTPUT 1 "src_rf";
P_000001daaa49be00 .param/l "DONE" 1 2 20, +C4<00000000000000000000000000000100>;
P_000001daaa49be38 .param/l "IDLE" 1 2 16, +C4<00000000000000000000000000000000>;
P_000001daaa49be70 .param/l "LOAD_KEY" 1 2 17, +C4<00000000000000000000000000000001>;
P_000001daaa49bea8 .param/l "ROTWORD_SUBWORD" 1 2 18, +C4<00000000000000000000000000000010>;
P_000001daaa49bee0 .param/l "XORR_WRITE_RF" 1 2 19, +C4<00000000000000000000000000000011>;
o000001daaa4f1fd8 .functor BUFZ 1, C4<z>; HiZ drive
v000001daaa4b2df0_0 .net "Key_rd", 0 0, o000001daaa4f1fd8;  0 drivers
o000001daaa4f2008 .functor BUFZ 4, C4<zzzz>; HiZ drive
v000001daaa4b2970_0 .net "addr_key", 3 0, o000001daaa4f2008;  0 drivers
o000001daaa4f2038 .functor BUFZ 1, C4<z>; HiZ drive
v000001daaa4b2a10_0 .net "clk", 0 0, o000001daaa4f2038;  0 drivers
v000001daaa4b2ab0_0 .var "done", 0 0;
v000001daaa4b2b50_0 .var "mode", 0 0;
v000001daaa538c50_0 .var "next_state", 2 0;
v000001daaa538cf0_0 .var "raddr", 3 0;
v000001daaa538d90_0 .var "round", 3 0;
o000001daaa4f2158 .functor BUFZ 1, C4<z>; HiZ drive
v000001daaa538e30_0 .net "rst_n", 0 0, o000001daaa4f2158;  0 drivers
v000001daaa538ed0_0 .var "src_rf", 0 0;
v000001daaa538f70_0 .var "state", 2 0;
v000001daaa539010_0 .var "waddr", 3 0;
v000001daaa5390b0_0 .var "wen", 0 0;
E_000001daaa498380 .event anyedge, v000001daaa538f70_0, v000001daaa4b2970_0, v000001daaa4b2df0_0;
E_000001daaa498180/0 .event negedge, v000001daaa538e30_0;
E_000001daaa498180/1 .event posedge, v000001daaa4b2a10_0;
E_000001daaa498180 .event/or E_000001daaa498180/0, E_000001daaa498180/1;
E_000001daaa498c40 .event anyedge, v000001daaa538f70_0, v000001daaa4b2df0_0, v000001daaa539010_0;
    .scope S_000001daaa4b2720;
T_0 ;
    %wait E_000001daaa498c40;
    %load/vec4 v000001daaa538f70_0;
    %dup/vec4;
    %pushi/vec4 0, 0, 3;
    %cmp/u;
    %jmp/1 T_0.0, 6;
    %dup/vec4;
    %pushi/vec4 1, 0, 3;
    %cmp/u;
    %jmp/1 T_0.1, 6;
    %dup/vec4;
    %pushi/vec4 2, 0, 3;
    %cmp/u;
    %jmp/1 T_0.2, 6;
    %dup/vec4;
    %pushi/vec4 3, 0, 3;
    %cmp/u;
    %jmp/1 T_0.3, 6;
    %dup/vec4;
    %pushi/vec4 4, 0, 3;
    %cmp/u;
    %jmp/1 T_0.4, 6;
    %pushi/vec4 0, 0, 3;
    %store/vec4 v000001daaa538c50_0, 0, 3;
    %jmp T_0.6;
T_0.0 ;
    %load/vec4 v000001daaa4b2df0_0;
    %flag_set/vec4 8;
    %jmp/0 T_0.7, 8;
    %pushi/vec4 1, 0, 32;
    %jmp/1 T_0.8, 8;
T_0.7 ; End of true expr.
    %pushi/vec4 0, 0, 32;
    %jmp/0 T_0.8, 8;
 ; End of false expr.
    %blend;
T_0.8;
    %pad/s 3;
    %store/vec4 v000001daaa538c50_0, 0, 3;
    %jmp T_0.6;
T_0.1 ;
    %pushi/vec4 2, 0, 3;
    %store/vec4 v000001daaa538c50_0, 0, 3;
    %jmp T_0.6;
T_0.2 ;
    %pushi/vec4 3, 0, 3;
    %store/vec4 v000001daaa538c50_0, 0, 3;
    %jmp T_0.6;
T_0.3 ;
    %load/vec4 v000001daaa539010_0;
    %pad/u 32;
    %cmpi/e 10, 0, 32;
    %flag_mov 8, 4;
    %jmp/0 T_0.9, 8;
    %pushi/vec4 4, 0, 32;
    %jmp/1 T_0.10, 8;
T_0.9 ; End of true expr.
    %pushi/vec4 2, 0, 32;
    %jmp/0 T_0.10, 8;
 ; End of false expr.
    %blend;
T_0.10;
    %pad/s 3;
    %store/vec4 v000001daaa538c50_0, 0, 3;
    %jmp T_0.6;
T_0.4 ;
    %pushi/vec4 0, 0, 3;
    %store/vec4 v000001daaa538c50_0, 0, 3;
    %jmp T_0.6;
T_0.6 ;
    %pop/vec4 1;
    %jmp T_0;
    .thread T_0, $push;
    .scope S_000001daaa4b2720;
T_1 ;
    %wait E_000001daaa498180;
    %load/vec4 v000001daaa538e30_0;
    %inv;
    %flag_set/vec4 8;
    %jmp/0xz  T_1.0, 8;
    %pushi/vec4 0, 0, 3;
    %assign/vec4 v000001daaa538f70_0, 0;
    %pushi/vec4 0, 0, 4;
    %assign/vec4 v000001daaa538d90_0, 0;
    %pushi/vec4 0, 0, 4;
    %assign/vec4 v000001daaa538cf0_0, 0;
    %pushi/vec4 0, 0, 4;
    %assign/vec4 v000001daaa539010_0, 0;
    %jmp T_1.1;
T_1.0 ;
    %load/vec4 v000001daaa538c50_0;
    %assign/vec4 v000001daaa538f70_0, 0;
    %load/vec4 v000001daaa538f70_0;
    %pad/u 32;
    %cmpi/e 1, 0, 32;
    %jmp/0xz  T_1.2, 4;
    %pushi/vec4 0, 0, 4;
    %assign/vec4 v000001daaa539010_0, 0;
    %pushi/vec4 0, 0, 4;
    %assign/vec4 v000001daaa538d90_0, 0;
    %pushi/vec4 0, 0, 4;
    %assign/vec4 v000001daaa538cf0_0, 0;
    %jmp T_1.3;
T_1.2 ;
    %load/vec4 v000001daaa538f70_0;
    %pad/u 32;
    %cmpi/e 2, 0, 32;
    %jmp/0xz  T_1.4, 4;
    %load/vec4 v000001daaa539010_0;
    %assign/vec4 v000001daaa538cf0_0, 0;
    %jmp T_1.5;
T_1.4 ;
    %load/vec4 v000001daaa538f70_0;
    %pad/u 32;
    %cmpi/e 3, 0, 32;
    %jmp/0xz  T_1.6, 4;
    %load/vec4 v000001daaa539010_0;
    %addi 1, 0, 4;
    %assign/vec4 v000001daaa539010_0, 0;
    %load/vec4 v000001daaa538d90_0;
    %addi 1, 0, 4;
    %assign/vec4 v000001daaa538d90_0, 0;
T_1.6 ;
T_1.5 ;
T_1.3 ;
T_1.1 ;
    %jmp T_1;
    .thread T_1;
    .scope S_000001daaa4b2720;
T_2 ;
    %wait E_000001daaa498380;
    %pushi/vec4 0, 0, 1;
    %store/vec4 v000001daaa4b2ab0_0, 0, 1;
    %pushi/vec4 0, 0, 1;
    %store/vec4 v000001daaa4b2b50_0, 0, 1;
    %pushi/vec4 0, 0, 1;
    %store/vec4 v000001daaa5390b0_0, 0, 1;
    %pushi/vec4 0, 0, 1;
    %store/vec4 v000001daaa538ed0_0, 0, 1;
    %load/vec4 v000001daaa538f70_0;
    %dup/vec4;
    %pushi/vec4 0, 0, 3;
    %cmp/u;
    %jmp/1 T_2.0, 6;
    %dup/vec4;
    %pushi/vec4 1, 0, 3;
    %cmp/u;
    %jmp/1 T_2.1, 6;
    %dup/vec4;
    %pushi/vec4 2, 0, 3;
    %cmp/u;
    %jmp/1 T_2.2, 6;
    %dup/vec4;
    %pushi/vec4 3, 0, 3;
    %cmp/u;
    %jmp/1 T_2.3, 6;
    %dup/vec4;
    %pushi/vec4 4, 0, 3;
    %cmp/u;
    %jmp/1 T_2.4, 6;
    %jmp T_2.6;
T_2.0 ;
    %load/vec4 v000001daaa4b2970_0;
    %store/vec4 v000001daaa538cf0_0, 0, 4;
    %load/vec4 v000001daaa4b2df0_0;
    %flag_set/vec4 8;
    %jmp/0 T_2.7, 8;
    %pushi/vec4 1, 0, 2;
    %jmp/1 T_2.8, 8;
T_2.7 ; End of true expr.
    %pushi/vec4 0, 0, 2;
    %jmp/0 T_2.8, 8;
 ; End of false expr.
    %blend;
T_2.8;
    %pad/s 1;
    %store/vec4 v000001daaa538ed0_0, 0, 1;
    %jmp T_2.6;
T_2.1 ;
    %pushi/vec4 1, 0, 1;
    %store/vec4 v000001daaa5390b0_0, 0, 1;
    %jmp T_2.6;
T_2.2 ;
    %jmp T_2.6;
T_2.3 ;
    %pushi/vec4 1, 0, 1;
    %store/vec4 v000001daaa5390b0_0, 0, 1;
    %jmp T_2.6;
T_2.4 ;
    %pushi/vec4 1, 0, 1;
    %store/vec4 v000001daaa4b2ab0_0, 0, 1;
    %jmp T_2.6;
T_2.6 ;
    %pop/vec4 1;
    %jmp T_2;
    .thread T_2, $push;
# The file index is used to find the file name in the following table.
:file_names 3;
    "N/A";
    "<interactive>";
    "KeyLogic_Controller.v";
