#! /c/Source/iverilog-install/bin/vvp
:ivl_version "12.0 (devel)" "(s20150603-1110-g18392a46)";
:ivl_delay_selection "TYPICAL";
:vpi_time_precision + 0;
:vpi_module "D:\iverilog\iverilog\lib\ivl\system.vpi";
:vpi_module "D:\iverilog\iverilog\lib\ivl\vhdl_sys.vpi";
:vpi_module "D:\iverilog\iverilog\lib\ivl\vhdl_textio.vpi";
:vpi_module "D:\iverilog\iverilog\lib\ivl\v2005_math.vpi";
:vpi_module "D:\iverilog\iverilog\lib\ivl\va_math.vpi";
S_0000012946ddd500 .scope module, "KeyLogic" "KeyLogic" 2 7;
 .timescale 0 0;
    .port_info 0 /INPUT 1 "clk";
    .port_info 1 /INPUT 1 "rst_n";
    .port_info 2 /INPUT 1 "Key_rd";
    .port_info 3 /INPUT 4 "addr_key";
    .port_info 4 /INPUT 128 "InputBlk";
    .port_info 5 /OUTPUT 1 "done";
    .port_info 6 /OUTPUT 1 "mode";
    .port_info 7 /OUTPUT 128 "Key_data";
    .port_info 8 /INPUT 32 "sub_in";
    .port_info 9 /OUTPUT 32 "rot_out";
L_0000012946de9270 .functor BUFZ 128, L_0000012946de9350, C4<00000000000000000000000000000000000000000000000000000000000000000000000000000000000000000000000000000000000000000000000000000000>, C4<00000000000000000000000000000000000000000000000000000000000000000000000000000000000000000000000000000000000000000000000000000000>, C4<00000000000000000000000000000000000000000000000000000000000000000000000000000000000000000000000000000000000000000000000000000000>;
o0000012946dfa488 .functor BUFZ 128, C4<zzzzzzzzzzzzzzzzzzzzzzzzzzzzzzzzzzzzzzzzzzzzzzzzzzzzzzzzzzzzzzzzzzzzzzzzzzzzzzzzzzzzzzzzzzzzzzzzzzzzzzzzzzzzzzzzzzzzzzzzzzzzzzzz>; HiZ drive
v0000012946e4c8d0_0 .net "InputBlk", 127 0, o0000012946dfa488;  0 drivers
v0000012946e4b9d0_0 .net "Key_data", 127 0, L_0000012946de9270;  1 drivers
o0000012946df9fd8 .functor BUFZ 1, C4<z>; HiZ drive
v0000012946e4b930_0 .net "Key_rd", 0 0, o0000012946df9fd8;  0 drivers
o0000012946dfa008 .functor BUFZ 4, C4<zzzz>; HiZ drive
v0000012946e4c970_0 .net "addr_key", 3 0, o0000012946dfa008;  0 drivers
o0000012946dfa038 .functor BUFZ 1, C4<z>; HiZ drive
v0000012946e4c330_0 .net "clk", 0 0, o0000012946dfa038;  0 drivers
v0000012946e4d190_0 .net "din", 127 0, L_0000012946e4e520;  1 drivers
v0000012946e4bd90_0 .net "done", 0 0, v0000012946dcc750_0;  1 drivers
v0000012946e4be30_0 .net "dout", 127 0, L_0000012946de9350;  1 drivers
v0000012946e4bed0_0 .net "key_new", 127 0, L_0000012946e4d940;  1 drivers
v0000012946e4c0b0_0 .net "mode", 0 0, v0000012946dcc890_0;  1 drivers
v0000012946e4e7a0_0 .net "raddr", 3 0, v0000012946dcca70_0;  1 drivers
v0000012946e4ee80_0 .net "rot_out", 31 0, L_0000012946e4ef20;  1 drivers
v0000012946e4e0c0_0 .net "round", 3 0, v0000012946dcced0_0;  1 drivers
o0000012946dfa158 .functor BUFZ 1, C4<z>; HiZ drive
v0000012946e4e980_0 .net "rst_n", 0 0, o0000012946dfa158;  0 drivers
v0000012946e4f4c0_0 .net "src_rf", 0 0, v0000012946dccc50_0;  1 drivers
o0000012946dfa9c8 .functor BUFZ 32, C4<zzzzzzzzzzzzzzzzzzzzzzzzzzzzzzzz>; HiZ drive
v0000012946e4f740_0 .net "sub_in", 31 0, o0000012946dfa9c8;  0 drivers
v0000012946e4ea20_0 .net "waddr", 3 0, v0000012946e4cdd0_0;  1 drivers
v0000012946e4f100_0 .net "wen", 0 0, v0000012946e4cb50_0;  1 drivers
L_0000012946e4dc60 .part L_0000012946de9350, 0, 32;
S_0000012946ddd740 .scope module, "KeyLogic_Contronller_inst" "KeyLogic_Controller" 2 63, 3 1 0, S_0000012946ddd500;
 .timescale 0 0;
    .port_info 0 /INPUT 1 "clk";
    .port_info 1 /INPUT 1 "rst_n";
    .port_info 2 /INPUT 1 "Key_rd";
    .port_info 3 /INPUT 4 "addr_key";
    .port_info 4 /OUTPUT 1 "done";
    .port_info 5 /OUTPUT 1 "mode";
    .port_info 6 /OUTPUT 4 "round";
    .port_info 7 /OUTPUT 4 "raddr";
    .port_info 8 /OUTPUT 4 "waddr";
    .port_info 9 /OUTPUT 1 "wen";
    .port_info 10 /OUTPUT 1 "src_rf";
P_0000012946dc9fe0 .param/l "DONE" 1 3 20, +C4<00000000000000000000000000000100>;
P_0000012946dca018 .param/l "IDLE" 1 3 16, +C4<00000000000000000000000000000000>;
P_0000012946dca050 .param/l "LOAD_KEY" 1 3 17, +C4<00000000000000000000000000000001>;
P_0000012946dca088 .param/l "ROTWORD_SUBWORD" 1 3 18, +C4<00000000000000000000000000000010>;
P_0000012946dca0c0 .param/l "XORR_WRITE_RF" 1 3 19, +C4<00000000000000000000000000000011>;
v0000012946dcc570_0 .net "Key_rd", 0 0, o0000012946df9fd8;  alias, 0 drivers
v0000012946dcc610_0 .net "addr_key", 3 0, o0000012946dfa008;  alias, 0 drivers
v0000012946dcc6b0_0 .net "clk", 0 0, o0000012946dfa038;  alias, 0 drivers
v0000012946dcc750_0 .var "done", 0 0;
v0000012946dcc890_0 .var "mode", 0 0;
v0000012946dcc7f0_0 .var "next_state", 2 0;
v0000012946dcca70_0 .var "raddr", 3 0;
v0000012946dcced0_0 .var "round", 3 0;
v0000012946dccb10_0 .net "rst_n", 0 0, o0000012946dfa158;  alias, 0 drivers
v0000012946dccc50_0 .var "src_rf", 0 0;
v0000012946e4d050_0 .var "state", 2 0;
v0000012946e4cdd0_0 .var "waddr", 3 0;
v0000012946e4cb50_0 .var "wen", 0 0;
E_0000012946dd2d70/0 .event negedge, v0000012946dccb10_0;
E_0000012946dd2d70/1 .event posedge, v0000012946dcc6b0_0;
E_0000012946dd2d70 .event/or E_0000012946dd2d70/0, E_0000012946dd2d70/1;
E_0000012946dd2ab0 .event anyedge, v0000012946e4d050_0, v0000012946dcc570_0, v0000012946e4cdd0_0;
S_0000012946dd5900 .scope module, "Mux2_inst" "Mux2" 2 31, 4 1 0, S_0000012946ddd500;
 .timescale 0 0;
    .port_info 0 /INPUT 128 "a";
    .port_info 1 /INPUT 128 "b";
    .port_info 2 /INPUT 1 "select";
    .port_info 3 /OUTPUT 128 "c";
v0000012946e4d4b0_0 .net "a", 127 0, L_0000012946e4d940;  alias, 1 drivers
v0000012946e4ba70_0 .net "b", 127 0, o0000012946dfa488;  alias, 0 drivers
v0000012946e4cd30_0 .net "c", 127 0, L_0000012946e4e520;  alias, 1 drivers
v0000012946e4c290_0 .net "select", 0 0, v0000012946dccc50_0;  alias, 1 drivers
L_0000012946e4e520 .functor MUXZ 128, L_0000012946e4d940, o0000012946dfa488, v0000012946dccc50_0, C4<>;
S_0000012946dd5a90 .scope module, "Registerfile_inst" "Registerfile" 2 38, 5 1 0, S_0000012946ddd500;
 .timescale 0 0;
    .port_info 0 /INPUT 1 "clk";
    .port_info 1 /INPUT 1 "rst_n";
    .port_info 2 /INPUT 1 "wen";
    .port_info 3 /INPUT 4 "waddr";
    .port_info 4 /INPUT 128 "din";
    .port_info 5 /INPUT 4 "raddr";
    .port_info 6 /OUTPUT 128 "dout";
L_0000012946de9350 .functor BUFZ 128, L_0000012946e4f240, C4<00000000000000000000000000000000000000000000000000000000000000000000000000000000000000000000000000000000000000000000000000000000>, C4<00000000000000000000000000000000000000000000000000000000000000000000000000000000000000000000000000000000000000000000000000000000>, C4<00000000000000000000000000000000000000000000000000000000000000000000000000000000000000000000000000000000000000000000000000000000>;
v0000012946e4c790_0 .net *"_ivl_0", 127 0, L_0000012946e4f240;  1 drivers
v0000012946e4d230_0 .net *"_ivl_2", 4 0, L_0000012946e4eac0;  1 drivers
L_0000012946e90088 .functor BUFT 1, C4<0>, C4<0>, C4<0>, C4<0>;
v0000012946e4c650_0 .net *"_ivl_5", 0 0, L_0000012946e90088;  1 drivers
v0000012946e4c5b0_0 .net "clk", 0 0, o0000012946dfa038;  alias, 0 drivers
v0000012946e4d0f0_0 .net "din", 127 0, L_0000012946e4e520;  alias, 1 drivers
v0000012946e4d370_0 .net "dout", 127 0, L_0000012946de9350;  alias, 1 drivers
v0000012946e4ca10_0 .var/i "i", 31 0;
v0000012946e4bbb0_0 .net "raddr", 3 0, v0000012946dcca70_0;  alias, 1 drivers
v0000012946e4d2d0 .array "regs", 10 0, 127 0;
v0000012946e4cab0_0 .net "rst_n", 0 0, o0000012946dfa158;  alias, 0 drivers
v0000012946e4d690_0 .net "waddr", 3 0, v0000012946e4cdd0_0;  alias, 1 drivers
v0000012946e4c150_0 .net "wen", 0 0, v0000012946e4cb50_0;  alias, 1 drivers
L_0000012946e4f240 .array/port v0000012946e4d2d0, L_0000012946e4eac0;
L_0000012946e4eac0 .concat [ 4 1 0 0], v0000012946dcca70_0, L_0000012946e90088;
S_0000012946dd5c20 .scope module, "RotWord_inst" "RotWord" 2 49, 6 1 0, S_0000012946ddd500;
 .timescale 0 0;
    .port_info 0 /INPUT 32 "rot_in";
    .port_info 1 /OUTPUT 32 "rot_out";
v0000012946e4d730_0 .net *"_ivl_1", 23 0, L_0000012946e4dd00;  1 drivers
v0000012946e4bb10_0 .net *"_ivl_3", 7 0, L_0000012946e4ec00;  1 drivers
v0000012946e4cfb0_0 .net "rot_in", 31 0, L_0000012946e4dc60;  1 drivers
v0000012946e4c830_0 .net "rot_out", 31 0, L_0000012946e4ef20;  alias, 1 drivers
L_0000012946e4dd00 .part L_0000012946e4dc60, 0, 24;
L_0000012946e4ec00 .part L_0000012946e4dc60, 24, 8;
L_0000012946e4ef20 .concat [ 8 24 0 0], L_0000012946e4ec00, L_0000012946e4dd00;
S_0000012946dd9790 .scope module, "Xorr_inst" "Xorr" 2 56, 7 4 0, S_0000012946ddd500;
 .timescale 0 0;
    .port_info 0 /INPUT 128 "key_prev";
    .port_info 1 /INPUT 32 "sub_in";
    .port_info 2 /INPUT 4 "round";
    .port_info 3 /OUTPUT 128 "key_new";
L_0000012946de8c50 .functor BUFZ 128, L_0000012946de9350, C4<00000000000000000000000000000000000000000000000000000000000000000000000000000000000000000000000000000000000000000000000000000000>, C4<00000000000000000000000000000000000000000000000000000000000000000000000000000000000000000000000000000000000000000000000000000000>, C4<00000000000000000000000000000000000000000000000000000000000000000000000000000000000000000000000000000000000000000000000000000000>;
L_0000012946de8d30 .functor XOR 32, o0000012946dfa9c8, v0000012946e4c010_0, C4<00000000000000000000000000000000>, C4<00000000000000000000000000000000>;
L_0000012946de9200 .functor XOR 32, L_0000012946e4f1a0, L_0000012946de8d30, C4<00000000000000000000000000000000>, C4<00000000000000000000000000000000>;
L_0000012946de8da0 .functor XOR 32, L_0000012946e4f060, L_0000012946de9200, C4<00000000000000000000000000000000>, C4<00000000000000000000000000000000>;
L_0000012946de8ef0 .functor XOR 32, L_0000012946e4f2e0, L_0000012946de8da0, C4<00000000000000000000000000000000>, C4<00000000000000000000000000000000>;
L_0000012946ed8620 .functor XOR 32, L_0000012946e4f380, L_0000012946de8ef0, C4<00000000000000000000000000000000>, C4<00000000000000000000000000000000>;
v0000012946e4d410_0 .net *"_ivl_6", 127 0, L_0000012946de8c50;  1 drivers
v0000012946e4c1f0_0 .net "key_new", 127 0, L_0000012946e4d940;  alias, 1 drivers
v0000012946e4c3d0_0 .net "key_prev", 127 0, L_0000012946de9350;  alias, 1 drivers
v0000012946e4c470_0 .net "rcon", 31 0, v0000012946e4c010_0;  1 drivers
v0000012946e4bc50_0 .net "round", 3 0, v0000012946dcced0_0;  alias, 1 drivers
v0000012946e4ce70_0 .net "sub_in", 31 0, o0000012946dfa9c8;  alias, 0 drivers
v0000012946e4d7d0_0 .net "temp", 31 0, L_0000012946de8d30;  1 drivers
v0000012946e4cbf0_0 .net "w0", 31 0, L_0000012946e4f1a0;  1 drivers
v0000012946e4cc90_0 .net "w1", 31 0, L_0000012946e4f060;  1 drivers
v0000012946e4d5f0_0 .net "w2", 31 0, L_0000012946e4f2e0;  1 drivers
v0000012946e4d550_0 .net "w3", 31 0, L_0000012946e4f380;  1 drivers
v0000012946e4cf10_0 .net "w4", 31 0, L_0000012946de9200;  1 drivers
v0000012946e4bcf0_0 .net "w5", 31 0, L_0000012946de8da0;  1 drivers
v0000012946e4c510_0 .net "w6", 31 0, L_0000012946de8ef0;  1 drivers
v0000012946e4bf70_0 .net "w7", 31 0, L_0000012946ed8620;  1 drivers
L_0000012946e4f1a0 .part L_0000012946de8c50, 96, 32;
L_0000012946e4f060 .part L_0000012946de8c50, 64, 32;
L_0000012946e4f2e0 .part L_0000012946de8c50, 32, 32;
L_0000012946e4f380 .part L_0000012946de8c50, 0, 32;
L_0000012946e4d940 .concat [ 32 32 32 32], L_0000012946ed8620, L_0000012946de8ef0, L_0000012946de8da0, L_0000012946de9200;
S_0000012946dd9920 .scope module, "u_rcon" "Rcon" 7 19, 8 1 0, S_0000012946dd9790;
 .timescale 0 0;
    .port_info 0 /INPUT 4 "round";
    .port_info 1 /OUTPUT 32 "rcon_out";
v0000012946e4c010_0 .var "rcon_out", 31 0;
v0000012946e4c6f0_0 .net "round", 3 0, v0000012946dcced0_0;  alias, 1 drivers
E_0000012946dd2830 .event anyedge, v0000012946dcced0_0;
    .scope S_0000012946dd5a90;
T_0 ;
    %wait E_0000012946dd2d70;
    %load/vec4 v0000012946e4cab0_0;
    %nor/r;
    %flag_set/vec4 8;
    %jmp/0xz  T_0.0, 8;
    %pushi/vec4 0, 0, 32;
    %store/vec4 v0000012946e4ca10_0, 0, 32;
T_0.2 ;
    %load/vec4 v0000012946e4ca10_0;
    %cmpi/s 11, 0, 32;
    %jmp/0xz T_0.3, 5;
    %pushi/vec4 0, 0, 128;
    %ix/getv/s 3, v0000012946e4ca10_0;
    %ix/load 4, 0, 0; Constant delay
    %assign/vec4/a/d v0000012946e4d2d0, 0, 4;
    %load/vec4 v0000012946e4ca10_0;
    %addi 1, 0, 32;
    %store/vec4 v0000012946e4ca10_0, 0, 32;
    %jmp T_0.2;
T_0.3 ;
    %jmp T_0.1;
T_0.0 ;
    %load/vec4 v0000012946e4c150_0;
    %flag_set/vec4 8;
    %jmp/0xz  T_0.4, 8;
    %load/vec4 v0000012946e4d0f0_0;
    %load/vec4 v0000012946e4d690_0;
    %pad/u 5;
    %ix/vec4 3;
    %ix/load 4, 0, 0; Constant delay
    %assign/vec4/a/d v0000012946e4d2d0, 0, 4;
T_0.4 ;
T_0.1 ;
    %jmp T_0;
    .thread T_0;
    .scope S_0000012946dd9920;
T_1 ;
    %wait E_0000012946dd2830;
    %load/vec4 v0000012946e4c6f0_0;
    %dup/vec4;
    %pushi/vec4 1, 0, 4;
    %cmp/u;
    %jmp/1 T_1.0, 6;
    %dup/vec4;
    %pushi/vec4 2, 0, 4;
    %cmp/u;
    %jmp/1 T_1.1, 6;
    %dup/vec4;
    %pushi/vec4 3, 0, 4;
    %cmp/u;
    %jmp/1 T_1.2, 6;
    %dup/vec4;
    %pushi/vec4 4, 0, 4;
    %cmp/u;
    %jmp/1 T_1.3, 6;
    %dup/vec4;
    %pushi/vec4 5, 0, 4;
    %cmp/u;
    %jmp/1 T_1.4, 6;
    %dup/vec4;
    %pushi/vec4 6, 0, 4;
    %cmp/u;
    %jmp/1 T_1.5, 6;
    %dup/vec4;
    %pushi/vec4 7, 0, 4;
    %cmp/u;
    %jmp/1 T_1.6, 6;
    %dup/vec4;
    %pushi/vec4 8, 0, 4;
    %cmp/u;
    %jmp/1 T_1.7, 6;
    %dup/vec4;
    %pushi/vec4 9, 0, 4;
    %cmp/u;
    %jmp/1 T_1.8, 6;
    %dup/vec4;
    %pushi/vec4 10, 0, 4;
    %cmp/u;
    %jmp/1 T_1.9, 6;
    %pushi/vec4 0, 0, 32;
    %store/vec4 v0000012946e4c010_0, 0, 32;
    %jmp T_1.11;
T_1.0 ;
    %pushi/vec4 16777216, 0, 32;
    %store/vec4 v0000012946e4c010_0, 0, 32;
    %jmp T_1.11;
T_1.1 ;
    %pushi/vec4 33554432, 0, 32;
    %store/vec4 v0000012946e4c010_0, 0, 32;
    %jmp T_1.11;
T_1.2 ;
    %pushi/vec4 67108864, 0, 32;
    %store/vec4 v0000012946e4c010_0, 0, 32;
    %jmp T_1.11;
T_1.3 ;
    %pushi/vec4 134217728, 0, 32;
    %store/vec4 v0000012946e4c010_0, 0, 32;
    %jmp T_1.11;
T_1.4 ;
    %pushi/vec4 268435456, 0, 32;
    %store/vec4 v0000012946e4c010_0, 0, 32;
    %jmp T_1.11;
T_1.5 ;
    %pushi/vec4 536870912, 0, 32;
    %store/vec4 v0000012946e4c010_0, 0, 32;
    %jmp T_1.11;
T_1.6 ;
    %pushi/vec4 1073741824, 0, 32;
    %store/vec4 v0000012946e4c010_0, 0, 32;
    %jmp T_1.11;
T_1.7 ;
    %pushi/vec4 2147483648, 0, 32;
    %store/vec4 v0000012946e4c010_0, 0, 32;
    %jmp T_1.11;
T_1.8 ;
    %pushi/vec4 452984832, 0, 32;
    %store/vec4 v0000012946e4c010_0, 0, 32;
    %jmp T_1.11;
T_1.9 ;
    %pushi/vec4 905969664, 0, 32;
    %store/vec4 v0000012946e4c010_0, 0, 32;
    %jmp T_1.11;
T_1.11 ;
    %pop/vec4 1;
    %jmp T_1;
    .thread T_1, $push;
    .scope S_0000012946ddd740;
T_2 ;
    %wait E_0000012946dd2ab0;
    %load/vec4 v0000012946e4d050_0;
    %dup/vec4;
    %pushi/vec4 0, 0, 3;
    %cmp/u;
    %jmp/1 T_2.0, 6;
    %dup/vec4;
    %pushi/vec4 1, 0, 3;
    %cmp/u;
    %jmp/1 T_2.1, 6;
    %dup/vec4;
    %pushi/vec4 2, 0, 3;
    %cmp/u;
    %jmp/1 T_2.2, 6;
    %dup/vec4;
    %pushi/vec4 3, 0, 3;
    %cmp/u;
    %jmp/1 T_2.3, 6;
    %dup/vec4;
    %pushi/vec4 4, 0, 3;
    %cmp/u;
    %jmp/1 T_2.4, 6;
    %pushi/vec4 0, 0, 3;
    %store/vec4 v0000012946dcc7f0_0, 0, 3;
    %jmp T_2.6;
T_2.0 ;
    %load/vec4 v0000012946dcc570_0;
    %flag_set/vec4 8;
    %jmp/0 T_2.7, 8;
    %pushi/vec4 1, 0, 32;
    %jmp/1 T_2.8, 8;
T_2.7 ; End of true expr.
    %pushi/vec4 0, 0, 32;
    %jmp/0 T_2.8, 8;
 ; End of false expr.
    %blend;
T_2.8;
    %pad/s 3;
    %store/vec4 v0000012946dcc7f0_0, 0, 3;
    %jmp T_2.6;
T_2.1 ;
    %pushi/vec4 2, 0, 3;
    %store/vec4 v0000012946dcc7f0_0, 0, 3;
    %jmp T_2.6;
T_2.2 ;
    %pushi/vec4 3, 0, 3;
    %store/vec4 v0000012946dcc7f0_0, 0, 3;
    %jmp T_2.6;
T_2.3 ;
    %load/vec4 v0000012946e4cdd0_0;
    %pad/u 32;
    %cmpi/e 11, 0, 32;
    %flag_mov 8, 4;
    %jmp/0 T_2.9, 8;
    %pushi/vec4 4, 0, 32;
    %jmp/1 T_2.10, 8;
T_2.9 ; End of true expr.
    %pushi/vec4 2, 0, 32;
    %jmp/0 T_2.10, 8;
 ; End of false expr.
    %blend;
T_2.10;
    %pad/s 3;
    %store/vec4 v0000012946dcc7f0_0, 0, 3;
    %jmp T_2.6;
T_2.4 ;
    %pushi/vec4 0, 0, 3;
    %store/vec4 v0000012946dcc7f0_0, 0, 3;
    %jmp T_2.6;
T_2.6 ;
    %pop/vec4 1;
    %jmp T_2;
    .thread T_2, $push;
    .scope S_0000012946ddd740;
T_3 ;
    %wait E_0000012946dd2d70;
    %load/vec4 v0000012946dccb10_0;
    %inv;
    %flag_set/vec4 8;
    %jmp/0xz  T_3.0, 8;
    %pushi/vec4 0, 0, 3;
    %assign/vec4 v0000012946e4d050_0, 0;
    %jmp T_3.1;
T_3.0 ;
    %load/vec4 v0000012946dcc7f0_0;
    %assign/vec4 v0000012946e4d050_0, 0;
T_3.1 ;
    %jmp T_3;
    .thread T_3;
    .scope S_0000012946ddd740;
T_4 ;
    %wait E_0000012946dd2d70;
    %load/vec4 v0000012946dccb10_0;
    %inv;
    %flag_set/vec4 8;
    %jmp/0xz  T_4.0, 8;
    %pushi/vec4 0, 0, 1;
    %assign/vec4 v0000012946dcc750_0, 0;
    %pushi/vec4 0, 0, 1;
    %assign/vec4 v0000012946dcc890_0, 0;
    %pushi/vec4 0, 0, 1;
    %assign/vec4 v0000012946e4cb50_0, 0;
    %pushi/vec4 0, 0, 1;
    %assign/vec4 v0000012946dccc50_0, 0;
    %pushi/vec4 0, 0, 4;
    %assign/vec4 v0000012946dcced0_0, 0;
    %pushi/vec4 0, 0, 4;
    %assign/vec4 v0000012946dcca70_0, 0;
    %pushi/vec4 0, 0, 4;
    %assign/vec4 v0000012946e4cdd0_0, 0;
    %jmp T_4.1;
T_4.0 ;
    %pushi/vec4 0, 0, 1;
    %assign/vec4 v0000012946dcc750_0, 0;
    %pushi/vec4 0, 0, 1;
    %assign/vec4 v0000012946dcc890_0, 0;
    %pushi/vec4 0, 0, 1;
    %assign/vec4 v0000012946e4cb50_0, 0;
    %pushi/vec4 0, 0, 1;
    %assign/vec4 v0000012946dccc50_0, 0;
    %load/vec4 v0000012946e4d050_0;
    %dup/vec4;
    %pushi/vec4 0, 0, 3;
    %cmp/u;
    %jmp/1 T_4.2, 6;
    %dup/vec4;
    %pushi/vec4 1, 0, 3;
    %cmp/u;
    %jmp/1 T_4.3, 6;
    %dup/vec4;
    %pushi/vec4 2, 0, 3;
    %cmp/u;
    %jmp/1 T_4.4, 6;
    %dup/vec4;
    %pushi/vec4 3, 0, 3;
    %cmp/u;
    %jmp/1 T_4.5, 6;
    %dup/vec4;
    %pushi/vec4 4, 0, 3;
    %cmp/u;
    %jmp/1 T_4.6, 6;
    %jmp T_4.8;
T_4.2 ;
    %load/vec4 v0000012946dcc610_0;
    %assign/vec4 v0000012946dcca70_0, 0;
    %jmp T_4.8;
T_4.3 ;
    %pushi/vec4 0, 0, 4;
    %assign/vec4 v0000012946e4cdd0_0, 0;
    %pushi/vec4 0, 0, 4;
    %assign/vec4 v0000012946dcced0_0, 0;
    %pushi/vec4 0, 0, 4;
    %assign/vec4 v0000012946dcca70_0, 0;
    %pushi/vec4 1, 0, 1;
    %assign/vec4 v0000012946e4cb50_0, 0;
    %pushi/vec4 1, 0, 1;
    %assign/vec4 v0000012946dccc50_0, 0;
    %jmp T_4.8;
T_4.4 ;
    %load/vec4 v0000012946e4cdd0_0;
    %assign/vec4 v0000012946dcca70_0, 0;
    %jmp T_4.8;
T_4.5 ;
    %pushi/vec4 1, 0, 1;
    %assign/vec4 v0000012946e4cb50_0, 0;
    %load/vec4 v0000012946e4cdd0_0;
    %addi 1, 0, 4;
    %assign/vec4 v0000012946e4cdd0_0, 0;
    %load/vec4 v0000012946dcced0_0;
    %addi 1, 0, 4;
    %assign/vec4 v0000012946dcced0_0, 0;
    %jmp T_4.8;
T_4.6 ;
    %pushi/vec4 1, 0, 1;
    %assign/vec4 v0000012946dcc750_0, 0;
    %jmp T_4.8;
T_4.8 ;
    %pop/vec4 1;
T_4.1 ;
    %jmp T_4;
    .thread T_4;
# The file index is used to find the file name in the following table.
:file_names 9;
    "N/A";
    "<interactive>";
    "KeyLogic.v";
    "./KeyLogic_Controller.v";
    "./Mux2.v";
    "./Registerfile.v";
    "./RotWord.v";
    "./Xorr.v";
    "./Rcon.v";
