#! /c/Source/iverilog-install/bin/vvp
:ivl_version "12.0 (devel)" "(s20150603-1110-g18392a46)";
:ivl_delay_selection "TYPICAL";
:vpi_time_precision + 0;
:vpi_module "D:\iverilog\iverilog\lib\ivl\system.vpi";
:vpi_module "D:\iverilog\iverilog\lib\ivl\vhdl_sys.vpi";
:vpi_module "D:\iverilog\iverilog\lib\ivl\vhdl_textio.vpi";
:vpi_module "D:\iverilog\iverilog\lib\ivl\v2005_math.vpi";
:vpi_module "D:\iverilog\iverilog\lib\ivl\va_math.vpi";
S_0000013e4e2e9df0 .scope module, "MixColumns_AddRoundKey" "MixColumns_AddRoundKey" 2 4;
 .timescale 0 0;
    .port_info 0 /INPUT 1 "clk";
    .port_info 1 /INPUT 1 "rst_n";
    .port_info 2 /INPUT 128 "din";
    .port_info 3 /INPUT 128 "key";
    .port_info 4 /OUTPUT 128 "dout";
o0000013e4e305f38 .functor BUFZ 1, C4<z>; HiZ drive
v0000013e4e3698f0_0 .net "clk", 0 0, o0000013e4e305f38;  0 drivers
o0000013e4e305ea8 .functor BUFZ 128, C4<zzzzzzzzzzzzzzzzzzzzzzzzzzzzzzzzzzzzzzzzzzzzzzzzzzzzzzzzzzzzzzzzzzzzzzzzzzzzzzzzzzzzzzzzzzzzzzzzzzzzzzzzzzzzzzzzzzzzzzzzzzzzzzzz>; HiZ drive
v0000013e4e367870_0 .net "din", 127 0, o0000013e4e305ea8;  0 drivers
v0000013e4e369030_0 .var "dout", 127 0;
v0000013e4e3690d0_0 .net "dout_tmp", 127 0, L_0000013e4e3c5f70;  1 drivers
o0000013e4e3000e8 .functor BUFZ 128, C4<zzzzzzzzzzzzzzzzzzzzzzzzzzzzzzzzzzzzzzzzzzzzzzzzzzzzzzzzzzzzzzzzzzzzzzzzzzzzzzzzzzzzzzzzzzzzzzzzzzzzzzzzzzzzzzzzzzzzzzzzzzzzzzzz>; HiZ drive
v0000013e4e3675f0_0 .net "key", 127 0, o0000013e4e3000e8;  0 drivers
o0000013e4e305f98 .functor BUFZ 1, C4<z>; HiZ drive
v0000013e4e369990_0 .net "rst_n", 0 0, o0000013e4e305f98;  0 drivers
v0000013e4e369850_0 .net "state_out", 127 0, L_0000013e4e3c08b0;  1 drivers
E_0000013e4e2e83d0/0 .event negedge, v0000013e4e369990_0;
E_0000013e4e2e83d0/1 .event posedge, v0000013e4e3698f0_0;
E_0000013e4e2e83d0 .event/or E_0000013e4e2e83d0/0, E_0000013e4e2e83d0/1;
S_0000013e4e2456d0 .scope module, "AddRoundKey_inst" "AddRoundKey" 2 16, 3 1 0, S_0000013e4e2e9df0;
 .timescale 0 0;
    .port_info 0 /INPUT 128 "din";
    .port_info 1 /INPUT 128 "key";
    .port_info 2 /OUTPUT 128 "dout";
L_0000013e4e3c5f70 .functor XOR 128, L_0000013e4e3c08b0, o0000013e4e3000e8, C4<00000000000000000000000000000000000000000000000000000000000000000000000000000000000000000000000000000000000000000000000000000000>, C4<00000000000000000000000000000000000000000000000000000000000000000000000000000000000000000000000000000000000000000000000000000000>;
v0000013e4e2e3640_0 .net "din", 127 0, L_0000013e4e3c08b0;  alias, 1 drivers
v0000013e4e2e36e0_0 .net "dout", 127 0, L_0000013e4e3c5f70;  alias, 1 drivers
v0000013e4e2e3780_0 .net "key", 127 0, o0000013e4e3000e8;  alias, 0 drivers
S_0000013e4e245860 .scope module, "MixColumns_inst" "MixColumns" 2 12, 4 3 0, S_0000013e4e2e9df0;
 .timescale 0 0;
    .port_info 0 /INPUT 128 "state_in";
    .port_info 1 /OUTPUT 128 "state_out";
L_0000013e4e3b7b90 .functor XOR 8, L_0000013e4e3684f0, L_0000013e4e2e8f80, C4<00000000>, C4<00000000>;
L_0000013e4e3b7c00 .functor XOR 8, L_0000013e4e3b7b90, L_0000013e4e3683b0, C4<00000000>, C4<00000000>;
L_0000013e4e3b7c70 .functor XOR 8, L_0000013e4e3b7c00, L_0000013e4e369670, C4<00000000>, C4<00000000>;
L_0000013e4e3b7ce0 .functor XOR 8, L_0000013e4e369350, L_0000013e4e36a390, C4<00000000>, C4<00000000>;
L_0000013e4e3b7260 .functor XOR 8, L_0000013e4e3b7ce0, L_0000013e4e2e9840, C4<00000000>, C4<00000000>;
L_0000013e4e3b7730 .functor XOR 8, L_0000013e4e3b7260, L_0000013e4e369670, C4<00000000>, C4<00000000>;
L_0000013e4e3b77a0 .functor XOR 8, L_0000013e4e369350, L_0000013e4e368270, C4<00000000>, C4<00000000>;
L_0000013e4e3b7880 .functor XOR 8, L_0000013e4e3b77a0, L_0000013e4e36a250, C4<00000000>, C4<00000000>;
L_0000013e4e3b7d50 .functor XOR 8, L_0000013e4e3b7880, L_0000013e4e2e8c00, C4<00000000>, C4<00000000>;
L_0000013e4e3b6f50 .functor XOR 8, L_0000013e4e2e96f0, L_0000013e4e368270, C4<00000000>, C4<00000000>;
L_0000013e4e3b70a0 .functor XOR 8, L_0000013e4e3b6f50, L_0000013e4e3683b0, C4<00000000>, C4<00000000>;
L_0000013e4e3b78f0 .functor XOR 8, L_0000013e4e3b70a0, L_0000013e4e3640d0, C4<00000000>, C4<00000000>;
L_0000013e4e3b7960 .functor XOR 8, L_0000013e4e364670, L_0000013e4e2e9060, C4<00000000>, C4<00000000>;
L_0000013e4e3b72d0 .functor XOR 8, L_0000013e4e3b7960, L_0000013e4e3679b0, C4<00000000>, C4<00000000>;
L_0000013e4e3b7110 .functor XOR 8, L_0000013e4e3b72d0, L_0000013e4e369b70, C4<00000000>, C4<00000000>;
L_0000013e4e3b7340 .functor XOR 8, L_0000013e4e369ad0, L_0000013e4e363630, C4<00000000>, C4<00000000>;
L_0000013e4e3c5e90 .functor XOR 8, L_0000013e4e3b7340, L_0000013e4e3b73b0, C4<00000000>, C4<00000000>;
L_0000013e4e3c6520 .functor XOR 8, L_0000013e4e3c5e90, L_0000013e4e369b70, C4<00000000>, C4<00000000>;
L_0000013e4e3c6670 .functor XOR 8, L_0000013e4e369ad0, L_0000013e4e367cd0, C4<00000000>, C4<00000000>;
L_0000013e4e3c6440 .functor XOR 8, L_0000013e4e3c6670, L_0000013e4e364ad0, C4<00000000>, C4<00000000>;
L_0000013e4e3c6130 .functor XOR 8, L_0000013e4e3c6440, L_0000013e4e3b7420, C4<00000000>, C4<00000000>;
L_0000013e4e3c5950 .functor XOR 8, L_0000013e4e2e8dc0, L_0000013e4e367cd0, C4<00000000>, C4<00000000>;
L_0000013e4e3c5fe0 .functor XOR 8, L_0000013e4e3c5950, L_0000013e4e3679b0, C4<00000000>, C4<00000000>;
L_0000013e4e3c6050 .functor XOR 8, L_0000013e4e3c5fe0, L_0000013e4e363c70, C4<00000000>, C4<00000000>;
L_0000013e4e3c59c0 .functor XOR 8, L_0000013e4e363db0, L_0000013e4e3b6e70, C4<00000000>, C4<00000000>;
L_0000013e4e3c66e0 .functor XOR 8, L_0000013e4e3c59c0, L_0000013e4e367af0, C4<00000000>, C4<00000000>;
L_0000013e4e3c63d0 .functor XOR 8, L_0000013e4e3c66e0, L_0000013e4e3686d0, C4<00000000>, C4<00000000>;
L_0000013e4e3c64b0 .functor XOR 8, L_0000013e4e367a50, L_0000013e4e364170, C4<00000000>, C4<00000000>;
L_0000013e4e3c6590 .functor XOR 8, L_0000013e4e3c64b0, L_0000013e4e3b7490, C4<00000000>, C4<00000000>;
L_0000013e4e3c5a30 .functor XOR 8, L_0000013e4e3c6590, L_0000013e4e3686d0, C4<00000000>, C4<00000000>;
L_0000013e4e3c5aa0 .functor XOR 8, L_0000013e4e367a50, L_0000013e4e369170, C4<00000000>, C4<00000000>;
L_0000013e4e3c5b10 .functor XOR 8, L_0000013e4e3c5aa0, L_0000013e4e363770, C4<00000000>, C4<00000000>;
L_0000013e4e3c5b80 .functor XOR 8, L_0000013e4e3c5b10, L_0000013e4e3b79d0, C4<00000000>, C4<00000000>;
L_0000013e4e3c5db0 .functor XOR 8, L_0000013e4e3b7500, L_0000013e4e369170, C4<00000000>, C4<00000000>;
L_0000013e4e3c60c0 .functor XOR 8, L_0000013e4e3c5db0, L_0000013e4e367af0, C4<00000000>, C4<00000000>;
L_0000013e4e3c5bf0 .functor XOR 8, L_0000013e4e3c60c0, L_0000013e4e364cb0, C4<00000000>, C4<00000000>;
L_0000013e4e3c62f0 .functor XOR 8, L_0000013e4e362730, L_0000013e4e3b71f0, C4<00000000>, C4<00000000>;
L_0000013e4e3c6360 .functor XOR 8, L_0000013e4e3c62f0, L_0000013e4e367eb0, C4<00000000>, C4<00000000>;
L_0000013e4e3c5c60 .functor XOR 8, L_0000013e4e3c6360, L_0000013e4e368450, C4<00000000>, C4<00000000>;
L_0000013e4e3c6600 .functor XOR 8, L_0000013e4e369710, L_0000013e4e362b90, C4<00000000>, C4<00000000>;
L_0000013e4e3c5cd0 .functor XOR 8, L_0000013e4e3c6600, L_0000013e4e3b76c0, C4<00000000>, C4<00000000>;
L_0000013e4e3c5800 .functor XOR 8, L_0000013e4e3c5cd0, L_0000013e4e368450, C4<00000000>, C4<00000000>;
L_0000013e4e3c5d40 .functor XOR 8, L_0000013e4e369710, L_0000013e4e367b90, C4<00000000>, C4<00000000>;
L_0000013e4e3c58e0 .functor XOR 8, L_0000013e4e3c5d40, L_0000013e4e3656b0, C4<00000000>, C4<00000000>;
L_0000013e4e3c5870 .functor XOR 8, L_0000013e4e3c58e0, L_0000013e4e3b6ee0, C4<00000000>, C4<00000000>;
L_0000013e4e3c61a0 .functor XOR 8, L_0000013e4e3b7810, L_0000013e4e367b90, C4<00000000>, C4<00000000>;
L_0000013e4e3c5e20 .functor XOR 8, L_0000013e4e3c61a0, L_0000013e4e367eb0, C4<00000000>, C4<00000000>;
L_0000013e4e3c5f00 .functor XOR 8, L_0000013e4e3c5e20, L_0000013e4e365930, C4<00000000>, C4<00000000>;
v0000013e4e35e7e0_0 .net *"_ivl_100", 7 0, L_0000013e4e3c60c0;  1 drivers
v0000013e4e35d520_0 .net *"_ivl_104", 7 0, L_0000013e4e3c62f0;  1 drivers
v0000013e4e35ca80_0 .net *"_ivl_106", 7 0, L_0000013e4e3c6360;  1 drivers
v0000013e4e35e920_0 .net *"_ivl_110", 7 0, L_0000013e4e3c6600;  1 drivers
v0000013e4e35e880_0 .net *"_ivl_112", 7 0, L_0000013e4e3c5cd0;  1 drivers
v0000013e4e35d3e0_0 .net *"_ivl_116", 7 0, L_0000013e4e3c5d40;  1 drivers
v0000013e4e35dc00_0 .net *"_ivl_118", 7 0, L_0000013e4e3c58e0;  1 drivers
v0000013e4e35d200_0 .net *"_ivl_122", 7 0, L_0000013e4e3c61a0;  1 drivers
v0000013e4e35c3a0_0 .net *"_ivl_124", 7 0, L_0000013e4e3c5e20;  1 drivers
v0000013e4e35d160_0 .net *"_ivl_32", 7 0, L_0000013e4e3b7b90;  1 drivers
v0000013e4e35c620_0 .net *"_ivl_34", 7 0, L_0000013e4e3b7c00;  1 drivers
v0000013e4e35dca0_0 .net *"_ivl_38", 7 0, L_0000013e4e3b7ce0;  1 drivers
v0000013e4e35da20_0 .net *"_ivl_40", 7 0, L_0000013e4e3b7260;  1 drivers
v0000013e4e35dd40_0 .net *"_ivl_44", 7 0, L_0000013e4e3b77a0;  1 drivers
v0000013e4e35d480_0 .net *"_ivl_46", 7 0, L_0000013e4e3b7880;  1 drivers
v0000013e4e35d5c0_0 .net *"_ivl_50", 7 0, L_0000013e4e3b6f50;  1 drivers
v0000013e4e35d660_0 .net *"_ivl_52", 7 0, L_0000013e4e3b70a0;  1 drivers
v0000013e4e35d700_0 .net *"_ivl_56", 7 0, L_0000013e4e3b7960;  1 drivers
v0000013e4e35d7a0_0 .net *"_ivl_58", 7 0, L_0000013e4e3b72d0;  1 drivers
v0000013e4e35e560_0 .net *"_ivl_62", 7 0, L_0000013e4e3b7340;  1 drivers
v0000013e4e35dde0_0 .net *"_ivl_64", 7 0, L_0000013e4e3c5e90;  1 drivers
v0000013e4e35dfc0_0 .net *"_ivl_68", 7 0, L_0000013e4e3c6670;  1 drivers
v0000013e4e35c1c0_0 .net *"_ivl_70", 7 0, L_0000013e4e3c6440;  1 drivers
v0000013e4e35d840_0 .net *"_ivl_74", 7 0, L_0000013e4e3c5950;  1 drivers
v0000013e4e35d8e0_0 .net *"_ivl_76", 7 0, L_0000013e4e3c5fe0;  1 drivers
v0000013e4e35d980_0 .net *"_ivl_80", 7 0, L_0000013e4e3c59c0;  1 drivers
v0000013e4e35e060_0 .net *"_ivl_82", 7 0, L_0000013e4e3c66e0;  1 drivers
v0000013e4e35e100_0 .net *"_ivl_86", 7 0, L_0000013e4e3c64b0;  1 drivers
v0000013e4e35e1a0_0 .net *"_ivl_88", 7 0, L_0000013e4e3c6590;  1 drivers
v0000013e4e35e2e0_0 .net *"_ivl_92", 7 0, L_0000013e4e3c5aa0;  1 drivers
v0000013e4e35e420_0 .net *"_ivl_94", 7 0, L_0000013e4e3c5b10;  1 drivers
v0000013e4e35ff00_0 .net *"_ivl_98", 7 0, L_0000013e4e3c5db0;  1 drivers
v0000013e4e35ece0_0 .net "m0", 7 0, L_0000013e4e3b7c70;  1 drivers
v0000013e4e35fe60_0 .net "m1", 7 0, L_0000013e4e3b7730;  1 drivers
v0000013e4e35f000_0 .net "m10", 7 0, L_0000013e4e3c5b80;  1 drivers
v0000013e4e35e9c0_0 .net "m11", 7 0, L_0000013e4e3c5bf0;  1 drivers
v0000013e4e35f5a0_0 .net "m12", 7 0, L_0000013e4e3c5c60;  1 drivers
v0000013e4e360040_0 .net "m13", 7 0, L_0000013e4e3c5800;  1 drivers
v0000013e4e35fd20_0 .net "m14", 7 0, L_0000013e4e3c5870;  1 drivers
v0000013e4e35ee20_0 .net "m15", 7 0, L_0000013e4e3c5f00;  1 drivers
v0000013e4e35f8c0_0 .net "m2", 7 0, L_0000013e4e3b7d50;  1 drivers
v0000013e4e35fb40_0 .net "m3", 7 0, L_0000013e4e3b78f0;  1 drivers
v0000013e4e35ffa0_0 .net "m4", 7 0, L_0000013e4e3b7110;  1 drivers
v0000013e4e35f140_0 .net "m5", 7 0, L_0000013e4e3c6520;  1 drivers
v0000013e4e35ed80_0 .net "m6", 7 0, L_0000013e4e3c6130;  1 drivers
v0000013e4e35ec40_0 .net "m7", 7 0, L_0000013e4e3c6050;  1 drivers
v0000013e4e35f460_0 .net "m8", 7 0, L_0000013e4e3c63d0;  1 drivers
v0000013e4e35ea60_0 .net "m9", 7 0, L_0000013e4e3c5a30;  1 drivers
v0000013e4e35fdc0_0 .net "s0", 7 0, L_0000013e4e369350;  1 drivers
v0000013e4e35eb00_0 .net "s0_2", 7 0, L_0000013e4e3684f0;  1 drivers
v0000013e4e35eba0_0 .net "s0_3", 7 0, L_0000013e4e2e96f0;  1 drivers
v0000013e4e35f500_0 .net "s1", 7 0, L_0000013e4e368270;  1 drivers
v0000013e4e35f6e0_0 .net "s10", 7 0, L_0000013e4e367af0;  1 drivers
v0000013e4e35f960_0 .net "s10_2", 7 0, L_0000013e4e363770;  1 drivers
v0000013e4e35eec0_0 .net "s10_3", 7 0, L_0000013e4e3b7490;  1 drivers
v0000013e4e35f320_0 .net "s11", 7 0, L_0000013e4e3686d0;  1 drivers
v0000013e4e35ef60_0 .net "s11_2", 7 0, L_0000013e4e364cb0;  1 drivers
v0000013e4e35fc80_0 .net "s11_3", 7 0, L_0000013e4e3b79d0;  1 drivers
v0000013e4e35f0a0_0 .net "s12", 7 0, L_0000013e4e369710;  1 drivers
v0000013e4e35f780_0 .net "s12_2", 7 0, L_0000013e4e362730;  1 drivers
v0000013e4e35fbe0_0 .net "s12_3", 7 0, L_0000013e4e3b7810;  1 drivers
v0000013e4e35f1e0_0 .net "s13", 7 0, L_0000013e4e367b90;  1 drivers
v0000013e4e35f280_0 .net "s13_2", 7 0, L_0000013e4e362b90;  1 drivers
v0000013e4e35f3c0_0 .net "s13_3", 7 0, L_0000013e4e3b71f0;  1 drivers
v0000013e4e35fa00_0 .net "s14", 7 0, L_0000013e4e367eb0;  1 drivers
v0000013e4e35f640_0 .net "s14_2", 7 0, L_0000013e4e3656b0;  1 drivers
v0000013e4e35f820_0 .net "s14_3", 7 0, L_0000013e4e3b76c0;  1 drivers
v0000013e4e35faa0_0 .net "s15", 7 0, L_0000013e4e368450;  1 drivers
v0000013e4e368d10_0 .net "s15_2", 7 0, L_0000013e4e365930;  1 drivers
v0000013e4e368310_0 .net "s15_3", 7 0, L_0000013e4e3b6ee0;  1 drivers
v0000013e4e368590_0 .net "s1_2", 7 0, L_0000013e4e36a390;  1 drivers
v0000013e4e369c10_0 .net "s1_3", 7 0, L_0000013e4e2e8f80;  1 drivers
v0000013e4e368130_0 .net "s2", 7 0, L_0000013e4e3683b0;  1 drivers
v0000013e4e367690_0 .net "s2_2", 7 0, L_0000013e4e36a250;  1 drivers
v0000013e4e368090_0 .net "s2_3", 7 0, L_0000013e4e2e9840;  1 drivers
v0000013e4e368b30_0 .net "s3", 7 0, L_0000013e4e369670;  1 drivers
v0000013e4e368c70_0 .net "s3_2", 7 0, L_0000013e4e3640d0;  1 drivers
v0000013e4e368950_0 .net "s3_3", 7 0, L_0000013e4e2e8c00;  1 drivers
v0000013e4e3693f0_0 .net "s4", 7 0, L_0000013e4e369ad0;  1 drivers
v0000013e4e368f90_0 .net "s4_2", 7 0, L_0000013e4e364670;  1 drivers
v0000013e4e367f50_0 .net "s4_3", 7 0, L_0000013e4e2e8dc0;  1 drivers
v0000013e4e367d70_0 .net "s5", 7 0, L_0000013e4e367cd0;  1 drivers
v0000013e4e3681d0_0 .net "s5_2", 7 0, L_0000013e4e363630;  1 drivers
v0000013e4e3697b0_0 .net "s5_3", 7 0, L_0000013e4e2e9060;  1 drivers
v0000013e4e367910_0 .net "s6", 7 0, L_0000013e4e3679b0;  1 drivers
v0000013e4e369490_0 .net "s6_2", 7 0, L_0000013e4e364ad0;  1 drivers
v0000013e4e3695d0_0 .net "s6_3", 7 0, L_0000013e4e3b73b0;  1 drivers
v0000013e4e367e10_0 .net "s7", 7 0, L_0000013e4e369b70;  1 drivers
v0000013e4e367730_0 .net "s7_2", 7 0, L_0000013e4e363c70;  1 drivers
v0000013e4e368810_0 .net "s7_3", 7 0, L_0000013e4e3b7420;  1 drivers
v0000013e4e369530_0 .net "s8", 7 0, L_0000013e4e367a50;  1 drivers
v0000013e4e3688b0_0 .net "s8_2", 7 0, L_0000013e4e363db0;  1 drivers
v0000013e4e3692b0_0 .net "s8_3", 7 0, L_0000013e4e3b7500;  1 drivers
v0000013e4e3677d0_0 .net "s9", 7 0, L_0000013e4e369170;  1 drivers
v0000013e4e369210_0 .net "s9_2", 7 0, L_0000013e4e364170;  1 drivers
v0000013e4e369d50_0 .net "s9_3", 7 0, L_0000013e4e3b6e70;  1 drivers
v0000013e4e368630_0 .net "state_in", 127 0, o0000013e4e305ea8;  alias, 0 drivers
v0000013e4e369a30_0 .net "state_out", 127 0, L_0000013e4e3c08b0;  alias, 1 drivers
L_0000013e4e369350 .part o0000013e4e305ea8, 120, 8;
L_0000013e4e368270 .part o0000013e4e305ea8, 112, 8;
L_0000013e4e3683b0 .part o0000013e4e305ea8, 104, 8;
L_0000013e4e369670 .part o0000013e4e305ea8, 96, 8;
L_0000013e4e369ad0 .part o0000013e4e305ea8, 88, 8;
L_0000013e4e367cd0 .part o0000013e4e305ea8, 80, 8;
L_0000013e4e3679b0 .part o0000013e4e305ea8, 72, 8;
L_0000013e4e369b70 .part o0000013e4e305ea8, 64, 8;
L_0000013e4e367a50 .part o0000013e4e305ea8, 56, 8;
L_0000013e4e369170 .part o0000013e4e305ea8, 48, 8;
L_0000013e4e367af0 .part o0000013e4e305ea8, 40, 8;
L_0000013e4e3686d0 .part o0000013e4e305ea8, 32, 8;
L_0000013e4e369710 .part o0000013e4e305ea8, 24, 8;
L_0000013e4e367b90 .part o0000013e4e305ea8, 16, 8;
L_0000013e4e367eb0 .part o0000013e4e305ea8, 8, 8;
L_0000013e4e368450 .part o0000013e4e305ea8, 0, 8;
LS_0000013e4e3c08b0_0_0 .concat [ 8 8 8 8], L_0000013e4e3c5f00, L_0000013e4e3c5870, L_0000013e4e3c5800, L_0000013e4e3c5c60;
LS_0000013e4e3c08b0_0_4 .concat [ 8 8 8 8], L_0000013e4e3c5bf0, L_0000013e4e3c5b80, L_0000013e4e3c5a30, L_0000013e4e3c63d0;
LS_0000013e4e3c08b0_0_8 .concat [ 8 8 8 8], L_0000013e4e3c6050, L_0000013e4e3c6130, L_0000013e4e3c6520, L_0000013e4e3b7110;
LS_0000013e4e3c08b0_0_12 .concat [ 8 8 8 8], L_0000013e4e3b78f0, L_0000013e4e3b7d50, L_0000013e4e3b7730, L_0000013e4e3b7c70;
L_0000013e4e3c08b0 .concat [ 32 32 32 32], LS_0000013e4e3c08b0_0_0, LS_0000013e4e3c08b0_0_4, LS_0000013e4e3c08b0_0_8, LS_0000013e4e3c08b0_0_12;
S_0000013e4e2459f0 .scope module, "u0_mul2" "mul2" 4 34, 5 1 0, S_0000013e4e245860;
 .timescale 0 0;
    .port_info 0 /INPUT 8 "a";
    .port_info 1 /OUTPUT 8 "result";
L_0000013e4e36a5f0 .functor BUFT 1, C4<00011011>, C4<0>, C4<0>, C4<0>;
L_0000013e4e2e9300 .functor XOR 8, L_0000013e4e368e50, L_0000013e4e36a5f0, C4<00000000>, C4<00000000>;
v0000013e4e2e3dc0_0 .net *"_ivl_1", 0 0, L_0000013e4e367c30;  1 drivers
v0000013e4e2e45e0_0 .net *"_ivl_10", 7 0, L_0000013e4e2e9300;  1 drivers
v0000013e4e2e3e60_0 .net *"_ivl_12", 7 0, L_0000013e4e367ff0;  1 drivers
v0000013e4e2e3820_0 .net *"_ivl_14", 6 0, L_0000013e4e369cb0;  1 drivers
L_0000013e4e36a638 .functor BUFT 1, C4<0>, C4<0>, C4<0>, C4<0>;
v0000013e4e2e38c0_0 .net *"_ivl_16", 0 0, L_0000013e4e36a638;  1 drivers
v0000013e4e2e3b40_0 .net *"_ivl_2", 7 0, L_0000013e4e368e50;  1 drivers
v0000013e4e2e4180_0 .net *"_ivl_4", 6 0, L_0000013e4e368db0;  1 drivers
L_0000013e4e36a5a8 .functor BUFT 1, C4<0>, C4<0>, C4<0>, C4<0>;
v0000013e4e2e3be0_0 .net *"_ivl_6", 0 0, L_0000013e4e36a5a8;  1 drivers
v0000013e4e2e3fa0_0 .net/2u *"_ivl_8", 7 0, L_0000013e4e36a5f0;  1 drivers
v0000013e4e2e4220_0 .net "a", 7 0, L_0000013e4e369350;  alias, 1 drivers
v0000013e4e2e4040_0 .net "result", 7 0, L_0000013e4e3684f0;  alias, 1 drivers
L_0000013e4e367c30 .part L_0000013e4e369350, 7, 1;
L_0000013e4e368db0 .part L_0000013e4e369350, 0, 7;
L_0000013e4e368e50 .concat [ 1 7 0 0], L_0000013e4e36a5a8, L_0000013e4e368db0;
L_0000013e4e369cb0 .part L_0000013e4e369350, 0, 7;
L_0000013e4e367ff0 .concat [ 1 7 0 0], L_0000013e4e36a638, L_0000013e4e369cb0;
L_0000013e4e3684f0 .functor MUXZ 8, L_0000013e4e367ff0, L_0000013e4e2e9300, L_0000013e4e367c30, C4<>;
S_0000013e4e268930 .scope module, "u0_mul3" "mul3" 4 52, 6 3 0, S_0000013e4e245860;
 .timescale 0 0;
    .port_info 0 /INPUT 8 "a";
    .port_info 1 /OUTPUT 8 "result";
L_0000013e4e2e96f0 .functor XOR 8, L_0000013e4e366010, L_0000013e4e369350, C4<00000000>, C4<00000000>;
v0000013e4e2fcf10_0 .net "a", 7 0, L_0000013e4e369350;  alias, 1 drivers
v0000013e4e2fc970_0 .net "mul2_result", 7 0, L_0000013e4e366010;  1 drivers
v0000013e4e2fc650_0 .net "result", 7 0, L_0000013e4e2e96f0;  alias, 1 drivers
S_0000013e4e268ac0 .scope module, "u_mul2" "mul2" 6 9, 5 1 0, S_0000013e4e268930;
 .timescale 0 0;
    .port_info 0 /INPUT 8 "a";
    .port_info 1 /OUTPUT 8 "result";
L_0000013e4e36b370 .functor BUFT 1, C4<00011011>, C4<0>, C4<0>, C4<0>;
L_0000013e4e2e8d50 .functor XOR 8, L_0000013e4e365f70, L_0000013e4e36b370, C4<00000000>, C4<00000000>;
v0000013e4e2e4400_0 .net *"_ivl_1", 0 0, L_0000013e4e3661f0;  1 drivers
v0000013e4e2e27e0_0 .net *"_ivl_10", 7 0, L_0000013e4e2e8d50;  1 drivers
v0000013e4e2e2920_0 .net *"_ivl_12", 7 0, L_0000013e4e3672d0;  1 drivers
v0000013e4e2fbe30_0 .net *"_ivl_14", 6 0, L_0000013e4e365070;  1 drivers
L_0000013e4e36b3b8 .functor BUFT 1, C4<0>, C4<0>, C4<0>, C4<0>;
v0000013e4e2fb610_0 .net *"_ivl_16", 0 0, L_0000013e4e36b3b8;  1 drivers
v0000013e4e2fcdd0_0 .net *"_ivl_2", 7 0, L_0000013e4e365f70;  1 drivers
v0000013e4e2fce70_0 .net *"_ivl_4", 6 0, L_0000013e4e367410;  1 drivers
L_0000013e4e36b328 .functor BUFT 1, C4<0>, C4<0>, C4<0>, C4<0>;
v0000013e4e2fb6b0_0 .net *"_ivl_6", 0 0, L_0000013e4e36b328;  1 drivers
v0000013e4e2fbbb0_0 .net/2u *"_ivl_8", 7 0, L_0000013e4e36b370;  1 drivers
v0000013e4e2fc3d0_0 .net "a", 7 0, L_0000013e4e369350;  alias, 1 drivers
v0000013e4e2fcc90_0 .net "result", 7 0, L_0000013e4e366010;  alias, 1 drivers
L_0000013e4e3661f0 .part L_0000013e4e369350, 7, 1;
L_0000013e4e367410 .part L_0000013e4e369350, 0, 7;
L_0000013e4e365f70 .concat [ 1 7 0 0], L_0000013e4e36b328, L_0000013e4e367410;
L_0000013e4e365070 .part L_0000013e4e369350, 0, 7;
L_0000013e4e3672d0 .concat [ 1 7 0 0], L_0000013e4e36b3b8, L_0000013e4e365070;
L_0000013e4e366010 .functor MUXZ 8, L_0000013e4e3672d0, L_0000013e4e2e8d50, L_0000013e4e3661f0, C4<>;
S_0000013e4e268c50 .scope module, "u10_mul2" "mul2" 4 44, 5 1 0, S_0000013e4e245860;
 .timescale 0 0;
    .port_info 0 /INPUT 8 "a";
    .port_info 1 /OUTPUT 8 "result";
L_0000013e4e36ae60 .functor BUFT 1, C4<00011011>, C4<0>, C4<0>, C4<0>;
L_0000013e4e2e93e0 .functor XOR 8, L_0000013e4e3642b0, L_0000013e4e36ae60, C4<00000000>, C4<00000000>;
v0000013e4e2fbc50_0 .net *"_ivl_1", 0 0, L_0000013e4e3648f0;  1 drivers
v0000013e4e2fb750_0 .net *"_ivl_10", 7 0, L_0000013e4e2e93e0;  1 drivers
v0000013e4e2fcb50_0 .net *"_ivl_12", 7 0, L_0000013e4e364990;  1 drivers
v0000013e4e2fcfb0_0 .net *"_ivl_14", 6 0, L_0000013e4e363e50;  1 drivers
L_0000013e4e36aea8 .functor BUFT 1, C4<0>, C4<0>, C4<0>, C4<0>;
v0000013e4e2fb570_0 .net *"_ivl_16", 0 0, L_0000013e4e36aea8;  1 drivers
v0000013e4e2fd050_0 .net *"_ivl_2", 7 0, L_0000013e4e3642b0;  1 drivers
v0000013e4e2fcbf0_0 .net *"_ivl_4", 6 0, L_0000013e4e3629b0;  1 drivers
L_0000013e4e36ae18 .functor BUFT 1, C4<0>, C4<0>, C4<0>, C4<0>;
v0000013e4e2fc6f0_0 .net *"_ivl_6", 0 0, L_0000013e4e36ae18;  1 drivers
v0000013e4e2fc470_0 .net/2u *"_ivl_8", 7 0, L_0000013e4e36ae60;  1 drivers
v0000013e4e2fbed0_0 .net "a", 7 0, L_0000013e4e367af0;  alias, 1 drivers
v0000013e4e2fbcf0_0 .net "result", 7 0, L_0000013e4e363770;  alias, 1 drivers
L_0000013e4e3648f0 .part L_0000013e4e367af0, 7, 1;
L_0000013e4e3629b0 .part L_0000013e4e367af0, 0, 7;
L_0000013e4e3642b0 .concat [ 1 7 0 0], L_0000013e4e36ae18, L_0000013e4e3629b0;
L_0000013e4e363e50 .part L_0000013e4e367af0, 0, 7;
L_0000013e4e364990 .concat [ 1 7 0 0], L_0000013e4e36aea8, L_0000013e4e363e50;
L_0000013e4e363770 .functor MUXZ 8, L_0000013e4e364990, L_0000013e4e2e93e0, L_0000013e4e3648f0, C4<>;
S_0000013e4e267450 .scope module, "u10_mul3" "mul3" 4 62, 6 3 0, S_0000013e4e245860;
 .timescale 0 0;
    .port_info 0 /INPUT 8 "a";
    .port_info 1 /OUTPUT 8 "result";
L_0000013e4e3b7490 .functor XOR 8, L_0000013e4e3befb0, L_0000013e4e367af0, C4<00000000>, C4<00000000>;
v0000013e4e2fbf70_0 .net "a", 7 0, L_0000013e4e367af0;  alias, 1 drivers
v0000013e4e2fb930_0 .net "mul2_result", 7 0, L_0000013e4e3befb0;  1 drivers
v0000013e4e2fcab0_0 .net "result", 7 0, L_0000013e4e3b7490;  alias, 1 drivers
S_0000013e4e2675e0 .scope module, "u_mul2" "mul2" 6 9, 5 1 0, S_0000013e4e267450;
 .timescale 0 0;
    .port_info 0 /INPUT 8 "a";
    .port_info 1 /OUTPUT 8 "result";
L_0000013e4e36bbe0 .functor BUFT 1, C4<00011011>, C4<0>, C4<0>, C4<0>;
L_0000013e4e3b7b20 .functor XOR 8, L_0000013e4e3c0b30, L_0000013e4e36bbe0, C4<00000000>, C4<00000000>;
v0000013e4e2fcd30_0 .net *"_ivl_1", 0 0, L_0000013e4e3bf910;  1 drivers
v0000013e4e2fd0f0_0 .net *"_ivl_10", 7 0, L_0000013e4e3b7b20;  1 drivers
v0000013e4e2fc8d0_0 .net *"_ivl_12", 7 0, L_0000013e4e3c0630;  1 drivers
v0000013e4e2fba70_0 .net *"_ivl_14", 6 0, L_0000013e4e3bef10;  1 drivers
L_0000013e4e36bc28 .functor BUFT 1, C4<0>, C4<0>, C4<0>, C4<0>;
v0000013e4e2fb7f0_0 .net *"_ivl_16", 0 0, L_0000013e4e36bc28;  1 drivers
v0000013e4e2fd190_0 .net *"_ivl_2", 7 0, L_0000013e4e3c0b30;  1 drivers
v0000013e4e2fb890_0 .net *"_ivl_4", 6 0, L_0000013e4e3bf7d0;  1 drivers
L_0000013e4e36bb98 .functor BUFT 1, C4<0>, C4<0>, C4<0>, C4<0>;
v0000013e4e2fc790_0 .net *"_ivl_6", 0 0, L_0000013e4e36bb98;  1 drivers
v0000013e4e2fbd90_0 .net/2u *"_ivl_8", 7 0, L_0000013e4e36bbe0;  1 drivers
v0000013e4e2fb9d0_0 .net "a", 7 0, L_0000013e4e367af0;  alias, 1 drivers
v0000013e4e2fc0b0_0 .net "result", 7 0, L_0000013e4e3befb0;  alias, 1 drivers
L_0000013e4e3bf910 .part L_0000013e4e367af0, 7, 1;
L_0000013e4e3bf7d0 .part L_0000013e4e367af0, 0, 7;
L_0000013e4e3c0b30 .concat [ 1 7 0 0], L_0000013e4e36bb98, L_0000013e4e3bf7d0;
L_0000013e4e3bef10 .part L_0000013e4e367af0, 0, 7;
L_0000013e4e3c0630 .concat [ 1 7 0 0], L_0000013e4e36bc28, L_0000013e4e3bef10;
L_0000013e4e3befb0 .functor MUXZ 8, L_0000013e4e3c0630, L_0000013e4e3b7b20, L_0000013e4e3bf910, C4<>;
S_0000013e4e267770 .scope module, "u11_mul2" "mul2" 4 45, 5 1 0, S_0000013e4e245860;
 .timescale 0 0;
    .port_info 0 /INPUT 8 "a";
    .port_info 1 /OUTPUT 8 "result";
L_0000013e4e36af38 .functor BUFT 1, C4<00011011>, C4<0>, C4<0>, C4<0>;
L_0000013e4e2e9990 .functor XOR 8, L_0000013e4e363b30, L_0000013e4e36af38, C4<00000000>, C4<00000000>;
v0000013e4e2fb2f0_0 .net *"_ivl_1", 0 0, L_0000013e4e364210;  1 drivers
v0000013e4e2fc830_0 .net *"_ivl_10", 7 0, L_0000013e4e2e9990;  1 drivers
v0000013e4e2fc010_0 .net *"_ivl_12", 7 0, L_0000013e4e362690;  1 drivers
v0000013e4e2fc150_0 .net *"_ivl_14", 6 0, L_0000013e4e3634f0;  1 drivers
L_0000013e4e36af80 .functor BUFT 1, C4<0>, C4<0>, C4<0>, C4<0>;
v0000013e4e2fbb10_0 .net *"_ivl_16", 0 0, L_0000013e4e36af80;  1 drivers
v0000013e4e2fc1f0_0 .net *"_ivl_2", 7 0, L_0000013e4e363b30;  1 drivers
v0000013e4e2fb390_0 .net *"_ivl_4", 6 0, L_0000013e4e364c10;  1 drivers
L_0000013e4e36aef0 .functor BUFT 1, C4<0>, C4<0>, C4<0>, C4<0>;
v0000013e4e2fc290_0 .net *"_ivl_6", 0 0, L_0000013e4e36aef0;  1 drivers
v0000013e4e2fc5b0_0 .net/2u *"_ivl_8", 7 0, L_0000013e4e36af38;  1 drivers
v0000013e4e2fc330_0 .net "a", 7 0, L_0000013e4e3686d0;  alias, 1 drivers
v0000013e4e2fc510_0 .net "result", 7 0, L_0000013e4e364cb0;  alias, 1 drivers
L_0000013e4e364210 .part L_0000013e4e3686d0, 7, 1;
L_0000013e4e364c10 .part L_0000013e4e3686d0, 0, 7;
L_0000013e4e363b30 .concat [ 1 7 0 0], L_0000013e4e36aef0, L_0000013e4e364c10;
L_0000013e4e3634f0 .part L_0000013e4e3686d0, 0, 7;
L_0000013e4e362690 .concat [ 1 7 0 0], L_0000013e4e36af80, L_0000013e4e3634f0;
L_0000013e4e364cb0 .functor MUXZ 8, L_0000013e4e362690, L_0000013e4e2e9990, L_0000013e4e364210, C4<>;
S_0000013e4e2127e0 .scope module, "u11_mul3" "mul3" 4 63, 6 3 0, S_0000013e4e245860;
 .timescale 0 0;
    .port_info 0 /INPUT 8 "a";
    .port_info 1 /OUTPUT 8 "result";
L_0000013e4e3b79d0 .functor XOR 8, L_0000013e4e3c0270, L_0000013e4e3686d0, C4<00000000>, C4<00000000>;
v0000013e4e34ba20_0 .net "a", 7 0, L_0000013e4e3686d0;  alias, 1 drivers
v0000013e4e34bac0_0 .net "mul2_result", 7 0, L_0000013e4e3c0270;  1 drivers
v0000013e4e34b2a0_0 .net "result", 7 0, L_0000013e4e3b79d0;  alias, 1 drivers
S_0000013e4e212970 .scope module, "u_mul2" "mul2" 6 9, 5 1 0, S_0000013e4e2127e0;
 .timescale 0 0;
    .port_info 0 /INPUT 8 "a";
    .port_info 1 /OUTPUT 8 "result";
L_0000013e4e36bcb8 .functor BUFT 1, C4<00011011>, C4<0>, C4<0>, C4<0>;
L_0000013e4e3b75e0 .functor XOR 8, L_0000013e4e3bf0f0, L_0000013e4e36bcb8, C4<00000000>, C4<00000000>;
v0000013e4e2fca10_0 .net *"_ivl_1", 0 0, L_0000013e4e3c0ef0;  1 drivers
v0000013e4e2fb430_0 .net *"_ivl_10", 7 0, L_0000013e4e3b75e0;  1 drivers
v0000013e4e2fb4d0_0 .net *"_ivl_12", 7 0, L_0000013e4e3bf690;  1 drivers
v0000013e4e34bc00_0 .net *"_ivl_14", 6 0, L_0000013e4e3c0db0;  1 drivers
L_0000013e4e36bd00 .functor BUFT 1, C4<0>, C4<0>, C4<0>, C4<0>;
v0000013e4e34cb00_0 .net *"_ivl_16", 0 0, L_0000013e4e36bd00;  1 drivers
v0000013e4e34d460_0 .net *"_ivl_2", 7 0, L_0000013e4e3bf0f0;  1 drivers
v0000013e4e34cd80_0 .net *"_ivl_4", 6 0, L_0000013e4e3c12b0;  1 drivers
L_0000013e4e36bc70 .functor BUFT 1, C4<0>, C4<0>, C4<0>, C4<0>;
v0000013e4e34b200_0 .net *"_ivl_6", 0 0, L_0000013e4e36bc70;  1 drivers
v0000013e4e34b520_0 .net/2u *"_ivl_8", 7 0, L_0000013e4e36bcb8;  1 drivers
v0000013e4e34b840_0 .net "a", 7 0, L_0000013e4e3686d0;  alias, 1 drivers
v0000013e4e34b8e0_0 .net "result", 7 0, L_0000013e4e3c0270;  alias, 1 drivers
L_0000013e4e3c0ef0 .part L_0000013e4e3686d0, 7, 1;
L_0000013e4e3c12b0 .part L_0000013e4e3686d0, 0, 7;
L_0000013e4e3bf0f0 .concat [ 1 7 0 0], L_0000013e4e36bc70, L_0000013e4e3c12b0;
L_0000013e4e3c0db0 .part L_0000013e4e3686d0, 0, 7;
L_0000013e4e3bf690 .concat [ 1 7 0 0], L_0000013e4e36bd00, L_0000013e4e3c0db0;
L_0000013e4e3c0270 .functor MUXZ 8, L_0000013e4e3bf690, L_0000013e4e3b75e0, L_0000013e4e3c0ef0, C4<>;
S_0000013e4e212b00 .scope module, "u12_mul2" "mul2" 4 46, 5 1 0, S_0000013e4e245860;
 .timescale 0 0;
    .port_info 0 /INPUT 8 "a";
    .port_info 1 /OUTPUT 8 "result";
L_0000013e4e36b010 .functor BUFT 1, C4<00011011>, C4<0>, C4<0>, C4<0>;
L_0000013e4e2e9a70 .functor XOR 8, L_0000013e4e3643f0, L_0000013e4e36b010, C4<00000000>, C4<00000000>;
v0000013e4e34b340_0 .net *"_ivl_1", 0 0, L_0000013e4e364350;  1 drivers
v0000013e4e34cba0_0 .net *"_ivl_10", 7 0, L_0000013e4e2e9a70;  1 drivers
v0000013e4e34bde0_0 .net *"_ivl_12", 7 0, L_0000013e4e3638b0;  1 drivers
v0000013e4e34cc40_0 .net *"_ivl_14", 6 0, L_0000013e4e363810;  1 drivers
L_0000013e4e36b058 .functor BUFT 1, C4<0>, C4<0>, C4<0>, C4<0>;
v0000013e4e34cec0_0 .net *"_ivl_16", 0 0, L_0000013e4e36b058;  1 drivers
v0000013e4e34d820_0 .net *"_ivl_2", 7 0, L_0000013e4e3643f0;  1 drivers
v0000013e4e34cf60_0 .net *"_ivl_4", 6 0, L_0000013e4e363590;  1 drivers
L_0000013e4e36afc8 .functor BUFT 1, C4<0>, C4<0>, C4<0>, C4<0>;
v0000013e4e34be80_0 .net *"_ivl_6", 0 0, L_0000013e4e36afc8;  1 drivers
v0000013e4e34b5c0_0 .net/2u *"_ivl_8", 7 0, L_0000013e4e36b010;  1 drivers
v0000013e4e34bf20_0 .net "a", 7 0, L_0000013e4e369710;  alias, 1 drivers
v0000013e4e34c740_0 .net "result", 7 0, L_0000013e4e362730;  alias, 1 drivers
L_0000013e4e364350 .part L_0000013e4e369710, 7, 1;
L_0000013e4e363590 .part L_0000013e4e369710, 0, 7;
L_0000013e4e3643f0 .concat [ 1 7 0 0], L_0000013e4e36afc8, L_0000013e4e363590;
L_0000013e4e363810 .part L_0000013e4e369710, 0, 7;
L_0000013e4e3638b0 .concat [ 1 7 0 0], L_0000013e4e36b058, L_0000013e4e363810;
L_0000013e4e362730 .functor MUXZ 8, L_0000013e4e3638b0, L_0000013e4e2e9a70, L_0000013e4e364350, C4<>;
S_0000013e4e2fd2b0 .scope module, "u12_mul3" "mul3" 4 64, 6 3 0, S_0000013e4e245860;
 .timescale 0 0;
    .port_info 0 /INPUT 8 "a";
    .port_info 1 /OUTPUT 8 "result";
L_0000013e4e3b7810 .functor XOR 8, L_0000013e4e3c0810, L_0000013e4e369710, C4<00000000>, C4<00000000>;
v0000013e4e34c240_0 .net "a", 7 0, L_0000013e4e369710;  alias, 1 drivers
v0000013e4e34b7a0_0 .net "mul2_result", 7 0, L_0000013e4e3c0810;  1 drivers
v0000013e4e34d640_0 .net "result", 7 0, L_0000013e4e3b7810;  alias, 1 drivers
S_0000013e4e2fd440 .scope module, "u_mul2" "mul2" 6 9, 5 1 0, S_0000013e4e2fd2b0;
 .timescale 0 0;
    .port_info 0 /INPUT 8 "a";
    .port_info 1 /OUTPUT 8 "result";
L_0000013e4e36bd90 .functor BUFT 1, C4<00011011>, C4<0>, C4<0>, C4<0>;
L_0000013e4e3b7030 .functor XOR 8, L_0000013e4e3bfb90, L_0000013e4e36bd90, C4<00000000>, C4<00000000>;
v0000013e4e34d000_0 .net *"_ivl_1", 0 0, L_0000013e4e3c06d0;  1 drivers
v0000013e4e34ca60_0 .net *"_ivl_10", 7 0, L_0000013e4e3b7030;  1 drivers
v0000013e4e34b980_0 .net *"_ivl_12", 7 0, L_0000013e4e3bf190;  1 drivers
v0000013e4e34b660_0 .net *"_ivl_14", 6 0, L_0000013e4e3c0770;  1 drivers
L_0000013e4e36bdd8 .functor BUFT 1, C4<0>, C4<0>, C4<0>, C4<0>;
v0000013e4e34bfc0_0 .net *"_ivl_16", 0 0, L_0000013e4e36bdd8;  1 drivers
v0000013e4e34b700_0 .net *"_ivl_2", 7 0, L_0000013e4e3bfb90;  1 drivers
v0000013e4e34d5a0_0 .net *"_ivl_4", 6 0, L_0000013e4e3bf2d0;  1 drivers
L_0000013e4e36bd48 .functor BUFT 1, C4<0>, C4<0>, C4<0>, C4<0>;
v0000013e4e34bca0_0 .net *"_ivl_6", 0 0, L_0000013e4e36bd48;  1 drivers
v0000013e4e34b3e0_0 .net/2u *"_ivl_8", 7 0, L_0000013e4e36bd90;  1 drivers
v0000013e4e34c060_0 .net "a", 7 0, L_0000013e4e369710;  alias, 1 drivers
v0000013e4e34bb60_0 .net "result", 7 0, L_0000013e4e3c0810;  alias, 1 drivers
L_0000013e4e3c06d0 .part L_0000013e4e369710, 7, 1;
L_0000013e4e3bf2d0 .part L_0000013e4e369710, 0, 7;
L_0000013e4e3bfb90 .concat [ 1 7 0 0], L_0000013e4e36bd48, L_0000013e4e3bf2d0;
L_0000013e4e3c0770 .part L_0000013e4e369710, 0, 7;
L_0000013e4e3bf190 .concat [ 1 7 0 0], L_0000013e4e36bdd8, L_0000013e4e3c0770;
L_0000013e4e3c0810 .functor MUXZ 8, L_0000013e4e3bf190, L_0000013e4e3b7030, L_0000013e4e3c06d0, C4<>;
S_0000013e4e2fd5d0 .scope module, "u13_mul2" "mul2" 4 47, 5 1 0, S_0000013e4e245860;
 .timescale 0 0;
    .port_info 0 /INPUT 8 "a";
    .port_info 1 /OUTPUT 8 "result";
L_0000013e4e36b0e8 .functor BUFT 1, C4<00011011>, C4<0>, C4<0>, C4<0>;
L_0000013e4e2e9450 .functor XOR 8, L_0000013e4e3647b0, L_0000013e4e36b0e8, C4<00000000>, C4<00000000>;
v0000013e4e34d8c0_0 .net *"_ivl_1", 0 0, L_0000013e4e363950;  1 drivers
v0000013e4e34b160_0 .net *"_ivl_10", 7 0, L_0000013e4e2e9450;  1 drivers
v0000013e4e34c1a0_0 .net *"_ivl_12", 7 0, L_0000013e4e362a50;  1 drivers
v0000013e4e34d6e0_0 .net *"_ivl_14", 6 0, L_0000013e4e3627d0;  1 drivers
L_0000013e4e36b130 .functor BUFT 1, C4<0>, C4<0>, C4<0>, C4<0>;
v0000013e4e34bd40_0 .net *"_ivl_16", 0 0, L_0000013e4e36b130;  1 drivers
v0000013e4e34c380_0 .net *"_ivl_2", 7 0, L_0000013e4e3647b0;  1 drivers
v0000013e4e34d1e0_0 .net *"_ivl_4", 6 0, L_0000013e4e364490;  1 drivers
L_0000013e4e36b0a0 .functor BUFT 1, C4<0>, C4<0>, C4<0>, C4<0>;
v0000013e4e34c100_0 .net *"_ivl_6", 0 0, L_0000013e4e36b0a0;  1 drivers
v0000013e4e34cce0_0 .net/2u *"_ivl_8", 7 0, L_0000013e4e36b0e8;  1 drivers
v0000013e4e34c7e0_0 .net "a", 7 0, L_0000013e4e367b90;  alias, 1 drivers
v0000013e4e34c2e0_0 .net "result", 7 0, L_0000013e4e362b90;  alias, 1 drivers
L_0000013e4e363950 .part L_0000013e4e367b90, 7, 1;
L_0000013e4e364490 .part L_0000013e4e367b90, 0, 7;
L_0000013e4e3647b0 .concat [ 1 7 0 0], L_0000013e4e36b0a0, L_0000013e4e364490;
L_0000013e4e3627d0 .part L_0000013e4e367b90, 0, 7;
L_0000013e4e362a50 .concat [ 1 7 0 0], L_0000013e4e36b130, L_0000013e4e3627d0;
L_0000013e4e362b90 .functor MUXZ 8, L_0000013e4e362a50, L_0000013e4e2e9450, L_0000013e4e363950, C4<>;
S_0000013e4e2fd760 .scope module, "u13_mul3" "mul3" 4 65, 6 3 0, S_0000013e4e245860;
 .timescale 0 0;
    .port_info 0 /INPUT 8 "a";
    .port_info 1 /OUTPUT 8 "result";
L_0000013e4e3b71f0 .functor XOR 8, L_0000013e4e3bf370, L_0000013e4e367b90, C4<00000000>, C4<00000000>;
v0000013e4e34d0a0_0 .net "a", 7 0, L_0000013e4e367b90;  alias, 1 drivers
v0000013e4e34d140_0 .net "mul2_result", 7 0, L_0000013e4e3bf370;  1 drivers
v0000013e4e34d280_0 .net "result", 7 0, L_0000013e4e3b71f0;  alias, 1 drivers
S_0000013e4e2fe750 .scope module, "u_mul2" "mul2" 6 9, 5 1 0, S_0000013e4e2fd760;
 .timescale 0 0;
    .port_info 0 /INPUT 8 "a";
    .port_info 1 /OUTPUT 8 "result";
L_0000013e4e36be68 .functor BUFT 1, C4<00011011>, C4<0>, C4<0>, C4<0>;
L_0000013e4e3b7650 .functor XOR 8, L_0000013e4e3c1210, L_0000013e4e36be68, C4<00000000>, C4<00000000>;
v0000013e4e34c4c0_0 .net *"_ivl_1", 0 0, L_0000013e4e3c0450;  1 drivers
v0000013e4e34c420_0 .net *"_ivl_10", 7 0, L_0000013e4e3b7650;  1 drivers
v0000013e4e34b480_0 .net *"_ivl_12", 7 0, L_0000013e4e3c1350;  1 drivers
v0000013e4e34ce20_0 .net *"_ivl_14", 6 0, L_0000013e4e3bfe10;  1 drivers
L_0000013e4e36beb0 .functor BUFT 1, C4<0>, C4<0>, C4<0>, C4<0>;
v0000013e4e34c560_0 .net *"_ivl_16", 0 0, L_0000013e4e36beb0;  1 drivers
v0000013e4e34d780_0 .net *"_ivl_2", 7 0, L_0000013e4e3c1210;  1 drivers
v0000013e4e34c600_0 .net *"_ivl_4", 6 0, L_0000013e4e3bf230;  1 drivers
L_0000013e4e36be20 .functor BUFT 1, C4<0>, C4<0>, C4<0>, C4<0>;
v0000013e4e34c6a0_0 .net *"_ivl_6", 0 0, L_0000013e4e36be20;  1 drivers
v0000013e4e34c880_0 .net/2u *"_ivl_8", 7 0, L_0000013e4e36be68;  1 drivers
v0000013e4e34c920_0 .net "a", 7 0, L_0000013e4e367b90;  alias, 1 drivers
v0000013e4e34c9c0_0 .net "result", 7 0, L_0000013e4e3bf370;  alias, 1 drivers
L_0000013e4e3c0450 .part L_0000013e4e367b90, 7, 1;
L_0000013e4e3bf230 .part L_0000013e4e367b90, 0, 7;
L_0000013e4e3c1210 .concat [ 1 7 0 0], L_0000013e4e36be20, L_0000013e4e3bf230;
L_0000013e4e3bfe10 .part L_0000013e4e367b90, 0, 7;
L_0000013e4e3c1350 .concat [ 1 7 0 0], L_0000013e4e36beb0, L_0000013e4e3bfe10;
L_0000013e4e3bf370 .functor MUXZ 8, L_0000013e4e3c1350, L_0000013e4e3b7650, L_0000013e4e3c0450, C4<>;
S_0000013e4e2fe430 .scope module, "u14_mul2" "mul2" 4 48, 5 1 0, S_0000013e4e245860;
 .timescale 0 0;
    .port_info 0 /INPUT 8 "a";
    .port_info 1 /OUTPUT 8 "result";
L_0000013e4e36b1c0 .functor BUFT 1, C4<00011011>, C4<0>, C4<0>, C4<0>;
L_0000013e4e2e8ce0 .functor XOR 8, L_0000013e4e362e10, L_0000013e4e36b1c0, C4<00000000>, C4<00000000>;
v0000013e4e34d320_0 .net *"_ivl_1", 0 0, L_0000013e4e362c30;  1 drivers
v0000013e4e34d3c0_0 .net *"_ivl_10", 7 0, L_0000013e4e2e8ce0;  1 drivers
v0000013e4e34d500_0 .net *"_ivl_12", 7 0, L_0000013e4e365250;  1 drivers
v0000013e4e34da00_0 .net *"_ivl_14", 6 0, L_0000013e4e367190;  1 drivers
L_0000013e4e36b208 .functor BUFT 1, C4<0>, C4<0>, C4<0>, C4<0>;
v0000013e4e34e2c0_0 .net *"_ivl_16", 0 0, L_0000013e4e36b208;  1 drivers
v0000013e4e34eea0_0 .net *"_ivl_2", 7 0, L_0000013e4e362e10;  1 drivers
v0000013e4e34df00_0 .net *"_ivl_4", 6 0, L_0000013e4e362cd0;  1 drivers
L_0000013e4e36b178 .functor BUFT 1, C4<0>, C4<0>, C4<0>, C4<0>;
v0000013e4e34dbe0_0 .net *"_ivl_6", 0 0, L_0000013e4e36b178;  1 drivers
v0000013e4e34de60_0 .net/2u *"_ivl_8", 7 0, L_0000013e4e36b1c0;  1 drivers
v0000013e4e34dd20_0 .net "a", 7 0, L_0000013e4e367eb0;  alias, 1 drivers
v0000013e4e34e860_0 .net "result", 7 0, L_0000013e4e3656b0;  alias, 1 drivers
L_0000013e4e362c30 .part L_0000013e4e367eb0, 7, 1;
L_0000013e4e362cd0 .part L_0000013e4e367eb0, 0, 7;
L_0000013e4e362e10 .concat [ 1 7 0 0], L_0000013e4e36b178, L_0000013e4e362cd0;
L_0000013e4e367190 .part L_0000013e4e367eb0, 0, 7;
L_0000013e4e365250 .concat [ 1 7 0 0], L_0000013e4e36b208, L_0000013e4e367190;
L_0000013e4e3656b0 .functor MUXZ 8, L_0000013e4e365250, L_0000013e4e2e8ce0, L_0000013e4e362c30, C4<>;
S_0000013e4e2fe110 .scope module, "u14_mul3" "mul3" 4 66, 6 3 0, S_0000013e4e245860;
 .timescale 0 0;
    .port_info 0 /INPUT 8 "a";
    .port_info 1 /OUTPUT 8 "result";
L_0000013e4e3b76c0 .functor XOR 8, L_0000013e4e3c04f0, L_0000013e4e367eb0, C4<00000000>, C4<00000000>;
v0000013e4e34eb80_0 .net "a", 7 0, L_0000013e4e367eb0;  alias, 1 drivers
v0000013e4e34e4a0_0 .net "mul2_result", 7 0, L_0000013e4e3c04f0;  1 drivers
v0000013e4e34e5e0_0 .net "result", 7 0, L_0000013e4e3b76c0;  alias, 1 drivers
S_0000013e4e2fdf80 .scope module, "u_mul2" "mul2" 6 9, 5 1 0, S_0000013e4e2fe110;
 .timescale 0 0;
    .port_info 0 /INPUT 8 "a";
    .port_info 1 /OUTPUT 8 "result";
L_0000013e4e36bf40 .functor BUFT 1, C4<00011011>, C4<0>, C4<0>, C4<0>;
L_0000013e4e3b7a40 .functor XOR 8, L_0000013e4e3bf410, L_0000013e4e36bf40, C4<00000000>, C4<00000000>;
v0000013e4e34ea40_0 .net *"_ivl_1", 0 0, L_0000013e4e3bfcd0;  1 drivers
v0000013e4e34ddc0_0 .net *"_ivl_10", 7 0, L_0000013e4e3b7a40;  1 drivers
v0000013e4e34eae0_0 .net *"_ivl_12", 7 0, L_0000013e4e3bf4b0;  1 drivers
v0000013e4e34ef40_0 .net *"_ivl_14", 6 0, L_0000013e4e3c0130;  1 drivers
L_0000013e4e36bf88 .functor BUFT 1, C4<0>, C4<0>, C4<0>, C4<0>;
v0000013e4e34efe0_0 .net *"_ivl_16", 0 0, L_0000013e4e36bf88;  1 drivers
v0000013e4e34e7c0_0 .net *"_ivl_2", 7 0, L_0000013e4e3bf410;  1 drivers
v0000013e4e34e400_0 .net *"_ivl_4", 6 0, L_0000013e4e3bee70;  1 drivers
L_0000013e4e36bef8 .functor BUFT 1, C4<0>, C4<0>, C4<0>, C4<0>;
v0000013e4e34e900_0 .net *"_ivl_6", 0 0, L_0000013e4e36bef8;  1 drivers
v0000013e4e34e360_0 .net/2u *"_ivl_8", 7 0, L_0000013e4e36bf40;  1 drivers
v0000013e4e34dfa0_0 .net "a", 7 0, L_0000013e4e367eb0;  alias, 1 drivers
v0000013e4e34e220_0 .net "result", 7 0, L_0000013e4e3c04f0;  alias, 1 drivers
L_0000013e4e3bfcd0 .part L_0000013e4e367eb0, 7, 1;
L_0000013e4e3bee70 .part L_0000013e4e367eb0, 0, 7;
L_0000013e4e3bf410 .concat [ 1 7 0 0], L_0000013e4e36bef8, L_0000013e4e3bee70;
L_0000013e4e3c0130 .part L_0000013e4e367eb0, 0, 7;
L_0000013e4e3bf4b0 .concat [ 1 7 0 0], L_0000013e4e36bf88, L_0000013e4e3c0130;
L_0000013e4e3c04f0 .functor MUXZ 8, L_0000013e4e3bf4b0, L_0000013e4e3b7a40, L_0000013e4e3bfcd0, C4<>;
S_0000013e4e2fddf0 .scope module, "u15_mul2" "mul2" 4 49, 5 1 0, S_0000013e4e245860;
 .timescale 0 0;
    .port_info 0 /INPUT 8 "a";
    .port_info 1 /OUTPUT 8 "result";
L_0000013e4e36b298 .functor BUFT 1, C4<00011011>, C4<0>, C4<0>, C4<0>;
L_0000013e4e2e8ea0 .functor XOR 8, L_0000013e4e3659d0, L_0000013e4e36b298, C4<00000000>, C4<00000000>;
v0000013e4e34ec20_0 .net *"_ivl_1", 0 0, L_0000013e4e367370;  1 drivers
v0000013e4e34e720_0 .net *"_ivl_10", 7 0, L_0000013e4e2e8ea0;  1 drivers
v0000013e4e34e9a0_0 .net *"_ivl_12", 7 0, L_0000013e4e367230;  1 drivers
v0000013e4e34e540_0 .net *"_ivl_14", 6 0, L_0000013e4e364e90;  1 drivers
L_0000013e4e36b2e0 .functor BUFT 1, C4<0>, C4<0>, C4<0>, C4<0>;
v0000013e4e34ecc0_0 .net *"_ivl_16", 0 0, L_0000013e4e36b2e0;  1 drivers
v0000013e4e34d960_0 .net *"_ivl_2", 7 0, L_0000013e4e3659d0;  1 drivers
v0000013e4e34e040_0 .net *"_ivl_4", 6 0, L_0000013e4e365ed0;  1 drivers
L_0000013e4e36b250 .functor BUFT 1, C4<0>, C4<0>, C4<0>, C4<0>;
v0000013e4e34ed60_0 .net *"_ivl_6", 0 0, L_0000013e4e36b250;  1 drivers
v0000013e4e34ee00_0 .net/2u *"_ivl_8", 7 0, L_0000013e4e36b298;  1 drivers
v0000013e4e34daa0_0 .net "a", 7 0, L_0000013e4e368450;  alias, 1 drivers
v0000013e4e34dc80_0 .net "result", 7 0, L_0000013e4e365930;  alias, 1 drivers
L_0000013e4e367370 .part L_0000013e4e368450, 7, 1;
L_0000013e4e365ed0 .part L_0000013e4e368450, 0, 7;
L_0000013e4e3659d0 .concat [ 1 7 0 0], L_0000013e4e36b250, L_0000013e4e365ed0;
L_0000013e4e364e90 .part L_0000013e4e368450, 0, 7;
L_0000013e4e367230 .concat [ 1 7 0 0], L_0000013e4e36b2e0, L_0000013e4e364e90;
L_0000013e4e365930 .functor MUXZ 8, L_0000013e4e367230, L_0000013e4e2e8ea0, L_0000013e4e367370, C4<>;
S_0000013e4e2fdad0 .scope module, "u15_mul3" "mul3" 4 67, 6 3 0, S_0000013e4e245860;
 .timescale 0 0;
    .port_info 0 /INPUT 8 "a";
    .port_info 1 /OUTPUT 8 "result";
L_0000013e4e3b6ee0 .functor XOR 8, L_0000013e4e3c13f0, L_0000013e4e368450, C4<00000000>, C4<00000000>;
v0000013e4e34f710_0 .net "a", 7 0, L_0000013e4e368450;  alias, 1 drivers
v0000013e4e3502f0_0 .net "mul2_result", 7 0, L_0000013e4e3c13f0;  1 drivers
v0000013e4e351470_0 .net "result", 7 0, L_0000013e4e3b6ee0;  alias, 1 drivers
S_0000013e4e2fd940 .scope module, "u_mul2" "mul2" 6 9, 5 1 0, S_0000013e4e2fdad0;
 .timescale 0 0;
    .port_info 0 /INPUT 8 "a";
    .port_info 1 /OUTPUT 8 "result";
L_0000013e4e36c018 .functor BUFT 1, C4<00011011>, C4<0>, C4<0>, C4<0>;
L_0000013e4e3b7ab0 .functor XOR 8, L_0000013e4e3bf550, L_0000013e4e36c018, C4<00000000>, C4<00000000>;
v0000013e4e34e680_0 .net *"_ivl_1", 0 0, L_0000013e4e3bfeb0;  1 drivers
v0000013e4e34db40_0 .net *"_ivl_10", 7 0, L_0000013e4e3b7ab0;  1 drivers
v0000013e4e34e0e0_0 .net *"_ivl_12", 7 0, L_0000013e4e3bedd0;  1 drivers
v0000013e4e34e180_0 .net *"_ivl_14", 6 0, L_0000013e4e3c03b0;  1 drivers
L_0000013e4e36c060 .functor BUFT 1, C4<0>, C4<0>, C4<0>, C4<0>;
v0000013e4e3518d0_0 .net *"_ivl_16", 0 0, L_0000013e4e36c060;  1 drivers
v0000013e4e34fdf0_0 .net *"_ivl_2", 7 0, L_0000013e4e3bf550;  1 drivers
v0000013e4e34f5d0_0 .net *"_ivl_4", 6 0, L_0000013e4e3bf730;  1 drivers
L_0000013e4e36bfd0 .functor BUFT 1, C4<0>, C4<0>, C4<0>, C4<0>;
v0000013e4e351150_0 .net *"_ivl_6", 0 0, L_0000013e4e36bfd0;  1 drivers
v0000013e4e34f670_0 .net/2u *"_ivl_8", 7 0, L_0000013e4e36c018;  1 drivers
v0000013e4e3511f0_0 .net "a", 7 0, L_0000013e4e368450;  alias, 1 drivers
v0000013e4e350610_0 .net "result", 7 0, L_0000013e4e3c13f0;  alias, 1 drivers
L_0000013e4e3bfeb0 .part L_0000013e4e368450, 7, 1;
L_0000013e4e3bf730 .part L_0000013e4e368450, 0, 7;
L_0000013e4e3bf550 .concat [ 1 7 0 0], L_0000013e4e36bfd0, L_0000013e4e3bf730;
L_0000013e4e3c03b0 .part L_0000013e4e368450, 0, 7;
L_0000013e4e3bedd0 .concat [ 1 7 0 0], L_0000013e4e36c060, L_0000013e4e3c03b0;
L_0000013e4e3c13f0 .functor MUXZ 8, L_0000013e4e3bedd0, L_0000013e4e3b7ab0, L_0000013e4e3bfeb0, C4<>;
S_0000013e4e2fdc60 .scope module, "u1_mul2" "mul2" 4 35, 5 1 0, S_0000013e4e245860;
 .timescale 0 0;
    .port_info 0 /INPUT 8 "a";
    .port_info 1 /OUTPUT 8 "result";
L_0000013e4e36a6c8 .functor BUFT 1, C4<00011011>, C4<0>, C4<0>, C4<0>;
L_0000013e4e2e8f10 .functor XOR 8, L_0000013e4e368770, L_0000013e4e36a6c8, C4<00000000>, C4<00000000>;
v0000013e4e3515b0_0 .net *"_ivl_1", 0 0, L_0000013e4e368ef0;  1 drivers
v0000013e4e351650_0 .net *"_ivl_10", 7 0, L_0000013e4e2e8f10;  1 drivers
v0000013e4e3509d0_0 .net *"_ivl_12", 7 0, L_0000013e4e368bd0;  1 drivers
v0000013e4e34f490_0 .net *"_ivl_14", 6 0, L_0000013e4e368a90;  1 drivers
L_0000013e4e36a710 .functor BUFT 1, C4<0>, C4<0>, C4<0>, C4<0>;
v0000013e4e34f170_0 .net *"_ivl_16", 0 0, L_0000013e4e36a710;  1 drivers
v0000013e4e351290_0 .net *"_ivl_2", 7 0, L_0000013e4e368770;  1 drivers
v0000013e4e350a70_0 .net *"_ivl_4", 6 0, L_0000013e4e3689f0;  1 drivers
L_0000013e4e36a680 .functor BUFT 1, C4<0>, C4<0>, C4<0>, C4<0>;
v0000013e4e3507f0_0 .net *"_ivl_6", 0 0, L_0000013e4e36a680;  1 drivers
v0000013e4e350890_0 .net/2u *"_ivl_8", 7 0, L_0000013e4e36a6c8;  1 drivers
v0000013e4e350f70_0 .net "a", 7 0, L_0000013e4e368270;  alias, 1 drivers
v0000013e4e34f850_0 .net "result", 7 0, L_0000013e4e36a390;  alias, 1 drivers
L_0000013e4e368ef0 .part L_0000013e4e368270, 7, 1;
L_0000013e4e3689f0 .part L_0000013e4e368270, 0, 7;
L_0000013e4e368770 .concat [ 1 7 0 0], L_0000013e4e36a680, L_0000013e4e3689f0;
L_0000013e4e368a90 .part L_0000013e4e368270, 0, 7;
L_0000013e4e368bd0 .concat [ 1 7 0 0], L_0000013e4e36a710, L_0000013e4e368a90;
L_0000013e4e36a390 .functor MUXZ 8, L_0000013e4e368bd0, L_0000013e4e2e8f10, L_0000013e4e368ef0, C4<>;
S_0000013e4e2fe2a0 .scope module, "u1_mul3" "mul3" 4 53, 6 3 0, S_0000013e4e245860;
 .timescale 0 0;
    .port_info 0 /INPUT 8 "a";
    .port_info 1 /OUTPUT 8 "result";
L_0000013e4e2e8f80 .functor XOR 8, L_0000013e4e366d30, L_0000013e4e368270, C4<00000000>, C4<00000000>;
v0000013e4e351330_0 .net "a", 7 0, L_0000013e4e368270;  alias, 1 drivers
v0000013e4e350930_0 .net "mul2_result", 7 0, L_0000013e4e366d30;  1 drivers
v0000013e4e350d90_0 .net "result", 7 0, L_0000013e4e2e8f80;  alias, 1 drivers
S_0000013e4e2fe5c0 .scope module, "u_mul2" "mul2" 6 9, 5 1 0, S_0000013e4e2fe2a0;
 .timescale 0 0;
    .port_info 0 /INPUT 8 "a";
    .port_info 1 /OUTPUT 8 "result";
L_0000013e4e36b448 .functor BUFT 1, C4<00011011>, C4<0>, C4<0>, C4<0>;
L_0000013e4e2e9ae0 .functor XOR 8, L_0000013e4e3660b0, L_0000013e4e36b448, C4<00000000>, C4<00000000>;
v0000013e4e350b10_0 .net *"_ivl_1", 0 0, L_0000013e4e3674b0;  1 drivers
v0000013e4e3516f0_0 .net *"_ivl_10", 7 0, L_0000013e4e2e9ae0;  1 drivers
v0000013e4e350e30_0 .net *"_ivl_12", 7 0, L_0000013e4e3651b0;  1 drivers
v0000013e4e34f210_0 .net *"_ivl_14", 6 0, L_0000013e4e366470;  1 drivers
L_0000013e4e36b490 .functor BUFT 1, C4<0>, C4<0>, C4<0>, C4<0>;
v0000013e4e34fc10_0 .net *"_ivl_16", 0 0, L_0000013e4e36b490;  1 drivers
v0000013e4e34f7b0_0 .net *"_ivl_2", 7 0, L_0000013e4e3660b0;  1 drivers
v0000013e4e3510b0_0 .net *"_ivl_4", 6 0, L_0000013e4e3657f0;  1 drivers
L_0000013e4e36b400 .functor BUFT 1, C4<0>, C4<0>, C4<0>, C4<0>;
v0000013e4e34fad0_0 .net *"_ivl_6", 0 0, L_0000013e4e36b400;  1 drivers
v0000013e4e351790_0 .net/2u *"_ivl_8", 7 0, L_0000013e4e36b448;  1 drivers
v0000013e4e350bb0_0 .net "a", 7 0, L_0000013e4e368270;  alias, 1 drivers
v0000013e4e34f3f0_0 .net "result", 7 0, L_0000013e4e366d30;  alias, 1 drivers
L_0000013e4e3674b0 .part L_0000013e4e368270, 7, 1;
L_0000013e4e3657f0 .part L_0000013e4e368270, 0, 7;
L_0000013e4e3660b0 .concat [ 1 7 0 0], L_0000013e4e36b400, L_0000013e4e3657f0;
L_0000013e4e366470 .part L_0000013e4e368270, 0, 7;
L_0000013e4e3651b0 .concat [ 1 7 0 0], L_0000013e4e36b490, L_0000013e4e366470;
L_0000013e4e366d30 .functor MUXZ 8, L_0000013e4e3651b0, L_0000013e4e2e9ae0, L_0000013e4e3674b0, C4<>;
S_0000013e4e3552b0 .scope module, "u2_mul2" "mul2" 4 36, 5 1 0, S_0000013e4e245860;
 .timescale 0 0;
    .port_info 0 /INPUT 8 "a";
    .port_info 1 /OUTPUT 8 "result";
L_0000013e4e36a7a0 .functor BUFT 1, C4<00011011>, C4<0>, C4<0>, C4<0>;
L_0000013e4e2e98b0 .functor XOR 8, L_0000013e4e36a430, L_0000013e4e36a7a0, C4<00000000>, C4<00000000>;
v0000013e4e34fb70_0 .net *"_ivl_1", 0 0, L_0000013e4e369df0;  1 drivers
v0000013e4e34f2b0_0 .net *"_ivl_10", 7 0, L_0000013e4e2e98b0;  1 drivers
v0000013e4e351010_0 .net *"_ivl_12", 7 0, L_0000013e4e369fd0;  1 drivers
v0000013e4e3513d0_0 .net *"_ivl_14", 6 0, L_0000013e4e36a1b0;  1 drivers
L_0000013e4e36a7e8 .functor BUFT 1, C4<0>, C4<0>, C4<0>, C4<0>;
v0000013e4e34f350_0 .net *"_ivl_16", 0 0, L_0000013e4e36a7e8;  1 drivers
v0000013e4e350c50_0 .net *"_ivl_2", 7 0, L_0000013e4e36a430;  1 drivers
v0000013e4e351510_0 .net *"_ivl_4", 6 0, L_0000013e4e36a110;  1 drivers
L_0000013e4e36a758 .functor BUFT 1, C4<0>, C4<0>, C4<0>, C4<0>;
v0000013e4e34f530_0 .net *"_ivl_6", 0 0, L_0000013e4e36a758;  1 drivers
v0000013e4e3506b0_0 .net/2u *"_ivl_8", 7 0, L_0000013e4e36a7a0;  1 drivers
v0000013e4e34fe90_0 .net "a", 7 0, L_0000013e4e3683b0;  alias, 1 drivers
v0000013e4e350ed0_0 .net "result", 7 0, L_0000013e4e36a250;  alias, 1 drivers
L_0000013e4e369df0 .part L_0000013e4e3683b0, 7, 1;
L_0000013e4e36a110 .part L_0000013e4e3683b0, 0, 7;
L_0000013e4e36a430 .concat [ 1 7 0 0], L_0000013e4e36a758, L_0000013e4e36a110;
L_0000013e4e36a1b0 .part L_0000013e4e3683b0, 0, 7;
L_0000013e4e369fd0 .concat [ 1 7 0 0], L_0000013e4e36a7e8, L_0000013e4e36a1b0;
L_0000013e4e36a250 .functor MUXZ 8, L_0000013e4e369fd0, L_0000013e4e2e98b0, L_0000013e4e369df0, C4<>;
S_0000013e4e355760 .scope module, "u2_mul3" "mul3" 4 54, 6 3 0, S_0000013e4e245860;
 .timescale 0 0;
    .port_info 0 /INPUT 8 "a";
    .port_info 1 /OUTPUT 8 "result";
L_0000013e4e2e9840 .functor XOR 8, L_0000013e4e365a70, L_0000013e4e3683b0, C4<00000000>, C4<00000000>;
v0000013e4e350070_0 .net "a", 7 0, L_0000013e4e3683b0;  alias, 1 drivers
v0000013e4e350110_0 .net "mul2_result", 7 0, L_0000013e4e365a70;  1 drivers
v0000013e4e3501b0_0 .net "result", 7 0, L_0000013e4e2e9840;  alias, 1 drivers
S_0000013e4e354630 .scope module, "u_mul2" "mul2" 6 9, 5 1 0, S_0000013e4e355760;
 .timescale 0 0;
    .port_info 0 /INPUT 8 "a";
    .port_info 1 /OUTPUT 8 "result";
L_0000013e4e36b520 .functor BUFT 1, C4<00011011>, C4<0>, C4<0>, C4<0>;
L_0000013e4e2e9760 .functor XOR 8, L_0000013e4e366510, L_0000013e4e36b520, C4<00000000>, C4<00000000>;
v0000013e4e34ff30_0 .net *"_ivl_1", 0 0, L_0000013e4e367050;  1 drivers
v0000013e4e350390_0 .net *"_ivl_10", 7 0, L_0000013e4e2e9760;  1 drivers
v0000013e4e350cf0_0 .net *"_ivl_12", 7 0, L_0000013e4e365890;  1 drivers
v0000013e4e351830_0 .net *"_ivl_14", 6 0, L_0000013e4e3652f0;  1 drivers
L_0000013e4e36b568 .functor BUFT 1, C4<0>, C4<0>, C4<0>, C4<0>;
v0000013e4e350430_0 .net *"_ivl_16", 0 0, L_0000013e4e36b568;  1 drivers
v0000013e4e34f8f0_0 .net *"_ivl_2", 7 0, L_0000013e4e366510;  1 drivers
v0000013e4e34f990_0 .net *"_ivl_4", 6 0, L_0000013e4e366dd0;  1 drivers
L_0000013e4e36b4d8 .functor BUFT 1, C4<0>, C4<0>, C4<0>, C4<0>;
v0000013e4e34fa30_0 .net *"_ivl_6", 0 0, L_0000013e4e36b4d8;  1 drivers
v0000013e4e34fcb0_0 .net/2u *"_ivl_8", 7 0, L_0000013e4e36b520;  1 drivers
v0000013e4e34ffd0_0 .net "a", 7 0, L_0000013e4e3683b0;  alias, 1 drivers
v0000013e4e34fd50_0 .net "result", 7 0, L_0000013e4e365a70;  alias, 1 drivers
L_0000013e4e367050 .part L_0000013e4e3683b0, 7, 1;
L_0000013e4e366dd0 .part L_0000013e4e3683b0, 0, 7;
L_0000013e4e366510 .concat [ 1 7 0 0], L_0000013e4e36b4d8, L_0000013e4e366dd0;
L_0000013e4e3652f0 .part L_0000013e4e3683b0, 0, 7;
L_0000013e4e365890 .concat [ 1 7 0 0], L_0000013e4e36b568, L_0000013e4e3652f0;
L_0000013e4e365a70 .functor MUXZ 8, L_0000013e4e365890, L_0000013e4e2e9760, L_0000013e4e367050, C4<>;
S_0000013e4e354180 .scope module, "u3_mul2" "mul2" 4 37, 5 1 0, S_0000013e4e245860;
 .timescale 0 0;
    .port_info 0 /INPUT 8 "a";
    .port_info 1 /OUTPUT 8 "result";
L_0000013e4e36a878 .functor BUFT 1, C4<00011011>, C4<0>, C4<0>, C4<0>;
L_0000013e4e2e9a00 .functor XOR 8, L_0000013e4e369e90, L_0000013e4e36a878, C4<00000000>, C4<00000000>;
v0000013e4e350250_0 .net *"_ivl_1", 0 0, L_0000013e4e369f30;  1 drivers
v0000013e4e3504d0_0 .net *"_ivl_10", 7 0, L_0000013e4e2e9a00;  1 drivers
v0000013e4e350570_0 .net *"_ivl_12", 7 0, L_0000013e4e36a070;  1 drivers
v0000013e4e350750_0 .net *"_ivl_14", 6 0, L_0000013e4e36a2f0;  1 drivers
L_0000013e4e36a8c0 .functor BUFT 1, C4<0>, C4<0>, C4<0>, C4<0>;
v0000013e4e352050_0 .net *"_ivl_16", 0 0, L_0000013e4e36a8c0;  1 drivers
v0000013e4e351b50_0 .net *"_ivl_2", 7 0, L_0000013e4e369e90;  1 drivers
v0000013e4e352f50_0 .net *"_ivl_4", 6 0, L_0000013e4e36a4d0;  1 drivers
L_0000013e4e36a830 .functor BUFT 1, C4<0>, C4<0>, C4<0>, C4<0>;
v0000013e4e3520f0_0 .net *"_ivl_6", 0 0, L_0000013e4e36a830;  1 drivers
v0000013e4e351a10_0 .net/2u *"_ivl_8", 7 0, L_0000013e4e36a878;  1 drivers
v0000013e4e352eb0_0 .net "a", 7 0, L_0000013e4e369670;  alias, 1 drivers
v0000013e4e352ff0_0 .net "result", 7 0, L_0000013e4e3640d0;  alias, 1 drivers
L_0000013e4e369f30 .part L_0000013e4e369670, 7, 1;
L_0000013e4e36a4d0 .part L_0000013e4e369670, 0, 7;
L_0000013e4e369e90 .concat [ 1 7 0 0], L_0000013e4e36a830, L_0000013e4e36a4d0;
L_0000013e4e36a2f0 .part L_0000013e4e369670, 0, 7;
L_0000013e4e36a070 .concat [ 1 7 0 0], L_0000013e4e36a8c0, L_0000013e4e36a2f0;
L_0000013e4e3640d0 .functor MUXZ 8, L_0000013e4e36a070, L_0000013e4e2e9a00, L_0000013e4e369f30, C4<>;
S_0000013e4e3547c0 .scope module, "u3_mul3" "mul3" 4 55, 6 3 0, S_0000013e4e245860;
 .timescale 0 0;
    .port_info 0 /INPUT 8 "a";
    .port_info 1 /OUTPUT 8 "result";
L_0000013e4e2e8c00 .functor XOR 8, L_0000013e4e365390, L_0000013e4e369670, C4<00000000>, C4<00000000>;
v0000013e4e352230_0 .net "a", 7 0, L_0000013e4e369670;  alias, 1 drivers
v0000013e4e351c90_0 .net "mul2_result", 7 0, L_0000013e4e365390;  1 drivers
v0000013e4e351d30_0 .net "result", 7 0, L_0000013e4e2e8c00;  alias, 1 drivers
S_0000013e4e355c10 .scope module, "u_mul2" "mul2" 6 9, 5 1 0, S_0000013e4e3547c0;
 .timescale 0 0;
    .port_info 0 /INPUT 8 "a";
    .port_info 1 /OUTPUT 8 "result";
L_0000013e4e36b5f8 .functor BUFT 1, C4<00011011>, C4<0>, C4<0>, C4<0>;
L_0000013e4e2e9920 .functor XOR 8, L_0000013e4e367550, L_0000013e4e36b5f8, C4<00000000>, C4<00000000>;
v0000013e4e352910_0 .net *"_ivl_1", 0 0, L_0000013e4e3666f0;  1 drivers
v0000013e4e351fb0_0 .net *"_ivl_10", 7 0, L_0000013e4e2e9920;  1 drivers
v0000013e4e351e70_0 .net *"_ivl_12", 7 0, L_0000013e4e366290;  1 drivers
v0000013e4e352190_0 .net *"_ivl_14", 6 0, L_0000013e4e365b10;  1 drivers
L_0000013e4e36b640 .functor BUFT 1, C4<0>, C4<0>, C4<0>, C4<0>;
v0000013e4e352b90_0 .net *"_ivl_16", 0 0, L_0000013e4e36b640;  1 drivers
v0000013e4e351970_0 .net *"_ivl_2", 7 0, L_0000013e4e367550;  1 drivers
v0000013e4e3529b0_0 .net *"_ivl_4", 6 0, L_0000013e4e365110;  1 drivers
L_0000013e4e36b5b0 .functor BUFT 1, C4<0>, C4<0>, C4<0>, C4<0>;
v0000013e4e3525f0_0 .net *"_ivl_6", 0 0, L_0000013e4e36b5b0;  1 drivers
v0000013e4e351ab0_0 .net/2u *"_ivl_8", 7 0, L_0000013e4e36b5f8;  1 drivers
v0000013e4e352cd0_0 .net "a", 7 0, L_0000013e4e369670;  alias, 1 drivers
v0000013e4e351bf0_0 .net "result", 7 0, L_0000013e4e365390;  alias, 1 drivers
L_0000013e4e3666f0 .part L_0000013e4e369670, 7, 1;
L_0000013e4e365110 .part L_0000013e4e369670, 0, 7;
L_0000013e4e367550 .concat [ 1 7 0 0], L_0000013e4e36b5b0, L_0000013e4e365110;
L_0000013e4e365b10 .part L_0000013e4e369670, 0, 7;
L_0000013e4e366290 .concat [ 1 7 0 0], L_0000013e4e36b640, L_0000013e4e365b10;
L_0000013e4e365390 .functor MUXZ 8, L_0000013e4e366290, L_0000013e4e2e9920, L_0000013e4e3666f0, C4<>;
S_0000013e4e355da0 .scope module, "u4_mul2" "mul2" 4 38, 5 1 0, S_0000013e4e245860;
 .timescale 0 0;
    .port_info 0 /INPUT 8 "a";
    .port_info 1 /OUTPUT 8 "result";
L_0000013e4e36a950 .functor BUFT 1, C4<00011011>, C4<0>, C4<0>, C4<0>;
L_0000013e4e2e90d0 .functor XOR 8, L_0000013e4e363f90, L_0000013e4e36a950, C4<00000000>, C4<00000000>;
v0000013e4e3522d0_0 .net *"_ivl_1", 0 0, L_0000013e4e363ef0;  1 drivers
v0000013e4e352370_0 .net *"_ivl_10", 7 0, L_0000013e4e2e90d0;  1 drivers
v0000013e4e351dd0_0 .net *"_ivl_12", 7 0, L_0000013e4e3636d0;  1 drivers
v0000013e4e351f10_0 .net *"_ivl_14", 6 0, L_0000013e4e364a30;  1 drivers
L_0000013e4e36a998 .functor BUFT 1, C4<0>, C4<0>, C4<0>, C4<0>;
v0000013e4e352d70_0 .net *"_ivl_16", 0 0, L_0000013e4e36a998;  1 drivers
v0000013e4e352410_0 .net *"_ivl_2", 7 0, L_0000013e4e363f90;  1 drivers
v0000013e4e352690_0 .net *"_ivl_4", 6 0, L_0000013e4e3639f0;  1 drivers
L_0000013e4e36a908 .functor BUFT 1, C4<0>, C4<0>, C4<0>, C4<0>;
v0000013e4e352c30_0 .net *"_ivl_6", 0 0, L_0000013e4e36a908;  1 drivers
v0000013e4e3524b0_0 .net/2u *"_ivl_8", 7 0, L_0000013e4e36a950;  1 drivers
v0000013e4e352550_0 .net "a", 7 0, L_0000013e4e369ad0;  alias, 1 drivers
v0000013e4e352af0_0 .net "result", 7 0, L_0000013e4e364670;  alias, 1 drivers
L_0000013e4e363ef0 .part L_0000013e4e369ad0, 7, 1;
L_0000013e4e3639f0 .part L_0000013e4e369ad0, 0, 7;
L_0000013e4e363f90 .concat [ 1 7 0 0], L_0000013e4e36a908, L_0000013e4e3639f0;
L_0000013e4e364a30 .part L_0000013e4e369ad0, 0, 7;
L_0000013e4e3636d0 .concat [ 1 7 0 0], L_0000013e4e36a998, L_0000013e4e364a30;
L_0000013e4e364670 .functor MUXZ 8, L_0000013e4e3636d0, L_0000013e4e2e90d0, L_0000013e4e363ef0, C4<>;
S_0000013e4e355f30 .scope module, "u4_mul3" "mul3" 4 56, 6 3 0, S_0000013e4e245860;
 .timescale 0 0;
    .port_info 0 /INPUT 8 "a";
    .port_info 1 /OUTPUT 8 "result";
L_0000013e4e2e8dc0 .functor XOR 8, L_0000013e4e364fd0, L_0000013e4e369ad0, C4<00000000>, C4<00000000>;
v0000013e4e359b20_0 .net "a", 7 0, L_0000013e4e369ad0;  alias, 1 drivers
v0000013e4e3593a0_0 .net "mul2_result", 7 0, L_0000013e4e364fd0;  1 drivers
v0000013e4e3589a0_0 .net "result", 7 0, L_0000013e4e2e8dc0;  alias, 1 drivers
S_0000013e4e3558f0 .scope module, "u_mul2" "mul2" 6 9, 5 1 0, S_0000013e4e355f30;
 .timescale 0 0;
    .port_info 0 /INPUT 8 "a";
    .port_info 1 /OUTPUT 8 "result";
L_0000013e4e36b6d0 .functor BUFT 1, C4<00011011>, C4<0>, C4<0>, C4<0>;
L_0000013e4e2e8c70 .functor XOR 8, L_0000013e4e366e70, L_0000013e4e36b6d0, C4<00000000>, C4<00000000>;
v0000013e4e352730_0 .net *"_ivl_1", 0 0, L_0000013e4e365430;  1 drivers
v0000013e4e3527d0_0 .net *"_ivl_10", 7 0, L_0000013e4e2e8c70;  1 drivers
v0000013e4e352870_0 .net *"_ivl_12", 7 0, L_0000013e4e365610;  1 drivers
v0000013e4e352a50_0 .net *"_ivl_14", 6 0, L_0000013e4e364f30;  1 drivers
L_0000013e4e36b718 .functor BUFT 1, C4<0>, C4<0>, C4<0>, C4<0>;
v0000013e4e352e10_0 .net *"_ivl_16", 0 0, L_0000013e4e36b718;  1 drivers
v0000013e4e359940_0 .net *"_ivl_2", 7 0, L_0000013e4e366e70;  1 drivers
v0000013e4e359760_0 .net *"_ivl_4", 6 0, L_0000013e4e364df0;  1 drivers
L_0000013e4e36b688 .functor BUFT 1, C4<0>, C4<0>, C4<0>, C4<0>;
v0000013e4e359800_0 .net *"_ivl_6", 0 0, L_0000013e4e36b688;  1 drivers
v0000013e4e358ea0_0 .net/2u *"_ivl_8", 7 0, L_0000013e4e36b6d0;  1 drivers
v0000013e4e358ae0_0 .net "a", 7 0, L_0000013e4e369ad0;  alias, 1 drivers
v0000013e4e358a40_0 .net "result", 7 0, L_0000013e4e364fd0;  alias, 1 drivers
L_0000013e4e365430 .part L_0000013e4e369ad0, 7, 1;
L_0000013e4e364df0 .part L_0000013e4e369ad0, 0, 7;
L_0000013e4e366e70 .concat [ 1 7 0 0], L_0000013e4e36b688, L_0000013e4e364df0;
L_0000013e4e364f30 .part L_0000013e4e369ad0, 0, 7;
L_0000013e4e365610 .concat [ 1 7 0 0], L_0000013e4e36b718, L_0000013e4e364f30;
L_0000013e4e364fd0 .functor MUXZ 8, L_0000013e4e365610, L_0000013e4e2e8c70, L_0000013e4e365430, C4<>;
S_0000013e4e354c70 .scope module, "u5_mul2" "mul2" 4 39, 5 1 0, S_0000013e4e245860;
 .timescale 0 0;
    .port_info 0 /INPUT 8 "a";
    .port_info 1 /OUTPUT 8 "result";
L_0000013e4e36aa28 .functor BUFT 1, C4<00011011>, C4<0>, C4<0>, C4<0>;
L_0000013e4e2e9680 .functor XOR 8, L_0000013e4e362eb0, L_0000013e4e36aa28, C4<00000000>, C4<00000000>;
v0000013e4e359120_0 .net *"_ivl_1", 0 0, L_0000013e4e362910;  1 drivers
v0000013e4e359260_0 .net *"_ivl_10", 7 0, L_0000013e4e2e9680;  1 drivers
v0000013e4e358b80_0 .net *"_ivl_12", 7 0, L_0000013e4e363270;  1 drivers
v0000013e4e358d60_0 .net *"_ivl_14", 6 0, L_0000013e4e363a90;  1 drivers
L_0000013e4e36aa70 .functor BUFT 1, C4<0>, C4<0>, C4<0>, C4<0>;
v0000013e4e358f40_0 .net *"_ivl_16", 0 0, L_0000013e4e36aa70;  1 drivers
v0000013e4e358fe0_0 .net *"_ivl_2", 7 0, L_0000013e4e362eb0;  1 drivers
v0000013e4e359300_0 .net *"_ivl_4", 6 0, L_0000013e4e363450;  1 drivers
L_0000013e4e36a9e0 .functor BUFT 1, C4<0>, C4<0>, C4<0>, C4<0>;
v0000013e4e359e40_0 .net *"_ivl_6", 0 0, L_0000013e4e36a9e0;  1 drivers
v0000013e4e359440_0 .net/2u *"_ivl_8", 7 0, L_0000013e4e36aa28;  1 drivers
v0000013e4e359580_0 .net "a", 7 0, L_0000013e4e367cd0;  alias, 1 drivers
v0000013e4e359bc0_0 .net "result", 7 0, L_0000013e4e363630;  alias, 1 drivers
L_0000013e4e362910 .part L_0000013e4e367cd0, 7, 1;
L_0000013e4e363450 .part L_0000013e4e367cd0, 0, 7;
L_0000013e4e362eb0 .concat [ 1 7 0 0], L_0000013e4e36a9e0, L_0000013e4e363450;
L_0000013e4e363a90 .part L_0000013e4e367cd0, 0, 7;
L_0000013e4e363270 .concat [ 1 7 0 0], L_0000013e4e36aa70, L_0000013e4e363a90;
L_0000013e4e363630 .functor MUXZ 8, L_0000013e4e363270, L_0000013e4e2e9680, L_0000013e4e362910, C4<>;
S_0000013e4e3544a0 .scope module, "u5_mul3" "mul3" 4 57, 6 3 0, S_0000013e4e245860;
 .timescale 0 0;
    .port_info 0 /INPUT 8 "a";
    .port_info 1 /OUTPUT 8 "result";
L_0000013e4e2e9060 .functor XOR 8, L_0000013e4e365d90, L_0000013e4e367cd0, C4<00000000>, C4<00000000>;
v0000013e4e3599e0_0 .net "a", 7 0, L_0000013e4e367cd0;  alias, 1 drivers
v0000013e4e359da0_0 .net "mul2_result", 7 0, L_0000013e4e365d90;  1 drivers
v0000013e4e359620_0 .net "result", 7 0, L_0000013e4e2e9060;  alias, 1 drivers
S_0000013e4e355a80 .scope module, "u_mul2" "mul2" 6 9, 5 1 0, S_0000013e4e3544a0;
 .timescale 0 0;
    .port_info 0 /INPUT 8 "a";
    .port_info 1 /OUTPUT 8 "result";
L_0000013e4e36b7a8 .functor BUFT 1, C4<00011011>, C4<0>, C4<0>, C4<0>;
L_0000013e4e2e8ff0 .functor XOR 8, L_0000013e4e366bf0, L_0000013e4e36b7a8, C4<00000000>, C4<00000000>;
v0000013e4e359080_0 .net *"_ivl_1", 0 0, L_0000013e4e3654d0;  1 drivers
v0000013e4e359ee0_0 .net *"_ivl_10", 7 0, L_0000013e4e2e8ff0;  1 drivers
v0000013e4e3598a0_0 .net *"_ivl_12", 7 0, L_0000013e4e366970;  1 drivers
v0000013e4e358c20_0 .net *"_ivl_14", 6 0, L_0000013e4e365570;  1 drivers
L_0000013e4e36b7f0 .functor BUFT 1, C4<0>, C4<0>, C4<0>, C4<0>;
v0000013e4e358cc0_0 .net *"_ivl_16", 0 0, L_0000013e4e36b7f0;  1 drivers
v0000013e4e3596c0_0 .net *"_ivl_2", 7 0, L_0000013e4e366bf0;  1 drivers
v0000013e4e3594e0_0 .net *"_ivl_4", 6 0, L_0000013e4e366ab0;  1 drivers
L_0000013e4e36b760 .functor BUFT 1, C4<0>, C4<0>, C4<0>, C4<0>;
v0000013e4e359c60_0 .net *"_ivl_6", 0 0, L_0000013e4e36b760;  1 drivers
v0000013e4e358e00_0 .net/2u *"_ivl_8", 7 0, L_0000013e4e36b7a8;  1 drivers
v0000013e4e359d00_0 .net "a", 7 0, L_0000013e4e367cd0;  alias, 1 drivers
v0000013e4e3591c0_0 .net "result", 7 0, L_0000013e4e365d90;  alias, 1 drivers
L_0000013e4e3654d0 .part L_0000013e4e367cd0, 7, 1;
L_0000013e4e366ab0 .part L_0000013e4e367cd0, 0, 7;
L_0000013e4e366bf0 .concat [ 1 7 0 0], L_0000013e4e36b760, L_0000013e4e366ab0;
L_0000013e4e365570 .part L_0000013e4e367cd0, 0, 7;
L_0000013e4e366970 .concat [ 1 7 0 0], L_0000013e4e36b7f0, L_0000013e4e365570;
L_0000013e4e365d90 .functor MUXZ 8, L_0000013e4e366970, L_0000013e4e2e8ff0, L_0000013e4e3654d0, C4<>;
S_0000013e4e354310 .scope module, "u6_mul2" "mul2" 4 40, 5 1 0, S_0000013e4e245860;
 .timescale 0 0;
    .port_info 0 /INPUT 8 "a";
    .port_info 1 /OUTPUT 8 "result";
L_0000013e4e36ab00 .functor BUFT 1, C4<00011011>, C4<0>, C4<0>, C4<0>;
L_0000013e4e2e9290 .functor XOR 8, L_0000013e4e364710, L_0000013e4e36ab00, C4<00000000>, C4<00000000>;
v0000013e4e359f80_0 .net *"_ivl_1", 0 0, L_0000013e4e362ff0;  1 drivers
v0000013e4e359a80_0 .net *"_ivl_10", 7 0, L_0000013e4e2e9290;  1 drivers
v0000013e4e35a020_0 .net *"_ivl_12", 7 0, L_0000013e4e363310;  1 drivers
v0000013e4e357460_0 .net *"_ivl_14", 6 0, L_0000013e4e362f50;  1 drivers
L_0000013e4e36ab48 .functor BUFT 1, C4<0>, C4<0>, C4<0>, C4<0>;
v0000013e4e3578c0_0 .net *"_ivl_16", 0 0, L_0000013e4e36ab48;  1 drivers
v0000013e4e356ba0_0 .net *"_ivl_2", 7 0, L_0000013e4e364710;  1 drivers
v0000013e4e357d20_0 .net *"_ivl_4", 6 0, L_0000013e4e362af0;  1 drivers
L_0000013e4e36aab8 .functor BUFT 1, C4<0>, C4<0>, C4<0>, C4<0>;
v0000013e4e356d80_0 .net *"_ivl_6", 0 0, L_0000013e4e36aab8;  1 drivers
v0000013e4e358220_0 .net/2u *"_ivl_8", 7 0, L_0000013e4e36ab00;  1 drivers
v0000013e4e3571e0_0 .net "a", 7 0, L_0000013e4e3679b0;  alias, 1 drivers
v0000013e4e3585e0_0 .net "result", 7 0, L_0000013e4e364ad0;  alias, 1 drivers
L_0000013e4e362ff0 .part L_0000013e4e3679b0, 7, 1;
L_0000013e4e362af0 .part L_0000013e4e3679b0, 0, 7;
L_0000013e4e364710 .concat [ 1 7 0 0], L_0000013e4e36aab8, L_0000013e4e362af0;
L_0000013e4e362f50 .part L_0000013e4e3679b0, 0, 7;
L_0000013e4e363310 .concat [ 1 7 0 0], L_0000013e4e36ab48, L_0000013e4e362f50;
L_0000013e4e364ad0 .functor MUXZ 8, L_0000013e4e363310, L_0000013e4e2e9290, L_0000013e4e362ff0, C4<>;
S_0000013e4e354950 .scope module, "u6_mul3" "mul3" 4 58, 6 3 0, S_0000013e4e245860;
 .timescale 0 0;
    .port_info 0 /INPUT 8 "a";
    .port_info 1 /OUTPUT 8 "result";
L_0000013e4e3b73b0 .functor XOR 8, L_0000013e4e3670f0, L_0000013e4e3679b0, C4<00000000>, C4<00000000>;
v0000013e4e356740_0 .net "a", 7 0, L_0000013e4e3679b0;  alias, 1 drivers
v0000013e4e357320_0 .net "mul2_result", 7 0, L_0000013e4e3670f0;  1 drivers
v0000013e4e3584a0_0 .net "result", 7 0, L_0000013e4e3b73b0;  alias, 1 drivers
S_0000013e4e354ae0 .scope module, "u_mul2" "mul2" 6 9, 5 1 0, S_0000013e4e354950;
 .timescale 0 0;
    .port_info 0 /INPUT 8 "a";
    .port_info 1 /OUTPUT 8 "result";
L_0000013e4e36b880 .functor BUFT 1, C4<00011011>, C4<0>, C4<0>, C4<0>;
L_0000013e4e2e9140 .functor XOR 8, L_0000013e4e366150, L_0000013e4e36b880, C4<00000000>, C4<00000000>;
v0000013e4e3582c0_0 .net *"_ivl_1", 0 0, L_0000013e4e365cf0;  1 drivers
v0000013e4e357dc0_0 .net *"_ivl_10", 7 0, L_0000013e4e2e9140;  1 drivers
v0000013e4e357000_0 .net *"_ivl_12", 7 0, L_0000013e4e365c50;  1 drivers
v0000013e4e3564c0_0 .net *"_ivl_14", 6 0, L_0000013e4e365bb0;  1 drivers
L_0000013e4e36b8c8 .functor BUFT 1, C4<0>, C4<0>, C4<0>, C4<0>;
v0000013e4e358900_0 .net *"_ivl_16", 0 0, L_0000013e4e36b8c8;  1 drivers
v0000013e4e356e20_0 .net *"_ivl_2", 7 0, L_0000013e4e366150;  1 drivers
v0000013e4e356600_0 .net *"_ivl_4", 6 0, L_0000013e4e365750;  1 drivers
L_0000013e4e36b838 .functor BUFT 1, C4<0>, C4<0>, C4<0>, C4<0>;
v0000013e4e358180_0 .net *"_ivl_6", 0 0, L_0000013e4e36b838;  1 drivers
v0000013e4e3566a0_0 .net/2u *"_ivl_8", 7 0, L_0000013e4e36b880;  1 drivers
v0000013e4e358360_0 .net "a", 7 0, L_0000013e4e3679b0;  alias, 1 drivers
v0000013e4e357640_0 .net "result", 7 0, L_0000013e4e3670f0;  alias, 1 drivers
L_0000013e4e365cf0 .part L_0000013e4e3679b0, 7, 1;
L_0000013e4e365750 .part L_0000013e4e3679b0, 0, 7;
L_0000013e4e366150 .concat [ 1 7 0 0], L_0000013e4e36b838, L_0000013e4e365750;
L_0000013e4e365bb0 .part L_0000013e4e3679b0, 0, 7;
L_0000013e4e365c50 .concat [ 1 7 0 0], L_0000013e4e36b8c8, L_0000013e4e365bb0;
L_0000013e4e3670f0 .functor MUXZ 8, L_0000013e4e365c50, L_0000013e4e2e9140, L_0000013e4e365cf0, C4<>;
S_0000013e4e354e00 .scope module, "u7_mul2" "mul2" 4 41, 5 1 0, S_0000013e4e245860;
 .timescale 0 0;
    .port_info 0 /INPUT 8 "a";
    .port_info 1 /OUTPUT 8 "result";
L_0000013e4e36abd8 .functor BUFT 1, C4<00011011>, C4<0>, C4<0>, C4<0>;
L_0000013e4e2e9370 .functor XOR 8, L_0000013e4e364030, L_0000013e4e36abd8, C4<00000000>, C4<00000000>;
v0000013e4e358680_0 .net *"_ivl_1", 0 0, L_0000013e4e362870;  1 drivers
v0000013e4e358720_0 .net *"_ivl_10", 7 0, L_0000013e4e2e9370;  1 drivers
v0000013e4e357a00_0 .net *"_ivl_12", 7 0, L_0000013e4e3633b0;  1 drivers
v0000013e4e356560_0 .net *"_ivl_14", 6 0, L_0000013e4e363130;  1 drivers
L_0000013e4e36ac20 .functor BUFT 1, C4<0>, C4<0>, C4<0>, C4<0>;
v0000013e4e3561a0_0 .net *"_ivl_16", 0 0, L_0000013e4e36ac20;  1 drivers
v0000013e4e358400_0 .net *"_ivl_2", 7 0, L_0000013e4e364030;  1 drivers
v0000013e4e356920_0 .net *"_ivl_4", 6 0, L_0000013e4e364b70;  1 drivers
L_0000013e4e36ab90 .functor BUFT 1, C4<0>, C4<0>, C4<0>, C4<0>;
v0000013e4e357aa0_0 .net *"_ivl_6", 0 0, L_0000013e4e36ab90;  1 drivers
v0000013e4e357f00_0 .net/2u *"_ivl_8", 7 0, L_0000013e4e36abd8;  1 drivers
v0000013e4e356ec0_0 .net "a", 7 0, L_0000013e4e369b70;  alias, 1 drivers
v0000013e4e3567e0_0 .net "result", 7 0, L_0000013e4e363c70;  alias, 1 drivers
L_0000013e4e362870 .part L_0000013e4e369b70, 7, 1;
L_0000013e4e364b70 .part L_0000013e4e369b70, 0, 7;
L_0000013e4e364030 .concat [ 1 7 0 0], L_0000013e4e36ab90, L_0000013e4e364b70;
L_0000013e4e363130 .part L_0000013e4e369b70, 0, 7;
L_0000013e4e3633b0 .concat [ 1 7 0 0], L_0000013e4e36ac20, L_0000013e4e363130;
L_0000013e4e363c70 .functor MUXZ 8, L_0000013e4e3633b0, L_0000013e4e2e9370, L_0000013e4e362870, C4<>;
S_0000013e4e354f90 .scope module, "u7_mul3" "mul3" 4 59, 6 3 0, S_0000013e4e245860;
 .timescale 0 0;
    .port_info 0 /INPUT 8 "a";
    .port_info 1 /OUTPUT 8 "result";
L_0000013e4e3b7420 .functor XOR 8, L_0000013e4e366f10, L_0000013e4e369b70, C4<00000000>, C4<00000000>;
v0000013e4e356b00_0 .net "a", 7 0, L_0000013e4e369b70;  alias, 1 drivers
v0000013e4e358540_0 .net "mul2_result", 7 0, L_0000013e4e366f10;  1 drivers
v0000013e4e3562e0_0 .net "result", 7 0, L_0000013e4e3b7420;  alias, 1 drivers
S_0000013e4e355120 .scope module, "u_mul2" "mul2" 6 9, 5 1 0, S_0000013e4e354f90;
 .timescale 0 0;
    .port_info 0 /INPUT 8 "a";
    .port_info 1 /OUTPUT 8 "result";
L_0000013e4e36b958 .functor BUFT 1, C4<00011011>, C4<0>, C4<0>, C4<0>;
L_0000013e4e3b7180 .functor XOR 8, L_0000013e4e3663d0, L_0000013e4e36b958, C4<00000000>, C4<00000000>;
v0000013e4e357280_0 .net *"_ivl_1", 0 0, L_0000013e4e365e30;  1 drivers
v0000013e4e3587c0_0 .net *"_ivl_10", 7 0, L_0000013e4e3b7180;  1 drivers
v0000013e4e358860_0 .net *"_ivl_12", 7 0, L_0000013e4e366650;  1 drivers
v0000013e4e3569c0_0 .net *"_ivl_14", 6 0, L_0000013e4e3665b0;  1 drivers
L_0000013e4e36b9a0 .functor BUFT 1, C4<0>, C4<0>, C4<0>, C4<0>;
v0000013e4e356880_0 .net *"_ivl_16", 0 0, L_0000013e4e36b9a0;  1 drivers
v0000013e4e357e60_0 .net *"_ivl_2", 7 0, L_0000013e4e3663d0;  1 drivers
v0000013e4e3576e0_0 .net *"_ivl_4", 6 0, L_0000013e4e366330;  1 drivers
L_0000013e4e36b910 .functor BUFT 1, C4<0>, C4<0>, C4<0>, C4<0>;
v0000013e4e356240_0 .net *"_ivl_6", 0 0, L_0000013e4e36b910;  1 drivers
v0000013e4e356a60_0 .net/2u *"_ivl_8", 7 0, L_0000013e4e36b958;  1 drivers
v0000013e4e357fa0_0 .net "a", 7 0, L_0000013e4e369b70;  alias, 1 drivers
v0000013e4e358040_0 .net "result", 7 0, L_0000013e4e366f10;  alias, 1 drivers
L_0000013e4e365e30 .part L_0000013e4e369b70, 7, 1;
L_0000013e4e366330 .part L_0000013e4e369b70, 0, 7;
L_0000013e4e3663d0 .concat [ 1 7 0 0], L_0000013e4e36b910, L_0000013e4e366330;
L_0000013e4e3665b0 .part L_0000013e4e369b70, 0, 7;
L_0000013e4e366650 .concat [ 1 7 0 0], L_0000013e4e36b9a0, L_0000013e4e3665b0;
L_0000013e4e366f10 .functor MUXZ 8, L_0000013e4e366650, L_0000013e4e3b7180, L_0000013e4e365e30, C4<>;
S_0000013e4e355440 .scope module, "u8_mul2" "mul2" 4 42, 5 1 0, S_0000013e4e245860;
 .timescale 0 0;
    .port_info 0 /INPUT 8 "a";
    .port_info 1 /OUTPUT 8 "result";
L_0000013e4e36acb0 .functor BUFT 1, C4<00011011>, C4<0>, C4<0>, C4<0>;
L_0000013e4e2e97d0 .functor XOR 8, L_0000013e4e362d70, L_0000013e4e36acb0, C4<00000000>, C4<00000000>;
v0000013e4e357be0_0 .net *"_ivl_1", 0 0, L_0000013e4e363090;  1 drivers
v0000013e4e356ce0_0 .net *"_ivl_10", 7 0, L_0000013e4e2e97d0;  1 drivers
v0000013e4e356f60_0 .net *"_ivl_12", 7 0, L_0000013e4e364850;  1 drivers
v0000013e4e357780_0 .net *"_ivl_14", 6 0, L_0000013e4e3645d0;  1 drivers
L_0000013e4e36acf8 .functor BUFT 1, C4<0>, C4<0>, C4<0>, C4<0>;
v0000013e4e3570a0_0 .net *"_ivl_16", 0 0, L_0000013e4e36acf8;  1 drivers
v0000013e4e357b40_0 .net *"_ivl_2", 7 0, L_0000013e4e362d70;  1 drivers
v0000013e4e357c80_0 .net *"_ivl_4", 6 0, L_0000013e4e363d10;  1 drivers
L_0000013e4e36ac68 .functor BUFT 1, C4<0>, C4<0>, C4<0>, C4<0>;
v0000013e4e356c40_0 .net *"_ivl_6", 0 0, L_0000013e4e36ac68;  1 drivers
v0000013e4e357140_0 .net/2u *"_ivl_8", 7 0, L_0000013e4e36acb0;  1 drivers
v0000013e4e357500_0 .net "a", 7 0, L_0000013e4e367a50;  alias, 1 drivers
v0000013e4e357960_0 .net "result", 7 0, L_0000013e4e363db0;  alias, 1 drivers
L_0000013e4e363090 .part L_0000013e4e367a50, 7, 1;
L_0000013e4e363d10 .part L_0000013e4e367a50, 0, 7;
L_0000013e4e362d70 .concat [ 1 7 0 0], L_0000013e4e36ac68, L_0000013e4e363d10;
L_0000013e4e3645d0 .part L_0000013e4e367a50, 0, 7;
L_0000013e4e364850 .concat [ 1 7 0 0], L_0000013e4e36acf8, L_0000013e4e3645d0;
L_0000013e4e363db0 .functor MUXZ 8, L_0000013e4e364850, L_0000013e4e2e97d0, L_0000013e4e363090, C4<>;
S_0000013e4e3555d0 .scope module, "u8_mul3" "mul3" 4 60, 6 3 0, S_0000013e4e245860;
 .timescale 0 0;
    .port_info 0 /INPUT 8 "a";
    .port_info 1 /OUTPUT 8 "result";
L_0000013e4e3b7500 .functor XOR 8, L_0000013e4e366b50, L_0000013e4e367a50, C4<00000000>, C4<00000000>;
v0000013e4e35d340_0 .net "a", 7 0, L_0000013e4e367a50;  alias, 1 drivers
v0000013e4e35db60_0 .net "mul2_result", 7 0, L_0000013e4e366b50;  1 drivers
v0000013e4e35e4c0_0 .net "result", 7 0, L_0000013e4e3b7500;  alias, 1 drivers
S_0000013e4e35b780 .scope module, "u_mul2" "mul2" 6 9, 5 1 0, S_0000013e4e3555d0;
 .timescale 0 0;
    .port_info 0 /INPUT 8 "a";
    .port_info 1 /OUTPUT 8 "result";
L_0000013e4e36ba30 .functor BUFT 1, C4<00011011>, C4<0>, C4<0>, C4<0>;
L_0000013e4e3b6fc0 .functor XOR 8, L_0000013e4e366830, L_0000013e4e36ba30, C4<00000000>, C4<00000000>;
v0000013e4e3580e0_0 .net *"_ivl_1", 0 0, L_0000013e4e366790;  1 drivers
v0000013e4e356380_0 .net *"_ivl_10", 7 0, L_0000013e4e3b6fc0;  1 drivers
v0000013e4e3573c0_0 .net *"_ivl_12", 7 0, L_0000013e4e366a10;  1 drivers
v0000013e4e3575a0_0 .net *"_ivl_14", 6 0, L_0000013e4e3668d0;  1 drivers
L_0000013e4e36ba78 .functor BUFT 1, C4<0>, C4<0>, C4<0>, C4<0>;
v0000013e4e356420_0 .net *"_ivl_16", 0 0, L_0000013e4e36ba78;  1 drivers
v0000013e4e357820_0 .net *"_ivl_2", 7 0, L_0000013e4e366830;  1 drivers
v0000013e4e35c440_0 .net *"_ivl_4", 6 0, L_0000013e4e366fb0;  1 drivers
L_0000013e4e36b9e8 .functor BUFT 1, C4<0>, C4<0>, C4<0>, C4<0>;
v0000013e4e35c940_0 .net *"_ivl_6", 0 0, L_0000013e4e36b9e8;  1 drivers
v0000013e4e35de80_0 .net/2u *"_ivl_8", 7 0, L_0000013e4e36ba30;  1 drivers
v0000013e4e35c800_0 .net "a", 7 0, L_0000013e4e367a50;  alias, 1 drivers
v0000013e4e35e380_0 .net "result", 7 0, L_0000013e4e366b50;  alias, 1 drivers
L_0000013e4e366790 .part L_0000013e4e367a50, 7, 1;
L_0000013e4e366fb0 .part L_0000013e4e367a50, 0, 7;
L_0000013e4e366830 .concat [ 1 7 0 0], L_0000013e4e36b9e8, L_0000013e4e366fb0;
L_0000013e4e3668d0 .part L_0000013e4e367a50, 0, 7;
L_0000013e4e366a10 .concat [ 1 7 0 0], L_0000013e4e36ba78, L_0000013e4e3668d0;
L_0000013e4e366b50 .functor MUXZ 8, L_0000013e4e366a10, L_0000013e4e3b6fc0, L_0000013e4e366790, C4<>;
S_0000013e4e35bc30 .scope module, "u9_mul2" "mul2" 4 43, 5 1 0, S_0000013e4e245860;
 .timescale 0 0;
    .port_info 0 /INPUT 8 "a";
    .port_info 1 /OUTPUT 8 "result";
L_0000013e4e36ad88 .functor BUFT 1, C4<00011011>, C4<0>, C4<0>, C4<0>;
L_0000013e4e2e8e30 .functor XOR 8, L_0000013e4e364d50, L_0000013e4e36ad88, C4<00000000>, C4<00000000>;
v0000013e4e35df20_0 .net *"_ivl_1", 0 0, L_0000013e4e3631d0;  1 drivers
v0000013e4e35dac0_0 .net *"_ivl_10", 7 0, L_0000013e4e2e8e30;  1 drivers
v0000013e4e35c8a0_0 .net *"_ivl_12", 7 0, L_0000013e4e364530;  1 drivers
v0000013e4e35c580_0 .net *"_ivl_14", 6 0, L_0000013e4e3625f0;  1 drivers
L_0000013e4e36add0 .functor BUFT 1, C4<0>, C4<0>, C4<0>, C4<0>;
v0000013e4e35ce40_0 .net *"_ivl_16", 0 0, L_0000013e4e36add0;  1 drivers
v0000013e4e35c760_0 .net *"_ivl_2", 7 0, L_0000013e4e364d50;  1 drivers
v0000013e4e35e600_0 .net *"_ivl_4", 6 0, L_0000013e4e363bd0;  1 drivers
L_0000013e4e36ad40 .functor BUFT 1, C4<0>, C4<0>, C4<0>, C4<0>;
v0000013e4e35cd00_0 .net *"_ivl_6", 0 0, L_0000013e4e36ad40;  1 drivers
v0000013e4e35c260_0 .net/2u *"_ivl_8", 7 0, L_0000013e4e36ad88;  1 drivers
v0000013e4e35d0c0_0 .net "a", 7 0, L_0000013e4e369170;  alias, 1 drivers
v0000013e4e35cbc0_0 .net "result", 7 0, L_0000013e4e364170;  alias, 1 drivers
L_0000013e4e3631d0 .part L_0000013e4e369170, 7, 1;
L_0000013e4e363bd0 .part L_0000013e4e369170, 0, 7;
L_0000013e4e364d50 .concat [ 1 7 0 0], L_0000013e4e36ad40, L_0000013e4e363bd0;
L_0000013e4e3625f0 .part L_0000013e4e369170, 0, 7;
L_0000013e4e364530 .concat [ 1 7 0 0], L_0000013e4e36add0, L_0000013e4e3625f0;
L_0000013e4e364170 .functor MUXZ 8, L_0000013e4e364530, L_0000013e4e2e8e30, L_0000013e4e3631d0, C4<>;
S_0000013e4e35b460 .scope module, "u9_mul3" "mul3" 4 61, 6 3 0, S_0000013e4e245860;
 .timescale 0 0;
    .port_info 0 /INPUT 8 "a";
    .port_info 1 /OUTPUT 8 "result";
L_0000013e4e3b6e70 .functor XOR 8, L_0000013e4e3c0590, L_0000013e4e369170, C4<00000000>, C4<00000000>;
v0000013e4e35cda0_0 .net "a", 7 0, L_0000013e4e369170;  alias, 1 drivers
v0000013e4e35cb20_0 .net "mul2_result", 7 0, L_0000013e4e3c0590;  1 drivers
v0000013e4e35d020_0 .net "result", 7 0, L_0000013e4e3b6e70;  alias, 1 drivers
S_0000013e4e35a330 .scope module, "u_mul2" "mul2" 6 9, 5 1 0, S_0000013e4e35b460;
 .timescale 0 0;
    .port_info 0 /INPUT 8 "a";
    .port_info 1 /OUTPUT 8 "result";
L_0000013e4e36bb08 .functor BUFT 1, C4<00011011>, C4<0>, C4<0>, C4<0>;
L_0000013e4e3b7570 .functor XOR 8, L_0000013e4e3c0a90, L_0000013e4e36bb08, C4<00000000>, C4<00000000>;
v0000013e4e35cee0_0 .net *"_ivl_1", 0 0, L_0000013e4e366c90;  1 drivers
v0000013e4e35d2a0_0 .net *"_ivl_10", 7 0, L_0000013e4e3b7570;  1 drivers
v0000013e4e35c4e0_0 .net *"_ivl_12", 7 0, L_0000013e4e3c0f90;  1 drivers
v0000013e4e35cf80_0 .net *"_ivl_14", 6 0, L_0000013e4e3bf050;  1 drivers
L_0000013e4e36bb50 .functor BUFT 1, C4<0>, C4<0>, C4<0>, C4<0>;
v0000013e4e35c300_0 .net *"_ivl_16", 0 0, L_0000013e4e36bb50;  1 drivers
v0000013e4e35e6a0_0 .net *"_ivl_2", 7 0, L_0000013e4e3c0a90;  1 drivers
v0000013e4e35e740_0 .net *"_ivl_4", 6 0, L_0000013e4e3c1530;  1 drivers
L_0000013e4e36bac0 .functor BUFT 1, C4<0>, C4<0>, C4<0>, C4<0>;
v0000013e4e35cc60_0 .net *"_ivl_6", 0 0, L_0000013e4e36bac0;  1 drivers
v0000013e4e35c6c0_0 .net/2u *"_ivl_8", 7 0, L_0000013e4e36bb08;  1 drivers
v0000013e4e35e240_0 .net "a", 7 0, L_0000013e4e369170;  alias, 1 drivers
v0000013e4e35c9e0_0 .net "result", 7 0, L_0000013e4e3c0590;  alias, 1 drivers
L_0000013e4e366c90 .part L_0000013e4e369170, 7, 1;
L_0000013e4e3c1530 .part L_0000013e4e369170, 0, 7;
L_0000013e4e3c0a90 .concat [ 1 7 0 0], L_0000013e4e36bac0, L_0000013e4e3c1530;
L_0000013e4e3bf050 .part L_0000013e4e369170, 0, 7;
L_0000013e4e3c0f90 .concat [ 1 7 0 0], L_0000013e4e36bb50, L_0000013e4e3bf050;
L_0000013e4e3c0590 .functor MUXZ 8, L_0000013e4e3c0f90, L_0000013e4e3b7570, L_0000013e4e366c90, C4<>;
    .scope S_0000013e4e2e9df0;
T_0 ;
    %wait E_0000013e4e2e83d0;
    %load/vec4 v0000013e4e369990_0;
    %inv;
    %flag_set/vec4 8;
    %jmp/0xz  T_0.0, 8;
    %pushi/vec4 0, 0, 128;
    %assign/vec4 v0000013e4e369030_0, 0;
    %jmp T_0.1;
T_0.0 ;
    %load/vec4 v0000013e4e3690d0_0;
    %assign/vec4 v0000013e4e369030_0, 0;
T_0.1 ;
    %jmp T_0;
    .thread T_0;
# The file index is used to find the file name in the following table.
:file_names 7;
    "N/A";
    "<interactive>";
    "MixColumns_AddRoundKey.v";
    "./AddRoundKey.v";
    "./MixColumns.v";
    "./mul2.v";
    "./mul3.v";
