#! /c/Source/iverilog-install/bin/vvp
:ivl_version "12.0 (devel)" "(s20150603-1110-g18392a46)";
:ivl_delay_selection "TYPICAL";
:vpi_time_precision - 12;
:vpi_module "D:\iverilog\iverilog\lib\ivl\system.vpi";
:vpi_module "D:\iverilog\iverilog\lib\ivl\vhdl_sys.vpi";
:vpi_module "D:\iverilog\iverilog\lib\ivl\vhdl_textio.vpi";
:vpi_module "D:\iverilog\iverilog\lib\ivl\v2005_math.vpi";
:vpi_module "D:\iverilog\iverilog\lib\ivl\va_math.vpi";
S_00000155776636e0 .scope module, "tb_MixColumns" "tb_MixColumns" 2 3;
 .timescale -9 -12;
v00000155776e3130_0 .var "state_in", 127 0;
v00000155776e4b70_0 .net "state_out", 127 0, L_000001557773a6a0;  1 drivers
S_0000015577666720 .scope module, "uut" "MixColumns" 2 9, 3 3 0, S_00000155776636e0;
 .timescale -9 -12;
    .port_info 0 /INPUT 128 "state_in";
    .port_info 1 /OUTPUT 128 "state_out";
L_0000015577737e40 .functor XOR 8, L_00000155776e3ef0, L_00000155776e6070, C4<00000000>, C4<00000000>;
L_0000015577738380 .functor XOR 8, L_0000015577737e40, L_00000155776e4850, C4<00000000>, C4<00000000>;
L_0000015577737d60 .functor XOR 8, L_0000015577738380, L_00000155776e4490, C4<00000000>, C4<00000000>;
L_0000015577737dd0 .functor XOR 8, L_00000155776e42b0, L_00000155776e2af0, C4<00000000>, C4<00000000>;
L_00000155777383f0 .functor XOR 8, L_0000015577737dd0, L_00000155776e55f0, C4<00000000>, C4<00000000>;
L_0000015577737eb0 .functor XOR 8, L_00000155777383f0, L_00000155776e4490, C4<00000000>, C4<00000000>;
L_0000015577737f90 .functor XOR 8, L_00000155776e42b0, L_00000155776e3bd0, C4<00000000>, C4<00000000>;
L_0000015577738230 .functor XOR 8, L_0000015577737f90, L_00000155776e2b90, C4<00000000>, C4<00000000>;
L_0000015577738460 .functor XOR 8, L_0000015577738230, L_00000155776e6460, C4<00000000>, C4<00000000>;
L_00000155777385b0 .functor XOR 8, L_00000155776e5c10, L_00000155776e3bd0, C4<00000000>, C4<00000000>;
L_00000155777376d0 .functor XOR 8, L_00000155777385b0, L_00000155776e4850, C4<00000000>, C4<00000000>;
L_0000015577737820 .functor XOR 8, L_00000155777376d0, L_00000155776e4e90, C4<00000000>, C4<00000000>;
L_0000015577737890 .functor XOR 8, L_00000155776e5390, L_00000155776e5f90, C4<00000000>, C4<00000000>;
L_00000155777379e0 .functor XOR 8, L_0000015577737890, L_00000155776e3770, C4<00000000>, C4<00000000>;
L_0000015577737c80 .functor XOR 8, L_00000155777379e0, L_00000155776e43f0, C4<00000000>, C4<00000000>;
L_0000015577737b30 .functor XOR 8, L_00000155776e3950, L_00000155776dd5f0, C4<00000000>, C4<00000000>;
L_0000015577737900 .functor XOR 8, L_0000015577737b30, L_00000155776e5970, C4<00000000>, C4<00000000>;
L_0000015577738000 .functor XOR 8, L_0000015577737900, L_00000155776e43f0, C4<00000000>, C4<00000000>;
L_0000015577737970 .functor XOR 8, L_00000155776e3950, L_00000155776e2910, C4<00000000>, C4<00000000>;
L_0000015577737a50 .functor XOR 8, L_0000015577737970, L_00000155776dee50, C4<00000000>, C4<00000000>;
L_0000015577738070 .functor XOR 8, L_0000015577737a50, L_00000155776e5660, C4<00000000>, C4<00000000>;
L_0000015577737cf0 .functor XOR 8, L_00000155776e5f20, L_00000155776e2910, C4<00000000>, C4<00000000>;
L_00000155777381c0 .functor XOR 8, L_0000015577737cf0, L_00000155776e3770, C4<00000000>, C4<00000000>;
L_0000015577742290 .functor XOR 8, L_00000155777381c0, L_00000155776ded10, C4<00000000>, C4<00000000>;
L_0000015577741c00 .functor XOR 8, L_00000155776df3f0, L_00000155776e57b0, C4<00000000>, C4<00000000>;
L_0000015577741c70 .functor XOR 8, L_0000015577741c00, L_00000155776e3810, C4<00000000>, C4<00000000>;
L_00000155777426f0 .functor XOR 8, L_0000015577741c70, L_00000155776e4030, C4<00000000>, C4<00000000>;
L_0000015577742450 .functor XOR 8, L_00000155776e3e50, L_00000155776dfa30, C4<00000000>, C4<00000000>;
L_0000015577741f80 .functor XOR 8, L_0000015577742450, L_00000155777382a0, C4<00000000>, C4<00000000>;
L_0000015577742140 .functor XOR 8, L_0000015577741f80, L_00000155776e4030, C4<00000000>, C4<00000000>;
L_0000015577742610 .functor XOR 8, L_00000155776e3e50, L_00000155776e4170, C4<00000000>, C4<00000000>;
L_0000015577741ea0 .functor XOR 8, L_0000015577742610, L_00000155776dd7d0, C4<00000000>, C4<00000000>;
L_0000015577741d50 .functor XOR 8, L_0000015577741ea0, L_0000015577738310, C4<00000000>, C4<00000000>;
L_0000015577741ce0 .functor XOR 8, L_00000155776e5cf0, L_00000155776e4170, C4<00000000>, C4<00000000>;
L_0000015577741a40 .functor XOR 8, L_0000015577741ce0, L_00000155776e3810, C4<00000000>, C4<00000000>;
L_0000015577741b90 .functor XOR 8, L_0000015577741a40, L_00000155776de3b0, C4<00000000>, C4<00000000>;
L_0000015577741880 .functor XOR 8, L_00000155776df850, L_0000015577737f20, C4<00000000>, C4<00000000>;
L_0000015577741ab0 .functor XOR 8, L_0000015577741880, L_00000155776e48f0, C4<00000000>, C4<00000000>;
L_0000015577741dc0 .functor XOR 8, L_0000015577741ab0, L_00000155776e3c70, C4<00000000>, C4<00000000>;
L_0000015577742680 .functor XOR 8, L_00000155776e25f0, L_00000155776df8f0, C4<00000000>, C4<00000000>;
L_0000015577741f10 .functor XOR 8, L_0000015577742680, L_0000015577737ac0, C4<00000000>, C4<00000000>;
L_0000015577741ff0 .functor XOR 8, L_0000015577741f10, L_00000155776e3c70, C4<00000000>, C4<00000000>;
L_0000015577742370 .functor XOR 8, L_00000155776e25f0, L_00000155776e2eb0, C4<00000000>, C4<00000000>;
L_0000015577741e30 .functor XOR 8, L_0000015577742370, L_00000155776dfad0, C4<00000000>, C4<00000000>;
L_0000015577741810 .functor XOR 8, L_0000015577741e30, L_0000015577738150, C4<00000000>, C4<00000000>;
L_00000155777423e0 .functor XOR 8, L_0000015577737ba0, L_00000155776e2eb0, C4<00000000>, C4<00000000>;
L_00000155777418f0 .functor XOR 8, L_00000155777423e0, L_00000155776e48f0, C4<00000000>, C4<00000000>;
L_0000015577741960 .functor XOR 8, L_00000155777418f0, L_00000155776df170, C4<00000000>, C4<00000000>;
v00000155776d5ed0_0 .net *"_ivl_100", 7 0, L_0000015577741a40;  1 drivers
v00000155776d72d0_0 .net *"_ivl_104", 7 0, L_0000015577741880;  1 drivers
v00000155776d57f0_0 .net *"_ivl_106", 7 0, L_0000015577741ab0;  1 drivers
v00000155776d5570_0 .net *"_ivl_110", 7 0, L_0000015577742680;  1 drivers
v00000155776d60b0_0 .net *"_ivl_112", 7 0, L_0000015577741f10;  1 drivers
v00000155776d5890_0 .net *"_ivl_116", 7 0, L_0000015577742370;  1 drivers
v00000155776d6790_0 .net *"_ivl_118", 7 0, L_0000015577741e30;  1 drivers
v00000155776d5930_0 .net *"_ivl_122", 7 0, L_00000155777423e0;  1 drivers
v00000155776d6bf0_0 .net *"_ivl_124", 7 0, L_00000155777418f0;  1 drivers
v00000155776d5610_0 .net *"_ivl_32", 7 0, L_0000015577737e40;  1 drivers
v00000155776d7370_0 .net *"_ivl_34", 7 0, L_0000015577738380;  1 drivers
v00000155776d7730_0 .net *"_ivl_38", 7 0, L_0000015577737dd0;  1 drivers
v00000155776d6510_0 .net *"_ivl_40", 7 0, L_00000155777383f0;  1 drivers
v00000155776d70f0_0 .net *"_ivl_44", 7 0, L_0000015577737f90;  1 drivers
v00000155776d6470_0 .net *"_ivl_46", 7 0, L_0000015577738230;  1 drivers
v00000155776d5f70_0 .net *"_ivl_50", 7 0, L_00000155777385b0;  1 drivers
v00000155776d7050_0 .net *"_ivl_52", 7 0, L_00000155777376d0;  1 drivers
v00000155776d56b0_0 .net *"_ivl_56", 7 0, L_0000015577737890;  1 drivers
v00000155776d7410_0 .net *"_ivl_58", 7 0, L_00000155777379e0;  1 drivers
v00000155776d7690_0 .net *"_ivl_62", 7 0, L_0000015577737b30;  1 drivers
v00000155776d6830_0 .net *"_ivl_64", 7 0, L_0000015577737900;  1 drivers
v00000155776d6dd0_0 .net *"_ivl_68", 7 0, L_0000015577737970;  1 drivers
v00000155776d7230_0 .net *"_ivl_70", 7 0, L_0000015577737a50;  1 drivers
v00000155776d65b0_0 .net *"_ivl_74", 7 0, L_0000015577737cf0;  1 drivers
v00000155776d5750_0 .net *"_ivl_76", 7 0, L_00000155777381c0;  1 drivers
v00000155776d6c90_0 .net *"_ivl_80", 7 0, L_0000015577741c00;  1 drivers
v00000155776d6fb0_0 .net *"_ivl_82", 7 0, L_0000015577741c70;  1 drivers
v00000155776d6d30_0 .net *"_ivl_86", 7 0, L_0000015577742450;  1 drivers
v00000155776d6e70_0 .net *"_ivl_88", 7 0, L_0000015577741f80;  1 drivers
v00000155776d6f10_0 .net *"_ivl_92", 7 0, L_0000015577742610;  1 drivers
v00000155776d74b0_0 .net *"_ivl_94", 7 0, L_0000015577741ea0;  1 drivers
v00000155776d59d0_0 .net *"_ivl_98", 7 0, L_0000015577741ce0;  1 drivers
v00000155776d5b10_0 .net "m0", 7 0, L_0000015577737d60;  1 drivers
v00000155776d7550_0 .net "m1", 7 0, L_0000015577737eb0;  1 drivers
v00000155776d5c50_0 .net "m10", 7 0, L_0000015577741d50;  1 drivers
v00000155776d5cf0_0 .net "m11", 7 0, L_0000015577741b90;  1 drivers
v00000155776d5d90_0 .net "m12", 7 0, L_0000015577741dc0;  1 drivers
v00000155776d5e30_0 .net "m13", 7 0, L_0000015577741ff0;  1 drivers
v00000155776d81d0_0 .net "m14", 7 0, L_0000015577741810;  1 drivers
v00000155776d7ff0_0 .net "m15", 7 0, L_0000015577741960;  1 drivers
v00000155776d8db0_0 .net "m2", 7 0, L_0000015577738460;  1 drivers
v00000155776d8c70_0 .net "m3", 7 0, L_0000015577737820;  1 drivers
v00000155776d8630_0 .net "m4", 7 0, L_0000015577737c80;  1 drivers
v00000155776d8090_0 .net "m5", 7 0, L_0000015577738000;  1 drivers
v00000155776d8e50_0 .net "m6", 7 0, L_0000015577738070;  1 drivers
v00000155776d8d10_0 .net "m7", 7 0, L_0000015577742290;  1 drivers
v00000155776d8130_0 .net "m8", 7 0, L_00000155777426f0;  1 drivers
v00000155776d86d0_0 .net "m9", 7 0, L_0000015577742140;  1 drivers
v00000155776d7cd0_0 .net "s0", 7 0, L_00000155776e42b0;  1 drivers
v00000155776d7eb0_0 .net "s0_2", 7 0, L_00000155776e3ef0;  1 drivers
v00000155776d7af0_0 .net "s0_3", 7 0, L_00000155776e5c10;  1 drivers
v00000155776d7e10_0 .net "s1", 7 0, L_00000155776e3bd0;  1 drivers
v00000155776d8b30_0 .net "s10", 7 0, L_00000155776e3810;  1 drivers
v00000155776d7d70_0 .net "s10_2", 7 0, L_00000155776dd7d0;  1 drivers
v00000155776d8590_0 .net "s10_3", 7 0, L_00000155777382a0;  1 drivers
v00000155776d84f0_0 .net "s11", 7 0, L_00000155776e4030;  1 drivers
v00000155776d7c30_0 .net "s11_2", 7 0, L_00000155776de3b0;  1 drivers
v00000155776d8270_0 .net "s11_3", 7 0, L_0000015577738310;  1 drivers
v00000155776d8770_0 .net "s12", 7 0, L_00000155776e25f0;  1 drivers
v00000155776d8450_0 .net "s12_2", 7 0, L_00000155776df850;  1 drivers
v00000155776d7b90_0 .net "s12_3", 7 0, L_0000015577737ba0;  1 drivers
v00000155776d8950_0 .net "s13", 7 0, L_00000155776e2eb0;  1 drivers
v00000155776d7f50_0 .net "s13_2", 7 0, L_00000155776df8f0;  1 drivers
v00000155776d8ef0_0 .net "s13_3", 7 0, L_0000015577737f20;  1 drivers
v00000155776d8310_0 .net "s14", 7 0, L_00000155776e48f0;  1 drivers
v00000155776d9030_0 .net "s14_2", 7 0, L_00000155776dfad0;  1 drivers
v00000155776d8a90_0 .net "s14_3", 7 0, L_0000015577737ac0;  1 drivers
v00000155776d7a50_0 .net "s15", 7 0, L_00000155776e3c70;  1 drivers
v00000155776d8f90_0 .net "s15_2", 7 0, L_00000155776df170;  1 drivers
v00000155776d83b0_0 .net "s15_3", 7 0, L_0000015577738150;  1 drivers
v00000155776d79b0_0 .net "s1_2", 7 0, L_00000155776e2af0;  1 drivers
v00000155776d8810_0 .net "s1_3", 7 0, L_00000155776e6070;  1 drivers
v00000155776d88b0_0 .net "s2", 7 0, L_00000155776e4850;  1 drivers
v00000155776d89f0_0 .net "s2_2", 7 0, L_00000155776e2b90;  1 drivers
v00000155776d8bd0_0 .net "s2_3", 7 0, L_00000155776e55f0;  1 drivers
v00000155776e3d10_0 .net "s3", 7 0, L_00000155776e4490;  1 drivers
v00000155776e2f50_0 .net "s3_2", 7 0, L_00000155776e4e90;  1 drivers
v00000155776e3f90_0 .net "s3_3", 7 0, L_00000155776e6460;  1 drivers
v00000155776e40d0_0 .net "s4", 7 0, L_00000155776e3950;  1 drivers
v00000155776e4990_0 .net "s4_2", 7 0, L_00000155776e5390;  1 drivers
v00000155776e3310_0 .net "s4_3", 7 0, L_00000155776e5f20;  1 drivers
v00000155776e45d0_0 .net "s5", 7 0, L_00000155776e2910;  1 drivers
v00000155776e4ad0_0 .net "s5_2", 7 0, L_00000155776dd5f0;  1 drivers
v00000155776e2c30_0 .net "s5_3", 7 0, L_00000155776e5f90;  1 drivers
v00000155776e3a90_0 .net "s6", 7 0, L_00000155776e3770;  1 drivers
v00000155776e4670_0 .net "s6_2", 7 0, L_00000155776dee50;  1 drivers
v00000155776e3090_0 .net "s6_3", 7 0, L_00000155776e5970;  1 drivers
v00000155776e2cd0_0 .net "s7", 7 0, L_00000155776e43f0;  1 drivers
v00000155776e4710_0 .net "s7_2", 7 0, L_00000155776ded10;  1 drivers
v00000155776e36d0_0 .net "s7_3", 7 0, L_00000155776e5660;  1 drivers
v00000155776e27d0_0 .net "s8", 7 0, L_00000155776e3e50;  1 drivers
v00000155776e2870_0 .net "s8_2", 7 0, L_00000155776df3f0;  1 drivers
v00000155776e29b0_0 .net "s8_3", 7 0, L_00000155776e5cf0;  1 drivers
v00000155776e47b0_0 .net "s9", 7 0, L_00000155776e4170;  1 drivers
v00000155776e4cb0_0 .net "s9_2", 7 0, L_00000155776dfa30;  1 drivers
v00000155776e3b30_0 .net "s9_3", 7 0, L_00000155776e57b0;  1 drivers
v00000155776e4530_0 .net "state_in", 127 0, v00000155776e3130_0;  1 drivers
v00000155776e3db0_0 .net "state_out", 127 0, L_000001557773a6a0;  alias, 1 drivers
L_00000155776e42b0 .part v00000155776e3130_0, 120, 8;
L_00000155776e3bd0 .part v00000155776e3130_0, 112, 8;
L_00000155776e4850 .part v00000155776e3130_0, 104, 8;
L_00000155776e4490 .part v00000155776e3130_0, 96, 8;
L_00000155776e3950 .part v00000155776e3130_0, 88, 8;
L_00000155776e2910 .part v00000155776e3130_0, 80, 8;
L_00000155776e3770 .part v00000155776e3130_0, 72, 8;
L_00000155776e43f0 .part v00000155776e3130_0, 64, 8;
L_00000155776e3e50 .part v00000155776e3130_0, 56, 8;
L_00000155776e4170 .part v00000155776e3130_0, 48, 8;
L_00000155776e3810 .part v00000155776e3130_0, 40, 8;
L_00000155776e4030 .part v00000155776e3130_0, 32, 8;
L_00000155776e25f0 .part v00000155776e3130_0, 24, 8;
L_00000155776e2eb0 .part v00000155776e3130_0, 16, 8;
L_00000155776e48f0 .part v00000155776e3130_0, 8, 8;
L_00000155776e3c70 .part v00000155776e3130_0, 0, 8;
LS_000001557773a6a0_0_0 .concat [ 8 8 8 8], L_0000015577741960, L_0000015577741810, L_0000015577741ff0, L_0000015577741dc0;
LS_000001557773a6a0_0_4 .concat [ 8 8 8 8], L_0000015577741b90, L_0000015577741d50, L_0000015577742140, L_00000155777426f0;
LS_000001557773a6a0_0_8 .concat [ 8 8 8 8], L_0000015577742290, L_0000015577738070, L_0000015577738000, L_0000015577737c80;
LS_000001557773a6a0_0_12 .concat [ 8 8 8 8], L_0000015577737820, L_0000015577738460, L_0000015577737eb0, L_0000015577737d60;
L_000001557773a6a0 .concat [ 32 32 32 32], LS_000001557773a6a0_0_0, LS_000001557773a6a0_0_4, LS_000001557773a6a0_0_8, LS_000001557773a6a0_0_12;
S_0000015577666c40 .scope module, "u0_mul2" "mul2" 3 34, 4 1 0, S_0000015577666720;
 .timescale -9 -12;
    .port_info 0 /INPUT 8 "a";
    .port_info 1 /OUTPUT 8 "result";
L_00000155776e6600 .functor BUFT 1, C4<00011011>, C4<0>, C4<0>, C4<0>;
L_0000015577655250 .functor XOR 8, L_00000155776e2690, L_00000155776e6600, C4<00000000>, C4<00000000>;
v0000015577655a20_0 .net *"_ivl_1", 0 0, L_00000155776e2ff0;  1 drivers
v0000015577655840_0 .net *"_ivl_10", 7 0, L_0000015577655250;  1 drivers
v0000015577656ec0_0 .net *"_ivl_12", 7 0, L_00000155776e4c10;  1 drivers
v0000015577655c00_0 .net *"_ivl_14", 6 0, L_00000155776e39f0;  1 drivers
L_00000155776e6648 .functor BUFT 1, C4<0>, C4<0>, C4<0>, C4<0>;
v0000015577655ca0_0 .net *"_ivl_16", 0 0, L_00000155776e6648;  1 drivers
v0000015577656600_0 .net *"_ivl_2", 7 0, L_00000155776e2690;  1 drivers
v0000015577656d80_0 .net *"_ivl_4", 6 0, L_00000155776e2a50;  1 drivers
L_00000155776e65b8 .functor BUFT 1, C4<0>, C4<0>, C4<0>, C4<0>;
v0000015577656f60_0 .net *"_ivl_6", 0 0, L_00000155776e65b8;  1 drivers
v0000015577655fc0_0 .net/2u *"_ivl_8", 7 0, L_00000155776e6600;  1 drivers
v0000015577656100_0 .net "a", 7 0, L_00000155776e42b0;  alias, 1 drivers
v0000015577656380_0 .net "result", 7 0, L_00000155776e3ef0;  alias, 1 drivers
L_00000155776e2ff0 .part L_00000155776e42b0, 7, 1;
L_00000155776e2a50 .part L_00000155776e42b0, 0, 7;
L_00000155776e2690 .concat [ 1 7 0 0], L_00000155776e65b8, L_00000155776e2a50;
L_00000155776e39f0 .part L_00000155776e42b0, 0, 7;
L_00000155776e4c10 .concat [ 1 7 0 0], L_00000155776e6648, L_00000155776e39f0;
L_00000155776e3ef0 .functor MUXZ 8, L_00000155776e4c10, L_0000015577655250, L_00000155776e2ff0, C4<>;
S_00000155775e73e0 .scope module, "u0_mul3" "mul3" 3 52, 5 3 0, S_0000015577666720;
 .timescale -9 -12;
    .port_info 0 /INPUT 8 "a";
    .port_info 1 /OUTPUT 8 "result";
L_00000155776e5c10 .functor XOR 8, L_00000155776e1470, L_00000155776e42b0, C4<00000000>, C4<00000000>;
v00000155776bcb60_0 .net "a", 7 0, L_00000155776e42b0;  alias, 1 drivers
v00000155776bc980_0 .net "mul2_result", 7 0, L_00000155776e1470;  1 drivers
v00000155776bcf20_0 .net "result", 7 0, L_00000155776e5c10;  alias, 1 drivers
S_00000155775e7570 .scope module, "u_mul2" "mul2" 5 9, 4 1 0, S_00000155775e73e0;
 .timescale -9 -12;
    .port_info 0 /INPUT 8 "a";
    .port_info 1 /OUTPUT 8 "result";
L_00000155776e7380 .functor BUFT 1, C4<00011011>, C4<0>, C4<0>, C4<0>;
L_00000155776e63f0 .functor XOR 8, L_00000155776dfd50, L_00000155776e7380, C4<00000000>, C4<00000000>;
v00000155776570a0_0 .net *"_ivl_1", 0 0, L_00000155776df350;  1 drivers
v0000015577655de0_0 .net *"_ivl_10", 7 0, L_00000155776e63f0;  1 drivers
v00000155776561a0_0 .net *"_ivl_12", 7 0, L_00000155776e20f0;  1 drivers
v0000015577655e80_0 .net *"_ivl_14", 6 0, L_00000155776e0070;  1 drivers
L_00000155776e73c8 .functor BUFT 1, C4<0>, C4<0>, C4<0>, C4<0>;
v00000155776573c0_0 .net *"_ivl_16", 0 0, L_00000155776e73c8;  1 drivers
v0000015577657140_0 .net *"_ivl_2", 7 0, L_00000155776dfd50;  1 drivers
v0000015577657280_0 .net *"_ivl_4", 6 0, L_00000155776df530;  1 drivers
L_00000155776e7338 .functor BUFT 1, C4<0>, C4<0>, C4<0>, C4<0>;
v0000015577656420_0 .net *"_ivl_6", 0 0, L_00000155776e7338;  1 drivers
v00000155776564c0_0 .net/2u *"_ivl_8", 7 0, L_00000155776e7380;  1 drivers
v0000015577656560_0 .net "a", 7 0, L_00000155776e42b0;  alias, 1 drivers
v00000155776bc2a0_0 .net "result", 7 0, L_00000155776e1470;  alias, 1 drivers
L_00000155776df350 .part L_00000155776e42b0, 7, 1;
L_00000155776df530 .part L_00000155776e42b0, 0, 7;
L_00000155776dfd50 .concat [ 1 7 0 0], L_00000155776e7338, L_00000155776df530;
L_00000155776e0070 .part L_00000155776e42b0, 0, 7;
L_00000155776e20f0 .concat [ 1 7 0 0], L_00000155776e73c8, L_00000155776e0070;
L_00000155776e1470 .functor MUXZ 8, L_00000155776e20f0, L_00000155776e63f0, L_00000155776df350, C4<>;
S_00000155775e7700 .scope module, "u10_mul2" "mul2" 3 44, 4 1 0, S_0000015577666720;
 .timescale -9 -12;
    .port_info 0 /INPUT 8 "a";
    .port_info 1 /OUTPUT 8 "result";
L_00000155776e6e70 .functor BUFT 1, C4<00011011>, C4<0>, C4<0>, C4<0>;
L_00000155776e6230 .functor XOR 8, L_00000155776dec70, L_00000155776e6e70, C4<00000000>, C4<00000000>;
v00000155776bcfc0_0 .net *"_ivl_1", 0 0, L_00000155776de450;  1 drivers
v00000155776bb1c0_0 .net *"_ivl_10", 7 0, L_00000155776e6230;  1 drivers
v00000155776bb260_0 .net *"_ivl_12", 7 0, L_00000155776ddcd0;  1 drivers
v00000155776bb580_0 .net *"_ivl_14", 6 0, L_00000155776df710;  1 drivers
L_00000155776e6eb8 .functor BUFT 1, C4<0>, C4<0>, C4<0>, C4<0>;
v00000155776bba80_0 .net *"_ivl_16", 0 0, L_00000155776e6eb8;  1 drivers
v00000155776bc340_0 .net *"_ivl_2", 7 0, L_00000155776dec70;  1 drivers
v00000155776bbb20_0 .net *"_ivl_4", 6 0, L_00000155776dedb0;  1 drivers
L_00000155776e6e28 .functor BUFT 1, C4<0>, C4<0>, C4<0>, C4<0>;
v00000155776bc200_0 .net *"_ivl_6", 0 0, L_00000155776e6e28;  1 drivers
v00000155776bc3e0_0 .net/2u *"_ivl_8", 7 0, L_00000155776e6e70;  1 drivers
v00000155776bbbc0_0 .net "a", 7 0, L_00000155776e3810;  alias, 1 drivers
v00000155776bb800_0 .net "result", 7 0, L_00000155776dd7d0;  alias, 1 drivers
L_00000155776de450 .part L_00000155776e3810, 7, 1;
L_00000155776dedb0 .part L_00000155776e3810, 0, 7;
L_00000155776dec70 .concat [ 1 7 0 0], L_00000155776e6e28, L_00000155776dedb0;
L_00000155776df710 .part L_00000155776e3810, 0, 7;
L_00000155776ddcd0 .concat [ 1 7 0 0], L_00000155776e6eb8, L_00000155776df710;
L_00000155776dd7d0 .functor MUXZ 8, L_00000155776ddcd0, L_00000155776e6230, L_00000155776de450, C4<>;
S_000001557750cfa0 .scope module, "u10_mul3" "mul3" 3 62, 5 3 0, S_0000015577666720;
 .timescale -9 -12;
    .port_info 0 /INPUT 8 "a";
    .port_info 1 /OUTPUT 8 "result";
L_00000155777382a0 .functor XOR 8, L_00000155776e1dd0, L_00000155776e3810, C4<00000000>, C4<00000000>;
v00000155776bcd40_0 .net "a", 7 0, L_00000155776e3810;  alias, 1 drivers
v00000155776bcca0_0 .net "mul2_result", 7 0, L_00000155776e1dd0;  1 drivers
v00000155776bbee0_0 .net "result", 7 0, L_00000155777382a0;  alias, 1 drivers
S_000001557750d130 .scope module, "u_mul2" "mul2" 5 9, 4 1 0, S_000001557750cfa0;
 .timescale -9 -12;
    .port_info 0 /INPUT 8 "a";
    .port_info 1 /OUTPUT 8 "result";
L_00000155776e7bf0 .functor BUFT 1, C4<00011011>, C4<0>, C4<0>, C4<0>;
L_0000015577737740 .functor XOR 8, L_00000155776e16f0, L_00000155776e7bf0, C4<00000000>, C4<00000000>;
v00000155776bca20_0 .net *"_ivl_1", 0 0, L_00000155776e1ab0;  1 drivers
v00000155776bcac0_0 .net *"_ivl_10", 7 0, L_0000015577737740;  1 drivers
v00000155776bb300_0 .net *"_ivl_12", 7 0, L_00000155776e1d30;  1 drivers
v00000155776bbc60_0 .net *"_ivl_14", 6 0, L_00000155776e1830;  1 drivers
L_00000155776e7c38 .functor BUFT 1, C4<0>, C4<0>, C4<0>, C4<0>;
v00000155776bcc00_0 .net *"_ivl_16", 0 0, L_00000155776e7c38;  1 drivers
v00000155776bc520_0 .net *"_ivl_2", 7 0, L_00000155776e16f0;  1 drivers
v00000155776bb940_0 .net *"_ivl_4", 6 0, L_00000155776e1510;  1 drivers
L_00000155776e7ba8 .functor BUFT 1, C4<0>, C4<0>, C4<0>, C4<0>;
v00000155776bbda0_0 .net *"_ivl_6", 0 0, L_00000155776e7ba8;  1 drivers
v00000155776bbe40_0 .net/2u *"_ivl_8", 7 0, L_00000155776e7bf0;  1 drivers
v00000155776bb620_0 .net "a", 7 0, L_00000155776e3810;  alias, 1 drivers
v00000155776bb3a0_0 .net "result", 7 0, L_00000155776e1dd0;  alias, 1 drivers
L_00000155776e1ab0 .part L_00000155776e3810, 7, 1;
L_00000155776e1510 .part L_00000155776e3810, 0, 7;
L_00000155776e16f0 .concat [ 1 7 0 0], L_00000155776e7ba8, L_00000155776e1510;
L_00000155776e1830 .part L_00000155776e3810, 0, 7;
L_00000155776e1d30 .concat [ 1 7 0 0], L_00000155776e7c38, L_00000155776e1830;
L_00000155776e1dd0 .functor MUXZ 8, L_00000155776e1d30, L_0000015577737740, L_00000155776e1ab0, C4<>;
S_000001557750d2c0 .scope module, "u11_mul2" "mul2" 3 45, 4 1 0, S_0000015577666720;
 .timescale -9 -12;
    .port_info 0 /INPUT 8 "a";
    .port_info 1 /OUTPUT 8 "result";
L_00000155776e6f48 .functor BUFT 1, C4<00011011>, C4<0>, C4<0>, C4<0>;
L_00000155776e6380 .functor XOR 8, L_00000155776deef0, L_00000155776e6f48, C4<00000000>, C4<00000000>;
v00000155776bb440_0 .net *"_ivl_1", 0 0, L_00000155776df670;  1 drivers
v00000155776bcde0_0 .net *"_ivl_10", 7 0, L_00000155776e6380;  1 drivers
v00000155776bce80_0 .net *"_ivl_12", 7 0, L_00000155776deb30;  1 drivers
v00000155776bbf80_0 .net *"_ivl_14", 6 0, L_00000155776de950;  1 drivers
L_00000155776e6f90 .functor BUFT 1, C4<0>, C4<0>, C4<0>, C4<0>;
v00000155776bc700_0 .net *"_ivl_16", 0 0, L_00000155776e6f90;  1 drivers
v00000155776bb4e0_0 .net *"_ivl_2", 7 0, L_00000155776deef0;  1 drivers
v00000155776bc020_0 .net *"_ivl_4", 6 0, L_00000155776de6d0;  1 drivers
L_00000155776e6f00 .functor BUFT 1, C4<0>, C4<0>, C4<0>, C4<0>;
v00000155776bc840_0 .net *"_ivl_6", 0 0, L_00000155776e6f00;  1 drivers
v00000155776bc480_0 .net/2u *"_ivl_8", 7 0, L_00000155776e6f48;  1 drivers
v00000155776bb120_0 .net "a", 7 0, L_00000155776e4030;  alias, 1 drivers
v00000155776bb6c0_0 .net "result", 7 0, L_00000155776de3b0;  alias, 1 drivers
L_00000155776df670 .part L_00000155776e4030, 7, 1;
L_00000155776de6d0 .part L_00000155776e4030, 0, 7;
L_00000155776deef0 .concat [ 1 7 0 0], L_00000155776e6f00, L_00000155776de6d0;
L_00000155776de950 .part L_00000155776e4030, 0, 7;
L_00000155776deb30 .concat [ 1 7 0 0], L_00000155776e6f90, L_00000155776de950;
L_00000155776de3b0 .functor MUXZ 8, L_00000155776deb30, L_00000155776e6380, L_00000155776df670, C4<>;
S_0000015577592800 .scope module, "u11_mul3" "mul3" 3 63, 5 3 0, S_0000015577666720;
 .timescale -9 -12;
    .port_info 0 /INPUT 8 "a";
    .port_info 1 /OUTPUT 8 "result";
L_0000015577738310 .functor XOR 8, L_0000015577739520, L_00000155776e4030, C4<00000000>, C4<00000000>;
v00000155776c6a50_0 .net "a", 7 0, L_00000155776e4030;  alias, 1 drivers
v00000155776c56f0_0 .net "mul2_result", 7 0, L_0000015577739520;  1 drivers
v00000155776c58d0_0 .net "result", 7 0, L_0000015577738310;  alias, 1 drivers
S_0000015577592990 .scope module, "u_mul2" "mul2" 5 9, 4 1 0, S_0000015577592800;
 .timescale -9 -12;
    .port_info 0 /INPUT 8 "a";
    .port_info 1 /OUTPUT 8 "result";
L_00000155776e7cc8 .functor BUFT 1, C4<00011011>, C4<0>, C4<0>, C4<0>;
L_0000015577737c10 .functor XOR 8, L_000001557773ac40, L_00000155776e7cc8, C4<00000000>, C4<00000000>;
v00000155776bbd00_0 .net *"_ivl_1", 0 0, L_00000155776e2190;  1 drivers
v00000155776bb8a0_0 .net *"_ivl_10", 7 0, L_0000015577737c10;  1 drivers
v00000155776bb760_0 .net *"_ivl_12", 7 0, L_000001557773a880;  1 drivers
v00000155776bc0c0_0 .net *"_ivl_14", 6 0, L_000001557773a240;  1 drivers
L_00000155776e7d10 .functor BUFT 1, C4<0>, C4<0>, C4<0>, C4<0>;
v00000155776bc5c0_0 .net *"_ivl_16", 0 0, L_00000155776e7d10;  1 drivers
v00000155776bb9e0_0 .net *"_ivl_2", 7 0, L_000001557773ac40;  1 drivers
v00000155776bc160_0 .net *"_ivl_4", 6 0, L_0000015577738da0;  1 drivers
L_00000155776e7c80 .functor BUFT 1, C4<0>, C4<0>, C4<0>, C4<0>;
v00000155776bc660_0 .net *"_ivl_6", 0 0, L_00000155776e7c80;  1 drivers
v00000155776bc7a0_0 .net/2u *"_ivl_8", 7 0, L_00000155776e7cc8;  1 drivers
v00000155776bc8e0_0 .net "a", 7 0, L_00000155776e4030;  alias, 1 drivers
v00000155776c5e70_0 .net "result", 7 0, L_0000015577739520;  alias, 1 drivers
L_00000155776e2190 .part L_00000155776e4030, 7, 1;
L_0000015577738da0 .part L_00000155776e4030, 0, 7;
L_000001557773ac40 .concat [ 1 7 0 0], L_00000155776e7c80, L_0000015577738da0;
L_000001557773a240 .part L_00000155776e4030, 0, 7;
L_000001557773a880 .concat [ 1 7 0 0], L_00000155776e7d10, L_000001557773a240;
L_0000015577739520 .functor MUXZ 8, L_000001557773a880, L_0000015577737c10, L_00000155776e2190, C4<>;
S_0000015577592b20 .scope module, "u12_mul2" "mul2" 3 46, 4 1 0, S_0000015577666720;
 .timescale -9 -12;
    .port_info 0 /INPUT 8 "a";
    .port_info 1 /OUTPUT 8 "result";
L_00000155776e7020 .functor BUFT 1, C4<00011011>, C4<0>, C4<0>, C4<0>;
L_00000155776e5ac0 .functor XOR 8, L_00000155776debd0, L_00000155776e7020, C4<00000000>, C4<00000000>;
v00000155776c6550_0 .net *"_ivl_1", 0 0, L_00000155776dd910;  1 drivers
v00000155776c5790_0 .net *"_ivl_10", 7 0, L_00000155776e5ac0;  1 drivers
v00000155776c65f0_0 .net *"_ivl_12", 7 0, L_00000155776dd9b0;  1 drivers
v00000155776c6d70_0 .net *"_ivl_14", 6 0, L_00000155776de9f0;  1 drivers
L_00000155776e7068 .functor BUFT 1, C4<0>, C4<0>, C4<0>, C4<0>;
v00000155776c69b0_0 .net *"_ivl_16", 0 0, L_00000155776e7068;  1 drivers
v00000155776c74f0_0 .net *"_ivl_2", 7 0, L_00000155776debd0;  1 drivers
v00000155776c5a10_0 .net *"_ivl_4", 6 0, L_00000155776ddd70;  1 drivers
L_00000155776e6fd8 .functor BUFT 1, C4<0>, C4<0>, C4<0>, C4<0>;
v00000155776c6410_0 .net *"_ivl_6", 0 0, L_00000155776e6fd8;  1 drivers
v00000155776c5970_0 .net/2u *"_ivl_8", 7 0, L_00000155776e7020;  1 drivers
v00000155776c5f10_0 .net "a", 7 0, L_00000155776e25f0;  alias, 1 drivers
v00000155776c6cd0_0 .net "result", 7 0, L_00000155776df850;  alias, 1 drivers
L_00000155776dd910 .part L_00000155776e25f0, 7, 1;
L_00000155776ddd70 .part L_00000155776e25f0, 0, 7;
L_00000155776debd0 .concat [ 1 7 0 0], L_00000155776e6fd8, L_00000155776ddd70;
L_00000155776de9f0 .part L_00000155776e25f0, 0, 7;
L_00000155776dd9b0 .concat [ 1 7 0 0], L_00000155776e7068, L_00000155776de9f0;
L_00000155776df850 .functor MUXZ 8, L_00000155776dd9b0, L_00000155776e5ac0, L_00000155776dd910, C4<>;
S_000001557767e240 .scope module, "u12_mul3" "mul3" 3 64, 5 3 0, S_0000015577666720;
 .timescale -9 -12;
    .port_info 0 /INPUT 8 "a";
    .port_info 1 /OUTPUT 8 "result";
L_0000015577737ba0 .functor XOR 8, L_0000015577739480, L_00000155776e25f0, C4<00000000>, C4<00000000>;
v00000155776c5ab0_0 .net "a", 7 0, L_00000155776e25f0;  alias, 1 drivers
v00000155776c53d0_0 .net "mul2_result", 7 0, L_0000015577739480;  1 drivers
v00000155776c5470_0 .net "result", 7 0, L_0000015577737ba0;  alias, 1 drivers
S_000001557767e3d0 .scope module, "u_mul2" "mul2" 5 9, 4 1 0, S_000001557767e240;
 .timescale -9 -12;
    .port_info 0 /INPUT 8 "a";
    .port_info 1 /OUTPUT 8 "result";
L_00000155776e7da0 .functor BUFT 1, C4<00011011>, C4<0>, C4<0>, C4<0>;
L_00000155777377b0 .functor XOR 8, L_000001557773a600, L_00000155776e7da0, C4<00000000>, C4<00000000>;
v00000155776c78b0_0 .net *"_ivl_1", 0 0, L_0000015577739ca0;  1 drivers
v00000155776c64b0_0 .net *"_ivl_10", 7 0, L_00000155777377b0;  1 drivers
v00000155776c60f0_0 .net *"_ivl_12", 7 0, L_000001557773aec0;  1 drivers
v00000155776c6190_0 .net *"_ivl_14", 6 0, L_0000015577738a80;  1 drivers
L_00000155776e7de8 .functor BUFT 1, C4<0>, C4<0>, C4<0>, C4<0>;
v00000155776c6690_0 .net *"_ivl_16", 0 0, L_00000155776e7de8;  1 drivers
v00000155776c5b50_0 .net *"_ivl_2", 7 0, L_000001557773a600;  1 drivers
v00000155776c6730_0 .net *"_ivl_4", 6 0, L_00000155777392a0;  1 drivers
L_00000155776e7d58 .functor BUFT 1, C4<0>, C4<0>, C4<0>, C4<0>;
v00000155776c6e10_0 .net *"_ivl_6", 0 0, L_00000155776e7d58;  1 drivers
v00000155776c67d0_0 .net/2u *"_ivl_8", 7 0, L_00000155776e7da0;  1 drivers
v00000155776c5650_0 .net "a", 7 0, L_00000155776e25f0;  alias, 1 drivers
v00000155776c71d0_0 .net "result", 7 0, L_0000015577739480;  alias, 1 drivers
L_0000015577739ca0 .part L_00000155776e25f0, 7, 1;
L_00000155777392a0 .part L_00000155776e25f0, 0, 7;
L_000001557773a600 .concat [ 1 7 0 0], L_00000155776e7d58, L_00000155777392a0;
L_0000015577738a80 .part L_00000155776e25f0, 0, 7;
L_000001557773aec0 .concat [ 1 7 0 0], L_00000155776e7de8, L_0000015577738a80;
L_0000015577739480 .functor MUXZ 8, L_000001557773aec0, L_00000155777377b0, L_0000015577739ca0, C4<>;
S_000001557767e560 .scope module, "u13_mul2" "mul2" 3 47, 4 1 0, S_0000015577666720;
 .timescale -9 -12;
    .port_info 0 /INPUT 8 "a";
    .port_info 1 /OUTPUT 8 "result";
L_00000155776e70f8 .functor BUFT 1, C4<00011011>, C4<0>, C4<0>, C4<0>;
L_00000155776e5a50 .functor XOR 8, L_00000155776ddeb0, L_00000155776e70f8, C4<00000000>, C4<00000000>;
v00000155776c7090_0 .net *"_ivl_1", 0 0, L_00000155776def90;  1 drivers
v00000155776c5830_0 .net *"_ivl_10", 7 0, L_00000155776e5a50;  1 drivers
v00000155776c5c90_0 .net *"_ivl_12", 7 0, L_00000155776de4f0;  1 drivers
v00000155776c76d0_0 .net *"_ivl_14", 6 0, L_00000155776df030;  1 drivers
L_00000155776e7140 .functor BUFT 1, C4<0>, C4<0>, C4<0>, C4<0>;
v00000155776c7310_0 .net *"_ivl_16", 0 0, L_00000155776e7140;  1 drivers
v00000155776c5150_0 .net *"_ivl_2", 7 0, L_00000155776ddeb0;  1 drivers
v00000155776c73b0_0 .net *"_ivl_4", 6 0, L_00000155776dde10;  1 drivers
L_00000155776e70b0 .functor BUFT 1, C4<0>, C4<0>, C4<0>, C4<0>;
v00000155776c5fb0_0 .net *"_ivl_6", 0 0, L_00000155776e70b0;  1 drivers
v00000155776c5dd0_0 .net/2u *"_ivl_8", 7 0, L_00000155776e70f8;  1 drivers
v00000155776c6870_0 .net "a", 7 0, L_00000155776e2eb0;  alias, 1 drivers
v00000155776c7270_0 .net "result", 7 0, L_00000155776df8f0;  alias, 1 drivers
L_00000155776def90 .part L_00000155776e2eb0, 7, 1;
L_00000155776dde10 .part L_00000155776e2eb0, 0, 7;
L_00000155776ddeb0 .concat [ 1 7 0 0], L_00000155776e70b0, L_00000155776dde10;
L_00000155776df030 .part L_00000155776e2eb0, 0, 7;
L_00000155776de4f0 .concat [ 1 7 0 0], L_00000155776e7140, L_00000155776df030;
L_00000155776df8f0 .functor MUXZ 8, L_00000155776de4f0, L_00000155776e5a50, L_00000155776def90, C4<>;
S_000001557767e6f0 .scope module, "u13_mul3" "mul3" 3 65, 5 3 0, S_0000015577666720;
 .timescale -9 -12;
    .port_info 0 /INPUT 8 "a";
    .port_info 1 /OUTPUT 8 "result";
L_0000015577737f20 .functor XOR 8, L_00000155777398e0, L_00000155776e2eb0, C4<00000000>, C4<00000000>;
v00000155776c7450_0 .net "a", 7 0, L_00000155776e2eb0;  alias, 1 drivers
v00000155776c7630_0 .net "mul2_result", 7 0, L_00000155777398e0;  1 drivers
v00000155776c6af0_0 .net "result", 7 0, L_0000015577737f20;  alias, 1 drivers
S_000001557767e880 .scope module, "u_mul2" "mul2" 5 9, 4 1 0, S_000001557767e6f0;
 .timescale -9 -12;
    .port_info 0 /INPUT 8 "a";
    .port_info 1 /OUTPUT 8 "result";
L_00000155776e7e78 .functor BUFT 1, C4<00011011>, C4<0>, C4<0>, C4<0>;
L_00000155777384d0 .functor XOR 8, L_000001557773a2e0, L_00000155776e7e78, C4<00000000>, C4<00000000>;
v00000155776c62d0_0 .net *"_ivl_1", 0 0, L_000001557773ace0;  1 drivers
v00000155776c51f0_0 .net *"_ivl_10", 7 0, L_00000155777384d0;  1 drivers
v00000155776c6050_0 .net *"_ivl_12", 7 0, L_0000015577739340;  1 drivers
v00000155776c5290_0 .net *"_ivl_14", 6 0, L_000001557773ab00;  1 drivers
L_00000155776e7ec0 .functor BUFT 1, C4<0>, C4<0>, C4<0>, C4<0>;
v00000155776c6eb0_0 .net *"_ivl_16", 0 0, L_00000155776e7ec0;  1 drivers
v00000155776c5bf0_0 .net *"_ivl_2", 7 0, L_000001557773a2e0;  1 drivers
v00000155776c7590_0 .net *"_ivl_4", 6 0, L_0000015577739160;  1 drivers
L_00000155776e7e30 .functor BUFT 1, C4<0>, C4<0>, C4<0>, C4<0>;
v00000155776c6910_0 .net *"_ivl_6", 0 0, L_00000155776e7e30;  1 drivers
v00000155776c5330_0 .net/2u *"_ivl_8", 7 0, L_00000155776e7e78;  1 drivers
v00000155776c6370_0 .net "a", 7 0, L_00000155776e2eb0;  alias, 1 drivers
v00000155776c5510_0 .net "result", 7 0, L_00000155777398e0;  alias, 1 drivers
L_000001557773ace0 .part L_00000155776e2eb0, 7, 1;
L_0000015577739160 .part L_00000155776e2eb0, 0, 7;
L_000001557773a2e0 .concat [ 1 7 0 0], L_00000155776e7e30, L_0000015577739160;
L_000001557773ab00 .part L_00000155776e2eb0, 0, 7;
L_0000015577739340 .concat [ 1 7 0 0], L_00000155776e7ec0, L_000001557773ab00;
L_00000155777398e0 .functor MUXZ 8, L_0000015577739340, L_00000155777384d0, L_000001557773ace0, C4<>;
S_00000155776c92e0 .scope module, "u14_mul2" "mul2" 3 48, 4 1 0, S_0000015577666720;
 .timescale -9 -12;
    .port_info 0 /INPUT 8 "a";
    .port_info 1 /OUTPUT 8 "result";
L_00000155776e71d0 .functor BUFT 1, C4<00011011>, C4<0>, C4<0>, C4<0>;
L_00000155776e5e40 .functor XOR 8, L_00000155776de270, L_00000155776e71d0, C4<00000000>, C4<00000000>;
v00000155776c5d30_0 .net *"_ivl_1", 0 0, L_00000155776dda50;  1 drivers
v00000155776c6230_0 .net *"_ivl_10", 7 0, L_00000155776e5e40;  1 drivers
v00000155776c6b90_0 .net *"_ivl_12", 7 0, L_00000155776ddff0;  1 drivers
v00000155776c6c30_0 .net *"_ivl_14", 6 0, L_00000155776df990;  1 drivers
L_00000155776e7218 .functor BUFT 1, C4<0>, C4<0>, C4<0>, C4<0>;
v00000155776c7770_0 .net *"_ivl_16", 0 0, L_00000155776e7218;  1 drivers
v00000155776c6f50_0 .net *"_ivl_2", 7 0, L_00000155776de270;  1 drivers
v00000155776c6ff0_0 .net *"_ivl_4", 6 0, L_00000155776dfc10;  1 drivers
L_00000155776e7188 .functor BUFT 1, C4<0>, C4<0>, C4<0>, C4<0>;
v00000155776c7130_0 .net *"_ivl_6", 0 0, L_00000155776e7188;  1 drivers
v00000155776c7810_0 .net/2u *"_ivl_8", 7 0, L_00000155776e71d0;  1 drivers
v00000155776c55b0_0 .net "a", 7 0, L_00000155776e48f0;  alias, 1 drivers
v00000155776c8c10_0 .net "result", 7 0, L_00000155776dfad0;  alias, 1 drivers
L_00000155776dda50 .part L_00000155776e48f0, 7, 1;
L_00000155776dfc10 .part L_00000155776e48f0, 0, 7;
L_00000155776de270 .concat [ 1 7 0 0], L_00000155776e7188, L_00000155776dfc10;
L_00000155776df990 .part L_00000155776e48f0, 0, 7;
L_00000155776ddff0 .concat [ 1 7 0 0], L_00000155776e7218, L_00000155776df990;
L_00000155776dfad0 .functor MUXZ 8, L_00000155776ddff0, L_00000155776e5e40, L_00000155776dda50, C4<>;
S_00000155776c9790 .scope module, "u14_mul3" "mul3" 3 66, 5 3 0, S_0000015577666720;
 .timescale -9 -12;
    .port_info 0 /INPUT 8 "a";
    .port_info 1 /OUTPUT 8 "result";
L_0000015577737ac0 .functor XOR 8, L_00000155777388a0, L_00000155776e48f0, C4<00000000>, C4<00000000>;
v00000155776c8030_0 .net "a", 7 0, L_00000155776e48f0;  alias, 1 drivers
v00000155776c8990_0 .net "mul2_result", 7 0, L_00000155777388a0;  1 drivers
v00000155776c83f0_0 .net "result", 7 0, L_0000015577737ac0;  alias, 1 drivers
S_00000155776c9600 .scope module, "u_mul2" "mul2" 5 9, 4 1 0, S_00000155776c9790;
 .timescale -9 -12;
    .port_info 0 /INPUT 8 "a";
    .port_info 1 /OUTPUT 8 "result";
L_00000155776e7f50 .functor BUFT 1, C4<00011011>, C4<0>, C4<0>, C4<0>;
L_0000015577738540 .functor XOR 8, L_0000015577739e80, L_00000155776e7f50, C4<00000000>, C4<00000000>;
v00000155776c8210_0 .net *"_ivl_1", 0 0, L_00000155777393e0;  1 drivers
v00000155776c88f0_0 .net *"_ivl_10", 7 0, L_0000015577738540;  1 drivers
v00000155776c8170_0 .net *"_ivl_12", 7 0, L_000001557773a060;  1 drivers
v00000155776c8fd0_0 .net *"_ivl_14", 6 0, L_00000155777395c0;  1 drivers
L_00000155776e7f98 .functor BUFT 1, C4<0>, C4<0>, C4<0>, C4<0>;
v00000155776c82b0_0 .net *"_ivl_16", 0 0, L_00000155776e7f98;  1 drivers
v00000155776c8f30_0 .net *"_ivl_2", 7 0, L_0000015577739e80;  1 drivers
v00000155776c8350_0 .net *"_ivl_4", 6 0, L_000001557773a380;  1 drivers
L_00000155776e7f08 .functor BUFT 1, C4<0>, C4<0>, C4<0>, C4<0>;
v00000155776c7950_0 .net *"_ivl_6", 0 0, L_00000155776e7f08;  1 drivers
v00000155776c8e90_0 .net/2u *"_ivl_8", 7 0, L_00000155776e7f50;  1 drivers
v00000155776c79f0_0 .net "a", 7 0, L_00000155776e48f0;  alias, 1 drivers
v00000155776c7d10_0 .net "result", 7 0, L_00000155777388a0;  alias, 1 drivers
L_00000155777393e0 .part L_00000155776e48f0, 7, 1;
L_000001557773a380 .part L_00000155776e48f0, 0, 7;
L_0000015577739e80 .concat [ 1 7 0 0], L_00000155776e7f08, L_000001557773a380;
L_00000155777395c0 .part L_00000155776e48f0, 0, 7;
L_000001557773a060 .concat [ 1 7 0 0], L_00000155776e7f98, L_00000155777395c0;
L_00000155777388a0 .functor MUXZ 8, L_000001557773a060, L_0000015577738540, L_00000155777393e0, C4<>;
S_00000155776c9dd0 .scope module, "u15_mul2" "mul2" 3 49, 4 1 0, S_0000015577666720;
 .timescale -9 -12;
    .port_info 0 /INPUT 8 "a";
    .port_info 1 /OUTPUT 8 "result";
L_00000155776e72a8 .functor BUFT 1, C4<00011011>, C4<0>, C4<0>, C4<0>;
L_00000155776e6000 .functor XOR 8, L_00000155776de770, L_00000155776e72a8, C4<00000000>, C4<00000000>;
v00000155776c8cb0_0 .net *"_ivl_1", 0 0, L_00000155776de310;  1 drivers
v00000155776c8670_0 .net *"_ivl_10", 7 0, L_00000155776e6000;  1 drivers
v00000155776c8490_0 .net *"_ivl_12", 7 0, L_00000155776df0d0;  1 drivers
v00000155776c8ad0_0 .net *"_ivl_14", 6 0, L_00000155776de810;  1 drivers
L_00000155776e72f0 .functor BUFT 1, C4<0>, C4<0>, C4<0>, C4<0>;
v00000155776c7bd0_0 .net *"_ivl_16", 0 0, L_00000155776e72f0;  1 drivers
v00000155776c7c70_0 .net *"_ivl_2", 7 0, L_00000155776de770;  1 drivers
v00000155776c7db0_0 .net *"_ivl_4", 6 0, L_00000155776de630;  1 drivers
L_00000155776e7260 .functor BUFT 1, C4<0>, C4<0>, C4<0>, C4<0>;
v00000155776c7a90_0 .net *"_ivl_6", 0 0, L_00000155776e7260;  1 drivers
v00000155776c8530_0 .net/2u *"_ivl_8", 7 0, L_00000155776e72a8;  1 drivers
v00000155776c8850_0 .net "a", 7 0, L_00000155776e3c70;  alias, 1 drivers
v00000155776c8d50_0 .net "result", 7 0, L_00000155776df170;  alias, 1 drivers
L_00000155776de310 .part L_00000155776e3c70, 7, 1;
L_00000155776de630 .part L_00000155776e3c70, 0, 7;
L_00000155776de770 .concat [ 1 7 0 0], L_00000155776e7260, L_00000155776de630;
L_00000155776de810 .part L_00000155776e3c70, 0, 7;
L_00000155776df0d0 .concat [ 1 7 0 0], L_00000155776e72f0, L_00000155776de810;
L_00000155776df170 .functor MUXZ 8, L_00000155776df0d0, L_00000155776e6000, L_00000155776de310, C4<>;
S_00000155776c9470 .scope module, "u15_mul3" "mul3" 3 67, 5 3 0, S_0000015577666720;
 .timescale -9 -12;
    .port_info 0 /INPUT 8 "a";
    .port_info 1 /OUTPUT 8 "result";
L_0000015577738150 .functor XOR 8, L_00000155777389e0, L_00000155776e3c70, C4<00000000>, C4<00000000>;
v00000155776cc150_0 .net "a", 7 0, L_00000155776e3c70;  alias, 1 drivers
v00000155776caa30_0 .net "mul2_result", 7 0, L_00000155777389e0;  1 drivers
v00000155776cc510_0 .net "result", 7 0, L_0000015577738150;  alias, 1 drivers
S_00000155776c9f60 .scope module, "u_mul2" "mul2" 5 9, 4 1 0, S_00000155776c9470;
 .timescale -9 -12;
    .port_info 0 /INPUT 8 "a";
    .port_info 1 /OUTPUT 8 "result";
L_00000155776e8028 .functor BUFT 1, C4<00011011>, C4<0>, C4<0>, C4<0>;
L_00000155777380e0 .functor XOR 8, L_000001557773a100, L_00000155776e8028, C4<00000000>, C4<00000000>;
v00000155776c8710_0 .net *"_ivl_1", 0 0, L_0000015577739a20;  1 drivers
v00000155776c8b70_0 .net *"_ivl_10", 7 0, L_00000155777380e0;  1 drivers
v00000155776c85d0_0 .net *"_ivl_12", 7 0, L_0000015577739660;  1 drivers
v00000155776c87b0_0 .net *"_ivl_14", 6 0, L_0000015577739840;  1 drivers
L_00000155776e8070 .functor BUFT 1, C4<0>, C4<0>, C4<0>, C4<0>;
v00000155776c8df0_0 .net *"_ivl_16", 0 0, L_00000155776e8070;  1 drivers
v00000155776c7b30_0 .net *"_ivl_2", 7 0, L_000001557773a100;  1 drivers
v00000155776c7e50_0 .net *"_ivl_4", 6 0, L_000001557773af60;  1 drivers
L_00000155776e7fe0 .functor BUFT 1, C4<0>, C4<0>, C4<0>, C4<0>;
v00000155776c7ef0_0 .net *"_ivl_6", 0 0, L_00000155776e7fe0;  1 drivers
v00000155776c8a30_0 .net/2u *"_ivl_8", 7 0, L_00000155776e8028;  1 drivers
v00000155776c7f90_0 .net "a", 7 0, L_00000155776e3c70;  alias, 1 drivers
v00000155776c80d0_0 .net "result", 7 0, L_00000155777389e0;  alias, 1 drivers
L_0000015577739a20 .part L_00000155776e3c70, 7, 1;
L_000001557773af60 .part L_00000155776e3c70, 0, 7;
L_000001557773a100 .concat [ 1 7 0 0], L_00000155776e7fe0, L_000001557773af60;
L_0000015577739840 .part L_00000155776e3c70, 0, 7;
L_0000015577739660 .concat [ 1 7 0 0], L_00000155776e8070, L_0000015577739840;
L_00000155777389e0 .functor MUXZ 8, L_0000015577739660, L_00000155777380e0, L_0000015577739a20, C4<>;
S_00000155776c9150 .scope module, "u1_mul2" "mul2" 3 35, 4 1 0, S_0000015577666720;
 .timescale -9 -12;
    .port_info 0 /INPUT 8 "a";
    .port_info 1 /OUTPUT 8 "result";
L_00000155776e66d8 .functor BUFT 1, C4<00011011>, C4<0>, C4<0>, C4<0>;
L_00000155776e60e0 .functor XOR 8, L_00000155776e4210, L_00000155776e66d8, C4<00000000>, C4<00000000>;
v00000155776cc470_0 .net *"_ivl_1", 0 0, L_00000155776e4a30;  1 drivers
v00000155776cb110_0 .net *"_ivl_10", 7 0, L_00000155776e60e0;  1 drivers
v00000155776cc5b0_0 .net *"_ivl_12", 7 0, L_00000155776e34f0;  1 drivers
v00000155776cc650_0 .net *"_ivl_14", 6 0, L_00000155776e38b0;  1 drivers
L_00000155776e6720 .functor BUFT 1, C4<0>, C4<0>, C4<0>, C4<0>;
v00000155776cc1f0_0 .net *"_ivl_16", 0 0, L_00000155776e6720;  1 drivers
v00000155776cb2f0_0 .net *"_ivl_2", 7 0, L_00000155776e4210;  1 drivers
v00000155776cc6f0_0 .net *"_ivl_4", 6 0, L_00000155776e31d0;  1 drivers
L_00000155776e6690 .functor BUFT 1, C4<0>, C4<0>, C4<0>, C4<0>;
v00000155776cc0b0_0 .net *"_ivl_6", 0 0, L_00000155776e6690;  1 drivers
v00000155776ca710_0 .net/2u *"_ivl_8", 7 0, L_00000155776e66d8;  1 drivers
v00000155776ca8f0_0 .net "a", 7 0, L_00000155776e3bd0;  alias, 1 drivers
v00000155776cbe30_0 .net "result", 7 0, L_00000155776e2af0;  alias, 1 drivers
L_00000155776e4a30 .part L_00000155776e3bd0, 7, 1;
L_00000155776e31d0 .part L_00000155776e3bd0, 0, 7;
L_00000155776e4210 .concat [ 1 7 0 0], L_00000155776e6690, L_00000155776e31d0;
L_00000155776e38b0 .part L_00000155776e3bd0, 0, 7;
L_00000155776e34f0 .concat [ 1 7 0 0], L_00000155776e6720, L_00000155776e38b0;
L_00000155776e2af0 .functor MUXZ 8, L_00000155776e34f0, L_00000155776e60e0, L_00000155776e4a30, C4<>;
S_00000155776c9920 .scope module, "u1_mul3" "mul3" 3 53, 5 3 0, S_0000015577666720;
 .timescale -9 -12;
    .port_info 0 /INPUT 8 "a";
    .port_info 1 /OUTPUT 8 "result";
L_00000155776e6070 .functor XOR 8, L_00000155776e0890, L_00000155776e3bd0, C4<00000000>, C4<00000000>;
v00000155776cbf70_0 .net "a", 7 0, L_00000155776e3bd0;  alias, 1 drivers
v00000155776cb390_0 .net "mul2_result", 7 0, L_00000155776e0890;  1 drivers
v00000155776cc010_0 .net "result", 7 0, L_00000155776e6070;  alias, 1 drivers
S_00000155776c9ab0 .scope module, "u_mul2" "mul2" 5 9, 4 1 0, S_00000155776c9920;
 .timescale -9 -12;
    .port_info 0 /INPUT 8 "a";
    .port_info 1 /OUTPUT 8 "result";
L_00000155776e7458 .functor BUFT 1, C4<00011011>, C4<0>, C4<0>, C4<0>;
L_00000155776e56d0 .functor XOR 8, L_00000155776e0390, L_00000155776e7458, C4<00000000>, C4<00000000>;
v00000155776cb610_0 .net *"_ivl_1", 0 0, L_00000155776dffd0;  1 drivers
v00000155776cbd90_0 .net *"_ivl_10", 7 0, L_00000155776e56d0;  1 drivers
v00000155776cbc50_0 .net *"_ivl_12", 7 0, L_00000155776e09d0;  1 drivers
v00000155776cbed0_0 .net *"_ivl_14", 6 0, L_00000155776e22d0;  1 drivers
L_00000155776e74a0 .functor BUFT 1, C4<0>, C4<0>, C4<0>, C4<0>;
v00000155776cb9d0_0 .net *"_ivl_16", 0 0, L_00000155776e74a0;  1 drivers
v00000155776cb1b0_0 .net *"_ivl_2", 7 0, L_00000155776e0390;  1 drivers
v00000155776cac10_0 .net *"_ivl_4", 6 0, L_00000155776e0b10;  1 drivers
L_00000155776e7410 .functor BUFT 1, C4<0>, C4<0>, C4<0>, C4<0>;
v00000155776cb250_0 .net *"_ivl_6", 0 0, L_00000155776e7410;  1 drivers
v00000155776cb070_0 .net/2u *"_ivl_8", 7 0, L_00000155776e7458;  1 drivers
v00000155776cbcf0_0 .net "a", 7 0, L_00000155776e3bd0;  alias, 1 drivers
v00000155776caad0_0 .net "result", 7 0, L_00000155776e0890;  alias, 1 drivers
L_00000155776dffd0 .part L_00000155776e3bd0, 7, 1;
L_00000155776e0b10 .part L_00000155776e3bd0, 0, 7;
L_00000155776e0390 .concat [ 1 7 0 0], L_00000155776e7410, L_00000155776e0b10;
L_00000155776e22d0 .part L_00000155776e3bd0, 0, 7;
L_00000155776e09d0 .concat [ 1 7 0 0], L_00000155776e74a0, L_00000155776e22d0;
L_00000155776e0890 .functor MUXZ 8, L_00000155776e09d0, L_00000155776e56d0, L_00000155776dffd0, C4<>;
S_00000155776c9c40 .scope module, "u2_mul2" "mul2" 3 36, 4 1 0, S_0000015577666720;
 .timescale -9 -12;
    .port_info 0 /INPUT 8 "a";
    .port_info 1 /OUTPUT 8 "result";
L_00000155776e67b0 .functor BUFT 1, C4<00011011>, C4<0>, C4<0>, C4<0>;
L_00000155776e64d0 .functor XOR 8, L_00000155776e3630, L_00000155776e67b0, C4<00000000>, C4<00000000>;
v00000155776cc830_0 .net *"_ivl_1", 0 0, L_00000155776e4350;  1 drivers
v00000155776cba70_0 .net *"_ivl_10", 7 0, L_00000155776e64d0;  1 drivers
v00000155776cb4d0_0 .net *"_ivl_12", 7 0, L_00000155776e2d70;  1 drivers
v00000155776ca670_0 .net *"_ivl_14", 6 0, L_00000155776e2730;  1 drivers
L_00000155776e67f8 .functor BUFT 1, C4<0>, C4<0>, C4<0>, C4<0>;
v00000155776cc290_0 .net *"_ivl_16", 0 0, L_00000155776e67f8;  1 drivers
v00000155776cc330_0 .net *"_ivl_2", 7 0, L_00000155776e3630;  1 drivers
v00000155776cb930_0 .net *"_ivl_4", 6 0, L_00000155776e4d50;  1 drivers
L_00000155776e6768 .functor BUFT 1, C4<0>, C4<0>, C4<0>, C4<0>;
v00000155776cc3d0_0 .net *"_ivl_6", 0 0, L_00000155776e6768;  1 drivers
v00000155776cc790_0 .net/2u *"_ivl_8", 7 0, L_00000155776e67b0;  1 drivers
v00000155776cb6b0_0 .net "a", 7 0, L_00000155776e4850;  alias, 1 drivers
v00000155776ca170_0 .net "result", 7 0, L_00000155776e2b90;  alias, 1 drivers
L_00000155776e4350 .part L_00000155776e4850, 7, 1;
L_00000155776e4d50 .part L_00000155776e4850, 0, 7;
L_00000155776e3630 .concat [ 1 7 0 0], L_00000155776e6768, L_00000155776e4d50;
L_00000155776e2730 .part L_00000155776e4850, 0, 7;
L_00000155776e2d70 .concat [ 1 7 0 0], L_00000155776e67f8, L_00000155776e2730;
L_00000155776e2b90 .functor MUXZ 8, L_00000155776e2d70, L_00000155776e64d0, L_00000155776e4350, C4<>;
S_00000155776cfa70 .scope module, "u2_mul3" "mul3" 3 54, 5 3 0, S_0000015577666720;
 .timescale -9 -12;
    .port_info 0 /INPUT 8 "a";
    .port_info 1 /OUTPUT 8 "result";
L_00000155776e55f0 .functor XOR 8, L_00000155776e0a70, L_00000155776e4850, C4<00000000>, C4<00000000>;
v00000155776ca850_0 .net "a", 7 0, L_00000155776e4850;  alias, 1 drivers
v00000155776ca350_0 .net "mul2_result", 7 0, L_00000155776e0a70;  1 drivers
v00000155776cb7f0_0 .net "result", 7 0, L_00000155776e55f0;  alias, 1 drivers
S_00000155776ce620 .scope module, "u_mul2" "mul2" 5 9, 4 1 0, S_00000155776cfa70;
 .timescale -9 -12;
    .port_info 0 /INPUT 8 "a";
    .port_info 1 /OUTPUT 8 "result";
L_00000155776e7530 .functor BUFT 1, C4<00011011>, C4<0>, C4<0>, C4<0>;
L_00000155776e59e0 .functor XOR 8, L_00000155776e0110, L_00000155776e7530, C4<00000000>, C4<00000000>;
v00000155776cb570_0 .net *"_ivl_1", 0 0, L_00000155776e18d0;  1 drivers
v00000155776ca7b0_0 .net *"_ivl_10", 7 0, L_00000155776e59e0;  1 drivers
v00000155776cb750_0 .net *"_ivl_12", 7 0, L_00000155776e1970;  1 drivers
v00000155776cc8d0_0 .net *"_ivl_14", 6 0, L_00000155776e0cf0;  1 drivers
L_00000155776e7578 .functor BUFT 1, C4<0>, C4<0>, C4<0>, C4<0>;
v00000155776cbb10_0 .net *"_ivl_16", 0 0, L_00000155776e7578;  1 drivers
v00000155776ca210_0 .net *"_ivl_2", 7 0, L_00000155776e0110;  1 drivers
v00000155776cab70_0 .net *"_ivl_4", 6 0, L_00000155776e0e30;  1 drivers
L_00000155776e74e8 .functor BUFT 1, C4<0>, C4<0>, C4<0>, C4<0>;
v00000155776cb430_0 .net *"_ivl_6", 0 0, L_00000155776e74e8;  1 drivers
v00000155776ca990_0 .net/2u *"_ivl_8", 7 0, L_00000155776e7530;  1 drivers
v00000155776caf30_0 .net "a", 7 0, L_00000155776e4850;  alias, 1 drivers
v00000155776ca2b0_0 .net "result", 7 0, L_00000155776e0a70;  alias, 1 drivers
L_00000155776e18d0 .part L_00000155776e4850, 7, 1;
L_00000155776e0e30 .part L_00000155776e4850, 0, 7;
L_00000155776e0110 .concat [ 1 7 0 0], L_00000155776e74e8, L_00000155776e0e30;
L_00000155776e0cf0 .part L_00000155776e4850, 0, 7;
L_00000155776e1970 .concat [ 1 7 0 0], L_00000155776e7578, L_00000155776e0cf0;
L_00000155776e0a70 .functor MUXZ 8, L_00000155776e1970, L_00000155776e59e0, L_00000155776e18d0, C4<>;
S_00000155776cf750 .scope module, "u3_mul2" "mul2" 3 37, 4 1 0, S_0000015577666720;
 .timescale -9 -12;
    .port_info 0 /INPUT 8 "a";
    .port_info 1 /OUTPUT 8 "result";
L_00000155776e6888 .functor BUFT 1, C4<00011011>, C4<0>, C4<0>, C4<0>;
L_00000155776e6310 .functor XOR 8, L_00000155776e33b0, L_00000155776e6888, C4<00000000>, C4<00000000>;
v00000155776ca3f0_0 .net *"_ivl_1", 0 0, L_00000155776e2e10;  1 drivers
v00000155776ca490_0 .net *"_ivl_10", 7 0, L_00000155776e6310;  1 drivers
v00000155776ca530_0 .net *"_ivl_12", 7 0, L_00000155776e3590;  1 drivers
v00000155776ca5d0_0 .net *"_ivl_14", 6 0, L_00000155776e3450;  1 drivers
L_00000155776e68d0 .functor BUFT 1, C4<0>, C4<0>, C4<0>, C4<0>;
v00000155776cb890_0 .net *"_ivl_16", 0 0, L_00000155776e68d0;  1 drivers
v00000155776cacb0_0 .net *"_ivl_2", 7 0, L_00000155776e33b0;  1 drivers
v00000155776cad50_0 .net *"_ivl_4", 6 0, L_00000155776e3270;  1 drivers
L_00000155776e6840 .functor BUFT 1, C4<0>, C4<0>, C4<0>, C4<0>;
v00000155776cadf0_0 .net *"_ivl_6", 0 0, L_00000155776e6840;  1 drivers
v00000155776cae90_0 .net/2u *"_ivl_8", 7 0, L_00000155776e6888;  1 drivers
v00000155776cafd0_0 .net "a", 7 0, L_00000155776e4490;  alias, 1 drivers
v00000155776cbbb0_0 .net "result", 7 0, L_00000155776e4e90;  alias, 1 drivers
L_00000155776e2e10 .part L_00000155776e4490, 7, 1;
L_00000155776e3270 .part L_00000155776e4490, 0, 7;
L_00000155776e33b0 .concat [ 1 7 0 0], L_00000155776e6840, L_00000155776e3270;
L_00000155776e3450 .part L_00000155776e4490, 0, 7;
L_00000155776e3590 .concat [ 1 7 0 0], L_00000155776e68d0, L_00000155776e3450;
L_00000155776e4e90 .functor MUXZ 8, L_00000155776e3590, L_00000155776e6310, L_00000155776e2e10, C4<>;
S_00000155776cfc00 .scope module, "u3_mul3" "mul3" 3 55, 5 3 0, S_0000015577666720;
 .timescale -9 -12;
    .port_info 0 /INPUT 8 "a";
    .port_info 1 /OUTPUT 8 "result";
L_00000155776e6460 .functor XOR 8, L_00000155776e1e70, L_00000155776e4490, C4<00000000>, C4<00000000>;
v00000155776cdff0_0 .net "a", 7 0, L_00000155776e4490;  alias, 1 drivers
v00000155776cdcd0_0 .net "mul2_result", 7 0, L_00000155776e1e70;  1 drivers
v00000155776cdaf0_0 .net "result", 7 0, L_00000155776e6460;  alias, 1 drivers
S_00000155776cef80 .scope module, "u_mul2" "mul2" 5 9, 4 1 0, S_00000155776cfc00;
 .timescale -9 -12;
    .port_info 0 /INPUT 8 "a";
    .port_info 1 /OUTPUT 8 "result";
L_00000155776e7608 .functor BUFT 1, C4<00011011>, C4<0>, C4<0>, C4<0>;
L_00000155776e5890 .functor XOR 8, L_00000155776e2230, L_00000155776e7608, C4<00000000>, C4<00000000>;
v00000155776cd5f0_0 .net *"_ivl_1", 0 0, L_00000155776e1b50;  1 drivers
v00000155776cd370_0 .net *"_ivl_10", 7 0, L_00000155776e5890;  1 drivers
v00000155776ccc90_0 .net *"_ivl_12", 7 0, L_00000155776e1790;  1 drivers
v00000155776cd190_0 .net *"_ivl_14", 6 0, L_00000155776e0bb0;  1 drivers
L_00000155776e7650 .functor BUFT 1, C4<0>, C4<0>, C4<0>, C4<0>;
v00000155776cdf50_0 .net *"_ivl_16", 0 0, L_00000155776e7650;  1 drivers
v00000155776cd410_0 .net *"_ivl_2", 7 0, L_00000155776e2230;  1 drivers
v00000155776cdb90_0 .net *"_ivl_4", 6 0, L_00000155776e0d90;  1 drivers
L_00000155776e75c0 .functor BUFT 1, C4<0>, C4<0>, C4<0>, C4<0>;
v00000155776cd4b0_0 .net *"_ivl_6", 0 0, L_00000155776e75c0;  1 drivers
v00000155776cd0f0_0 .net/2u *"_ivl_8", 7 0, L_00000155776e7608;  1 drivers
v00000155776cdd70_0 .net "a", 7 0, L_00000155776e4490;  alias, 1 drivers
v00000155776cdeb0_0 .net "result", 7 0, L_00000155776e1e70;  alias, 1 drivers
L_00000155776e1b50 .part L_00000155776e4490, 7, 1;
L_00000155776e0d90 .part L_00000155776e4490, 0, 7;
L_00000155776e2230 .concat [ 1 7 0 0], L_00000155776e75c0, L_00000155776e0d90;
L_00000155776e0bb0 .part L_00000155776e4490, 0, 7;
L_00000155776e1790 .concat [ 1 7 0 0], L_00000155776e7650, L_00000155776e0bb0;
L_00000155776e1e70 .functor MUXZ 8, L_00000155776e1790, L_00000155776e5890, L_00000155776e1b50, C4<>;
S_00000155776cf110 .scope module, "u4_mul2" "mul2" 3 38, 4 1 0, S_0000015577666720;
 .timescale -9 -12;
    .port_info 0 /INPUT 8 "a";
    .port_info 1 /OUTPUT 8 "result";
L_00000155776e6960 .functor BUFT 1, C4<00011011>, C4<0>, C4<0>, C4<0>;
L_00000155776e5ba0 .functor XOR 8, L_00000155776e51b0, L_00000155776e6960, C4<00000000>, C4<00000000>;
v00000155776cca10_0 .net *"_ivl_1", 0 0, L_00000155776e5250;  1 drivers
v00000155776cd730_0 .net *"_ivl_10", 7 0, L_00000155776e5ba0;  1 drivers
v00000155776cc970_0 .net *"_ivl_12", 7 0, L_00000155776e54d0;  1 drivers
v00000155776cd690_0 .net *"_ivl_14", 6 0, L_00000155776e4df0;  1 drivers
L_00000155776e69a8 .functor BUFT 1, C4<0>, C4<0>, C4<0>, C4<0>;
v00000155776cde10_0 .net *"_ivl_16", 0 0, L_00000155776e69a8;  1 drivers
v00000155776ccab0_0 .net *"_ivl_2", 7 0, L_00000155776e51b0;  1 drivers
v00000155776ccbf0_0 .net *"_ivl_4", 6 0, L_00000155776e4fd0;  1 drivers
L_00000155776e6918 .functor BUFT 1, C4<0>, C4<0>, C4<0>, C4<0>;
v00000155776ccd30_0 .net *"_ivl_6", 0 0, L_00000155776e6918;  1 drivers
v00000155776cd050_0 .net/2u *"_ivl_8", 7 0, L_00000155776e6960;  1 drivers
v00000155776ccb50_0 .net "a", 7 0, L_00000155776e3950;  alias, 1 drivers
v00000155776cdc30_0 .net "result", 7 0, L_00000155776e5390;  alias, 1 drivers
L_00000155776e5250 .part L_00000155776e3950, 7, 1;
L_00000155776e4fd0 .part L_00000155776e3950, 0, 7;
L_00000155776e51b0 .concat [ 1 7 0 0], L_00000155776e6918, L_00000155776e4fd0;
L_00000155776e4df0 .part L_00000155776e3950, 0, 7;
L_00000155776e54d0 .concat [ 1 7 0 0], L_00000155776e69a8, L_00000155776e4df0;
L_00000155776e5390 .functor MUXZ 8, L_00000155776e54d0, L_00000155776e5ba0, L_00000155776e5250, C4<>;
S_00000155776cedf0 .scope module, "u4_mul3" "mul3" 3 56, 5 3 0, S_0000015577666720;
 .timescale -9 -12;
    .port_info 0 /INPUT 8 "a";
    .port_info 1 /OUTPUT 8 "result";
L_00000155776e5f20 .functor XOR 8, L_00000155776e2370, L_00000155776e3950, C4<00000000>, C4<00000000>;
v00000155776cda50_0 .net "a", 7 0, L_00000155776e3950;  alias, 1 drivers
v00000155776d30e0_0 .net "mul2_result", 7 0, L_00000155776e2370;  1 drivers
v00000155776d1a60_0 .net "result", 7 0, L_00000155776e5f20;  alias, 1 drivers
S_00000155776ce300 .scope module, "u_mul2" "mul2" 5 9, 4 1 0, S_00000155776cedf0;
 .timescale -9 -12;
    .port_info 0 /INPUT 8 "a";
    .port_info 1 /OUTPUT 8 "result";
L_00000155776e76e0 .functor BUFT 1, C4<00011011>, C4<0>, C4<0>, C4<0>;
L_00000155776e5c80 .functor XOR 8, L_00000155776e0930, L_00000155776e76e0, C4<00000000>, C4<00000000>;
v00000155776cd230_0 .net *"_ivl_1", 0 0, L_00000155776e1650;  1 drivers
v00000155776cd550_0 .net *"_ivl_10", 7 0, L_00000155776e5c80;  1 drivers
v00000155776ccdd0_0 .net *"_ivl_12", 7 0, L_00000155776e0250;  1 drivers
v00000155776cd870_0 .net *"_ivl_14", 6 0, L_00000155776e01b0;  1 drivers
L_00000155776e7728 .functor BUFT 1, C4<0>, C4<0>, C4<0>, C4<0>;
v00000155776cce70_0 .net *"_ivl_16", 0 0, L_00000155776e7728;  1 drivers
v00000155776cd7d0_0 .net *"_ivl_2", 7 0, L_00000155776e0930;  1 drivers
v00000155776cd2d0_0 .net *"_ivl_4", 6 0, L_00000155776dfdf0;  1 drivers
L_00000155776e7698 .functor BUFT 1, C4<0>, C4<0>, C4<0>, C4<0>;
v00000155776cd910_0 .net *"_ivl_6", 0 0, L_00000155776e7698;  1 drivers
v00000155776ccf10_0 .net/2u *"_ivl_8", 7 0, L_00000155776e76e0;  1 drivers
v00000155776ccfb0_0 .net "a", 7 0, L_00000155776e3950;  alias, 1 drivers
v00000155776cd9b0_0 .net "result", 7 0, L_00000155776e2370;  alias, 1 drivers
L_00000155776e1650 .part L_00000155776e3950, 7, 1;
L_00000155776dfdf0 .part L_00000155776e3950, 0, 7;
L_00000155776e0930 .concat [ 1 7 0 0], L_00000155776e7698, L_00000155776dfdf0;
L_00000155776e01b0 .part L_00000155776e3950, 0, 7;
L_00000155776e0250 .concat [ 1 7 0 0], L_00000155776e7728, L_00000155776e01b0;
L_00000155776e2370 .functor MUXZ 8, L_00000155776e0250, L_00000155776e5c80, L_00000155776e1650, C4<>;
S_00000155776cf430 .scope module, "u5_mul2" "mul2" 3 39, 4 1 0, S_0000015577666720;
 .timescale -9 -12;
    .port_info 0 /INPUT 8 "a";
    .port_info 1 /OUTPUT 8 "result";
L_00000155776e6a38 .functor BUFT 1, C4<00011011>, C4<0>, C4<0>, C4<0>;
L_00000155776e5b30 .functor XOR 8, L_00000155776e4f30, L_00000155776e6a38, C4<00000000>, C4<00000000>;
v00000155776d1f60_0 .net *"_ivl_1", 0 0, L_00000155776e5110;  1 drivers
v00000155776d2320_0 .net *"_ivl_10", 7 0, L_00000155776e5b30;  1 drivers
v00000155776d1560_0 .net *"_ivl_12", 7 0, L_00000155776e5070;  1 drivers
v00000155776d2820_0 .net *"_ivl_14", 6 0, L_00000155776e5430;  1 drivers
L_00000155776e6a80 .functor BUFT 1, C4<0>, C4<0>, C4<0>, C4<0>;
v00000155776d1e20_0 .net *"_ivl_16", 0 0, L_00000155776e6a80;  1 drivers
v00000155776d2000_0 .net *"_ivl_2", 7 0, L_00000155776e4f30;  1 drivers
v00000155776d28c0_0 .net *"_ivl_4", 6 0, L_00000155776e52f0;  1 drivers
L_00000155776e69f0 .functor BUFT 1, C4<0>, C4<0>, C4<0>, C4<0>;
v00000155776d23c0_0 .net *"_ivl_6", 0 0, L_00000155776e69f0;  1 drivers
v00000155776d3680_0 .net/2u *"_ivl_8", 7 0, L_00000155776e6a38;  1 drivers
v00000155776d1b00_0 .net "a", 7 0, L_00000155776e2910;  alias, 1 drivers
v00000155776d1380_0 .net "result", 7 0, L_00000155776dd5f0;  alias, 1 drivers
L_00000155776e5110 .part L_00000155776e2910, 7, 1;
L_00000155776e52f0 .part L_00000155776e2910, 0, 7;
L_00000155776e4f30 .concat [ 1 7 0 0], L_00000155776e69f0, L_00000155776e52f0;
L_00000155776e5430 .part L_00000155776e2910, 0, 7;
L_00000155776e5070 .concat [ 1 7 0 0], L_00000155776e6a80, L_00000155776e5430;
L_00000155776dd5f0 .functor MUXZ 8, L_00000155776e5070, L_00000155776e5b30, L_00000155776e5110, C4<>;
S_00000155776cf8e0 .scope module, "u5_mul3" "mul3" 3 57, 5 3 0, S_0000015577666720;
 .timescale -9 -12;
    .port_info 0 /INPUT 8 "a";
    .port_info 1 /OUTPUT 8 "result";
L_00000155776e5f90 .functor XOR 8, L_00000155776e0f70, L_00000155776e2910, C4<00000000>, C4<00000000>;
v00000155776d1d80_0 .net "a", 7 0, L_00000155776e2910;  alias, 1 drivers
v00000155776d32c0_0 .net "mul2_result", 7 0, L_00000155776e0f70;  1 drivers
v00000155776d20a0_0 .net "result", 7 0, L_00000155776e5f90;  alias, 1 drivers
S_00000155776cf2a0 .scope module, "u_mul2" "mul2" 5 9, 4 1 0, S_00000155776cf8e0;
 .timescale -9 -12;
    .port_info 0 /INPUT 8 "a";
    .port_info 1 /OUTPUT 8 "result";
L_00000155776e77b8 .functor BUFT 1, C4<00011011>, C4<0>, C4<0>, C4<0>;
L_00000155776e5eb0 .functor XOR 8, L_00000155776e2410, L_00000155776e77b8, C4<00000000>, C4<00000000>;
v00000155776d1600_0 .net *"_ivl_1", 0 0, L_00000155776e0c50;  1 drivers
v00000155776d1ba0_0 .net *"_ivl_10", 7 0, L_00000155776e5eb0;  1 drivers
v00000155776d2460_0 .net *"_ivl_12", 7 0, L_00000155776e1150;  1 drivers
v00000155776d3040_0 .net *"_ivl_14", 6 0, L_00000155776e0ed0;  1 drivers
L_00000155776e7800 .functor BUFT 1, C4<0>, C4<0>, C4<0>, C4<0>;
v00000155776d2fa0_0 .net *"_ivl_16", 0 0, L_00000155776e7800;  1 drivers
v00000155776d3220_0 .net *"_ivl_2", 7 0, L_00000155776e2410;  1 drivers
v00000155776d2280_0 .net *"_ivl_4", 6 0, L_00000155776e1c90;  1 drivers
L_00000155776e7770 .functor BUFT 1, C4<0>, C4<0>, C4<0>, C4<0>;
v00000155776d21e0_0 .net *"_ivl_6", 0 0, L_00000155776e7770;  1 drivers
v00000155776d1c40_0 .net/2u *"_ivl_8", 7 0, L_00000155776e77b8;  1 drivers
v00000155776d3900_0 .net "a", 7 0, L_00000155776e2910;  alias, 1 drivers
v00000155776d37c0_0 .net "result", 7 0, L_00000155776e0f70;  alias, 1 drivers
L_00000155776e0c50 .part L_00000155776e2910, 7, 1;
L_00000155776e1c90 .part L_00000155776e2910, 0, 7;
L_00000155776e2410 .concat [ 1 7 0 0], L_00000155776e7770, L_00000155776e1c90;
L_00000155776e0ed0 .part L_00000155776e2910, 0, 7;
L_00000155776e1150 .concat [ 1 7 0 0], L_00000155776e7800, L_00000155776e0ed0;
L_00000155776e0f70 .functor MUXZ 8, L_00000155776e1150, L_00000155776e5eb0, L_00000155776e0c50, C4<>;
S_00000155776cec60 .scope module, "u6_mul2" "mul2" 3 40, 4 1 0, S_0000015577666720;
 .timescale -9 -12;
    .port_info 0 /INPUT 8 "a";
    .port_info 1 /OUTPUT 8 "result";
L_00000155776e6b10 .functor BUFT 1, C4<00011011>, C4<0>, C4<0>, C4<0>;
L_00000155776e5dd0 .functor XOR 8, L_00000155776de130, L_00000155776e6b10, C4<00000000>, C4<00000000>;
v00000155776d2140_0 .net *"_ivl_1", 0 0, L_00000155776dfcb0;  1 drivers
v00000155776d35e0_0 .net *"_ivl_10", 7 0, L_00000155776e5dd0;  1 drivers
v00000155776d2640_0 .net *"_ivl_12", 7 0, L_00000155776df5d0;  1 drivers
v00000155776d1ce0_0 .net *"_ivl_14", 6 0, L_00000155776dd690;  1 drivers
L_00000155776e6b58 .functor BUFT 1, C4<0>, C4<0>, C4<0>, C4<0>;
v00000155776d1ec0_0 .net *"_ivl_16", 0 0, L_00000155776e6b58;  1 drivers
v00000155776d2b40_0 .net *"_ivl_2", 7 0, L_00000155776de130;  1 drivers
v00000155776d2c80_0 .net *"_ivl_4", 6 0, L_00000155776ddaf0;  1 drivers
L_00000155776e6ac8 .functor BUFT 1, C4<0>, C4<0>, C4<0>, C4<0>;
v00000155776d3360_0 .net *"_ivl_6", 0 0, L_00000155776e6ac8;  1 drivers
v00000155776d2960_0 .net/2u *"_ivl_8", 7 0, L_00000155776e6b10;  1 drivers
v00000155776d3720_0 .net "a", 7 0, L_00000155776e3770;  alias, 1 drivers
v00000155776d17e0_0 .net "result", 7 0, L_00000155776dee50;  alias, 1 drivers
L_00000155776dfcb0 .part L_00000155776e3770, 7, 1;
L_00000155776ddaf0 .part L_00000155776e3770, 0, 7;
L_00000155776de130 .concat [ 1 7 0 0], L_00000155776e6ac8, L_00000155776ddaf0;
L_00000155776dd690 .part L_00000155776e3770, 0, 7;
L_00000155776df5d0 .concat [ 1 7 0 0], L_00000155776e6b58, L_00000155776dd690;
L_00000155776dee50 .functor MUXZ 8, L_00000155776df5d0, L_00000155776e5dd0, L_00000155776dfcb0, C4<>;
S_00000155776ce170 .scope module, "u6_mul3" "mul3" 3 58, 5 3 0, S_0000015577666720;
 .timescale -9 -12;
    .port_info 0 /INPUT 8 "a";
    .port_info 1 /OUTPUT 8 "result";
L_00000155776e5970 .functor XOR 8, L_00000155776e04d0, L_00000155776e3770, C4<00000000>, C4<00000000>;
v00000155776d2aa0_0 .net "a", 7 0, L_00000155776e3770;  alias, 1 drivers
v00000155776d2dc0_0 .net "mul2_result", 7 0, L_00000155776e04d0;  1 drivers
v00000155776d2be0_0 .net "result", 7 0, L_00000155776e5970;  alias, 1 drivers
S_00000155776ce940 .scope module, "u_mul2" "mul2" 5 9, 4 1 0, S_00000155776ce170;
 .timescale -9 -12;
    .port_info 0 /INPUT 8 "a";
    .port_info 1 /OUTPUT 8 "result";
L_00000155776e7890 .functor BUFT 1, C4<00011011>, C4<0>, C4<0>, C4<0>;
L_00000155776e5900 .functor XOR 8, L_00000155776e0570, L_00000155776e7890, C4<00000000>, C4<00000000>;
v00000155776d2500_0 .net *"_ivl_1", 0 0, L_00000155776e24b0;  1 drivers
v00000155776d1420_0 .net *"_ivl_10", 7 0, L_00000155776e5900;  1 drivers
v00000155776d25a0_0 .net *"_ivl_12", 7 0, L_00000155776e15b0;  1 drivers
v00000155776d3400_0 .net *"_ivl_14", 6 0, L_00000155776e02f0;  1 drivers
L_00000155776e78d8 .functor BUFT 1, C4<0>, C4<0>, C4<0>, C4<0>;
v00000155776d3860_0 .net *"_ivl_16", 0 0, L_00000155776e78d8;  1 drivers
v00000155776d26e0_0 .net *"_ivl_2", 7 0, L_00000155776e0570;  1 drivers
v00000155776d2780_0 .net *"_ivl_4", 6 0, L_00000155776e1330;  1 drivers
L_00000155776e7848 .functor BUFT 1, C4<0>, C4<0>, C4<0>, C4<0>;
v00000155776d1880_0 .net *"_ivl_6", 0 0, L_00000155776e7848;  1 drivers
v00000155776d2a00_0 .net/2u *"_ivl_8", 7 0, L_00000155776e7890;  1 drivers
v00000155776d1920_0 .net "a", 7 0, L_00000155776e3770;  alias, 1 drivers
v00000155776d14c0_0 .net "result", 7 0, L_00000155776e04d0;  alias, 1 drivers
L_00000155776e24b0 .part L_00000155776e3770, 7, 1;
L_00000155776e1330 .part L_00000155776e3770, 0, 7;
L_00000155776e0570 .concat [ 1 7 0 0], L_00000155776e7848, L_00000155776e1330;
L_00000155776e02f0 .part L_00000155776e3770, 0, 7;
L_00000155776e15b0 .concat [ 1 7 0 0], L_00000155776e78d8, L_00000155776e02f0;
L_00000155776e04d0 .functor MUXZ 8, L_00000155776e15b0, L_00000155776e5900, L_00000155776e24b0, C4<>;
S_00000155776cfd90 .scope module, "u7_mul2" "mul2" 3 41, 4 1 0, S_0000015577666720;
 .timescale -9 -12;
    .port_info 0 /INPUT 8 "a";
    .port_info 1 /OUTPUT 8 "result";
L_00000155776e6be8 .functor BUFT 1, C4<00011011>, C4<0>, C4<0>, C4<0>;
L_00000155776e5820 .functor XOR 8, L_00000155776ddf50, L_00000155776e6be8, C4<00000000>, C4<00000000>;
v00000155776d3180_0 .net *"_ivl_1", 0 0, L_00000155776de090;  1 drivers
v00000155776d2d20_0 .net *"_ivl_10", 7 0, L_00000155776e5820;  1 drivers
v00000155776d34a0_0 .net *"_ivl_12", 7 0, L_00000155776dea90;  1 drivers
v00000155776d2e60_0 .net *"_ivl_14", 6 0, L_00000155776ddb90;  1 drivers
L_00000155776e6c30 .functor BUFT 1, C4<0>, C4<0>, C4<0>, C4<0>;
v00000155776d3540_0 .net *"_ivl_16", 0 0, L_00000155776e6c30;  1 drivers
v00000155776d2f00_0 .net *"_ivl_2", 7 0, L_00000155776ddf50;  1 drivers
v00000155776d16a0_0 .net *"_ivl_4", 6 0, L_00000155776ddc30;  1 drivers
L_00000155776e6ba0 .functor BUFT 1, C4<0>, C4<0>, C4<0>, C4<0>;
v00000155776d1740_0 .net *"_ivl_6", 0 0, L_00000155776e6ba0;  1 drivers
v00000155776d19c0_0 .net/2u *"_ivl_8", 7 0, L_00000155776e6be8;  1 drivers
v00000155776d11a0_0 .net "a", 7 0, L_00000155776e43f0;  alias, 1 drivers
v00000155776d1240_0 .net "result", 7 0, L_00000155776ded10;  alias, 1 drivers
L_00000155776de090 .part L_00000155776e43f0, 7, 1;
L_00000155776ddc30 .part L_00000155776e43f0, 0, 7;
L_00000155776ddf50 .concat [ 1 7 0 0], L_00000155776e6ba0, L_00000155776ddc30;
L_00000155776ddb90 .part L_00000155776e43f0, 0, 7;
L_00000155776dea90 .concat [ 1 7 0 0], L_00000155776e6c30, L_00000155776ddb90;
L_00000155776ded10 .functor MUXZ 8, L_00000155776dea90, L_00000155776e5820, L_00000155776de090, C4<>;
S_00000155776cf5c0 .scope module, "u7_mul3" "mul3" 3 59, 5 3 0, S_0000015577666720;
 .timescale -9 -12;
    .port_info 0 /INPUT 8 "a";
    .port_info 1 /OUTPUT 8 "result";
L_00000155776e5660 .functor XOR 8, L_00000155776e1a10, L_00000155776e43f0, C4<00000000>, C4<00000000>;
v00000155776d3a40_0 .net "a", 7 0, L_00000155776e43f0;  alias, 1 drivers
v00000155776d4580_0 .net "mul2_result", 7 0, L_00000155776e1a10;  1 drivers
v00000155776d4e40_0 .net "result", 7 0, L_00000155776e5660;  alias, 1 drivers
S_00000155776cff20 .scope module, "u_mul2" "mul2" 5 9, 4 1 0, S_00000155776cf5c0;
 .timescale -9 -12;
    .port_info 0 /INPUT 8 "a";
    .port_info 1 /OUTPUT 8 "result";
L_00000155776e7968 .functor BUFT 1, C4<00011011>, C4<0>, C4<0>, C4<0>;
L_00000155776e6150 .functor XOR 8, L_00000155776e2050, L_00000155776e7968, C4<00000000>, C4<00000000>;
v00000155776d12e0_0 .net *"_ivl_1", 0 0, L_00000155776e1fb0;  1 drivers
v00000155776d4d00_0 .net *"_ivl_10", 7 0, L_00000155776e6150;  1 drivers
v00000155776d5020_0 .net *"_ivl_12", 7 0, L_00000155776e1bf0;  1 drivers
v00000155776d4da0_0 .net *"_ivl_14", 6 0, L_00000155776e1f10;  1 drivers
L_00000155776e79b0 .functor BUFT 1, C4<0>, C4<0>, C4<0>, C4<0>;
v00000155776d43a0_0 .net *"_ivl_16", 0 0, L_00000155776e79b0;  1 drivers
v00000155776d44e0_0 .net *"_ivl_2", 7 0, L_00000155776e2050;  1 drivers
v00000155776d3ae0_0 .net *"_ivl_4", 6 0, L_00000155776e2550;  1 drivers
L_00000155776e7920 .functor BUFT 1, C4<0>, C4<0>, C4<0>, C4<0>;
v00000155776d4440_0 .net *"_ivl_6", 0 0, L_00000155776e7920;  1 drivers
v00000155776d4b20_0 .net/2u *"_ivl_8", 7 0, L_00000155776e7968;  1 drivers
v00000155776d46c0_0 .net "a", 7 0, L_00000155776e43f0;  alias, 1 drivers
v00000155776d39a0_0 .net "result", 7 0, L_00000155776e1a10;  alias, 1 drivers
L_00000155776e1fb0 .part L_00000155776e43f0, 7, 1;
L_00000155776e2550 .part L_00000155776e43f0, 0, 7;
L_00000155776e2050 .concat [ 1 7 0 0], L_00000155776e7920, L_00000155776e2550;
L_00000155776e1f10 .part L_00000155776e43f0, 0, 7;
L_00000155776e1bf0 .concat [ 1 7 0 0], L_00000155776e79b0, L_00000155776e1f10;
L_00000155776e1a10 .functor MUXZ 8, L_00000155776e1bf0, L_00000155776e6150, L_00000155776e1fb0, C4<>;
S_00000155776ce7b0 .scope module, "u8_mul2" "mul2" 3 42, 4 1 0, S_0000015577666720;
 .timescale -9 -12;
    .port_info 0 /INPUT 8 "a";
    .port_info 1 /OUTPUT 8 "result";
L_00000155776e6cc0 .functor BUFT 1, C4<00011011>, C4<0>, C4<0>, C4<0>;
L_00000155776e62a0 .functor XOR 8, L_00000155776df2b0, L_00000155776e6cc0, C4<00000000>, C4<00000000>;
v00000155776d4940_0 .net *"_ivl_1", 0 0, L_00000155776df490;  1 drivers
v00000155776d4620_0 .net *"_ivl_10", 7 0, L_00000155776e62a0;  1 drivers
v00000155776d4760_0 .net *"_ivl_12", 7 0, L_00000155776dd870;  1 drivers
v00000155776d3d60_0 .net *"_ivl_14", 6 0, L_00000155776df210;  1 drivers
L_00000155776e6d08 .functor BUFT 1, C4<0>, C4<0>, C4<0>, C4<0>;
v00000155776d4800_0 .net *"_ivl_16", 0 0, L_00000155776e6d08;  1 drivers
v00000155776d4260_0 .net *"_ivl_2", 7 0, L_00000155776df2b0;  1 drivers
v00000155776d4f80_0 .net *"_ivl_4", 6 0, L_00000155776dfb70;  1 drivers
L_00000155776e6c78 .functor BUFT 1, C4<0>, C4<0>, C4<0>, C4<0>;
v00000155776d4ee0_0 .net *"_ivl_6", 0 0, L_00000155776e6c78;  1 drivers
v00000155776d4300_0 .net/2u *"_ivl_8", 7 0, L_00000155776e6cc0;  1 drivers
v00000155776d3b80_0 .net "a", 7 0, L_00000155776e3e50;  alias, 1 drivers
v00000155776d3c20_0 .net "result", 7 0, L_00000155776df3f0;  alias, 1 drivers
L_00000155776df490 .part L_00000155776e3e50, 7, 1;
L_00000155776dfb70 .part L_00000155776e3e50, 0, 7;
L_00000155776df2b0 .concat [ 1 7 0 0], L_00000155776e6c78, L_00000155776dfb70;
L_00000155776df210 .part L_00000155776e3e50, 0, 7;
L_00000155776dd870 .concat [ 1 7 0 0], L_00000155776e6d08, L_00000155776df210;
L_00000155776df3f0 .functor MUXZ 8, L_00000155776dd870, L_00000155776e62a0, L_00000155776df490, C4<>;
S_00000155776cead0 .scope module, "u8_mul3" "mul3" 3 60, 5 3 0, S_0000015577666720;
 .timescale -9 -12;
    .port_info 0 /INPUT 8 "a";
    .port_info 1 /OUTPUT 8 "result";
L_00000155776e5cf0 .functor XOR 8, L_00000155776e11f0, L_00000155776e3e50, C4<00000000>, C4<00000000>;
v00000155776d4bc0_0 .net "a", 7 0, L_00000155776e3e50;  alias, 1 drivers
v00000155776d4c60_0 .net "mul2_result", 7 0, L_00000155776e11f0;  1 drivers
v00000155776d68d0_0 .net "result", 7 0, L_00000155776e5cf0;  alias, 1 drivers
S_00000155776ce490 .scope module, "u_mul2" "mul2" 5 9, 4 1 0, S_00000155776cead0;
 .timescale -9 -12;
    .port_info 0 /INPUT 8 "a";
    .port_info 1 /OUTPUT 8 "result";
L_00000155776e7a40 .functor BUFT 1, C4<00011011>, C4<0>, C4<0>, C4<0>;
L_00000155776e5740 .functor XOR 8, L_00000155776dfe90, L_00000155776e7a40, C4<00000000>, C4<00000000>;
v00000155776d4080_0 .net *"_ivl_1", 0 0, L_00000155776e07f0;  1 drivers
v00000155776d3f40_0 .net *"_ivl_10", 7 0, L_00000155776e5740;  1 drivers
v00000155776d41c0_0 .net *"_ivl_12", 7 0, L_00000155776e1010;  1 drivers
v00000155776d48a0_0 .net *"_ivl_14", 6 0, L_00000155776dff30;  1 drivers
L_00000155776e7a88 .functor BUFT 1, C4<0>, C4<0>, C4<0>, C4<0>;
v00000155776d3e00_0 .net *"_ivl_16", 0 0, L_00000155776e7a88;  1 drivers
v00000155776d3cc0_0 .net *"_ivl_2", 7 0, L_00000155776dfe90;  1 drivers
v00000155776d3ea0_0 .net *"_ivl_4", 6 0, L_00000155776e0610;  1 drivers
L_00000155776e79f8 .functor BUFT 1, C4<0>, C4<0>, C4<0>, C4<0>;
v00000155776d3fe0_0 .net *"_ivl_6", 0 0, L_00000155776e79f8;  1 drivers
v00000155776d4120_0 .net/2u *"_ivl_8", 7 0, L_00000155776e7a40;  1 drivers
v00000155776d49e0_0 .net "a", 7 0, L_00000155776e3e50;  alias, 1 drivers
v00000155776d4a80_0 .net "result", 7 0, L_00000155776e11f0;  alias, 1 drivers
L_00000155776e07f0 .part L_00000155776e3e50, 7, 1;
L_00000155776e0610 .part L_00000155776e3e50, 0, 7;
L_00000155776dfe90 .concat [ 1 7 0 0], L_00000155776e79f8, L_00000155776e0610;
L_00000155776dff30 .part L_00000155776e3e50, 0, 7;
L_00000155776e1010 .concat [ 1 7 0 0], L_00000155776e7a88, L_00000155776dff30;
L_00000155776e11f0 .functor MUXZ 8, L_00000155776e1010, L_00000155776e5740, L_00000155776e07f0, C4<>;
S_00000155776d9980 .scope module, "u9_mul2" "mul2" 3 43, 4 1 0, S_0000015577666720;
 .timescale -9 -12;
    .port_info 0 /INPUT 8 "a";
    .port_info 1 /OUTPUT 8 "result";
L_00000155776e6d98 .functor BUFT 1, C4<00011011>, C4<0>, C4<0>, C4<0>;
L_00000155776e61c0 .functor XOR 8, L_00000155776de8b0, L_00000155776e6d98, C4<00000000>, C4<00000000>;
v00000155776d6150_0 .net *"_ivl_1", 0 0, L_00000155776dd730;  1 drivers
v00000155776d75f0_0 .net *"_ivl_10", 7 0, L_00000155776e61c0;  1 drivers
v00000155776d7870_0 .net *"_ivl_12", 7 0, L_00000155776de590;  1 drivers
v00000155776d6a10_0 .net *"_ivl_14", 6 0, L_00000155776de1d0;  1 drivers
L_00000155776e6de0 .functor BUFT 1, C4<0>, C4<0>, C4<0>, C4<0>;
v00000155776d6ab0_0 .net *"_ivl_16", 0 0, L_00000155776e6de0;  1 drivers
v00000155776d6970_0 .net *"_ivl_2", 7 0, L_00000155776de8b0;  1 drivers
v00000155776d6650_0 .net *"_ivl_4", 6 0, L_00000155776df7b0;  1 drivers
L_00000155776e6d50 .functor BUFT 1, C4<0>, C4<0>, C4<0>, C4<0>;
v00000155776d61f0_0 .net *"_ivl_6", 0 0, L_00000155776e6d50;  1 drivers
v00000155776d5250_0 .net/2u *"_ivl_8", 7 0, L_00000155776e6d98;  1 drivers
v00000155776d7190_0 .net "a", 7 0, L_00000155776e4170;  alias, 1 drivers
v00000155776d5390_0 .net "result", 7 0, L_00000155776dfa30;  alias, 1 drivers
L_00000155776dd730 .part L_00000155776e4170, 7, 1;
L_00000155776df7b0 .part L_00000155776e4170, 0, 7;
L_00000155776de8b0 .concat [ 1 7 0 0], L_00000155776e6d50, L_00000155776df7b0;
L_00000155776de1d0 .part L_00000155776e4170, 0, 7;
L_00000155776de590 .concat [ 1 7 0 0], L_00000155776e6de0, L_00000155776de1d0;
L_00000155776dfa30 .functor MUXZ 8, L_00000155776de590, L_00000155776e61c0, L_00000155776dd730, C4<>;
S_00000155776d9e30 .scope module, "u9_mul3" "mul3" 3 61, 5 3 0, S_0000015577666720;
 .timescale -9 -12;
    .port_info 0 /INPUT 8 "a";
    .port_info 1 /OUTPUT 8 "result";
L_00000155776e57b0 .functor XOR 8, L_00000155776e13d0, L_00000155776e4170, C4<00000000>, C4<00000000>;
v00000155776d5bb0_0 .net "a", 7 0, L_00000155776e4170;  alias, 1 drivers
v00000155776d54d0_0 .net "mul2_result", 7 0, L_00000155776e13d0;  1 drivers
v00000155776d66f0_0 .net "result", 7 0, L_00000155776e57b0;  alias, 1 drivers
S_00000155776d9660 .scope module, "u_mul2" "mul2" 5 9, 4 1 0, S_00000155776d9e30;
 .timescale -9 -12;
    .port_info 0 /INPUT 8 "a";
    .port_info 1 /OUTPUT 8 "result";
L_00000155776e7b18 .functor BUFT 1, C4<00011011>, C4<0>, C4<0>, C4<0>;
L_00000155776e5d60 .functor XOR 8, L_00000155776e06b0, L_00000155776e7b18, C4<00000000>, C4<00000000>;
v00000155776d6290_0 .net *"_ivl_1", 0 0, L_00000155776e0430;  1 drivers
v00000155776d77d0_0 .net *"_ivl_10", 7 0, L_00000155776e5d60;  1 drivers
v00000155776d5a70_0 .net *"_ivl_12", 7 0, L_00000155776e1290;  1 drivers
v00000155776d6330_0 .net *"_ivl_14", 6 0, L_00000155776e0750;  1 drivers
L_00000155776e7b60 .functor BUFT 1, C4<0>, C4<0>, C4<0>, C4<0>;
v00000155776d6b50_0 .net *"_ivl_16", 0 0, L_00000155776e7b60;  1 drivers
v00000155776d63d0_0 .net *"_ivl_2", 7 0, L_00000155776e06b0;  1 drivers
v00000155776d7910_0 .net *"_ivl_4", 6 0, L_00000155776e10b0;  1 drivers
L_00000155776e7ad0 .functor BUFT 1, C4<0>, C4<0>, C4<0>, C4<0>;
v00000155776d6010_0 .net *"_ivl_6", 0 0, L_00000155776e7ad0;  1 drivers
v00000155776d51b0_0 .net/2u *"_ivl_8", 7 0, L_00000155776e7b18;  1 drivers
v00000155776d5430_0 .net "a", 7 0, L_00000155776e4170;  alias, 1 drivers
v00000155776d52f0_0 .net "result", 7 0, L_00000155776e13d0;  alias, 1 drivers
L_00000155776e0430 .part L_00000155776e4170, 7, 1;
L_00000155776e10b0 .part L_00000155776e4170, 0, 7;
L_00000155776e06b0 .concat [ 1 7 0 0], L_00000155776e7ad0, L_00000155776e10b0;
L_00000155776e0750 .part L_00000155776e4170, 0, 7;
L_00000155776e1290 .concat [ 1 7 0 0], L_00000155776e7b60, L_00000155776e0750;
L_00000155776e13d0 .functor MUXZ 8, L_00000155776e1290, L_00000155776e5d60, L_00000155776e0430, C4<>;
    .scope S_00000155776636e0;
T_0 ;
    %pushi/vec4 3328139077, 0, 33;
    %concati/vec4 3609693761, 0, 32;
    %concati/vec4 4237647453, 0, 34;
    %concati/vec4 12595243, 0, 29;
    %store/vec4 v00000155776e3130_0, 0, 128;
    %delay 10000, 0;
    %vpi_call 2 22 "$display", "Input state_in  = %h", v00000155776e3130_0 {0 0 0};
    %vpi_call 2 23 "$display", "Output state_out = %h", v00000155776e4b70_0 {0 0 0};
    %delay 10000, 0;
    %vpi_call 2 27 "$finish" {0 0 0};
    %end;
    .thread T_0;
# The file index is used to find the file name in the following table.
:file_names 6;
    "N/A";
    "<interactive>";
    "MixColumns_tb.v";
    "./MixColumns.v";
    "./mul2.v";
    "./mul3.v";
