#! /c/Source/iverilog-install/bin/vvp
:ivl_version "12.0 (devel)" "(s20150603-1110-g18392a46)";
:ivl_delay_selection "TYPICAL";
:vpi_time_precision + 0;
:vpi_module "D:\iverilog\iverilog\lib\ivl\system.vpi";
:vpi_module "D:\iverilog\iverilog\lib\ivl\vhdl_sys.vpi";
:vpi_module "D:\iverilog\iverilog\lib\ivl\vhdl_textio.vpi";
:vpi_module "D:\iverilog\iverilog\lib\ivl\v2005_math.vpi";
:vpi_module "D:\iverilog\iverilog\lib\ivl\va_math.vpi";
S_0000023b136d5680 .scope module, "MixColumns" "MixColumns" 2 3;
 .timescale 0 0;
    .port_info 0 /INPUT 128 "state_in";
    .port_info 1 /OUTPUT 128 "state_out";
L_0000023b1384f820 .functor XOR 8, L_0000023b137ea940, L_0000023b1383ccb0, C4<00000000>, C4<00000000>;
L_0000023b1384fa50 .functor XOR 8, L_0000023b1384f820, L_0000023b137ec560, C4<00000000>, C4<00000000>;
L_0000023b1384fb30 .functor XOR 8, L_0000023b1384fa50, L_0000023b137eb200, C4<00000000>, C4<00000000>;
L_0000023b1384f660 .functor XOR 8, L_0000023b137eb160, L_0000023b137eba20, C4<00000000>, C4<00000000>;
L_0000023b1384fd60 .functor XOR 8, L_0000023b1384f660, L_0000023b1383c700, C4<00000000>, C4<00000000>;
L_0000023b13850150 .functor XOR 8, L_0000023b1384fd60, L_0000023b137eb200, C4<00000000>, C4<00000000>;
L_0000023b13850460 .functor XOR 8, L_0000023b137eb160, L_0000023b137ebca0, C4<00000000>, C4<00000000>;
L_0000023b138501c0 .functor XOR 8, L_0000023b13850460, L_0000023b137ec600, C4<00000000>, C4<00000000>;
L_0000023b13850230 .functor XOR 8, L_0000023b138501c0, L_0000023b1383cd20, C4<00000000>, C4<00000000>;
L_0000023b1384fcf0 .functor XOR 8, L_0000023b1383c620, L_0000023b137ebca0, C4<00000000>, C4<00000000>;
L_0000023b1384f6d0 .functor XOR 8, L_0000023b1384fcf0, L_0000023b137ec560, C4<00000000>, C4<00000000>;
L_0000023b138504d0 .functor XOR 8, L_0000023b1384f6d0, L_0000023b137eabc0, C4<00000000>, C4<00000000>;
L_0000023b1384feb0 .functor XOR 8, L_0000023b137eeb80, L_0000023b1383ce70, C4<00000000>, C4<00000000>;
L_0000023b138500e0 .functor XOR 8, L_0000023b1384feb0, L_0000023b137eab20, C4<00000000>, C4<00000000>;
L_0000023b1384f740 .functor XOR 8, L_0000023b138500e0, L_0000023b137eb520, C4<00000000>, C4<00000000>;
L_0000023b1384ff20 .functor XOR 8, L_0000023b137eb480, L_0000023b137eda00, C4<00000000>, C4<00000000>;
L_0000023b13850540 .functor XOR 8, L_0000023b1384ff20, L_0000023b1383d110, C4<00000000>, C4<00000000>;
L_0000023b1384f900 .functor XOR 8, L_0000023b13850540, L_0000023b137eb520, C4<00000000>, C4<00000000>;
L_0000023b1384fba0 .functor XOR 8, L_0000023b137eb480, L_0000023b137ec380, C4<00000000>, C4<00000000>;
L_0000023b1384ff90 .functor XOR 8, L_0000023b1384fba0, L_0000023b137ef3a0, C4<00000000>, C4<00000000>;
L_0000023b1384fc80 .functor XOR 8, L_0000023b1384ff90, L_0000023b1383cf50, C4<00000000>, C4<00000000>;
L_0000023b13850310 .functor XOR 8, L_0000023b1383cc40, L_0000023b137ec380, C4<00000000>, C4<00000000>;
L_0000023b13850380 .functor XOR 8, L_0000023b13850310, L_0000023b137eab20, C4<00000000>, C4<00000000>;
L_0000023b1384f970 .functor XOR 8, L_0000023b13850380, L_0000023b137ee0e0, C4<00000000>, C4<00000000>;
L_0000023b1384f9e0 .functor XOR 8, L_0000023b137ed960, L_0000023b1383d0a0, C4<00000000>, C4<00000000>;
L_0000023b1384fac0 .functor XOR 8, L_0000023b1384f9e0, L_0000023b137eb340, C4<00000000>, C4<00000000>;
L_0000023b1384fc10 .functor XOR 8, L_0000023b1384fac0, L_0000023b137eca60, C4<00000000>, C4<00000000>;
L_0000023b13851560 .functor XOR 8, L_0000023b137ec420, L_0000023b137eeea0, C4<00000000>, C4<00000000>;
L_0000023b13850760 .functor XOR 8, L_0000023b13851560, L_0000023b1383c770, C4<00000000>, C4<00000000>;
L_0000023b13850a70 .functor XOR 8, L_0000023b13850760, L_0000023b137eca60, C4<00000000>, C4<00000000>;
L_0000023b13850ed0 .functor XOR 8, L_0000023b137ec420, L_0000023b137ec880, C4<00000000>, C4<00000000>;
L_0000023b138513a0 .functor XOR 8, L_0000023b13850ed0, L_0000023b137ee720, C4<00000000>, C4<00000000>;
L_0000023b13851100 .functor XOR 8, L_0000023b138513a0, L_0000023b1383d2d0, C4<00000000>, C4<00000000>;
L_0000023b13850b50 .functor XOR 8, L_0000023b1383c540, L_0000023b137ec880, C4<00000000>, C4<00000000>;
L_0000023b13850ca0 .functor XOR 8, L_0000023b13850b50, L_0000023b137eb340, C4<00000000>, C4<00000000>;
L_0000023b13850840 .functor XOR 8, L_0000023b13850ca0, L_0000023b137edf00, C4<00000000>, C4<00000000>;
L_0000023b138508b0 .functor XOR 8, L_0000023b137edfa0, L_0000023b1384f7b0, C4<00000000>, C4<00000000>;
L_0000023b13851170 .functor XOR 8, L_0000023b138508b0, L_0000023b137eb8e0, C4<00000000>, C4<00000000>;
L_0000023b13850df0 .functor XOR 8, L_0000023b13851170, L_0000023b137ecba0, C4<00000000>, C4<00000000>;
L_0000023b138507d0 .functor XOR 8, L_0000023b137ebb60, L_0000023b137ef1c0, C4<00000000>, C4<00000000>;
L_0000023b13851410 .functor XOR 8, L_0000023b138507d0, L_0000023b138502a0, C4<00000000>, C4<00000000>;
L_0000023b13850d80 .functor XOR 8, L_0000023b13851410, L_0000023b137ecba0, C4<00000000>, C4<00000000>;
L_0000023b138515d0 .functor XOR 8, L_0000023b137ebb60, L_0000023b137ecb00, C4<00000000>, C4<00000000>;
L_0000023b138514f0 .functor XOR 8, L_0000023b138515d0, L_0000023b137f0ca0, C4<00000000>, C4<00000000>;
L_0000023b13851640 .functor XOR 8, L_0000023b138514f0, L_0000023b13850070, C4<00000000>, C4<00000000>;
L_0000023b13850920 .functor XOR 8, L_0000023b1384f890, L_0000023b137ecb00, C4<00000000>, C4<00000000>;
L_0000023b13850fb0 .functor XOR 8, L_0000023b13850920, L_0000023b137eb8e0, C4<00000000>, C4<00000000>;
L_0000023b13850e60 .functor XOR 8, L_0000023b13850fb0, L_0000023b137f19c0, C4<00000000>, C4<00000000>;
v0000023b137e7ac0_0 .net *"_ivl_100", 7 0, L_0000023b13850ca0;  1 drivers
v0000023b137e7c00_0 .net *"_ivl_104", 7 0, L_0000023b138508b0;  1 drivers
v0000023b137e7ca0_0 .net *"_ivl_106", 7 0, L_0000023b13851170;  1 drivers
v0000023b137e7d40_0 .net *"_ivl_110", 7 0, L_0000023b138507d0;  1 drivers
v0000023b137e6800_0 .net *"_ivl_112", 7 0, L_0000023b13851410;  1 drivers
v0000023b137e68a0_0 .net *"_ivl_116", 7 0, L_0000023b138515d0;  1 drivers
v0000023b137e6940_0 .net *"_ivl_118", 7 0, L_0000023b138514f0;  1 drivers
v0000023b137e6bc0_0 .net *"_ivl_122", 7 0, L_0000023b13850920;  1 drivers
v0000023b137e69e0_0 .net *"_ivl_124", 7 0, L_0000023b13850fb0;  1 drivers
v0000023b137e6a80_0 .net *"_ivl_32", 7 0, L_0000023b1384f820;  1 drivers
v0000023b137e6b20_0 .net *"_ivl_34", 7 0, L_0000023b1384fa50;  1 drivers
v0000023b137e5d60_0 .net *"_ivl_38", 7 0, L_0000023b1384f660;  1 drivers
v0000023b137e6300_0 .net *"_ivl_40", 7 0, L_0000023b1384fd60;  1 drivers
v0000023b137e63a0_0 .net *"_ivl_44", 7 0, L_0000023b13850460;  1 drivers
v0000023b137e5e00_0 .net *"_ivl_46", 7 0, L_0000023b138501c0;  1 drivers
v0000023b137e4dc0_0 .net *"_ivl_50", 7 0, L_0000023b1384fcf0;  1 drivers
v0000023b137e4aa0_0 .net *"_ivl_52", 7 0, L_0000023b1384f6d0;  1 drivers
v0000023b137e5b80_0 .net *"_ivl_56", 7 0, L_0000023b1384feb0;  1 drivers
v0000023b137e4140_0 .net *"_ivl_58", 7 0, L_0000023b138500e0;  1 drivers
v0000023b137e5540_0 .net *"_ivl_62", 7 0, L_0000023b1384ff20;  1 drivers
v0000023b137e43c0_0 .net *"_ivl_64", 7 0, L_0000023b13850540;  1 drivers
v0000023b137e40a0_0 .net *"_ivl_68", 7 0, L_0000023b1384fba0;  1 drivers
v0000023b137e5360_0 .net *"_ivl_70", 7 0, L_0000023b1384ff90;  1 drivers
v0000023b137e4f00_0 .net *"_ivl_74", 7 0, L_0000023b13850310;  1 drivers
v0000023b137e4000_0 .net *"_ivl_76", 7 0, L_0000023b13850380;  1 drivers
v0000023b137e66c0_0 .net *"_ivl_80", 7 0, L_0000023b1384f9e0;  1 drivers
v0000023b137e48c0_0 .net *"_ivl_82", 7 0, L_0000023b1384fac0;  1 drivers
v0000023b137e54a0_0 .net *"_ivl_86", 7 0, L_0000023b13851560;  1 drivers
v0000023b137e6440_0 .net *"_ivl_88", 7 0, L_0000023b13850760;  1 drivers
v0000023b137e6120_0 .net *"_ivl_92", 7 0, L_0000023b13850ed0;  1 drivers
v0000023b137e4be0_0 .net *"_ivl_94", 7 0, L_0000023b138513a0;  1 drivers
v0000023b137e5680_0 .net *"_ivl_98", 7 0, L_0000023b13850b50;  1 drivers
v0000023b137e5f40_0 .net "m0", 7 0, L_0000023b1384fb30;  1 drivers
v0000023b137e5fe0_0 .net "m1", 7 0, L_0000023b13850150;  1 drivers
v0000023b137e4460_0 .net "m10", 7 0, L_0000023b13851100;  1 drivers
v0000023b137e61c0_0 .net "m11", 7 0, L_0000023b13850840;  1 drivers
v0000023b137e4500_0 .net "m12", 7 0, L_0000023b13850df0;  1 drivers
v0000023b137e5a40_0 .net "m13", 7 0, L_0000023b13850d80;  1 drivers
v0000023b137e41e0_0 .net "m14", 7 0, L_0000023b13851640;  1 drivers
v0000023b137e5220_0 .net "m15", 7 0, L_0000023b13850e60;  1 drivers
v0000023b137e4780_0 .net "m2", 7 0, L_0000023b13850230;  1 drivers
v0000023b137e55e0_0 .net "m3", 7 0, L_0000023b138504d0;  1 drivers
v0000023b137e64e0_0 .net "m4", 7 0, L_0000023b1384f740;  1 drivers
v0000023b137e6260_0 .net "m5", 7 0, L_0000023b1384f900;  1 drivers
v0000023b137e4960_0 .net "m6", 7 0, L_0000023b1384fc80;  1 drivers
v0000023b137e6760_0 .net "m7", 7 0, L_0000023b1384f970;  1 drivers
v0000023b137e4a00_0 .net "m8", 7 0, L_0000023b1384fc10;  1 drivers
v0000023b137e6080_0 .net "m9", 7 0, L_0000023b13850a70;  1 drivers
v0000023b137e59a0_0 .net "s0", 7 0, L_0000023b137eb160;  1 drivers
v0000023b137e4b40_0 .net "s0_2", 7 0, L_0000023b137ea940;  1 drivers
v0000023b137e4fa0_0 .net "s0_3", 7 0, L_0000023b1383c620;  1 drivers
v0000023b137e5180_0 .net "s1", 7 0, L_0000023b137ebca0;  1 drivers
v0000023b137e5900_0 .net "s10", 7 0, L_0000023b137eb340;  1 drivers
v0000023b137e5400_0 .net "s10_2", 7 0, L_0000023b137ee720;  1 drivers
v0000023b137e5040_0 .net "s10_3", 7 0, L_0000023b1383c770;  1 drivers
v0000023b137e50e0_0 .net "s11", 7 0, L_0000023b137eca60;  1 drivers
v0000023b137e6580_0 .net "s11_2", 7 0, L_0000023b137edf00;  1 drivers
v0000023b137e52c0_0 .net "s11_3", 7 0, L_0000023b1383d2d0;  1 drivers
v0000023b137e4280_0 .net "s12", 7 0, L_0000023b137ebb60;  1 drivers
v0000023b137e4320_0 .net "s12_2", 7 0, L_0000023b137edfa0;  1 drivers
v0000023b137e4e60_0 .net "s12_3", 7 0, L_0000023b1384f890;  1 drivers
v0000023b137e6620_0 .net "s13", 7 0, L_0000023b137ecb00;  1 drivers
v0000023b137e5720_0 .net "s13_2", 7 0, L_0000023b137ef1c0;  1 drivers
v0000023b137e45a0_0 .net "s13_3", 7 0, L_0000023b1384f7b0;  1 drivers
v0000023b137e5ae0_0 .net "s14", 7 0, L_0000023b137eb8e0;  1 drivers
v0000023b137e4c80_0 .net "s14_2", 7 0, L_0000023b137f0ca0;  1 drivers
v0000023b137e5c20_0 .net "s14_3", 7 0, L_0000023b138502a0;  1 drivers
v0000023b137e4820_0 .net "s15", 7 0, L_0000023b137ecba0;  1 drivers
v0000023b137e5cc0_0 .net "s15_2", 7 0, L_0000023b137f19c0;  1 drivers
v0000023b137e4640_0 .net "s15_3", 7 0, L_0000023b13850070;  1 drivers
v0000023b137e4d20_0 .net "s1_2", 7 0, L_0000023b137eba20;  1 drivers
v0000023b137e57c0_0 .net "s1_3", 7 0, L_0000023b1383ccb0;  1 drivers
v0000023b137e5860_0 .net "s2", 7 0, L_0000023b137ec560;  1 drivers
v0000023b137e5ea0_0 .net "s2_2", 7 0, L_0000023b137ec600;  1 drivers
v0000023b137e46e0_0 .net "s2_3", 7 0, L_0000023b1383c700;  1 drivers
v0000023b137ec740_0 .net "s3", 7 0, L_0000023b137eb200;  1 drivers
v0000023b137ec9c0_0 .net "s3_2", 7 0, L_0000023b137eabc0;  1 drivers
v0000023b137ec100_0 .net "s3_3", 7 0, L_0000023b1383cd20;  1 drivers
v0000023b137eaf80_0 .net "s4", 7 0, L_0000023b137eb480;  1 drivers
v0000023b137ead00_0 .net "s4_2", 7 0, L_0000023b137eeb80;  1 drivers
v0000023b137ec6a0_0 .net "s4_3", 7 0, L_0000023b1383cc40;  1 drivers
v0000023b137ec1a0_0 .net "s5", 7 0, L_0000023b137ec380;  1 drivers
v0000023b137ec240_0 .net "s5_2", 7 0, L_0000023b137eda00;  1 drivers
v0000023b137ebde0_0 .net "s5_3", 7 0, L_0000023b1383ce70;  1 drivers
v0000023b137eada0_0 .net "s6", 7 0, L_0000023b137eab20;  1 drivers
v0000023b137eae40_0 .net "s6_2", 7 0, L_0000023b137ef3a0;  1 drivers
v0000023b137ebf20_0 .net "s6_3", 7 0, L_0000023b1383d110;  1 drivers
v0000023b137ec7e0_0 .net "s7", 7 0, L_0000023b137eb520;  1 drivers
v0000023b137eaee0_0 .net "s7_2", 7 0, L_0000023b137ee0e0;  1 drivers
v0000023b137ebfc0_0 .net "s7_3", 7 0, L_0000023b1383cf50;  1 drivers
v0000023b137ea580_0 .net "s8", 7 0, L_0000023b137ec420;  1 drivers
v0000023b137eb020_0 .net "s8_2", 7 0, L_0000023b137ed960;  1 drivers
v0000023b137ebac0_0 .net "s8_3", 7 0, L_0000023b1383c540;  1 drivers
v0000023b137ec4c0_0 .net "s9", 7 0, L_0000023b137ec880;  1 drivers
v0000023b137ec060_0 .net "s9_2", 7 0, L_0000023b137eeea0;  1 drivers
v0000023b137eb0c0_0 .net "s9_3", 7 0, L_0000023b1383d0a0;  1 drivers
o0000023b13795d88 .functor BUFZ 128, C4<zzzzzzzzzzzzzzzzzzzzzzzzzzzzzzzzzzzzzzzzzzzzzzzzzzzzzzzzzzzzzzzzzzzzzzzzzzzzzzzzzzzzzzzzzzzzzzzzzzzzzzzzzzzzzzzzzzzzzzzzzzzzzzzz>; HiZ drive
v0000023b137eb2a0_0 .net "state_in", 127 0, o0000023b13795d88;  0 drivers
v0000023b137ec2e0_0 .net "state_out", 127 0, L_0000023b13847b50;  1 drivers
L_0000023b137eb160 .part o0000023b13795d88, 120, 8;
L_0000023b137ebca0 .part o0000023b13795d88, 112, 8;
L_0000023b137ec560 .part o0000023b13795d88, 104, 8;
L_0000023b137eb200 .part o0000023b13795d88, 96, 8;
L_0000023b137eb480 .part o0000023b13795d88, 88, 8;
L_0000023b137ec380 .part o0000023b13795d88, 80, 8;
L_0000023b137eab20 .part o0000023b13795d88, 72, 8;
L_0000023b137eb520 .part o0000023b13795d88, 64, 8;
L_0000023b137ec420 .part o0000023b13795d88, 56, 8;
L_0000023b137ec880 .part o0000023b13795d88, 48, 8;
L_0000023b137eb340 .part o0000023b13795d88, 40, 8;
L_0000023b137eca60 .part o0000023b13795d88, 32, 8;
L_0000023b137ebb60 .part o0000023b13795d88, 24, 8;
L_0000023b137ecb00 .part o0000023b13795d88, 16, 8;
L_0000023b137eb8e0 .part o0000023b13795d88, 8, 8;
L_0000023b137ecba0 .part o0000023b13795d88, 0, 8;
LS_0000023b13847b50_0_0 .concat [ 8 8 8 8], L_0000023b13850e60, L_0000023b13851640, L_0000023b13850d80, L_0000023b13850df0;
LS_0000023b13847b50_0_4 .concat [ 8 8 8 8], L_0000023b13850840, L_0000023b13851100, L_0000023b13850a70, L_0000023b1384fc10;
LS_0000023b13847b50_0_8 .concat [ 8 8 8 8], L_0000023b1384f970, L_0000023b1384fc80, L_0000023b1384f900, L_0000023b1384f740;
LS_0000023b13847b50_0_12 .concat [ 8 8 8 8], L_0000023b138504d0, L_0000023b13850230, L_0000023b13850150, L_0000023b1384fb30;
L_0000023b13847b50 .concat [ 32 32 32 32], LS_0000023b13847b50_0_0, LS_0000023b13847b50_0_4, LS_0000023b13847b50_0_8, LS_0000023b13847b50_0_12;
S_0000023b136d5810 .scope module, "u0_mul2" "mul2" 2 34, 3 1 0, S_0000023b136d5680;
 .timescale 0 0;
    .port_info 0 /INPUT 8 "a";
    .port_info 1 /OUTPUT 8 "result";
L_0000023b137f4450 .functor BUFT 1, C4<00011011>, C4<0>, C4<0>, C4<0>;
L_0000023b13763e70 .functor XOR 8, L_0000023b137ea440, L_0000023b137f4450, C4<00000000>, C4<00000000>;
v0000023b13766860_0 .net *"_ivl_1", 0 0, L_0000023b137eb3e0;  1 drivers
v0000023b13765960_0 .net *"_ivl_10", 7 0, L_0000023b13763e70;  1 drivers
v0000023b13765a00_0 .net *"_ivl_12", 7 0, L_0000023b137ebd40;  1 drivers
v0000023b13766900_0 .net *"_ivl_14", 6 0, L_0000023b137eb5c0;  1 drivers
L_0000023b137f4498 .functor BUFT 1, C4<0>, C4<0>, C4<0>, C4<0>;
v0000023b13765b40_0 .net *"_ivl_16", 0 0, L_0000023b137f4498;  1 drivers
v0000023b13764b00_0 .net *"_ivl_2", 7 0, L_0000023b137ea440;  1 drivers
v0000023b137655a0_0 .net *"_ivl_4", 6 0, L_0000023b137ea6c0;  1 drivers
L_0000023b137f4408 .functor BUFT 1, C4<0>, C4<0>, C4<0>, C4<0>;
v0000023b13764ba0_0 .net *"_ivl_6", 0 0, L_0000023b137f4408;  1 drivers
v0000023b13765aa0_0 .net/2u *"_ivl_8", 7 0, L_0000023b137f4450;  1 drivers
v0000023b13764ce0_0 .net "a", 7 0, L_0000023b137eb160;  alias, 1 drivers
v0000023b13765c80_0 .net "result", 7 0, L_0000023b137ea940;  alias, 1 drivers
L_0000023b137eb3e0 .part L_0000023b137eb160, 7, 1;
L_0000023b137ea6c0 .part L_0000023b137eb160, 0, 7;
L_0000023b137ea440 .concat [ 1 7 0 0], L_0000023b137f4408, L_0000023b137ea6c0;
L_0000023b137eb5c0 .part L_0000023b137eb160, 0, 7;
L_0000023b137ebd40 .concat [ 1 7 0 0], L_0000023b137f4498, L_0000023b137eb5c0;
L_0000023b137ea940 .functor MUXZ 8, L_0000023b137ebd40, L_0000023b13763e70, L_0000023b137eb3e0, C4<>;
S_0000023b136d59a0 .scope module, "u0_mul3" "mul3" 2 52, 4 3 0, S_0000023b136d5680;
 .timescale 0 0;
    .port_info 0 /INPUT 8 "a";
    .port_info 1 /OUTPUT 8 "result";
L_0000023b1383c620 .functor XOR 8, L_0000023b137f0de0, L_0000023b137eb160, C4<00000000>, C4<00000000>;
v0000023b137c80a0_0 .net "a", 7 0, L_0000023b137eb160;  alias, 1 drivers
v0000023b137c7ec0_0 .net "mul2_result", 7 0, L_0000023b137f0de0;  1 drivers
v0000023b137c88c0_0 .net "result", 7 0, L_0000023b1383c620;  alias, 1 drivers
S_0000023b136a27a0 .scope module, "u_mul2" "mul2" 4 9, 3 1 0, S_0000023b136d59a0;
 .timescale 0 0;
    .port_info 0 /INPUT 8 "a";
    .port_info 1 /OUTPUT 8 "result";
L_0000023b137f51d0 .functor BUFT 1, C4<00011011>, C4<0>, C4<0>, C4<0>;
L_0000023b1383c930 .functor XOR 8, L_0000023b137f05c0, L_0000023b137f51d0, C4<00000000>, C4<00000000>;
v0000023b13765460_0 .net *"_ivl_1", 0 0, L_0000023b137efda0;  1 drivers
v0000023b13764d80_0 .net *"_ivl_10", 7 0, L_0000023b1383c930;  1 drivers
v0000023b13766040_0 .net *"_ivl_12", 7 0, L_0000023b137f0200;  1 drivers
v0000023b13765fa0_0 .net *"_ivl_14", 6 0, L_0000023b137ef6c0;  1 drivers
L_0000023b137f5218 .functor BUFT 1, C4<0>, C4<0>, C4<0>, C4<0>;
v0000023b13765000_0 .net *"_ivl_16", 0 0, L_0000023b137f5218;  1 drivers
v0000023b13765e60_0 .net *"_ivl_2", 7 0, L_0000023b137f05c0;  1 drivers
v0000023b13764e20_0 .net *"_ivl_4", 6 0, L_0000023b137f1ba0;  1 drivers
L_0000023b137f5188 .functor BUFT 1, C4<0>, C4<0>, C4<0>, C4<0>;
v0000023b13765500_0 .net *"_ivl_6", 0 0, L_0000023b137f5188;  1 drivers
v0000023b13765280_0 .net/2u *"_ivl_8", 7 0, L_0000023b137f51d0;  1 drivers
v0000023b13765320_0 .net "a", 7 0, L_0000023b137eb160;  alias, 1 drivers
v0000023b137c8be0_0 .net "result", 7 0, L_0000023b137f0de0;  alias, 1 drivers
L_0000023b137efda0 .part L_0000023b137eb160, 7, 1;
L_0000023b137f1ba0 .part L_0000023b137eb160, 0, 7;
L_0000023b137f05c0 .concat [ 1 7 0 0], L_0000023b137f5188, L_0000023b137f1ba0;
L_0000023b137ef6c0 .part L_0000023b137eb160, 0, 7;
L_0000023b137f0200 .concat [ 1 7 0 0], L_0000023b137f5218, L_0000023b137ef6c0;
L_0000023b137f0de0 .functor MUXZ 8, L_0000023b137f0200, L_0000023b1383c930, L_0000023b137efda0, C4<>;
S_0000023b136a2930 .scope module, "u10_mul2" "mul2" 2 44, 3 1 0, S_0000023b136d5680;
 .timescale 0 0;
    .port_info 0 /INPUT 8 "a";
    .port_info 1 /OUTPUT 8 "result";
L_0000023b137f4cc0 .functor BUFT 1, C4<00011011>, C4<0>, C4<0>, C4<0>;
L_0000023b1383c8c0 .functor XOR 8, L_0000023b137ee860, L_0000023b137f4cc0, C4<00000000>, C4<00000000>;
v0000023b137c7f60_0 .net *"_ivl_1", 0 0, L_0000023b137ed280;  1 drivers
v0000023b137c8f00_0 .net *"_ivl_10", 7 0, L_0000023b1383c8c0;  1 drivers
v0000023b137c81e0_0 .net *"_ivl_12", 7 0, L_0000023b137ed000;  1 drivers
v0000023b137c7ba0_0 .net *"_ivl_14", 6 0, L_0000023b137ecec0;  1 drivers
L_0000023b137f4d08 .functor BUFT 1, C4<0>, C4<0>, C4<0>, C4<0>;
v0000023b137c8280_0 .net *"_ivl_16", 0 0, L_0000023b137f4d08;  1 drivers
v0000023b137c9400_0 .net *"_ivl_2", 7 0, L_0000023b137ee860;  1 drivers
v0000023b137c8fa0_0 .net *"_ivl_4", 6 0, L_0000023b137edbe0;  1 drivers
L_0000023b137f4c78 .functor BUFT 1, C4<0>, C4<0>, C4<0>, C4<0>;
v0000023b137c9040_0 .net *"_ivl_6", 0 0, L_0000023b137f4c78;  1 drivers
v0000023b137c94a0_0 .net/2u *"_ivl_8", 7 0, L_0000023b137f4cc0;  1 drivers
v0000023b137c90e0_0 .net "a", 7 0, L_0000023b137eb340;  alias, 1 drivers
v0000023b137c8dc0_0 .net "result", 7 0, L_0000023b137ee720;  alias, 1 drivers
L_0000023b137ed280 .part L_0000023b137eb340, 7, 1;
L_0000023b137edbe0 .part L_0000023b137eb340, 0, 7;
L_0000023b137ee860 .concat [ 1 7 0 0], L_0000023b137f4c78, L_0000023b137edbe0;
L_0000023b137ecec0 .part L_0000023b137eb340, 0, 7;
L_0000023b137ed000 .concat [ 1 7 0 0], L_0000023b137f4d08, L_0000023b137ecec0;
L_0000023b137ee720 .functor MUXZ 8, L_0000023b137ed000, L_0000023b1383c8c0, L_0000023b137ed280, C4<>;
S_0000023b136a2ac0 .scope module, "u10_mul3" "mul3" 2 62, 4 3 0, S_0000023b136d5680;
 .timescale 0 0;
    .port_info 0 /INPUT 8 "a";
    .port_info 1 /OUTPUT 8 "result";
L_0000023b1383c770 .functor XOR 8, L_0000023b137f1f60, L_0000023b137eb340, C4<00000000>, C4<00000000>;
v0000023b137c79c0_0 .net "a", 7 0, L_0000023b137eb340;  alias, 1 drivers
v0000023b137c8500_0 .net "mul2_result", 7 0, L_0000023b137f1f60;  1 drivers
v0000023b137c9180_0 .net "result", 7 0, L_0000023b1383c770;  alias, 1 drivers
S_0000023b137c98e0 .scope module, "u_mul2" "mul2" 4 9, 3 1 0, S_0000023b136a2ac0;
 .timescale 0 0;
    .port_info 0 /INPUT 8 "a";
    .port_info 1 /OUTPUT 8 "result";
L_0000023b137f5a40 .functor BUFT 1, C4<00011011>, C4<0>, C4<0>, C4<0>;
L_0000023b1383d1f0 .functor XOR 8, L_0000023b137f20a0, L_0000023b137f5a40, C4<00000000>, C4<00000000>;
v0000023b137c8000_0 .net *"_ivl_1", 0 0, L_0000023b137f21e0;  1 drivers
v0000023b137c7920_0 .net *"_ivl_10", 7 0, L_0000023b1383d1f0;  1 drivers
v0000023b137c9720_0 .net *"_ivl_12", 7 0, L_0000023b137f1c40;  1 drivers
v0000023b137c8320_0 .net *"_ivl_14", 6 0, L_0000023b137f2320;  1 drivers
L_0000023b137f5a88 .functor BUFT 1, C4<0>, C4<0>, C4<0>, C4<0>;
v0000023b137c8e60_0 .net *"_ivl_16", 0 0, L_0000023b137f5a88;  1 drivers
v0000023b137c97c0_0 .net *"_ivl_2", 7 0, L_0000023b137f20a0;  1 drivers
v0000023b137c8140_0 .net *"_ivl_4", 6 0, L_0000023b137f1ec0;  1 drivers
L_0000023b137f59f8 .functor BUFT 1, C4<0>, C4<0>, C4<0>, C4<0>;
v0000023b137c8960_0 .net *"_ivl_6", 0 0, L_0000023b137f59f8;  1 drivers
v0000023b137c9540_0 .net/2u *"_ivl_8", 7 0, L_0000023b137f5a40;  1 drivers
v0000023b137c8c80_0 .net "a", 7 0, L_0000023b137eb340;  alias, 1 drivers
v0000023b137c95e0_0 .net "result", 7 0, L_0000023b137f1f60;  alias, 1 drivers
L_0000023b137f21e0 .part L_0000023b137eb340, 7, 1;
L_0000023b137f1ec0 .part L_0000023b137eb340, 0, 7;
L_0000023b137f20a0 .concat [ 1 7 0 0], L_0000023b137f59f8, L_0000023b137f1ec0;
L_0000023b137f2320 .part L_0000023b137eb340, 0, 7;
L_0000023b137f1c40 .concat [ 1 7 0 0], L_0000023b137f5a88, L_0000023b137f2320;
L_0000023b137f1f60 .functor MUXZ 8, L_0000023b137f1c40, L_0000023b1383d1f0, L_0000023b137f21e0, C4<>;
S_0000023b137c9a70 .scope module, "u11_mul2" "mul2" 2 45, 3 1 0, S_0000023b136d5680;
 .timescale 0 0;
    .port_info 0 /INPUT 8 "a";
    .port_info 1 /OUTPUT 8 "result";
L_0000023b137f4d98 .functor BUFT 1, C4<00011011>, C4<0>, C4<0>, C4<0>;
L_0000023b1383d180 .functor XOR 8, L_0000023b137eeae0, L_0000023b137f4d98, C4<00000000>, C4<00000000>;
v0000023b137c7b00_0 .net *"_ivl_1", 0 0, L_0000023b137eef40;  1 drivers
v0000023b137c7a60_0 .net *"_ivl_10", 7 0, L_0000023b1383d180;  1 drivers
v0000023b137c86e0_0 .net *"_ivl_12", 7 0, L_0000023b137ed780;  1 drivers
v0000023b137c9680_0 .net *"_ivl_14", 6 0, L_0000023b137ef080;  1 drivers
L_0000023b137f4de0 .functor BUFT 1, C4<0>, C4<0>, C4<0>, C4<0>;
v0000023b137c83c0_0 .net *"_ivl_16", 0 0, L_0000023b137f4de0;  1 drivers
v0000023b137c8460_0 .net *"_ivl_2", 7 0, L_0000023b137eeae0;  1 drivers
v0000023b137c7d80_0 .net *"_ivl_4", 6 0, L_0000023b137ee7c0;  1 drivers
L_0000023b137f4d50 .functor BUFT 1, C4<0>, C4<0>, C4<0>, C4<0>;
v0000023b137c85a0_0 .net *"_ivl_6", 0 0, L_0000023b137f4d50;  1 drivers
v0000023b137c9220_0 .net/2u *"_ivl_8", 7 0, L_0000023b137f4d98;  1 drivers
v0000023b137c8780_0 .net "a", 7 0, L_0000023b137eca60;  alias, 1 drivers
v0000023b137c7c40_0 .net "result", 7 0, L_0000023b137edf00;  alias, 1 drivers
L_0000023b137eef40 .part L_0000023b137eca60, 7, 1;
L_0000023b137ee7c0 .part L_0000023b137eca60, 0, 7;
L_0000023b137eeae0 .concat [ 1 7 0 0], L_0000023b137f4d50, L_0000023b137ee7c0;
L_0000023b137ef080 .part L_0000023b137eca60, 0, 7;
L_0000023b137ed780 .concat [ 1 7 0 0], L_0000023b137f4de0, L_0000023b137ef080;
L_0000023b137edf00 .functor MUXZ 8, L_0000023b137ed780, L_0000023b1383d180, L_0000023b137eef40, C4<>;
S_0000023b137cbc10 .scope module, "u11_mul3" "mul3" 2 63, 4 3 0, S_0000023b136d5680;
 .timescale 0 0;
    .port_info 0 /INPUT 8 "a";
    .port_info 1 /OUTPUT 8 "result";
L_0000023b1383d2d0 .functor XOR 8, L_0000023b138485f0, L_0000023b137eca60, C4<00000000>, C4<00000000>;
v0000023b137cc990_0 .net "a", 7 0, L_0000023b137eca60;  alias, 1 drivers
v0000023b137cdb10_0 .net "mul2_result", 7 0, L_0000023b138485f0;  1 drivers
v0000023b137ce6f0_0 .net "result", 7 0, L_0000023b1383d2d0;  alias, 1 drivers
S_0000023b137cbda0 .scope module, "u_mul2" "mul2" 4 9, 3 1 0, S_0000023b137cbc10;
 .timescale 0 0;
    .port_info 0 /INPUT 8 "a";
    .port_info 1 /OUTPUT 8 "result";
L_0000023b137f5b18 .functor BUFT 1, C4<00011011>, C4<0>, C4<0>, C4<0>;
L_0000023b1383d260 .functor XOR 8, L_0000023b137f1d80, L_0000023b137f5b18, C4<00000000>, C4<00000000>;
v0000023b137c92c0_0 .net *"_ivl_1", 0 0, L_0000023b137f1ce0;  1 drivers
v0000023b137c9360_0 .net *"_ivl_10", 7 0, L_0000023b1383d260;  1 drivers
v0000023b137c7ce0_0 .net *"_ivl_12", 7 0, L_0000023b138464d0;  1 drivers
v0000023b137c7e20_0 .net *"_ivl_14", 6 0, L_0000023b138473d0;  1 drivers
L_0000023b137f5b60 .functor BUFT 1, C4<0>, C4<0>, C4<0>, C4<0>;
v0000023b137c8b40_0 .net *"_ivl_16", 0 0, L_0000023b137f5b60;  1 drivers
v0000023b137c8640_0 .net *"_ivl_2", 7 0, L_0000023b137f1d80;  1 drivers
v0000023b137c8820_0 .net *"_ivl_4", 6 0, L_0000023b137f2000;  1 drivers
L_0000023b137f5ad0 .functor BUFT 1, C4<0>, C4<0>, C4<0>, C4<0>;
v0000023b137c8a00_0 .net *"_ivl_6", 0 0, L_0000023b137f5ad0;  1 drivers
v0000023b137c8aa0_0 .net/2u *"_ivl_8", 7 0, L_0000023b137f5b18;  1 drivers
v0000023b137c8d20_0 .net "a", 7 0, L_0000023b137eca60;  alias, 1 drivers
v0000023b137cc7b0_0 .net "result", 7 0, L_0000023b138485f0;  alias, 1 drivers
L_0000023b137f1ce0 .part L_0000023b137eca60, 7, 1;
L_0000023b137f2000 .part L_0000023b137eca60, 0, 7;
L_0000023b137f1d80 .concat [ 1 7 0 0], L_0000023b137f5ad0, L_0000023b137f2000;
L_0000023b138473d0 .part L_0000023b137eca60, 0, 7;
L_0000023b138464d0 .concat [ 1 7 0 0], L_0000023b137f5b60, L_0000023b138473d0;
L_0000023b138485f0 .functor MUXZ 8, L_0000023b138464d0, L_0000023b1383d260, L_0000023b137f1ce0, C4<>;
S_0000023b1378df90 .scope module, "u12_mul2" "mul2" 2 46, 3 1 0, S_0000023b136d5680;
 .timescale 0 0;
    .port_info 0 /INPUT 8 "a";
    .port_info 1 /OUTPUT 8 "result";
L_0000023b137f4e70 .functor BUFT 1, C4<00011011>, C4<0>, C4<0>, C4<0>;
L_0000023b1383c4d0 .functor XOR 8, L_0000023b137ed3c0, L_0000023b137f4e70, C4<00000000>, C4<00000000>;
v0000023b137cdbb0_0 .net *"_ivl_1", 0 0, L_0000023b137ed0a0;  1 drivers
v0000023b137ccf30_0 .net *"_ivl_10", 7 0, L_0000023b1383c4d0;  1 drivers
v0000023b137ccc10_0 .net *"_ivl_12", 7 0, L_0000023b137ed460;  1 drivers
v0000023b137ccdf0_0 .net *"_ivl_14", 6 0, L_0000023b137ed140;  1 drivers
L_0000023b137f4eb8 .functor BUFT 1, C4<0>, C4<0>, C4<0>, C4<0>;
v0000023b137cc490_0 .net *"_ivl_16", 0 0, L_0000023b137f4eb8;  1 drivers
v0000023b137cdf70_0 .net *"_ivl_2", 7 0, L_0000023b137ed3c0;  1 drivers
v0000023b137ccfd0_0 .net *"_ivl_4", 6 0, L_0000023b137ed640;  1 drivers
L_0000023b137f4e28 .functor BUFT 1, C4<0>, C4<0>, C4<0>, C4<0>;
v0000023b137ce330_0 .net *"_ivl_6", 0 0, L_0000023b137f4e28;  1 drivers
v0000023b137cca30_0 .net/2u *"_ivl_8", 7 0, L_0000023b137f4e70;  1 drivers
v0000023b137cded0_0 .net "a", 7 0, L_0000023b137ebb60;  alias, 1 drivers
v0000023b137cd070_0 .net "result", 7 0, L_0000023b137edfa0;  alias, 1 drivers
L_0000023b137ed0a0 .part L_0000023b137ebb60, 7, 1;
L_0000023b137ed640 .part L_0000023b137ebb60, 0, 7;
L_0000023b137ed3c0 .concat [ 1 7 0 0], L_0000023b137f4e28, L_0000023b137ed640;
L_0000023b137ed140 .part L_0000023b137ebb60, 0, 7;
L_0000023b137ed460 .concat [ 1 7 0 0], L_0000023b137f4eb8, L_0000023b137ed140;
L_0000023b137edfa0 .functor MUXZ 8, L_0000023b137ed460, L_0000023b1383c4d0, L_0000023b137ed0a0, C4<>;
S_0000023b1378e120 .scope module, "u12_mul3" "mul3" 2 64, 4 3 0, S_0000023b136d5680;
 .timescale 0 0;
    .port_info 0 /INPUT 8 "a";
    .port_info 1 /OUTPUT 8 "result";
L_0000023b1384f890 .functor XOR 8, L_0000023b138478d0, L_0000023b137ebb60, C4<00000000>, C4<00000000>;
v0000023b137ce0b0_0 .net "a", 7 0, L_0000023b137ebb60;  alias, 1 drivers
v0000023b137cd7f0_0 .net "mul2_result", 7 0, L_0000023b138478d0;  1 drivers
v0000023b137cccb0_0 .net "result", 7 0, L_0000023b1384f890;  alias, 1 drivers
S_0000023b1378e2b0 .scope module, "u_mul2" "mul2" 4 9, 3 1 0, S_0000023b1378e120;
 .timescale 0 0;
    .port_info 0 /INPUT 8 "a";
    .port_info 1 /OUTPUT 8 "result";
L_0000023b137f5bf0 .functor BUFT 1, C4<00011011>, C4<0>, C4<0>, C4<0>;
L_0000023b1384fdd0 .functor XOR 8, L_0000023b13847970, L_0000023b137f5bf0, C4<00000000>, C4<00000000>;
v0000023b137cc850_0 .net *"_ivl_1", 0 0, L_0000023b13848190;  1 drivers
v0000023b137cd430_0 .net *"_ivl_10", 7 0, L_0000023b1384fdd0;  1 drivers
v0000023b137cc8f0_0 .net *"_ivl_12", 7 0, L_0000023b138489b0;  1 drivers
v0000023b137cd9d0_0 .net *"_ivl_14", 6 0, L_0000023b13846570;  1 drivers
L_0000023b137f5c38 .functor BUFT 1, C4<0>, C4<0>, C4<0>, C4<0>;
v0000023b137cd4d0_0 .net *"_ivl_16", 0 0, L_0000023b137f5c38;  1 drivers
v0000023b137ccad0_0 .net *"_ivl_2", 7 0, L_0000023b13847970;  1 drivers
v0000023b137cd110_0 .net *"_ivl_4", 6 0, L_0000023b13848910;  1 drivers
L_0000023b137f5ba8 .functor BUFT 1, C4<0>, C4<0>, C4<0>, C4<0>;
v0000023b137ccb70_0 .net *"_ivl_6", 0 0, L_0000023b137f5ba8;  1 drivers
v0000023b137ce010_0 .net/2u *"_ivl_8", 7 0, L_0000023b137f5bf0;  1 drivers
v0000023b137cd890_0 .net "a", 7 0, L_0000023b137ebb60;  alias, 1 drivers
v0000023b137cbf90_0 .net "result", 7 0, L_0000023b138478d0;  alias, 1 drivers
L_0000023b13848190 .part L_0000023b137ebb60, 7, 1;
L_0000023b13848910 .part L_0000023b137ebb60, 0, 7;
L_0000023b13847970 .concat [ 1 7 0 0], L_0000023b137f5ba8, L_0000023b13848910;
L_0000023b13846570 .part L_0000023b137ebb60, 0, 7;
L_0000023b138489b0 .concat [ 1 7 0 0], L_0000023b137f5c38, L_0000023b13846570;
L_0000023b138478d0 .functor MUXZ 8, L_0000023b138489b0, L_0000023b1384fdd0, L_0000023b13848190, C4<>;
S_0000023b1378e440 .scope module, "u13_mul2" "mul2" 2 47, 3 1 0, S_0000023b136d5680;
 .timescale 0 0;
    .port_info 0 /INPUT 8 "a";
    .port_info 1 /OUTPUT 8 "result";
L_0000023b137f4f48 .functor BUFT 1, C4<00011011>, C4<0>, C4<0>, C4<0>;
L_0000023b1383ce00 .functor XOR 8, L_0000023b137ed1e0, L_0000023b137f4f48, C4<00000000>, C4<00000000>;
v0000023b137cc0d0_0 .net *"_ivl_1", 0 0, L_0000023b137ee2c0;  1 drivers
v0000023b137cd750_0 .net *"_ivl_10", 7 0, L_0000023b1383ce00;  1 drivers
v0000023b137cd6b0_0 .net *"_ivl_12", 7 0, L_0000023b137ee360;  1 drivers
v0000023b137cce90_0 .net *"_ivl_14", 6 0, L_0000023b137ef120;  1 drivers
L_0000023b137f4f90 .functor BUFT 1, C4<0>, C4<0>, C4<0>, C4<0>;
v0000023b137ce510_0 .net *"_ivl_16", 0 0, L_0000023b137f4f90;  1 drivers
v0000023b137cc530_0 .net *"_ivl_2", 7 0, L_0000023b137ed1e0;  1 drivers
v0000023b137ccd50_0 .net *"_ivl_4", 6 0, L_0000023b137ed6e0;  1 drivers
L_0000023b137f4f00 .functor BUFT 1, C4<0>, C4<0>, C4<0>, C4<0>;
v0000023b137cd1b0_0 .net *"_ivl_6", 0 0, L_0000023b137f4f00;  1 drivers
v0000023b137cda70_0 .net/2u *"_ivl_8", 7 0, L_0000023b137f4f48;  1 drivers
v0000023b137cd250_0 .net "a", 7 0, L_0000023b137ecb00;  alias, 1 drivers
v0000023b137ce150_0 .net "result", 7 0, L_0000023b137ef1c0;  alias, 1 drivers
L_0000023b137ee2c0 .part L_0000023b137ecb00, 7, 1;
L_0000023b137ed6e0 .part L_0000023b137ecb00, 0, 7;
L_0000023b137ed1e0 .concat [ 1 7 0 0], L_0000023b137f4f00, L_0000023b137ed6e0;
L_0000023b137ef120 .part L_0000023b137ecb00, 0, 7;
L_0000023b137ee360 .concat [ 1 7 0 0], L_0000023b137f4f90, L_0000023b137ef120;
L_0000023b137ef1c0 .functor MUXZ 8, L_0000023b137ee360, L_0000023b1383ce00, L_0000023b137ee2c0, C4<>;
S_0000023b1378e5d0 .scope module, "u13_mul3" "mul3" 2 65, 4 3 0, S_0000023b136d5680;
 .timescale 0 0;
    .port_info 0 /INPUT 8 "a";
    .port_info 1 /OUTPUT 8 "result";
L_0000023b1384f7b0 .functor XOR 8, L_0000023b13848690, L_0000023b137ecb00, C4<00000000>, C4<00000000>;
v0000023b137cdc50_0 .net "a", 7 0, L_0000023b137ecb00;  alias, 1 drivers
v0000023b137cd610_0 .net "mul2_result", 7 0, L_0000023b13848690;  1 drivers
v0000023b137ce650_0 .net "result", 7 0, L_0000023b1384f7b0;  alias, 1 drivers
S_0000023b1378e760 .scope module, "u_mul2" "mul2" 4 9, 3 1 0, S_0000023b1378e5d0;
 .timescale 0 0;
    .port_info 0 /INPUT 8 "a";
    .port_info 1 /OUTPUT 8 "result";
L_0000023b137f5cc8 .functor BUFT 1, C4<00011011>, C4<0>, C4<0>, C4<0>;
L_0000023b13850000 .functor XOR 8, L_0000023b13846610, L_0000023b137f5cc8, C4<00000000>, C4<00000000>;
v0000023b137cd2f0_0 .net *"_ivl_1", 0 0, L_0000023b13847bf0;  1 drivers
v0000023b137cc2b0_0 .net *"_ivl_10", 7 0, L_0000023b13850000;  1 drivers
v0000023b137cc030_0 .net *"_ivl_12", 7 0, L_0000023b13846b10;  1 drivers
v0000023b137cc670_0 .net *"_ivl_14", 6 0, L_0000023b138466b0;  1 drivers
L_0000023b137f5d10 .functor BUFT 1, C4<0>, C4<0>, C4<0>, C4<0>;
v0000023b137ce3d0_0 .net *"_ivl_16", 0 0, L_0000023b137f5d10;  1 drivers
v0000023b137ce1f0_0 .net *"_ivl_2", 7 0, L_0000023b13846610;  1 drivers
v0000023b137cd390_0 .net *"_ivl_4", 6 0, L_0000023b13848050;  1 drivers
L_0000023b137f5c80 .functor BUFT 1, C4<0>, C4<0>, C4<0>, C4<0>;
v0000023b137ce290_0 .net *"_ivl_6", 0 0, L_0000023b137f5c80;  1 drivers
v0000023b137cd930_0 .net/2u *"_ivl_8", 7 0, L_0000023b137f5cc8;  1 drivers
v0000023b137ce5b0_0 .net "a", 7 0, L_0000023b137ecb00;  alias, 1 drivers
v0000023b137cd570_0 .net "result", 7 0, L_0000023b13848690;  alias, 1 drivers
L_0000023b13847bf0 .part L_0000023b137ecb00, 7, 1;
L_0000023b13848050 .part L_0000023b137ecb00, 0, 7;
L_0000023b13846610 .concat [ 1 7 0 0], L_0000023b137f5c80, L_0000023b13848050;
L_0000023b138466b0 .part L_0000023b137ecb00, 0, 7;
L_0000023b13846b10 .concat [ 1 7 0 0], L_0000023b137f5d10, L_0000023b138466b0;
L_0000023b13848690 .functor MUXZ 8, L_0000023b13846b10, L_0000023b13850000, L_0000023b13847bf0, C4<>;
S_0000023b1378e8f0 .scope module, "u14_mul2" "mul2" 2 48, 3 1 0, S_0000023b136d5680;
 .timescale 0 0;
    .port_info 0 /INPUT 8 "a";
    .port_info 1 /OUTPUT 8 "result";
L_0000023b137f5020 .functor BUFT 1, C4<00011011>, C4<0>, C4<0>, C4<0>;
L_0000023b1383c460 .functor XOR 8, L_0000023b137ef260, L_0000023b137f5020, C4<00000000>, C4<00000000>;
v0000023b137cc5d0_0 .net *"_ivl_1", 0 0, L_0000023b137ed320;  1 drivers
v0000023b137cdcf0_0 .net *"_ivl_10", 7 0, L_0000023b1383c460;  1 drivers
v0000023b137ce470_0 .net *"_ivl_12", 7 0, L_0000023b137ee4a0;  1 drivers
v0000023b137cdd90_0 .net *"_ivl_14", 6 0, L_0000023b137ee400;  1 drivers
L_0000023b137f5068 .functor BUFT 1, C4<0>, C4<0>, C4<0>, C4<0>;
v0000023b137cde30_0 .net *"_ivl_16", 0 0, L_0000023b137f5068;  1 drivers
v0000023b137cc170_0 .net *"_ivl_2", 7 0, L_0000023b137ef260;  1 drivers
v0000023b137cc210_0 .net *"_ivl_4", 6 0, L_0000023b137ee540;  1 drivers
L_0000023b137f4fd8 .functor BUFT 1, C4<0>, C4<0>, C4<0>, C4<0>;
v0000023b137cc350_0 .net *"_ivl_6", 0 0, L_0000023b137f4fd8;  1 drivers
v0000023b137cc3f0_0 .net/2u *"_ivl_8", 7 0, L_0000023b137f5020;  1 drivers
v0000023b137cc710_0 .net "a", 7 0, L_0000023b137eb8e0;  alias, 1 drivers
v0000023b137ce830_0 .net "result", 7 0, L_0000023b137f0ca0;  alias, 1 drivers
L_0000023b137ed320 .part L_0000023b137eb8e0, 7, 1;
L_0000023b137ee540 .part L_0000023b137eb8e0, 0, 7;
L_0000023b137ef260 .concat [ 1 7 0 0], L_0000023b137f4fd8, L_0000023b137ee540;
L_0000023b137ee400 .part L_0000023b137eb8e0, 0, 7;
L_0000023b137ee4a0 .concat [ 1 7 0 0], L_0000023b137f5068, L_0000023b137ee400;
L_0000023b137f0ca0 .functor MUXZ 8, L_0000023b137ee4a0, L_0000023b1383c460, L_0000023b137ed320, C4<>;
S_0000023b137d8900 .scope module, "u14_mul3" "mul3" 2 66, 4 3 0, S_0000023b136d5680;
 .timescale 0 0;
    .port_info 0 /INPUT 8 "a";
    .port_info 1 /OUTPUT 8 "result";
L_0000023b138502a0 .functor XOR 8, L_0000023b13846750, L_0000023b137eb8e0, C4<00000000>, C4<00000000>;
v0000023b137cf730_0 .net "a", 7 0, L_0000023b137eb8e0;  alias, 1 drivers
v0000023b137ce8d0_0 .net "mul2_result", 7 0, L_0000023b13846750;  1 drivers
v0000023b137cf0f0_0 .net "result", 7 0, L_0000023b138502a0;  alias, 1 drivers
S_0000023b137d8c20 .scope module, "u_mul2" "mul2" 4 9, 3 1 0, S_0000023b137d8900;
 .timescale 0 0;
    .port_info 0 /INPUT 8 "a";
    .port_info 1 /OUTPUT 8 "result";
L_0000023b137f5da0 .functor BUFT 1, C4<00011011>, C4<0>, C4<0>, C4<0>;
L_0000023b138503f0 .functor XOR 8, L_0000023b13847fb0, L_0000023b137f5da0, C4<00000000>, C4<00000000>;
v0000023b137cefb0_0 .net *"_ivl_1", 0 0, L_0000023b13846bb0;  1 drivers
v0000023b137cfb90_0 .net *"_ivl_10", 7 0, L_0000023b138503f0;  1 drivers
v0000023b137cec90_0 .net *"_ivl_12", 7 0, L_0000023b138482d0;  1 drivers
v0000023b137cf410_0 .net *"_ivl_14", 6 0, L_0000023b13847010;  1 drivers
L_0000023b137f5de8 .functor BUFT 1, C4<0>, C4<0>, C4<0>, C4<0>;
v0000023b137cf4b0_0 .net *"_ivl_16", 0 0, L_0000023b137f5de8;  1 drivers
v0000023b137cf7d0_0 .net *"_ivl_2", 7 0, L_0000023b13847fb0;  1 drivers
v0000023b137cedd0_0 .net *"_ivl_4", 6 0, L_0000023b13846390;  1 drivers
L_0000023b137f5d58 .functor BUFT 1, C4<0>, C4<0>, C4<0>, C4<0>;
v0000023b137cef10_0 .net *"_ivl_6", 0 0, L_0000023b137f5d58;  1 drivers
v0000023b137cf690_0 .net/2u *"_ivl_8", 7 0, L_0000023b137f5da0;  1 drivers
v0000023b137ce970_0 .net "a", 7 0, L_0000023b137eb8e0;  alias, 1 drivers
v0000023b137cfa50_0 .net "result", 7 0, L_0000023b13846750;  alias, 1 drivers
L_0000023b13846bb0 .part L_0000023b137eb8e0, 7, 1;
L_0000023b13846390 .part L_0000023b137eb8e0, 0, 7;
L_0000023b13847fb0 .concat [ 1 7 0 0], L_0000023b137f5d58, L_0000023b13846390;
L_0000023b13847010 .part L_0000023b137eb8e0, 0, 7;
L_0000023b138482d0 .concat [ 1 7 0 0], L_0000023b137f5de8, L_0000023b13847010;
L_0000023b13846750 .functor MUXZ 8, L_0000023b138482d0, L_0000023b138503f0, L_0000023b13846bb0, C4<>;
S_0000023b137d8db0 .scope module, "u15_mul2" "mul2" 2 49, 3 1 0, S_0000023b136d5680;
 .timescale 0 0;
    .port_info 0 /INPUT 8 "a";
    .port_info 1 /OUTPUT 8 "result";
L_0000023b137f50f8 .functor BUFT 1, C4<00011011>, C4<0>, C4<0>, C4<0>;
L_0000023b1383d340 .functor XOR 8, L_0000023b137ef800, L_0000023b137f50f8, C4<00000000>, C4<00000000>;
v0000023b137cea10_0 .net *"_ivl_1", 0 0, L_0000023b137f0160;  1 drivers
v0000023b137cf050_0 .net *"_ivl_10", 7 0, L_0000023b1383d340;  1 drivers
v0000023b137ced30_0 .net *"_ivl_12", 7 0, L_0000023b137f1380;  1 drivers
v0000023b137cf550_0 .net *"_ivl_14", 6 0, L_0000023b137f08e0;  1 drivers
L_0000023b137f5140 .functor BUFT 1, C4<0>, C4<0>, C4<0>, C4<0>;
v0000023b137cf870_0 .net *"_ivl_16", 0 0, L_0000023b137f5140;  1 drivers
v0000023b137cf190_0 .net *"_ivl_2", 7 0, L_0000023b137ef800;  1 drivers
v0000023b137cf230_0 .net *"_ivl_4", 6 0, L_0000023b137f0e80;  1 drivers
L_0000023b137f50b0 .functor BUFT 1, C4<0>, C4<0>, C4<0>, C4<0>;
v0000023b137cf2d0_0 .net *"_ivl_6", 0 0, L_0000023b137f50b0;  1 drivers
v0000023b137cf5f0_0 .net/2u *"_ivl_8", 7 0, L_0000023b137f50f8;  1 drivers
v0000023b137cf370_0 .net "a", 7 0, L_0000023b137ecba0;  alias, 1 drivers
v0000023b137cfd70_0 .net "result", 7 0, L_0000023b137f19c0;  alias, 1 drivers
L_0000023b137f0160 .part L_0000023b137ecba0, 7, 1;
L_0000023b137f0e80 .part L_0000023b137ecba0, 0, 7;
L_0000023b137ef800 .concat [ 1 7 0 0], L_0000023b137f50b0, L_0000023b137f0e80;
L_0000023b137f08e0 .part L_0000023b137ecba0, 0, 7;
L_0000023b137f1380 .concat [ 1 7 0 0], L_0000023b137f5140, L_0000023b137f08e0;
L_0000023b137f19c0 .functor MUXZ 8, L_0000023b137f1380, L_0000023b1383d340, L_0000023b137f0160, C4<>;
S_0000023b137d8450 .scope module, "u15_mul3" "mul3" 2 67, 4 3 0, S_0000023b136d5680;
 .timescale 0 0;
    .port_info 0 /INPUT 8 "a";
    .port_info 1 /OUTPUT 8 "result";
L_0000023b13850070 .functor XOR 8, L_0000023b138480f0, L_0000023b137ecba0, C4<00000000>, C4<00000000>;
v0000023b137d9d80_0 .net "a", 7 0, L_0000023b137ecba0;  alias, 1 drivers
v0000023b137db0e0_0 .net "mul2_result", 7 0, L_0000023b138480f0;  1 drivers
v0000023b137d9100_0 .net "result", 7 0, L_0000023b13850070;  alias, 1 drivers
S_0000023b137d8130 .scope module, "u_mul2" "mul2" 4 9, 3 1 0, S_0000023b137d8450;
 .timescale 0 0;
    .port_info 0 /INPUT 8 "a";
    .port_info 1 /OUTPUT 8 "result";
L_0000023b137f5e78 .functor BUFT 1, C4<00011011>, C4<0>, C4<0>, C4<0>;
L_0000023b1384fe40 .functor XOR 8, L_0000023b13848730, L_0000023b137f5e78, C4<00000000>, C4<00000000>;
v0000023b137cf910_0 .net *"_ivl_1", 0 0, L_0000023b138475b0;  1 drivers
v0000023b137cf9b0_0 .net *"_ivl_10", 7 0, L_0000023b1384fe40;  1 drivers
v0000023b137cfe10_0 .net *"_ivl_12", 7 0, L_0000023b13848410;  1 drivers
v0000023b137cee70_0 .net *"_ivl_14", 6 0, L_0000023b13848370;  1 drivers
L_0000023b137f5ec0 .functor BUFT 1, C4<0>, C4<0>, C4<0>, C4<0>;
v0000023b137cfaf0_0 .net *"_ivl_16", 0 0, L_0000023b137f5ec0;  1 drivers
v0000023b137cfc30_0 .net *"_ivl_2", 7 0, L_0000023b13848730;  1 drivers
v0000023b137ceb50_0 .net *"_ivl_4", 6 0, L_0000023b138470b0;  1 drivers
L_0000023b137f5e30 .functor BUFT 1, C4<0>, C4<0>, C4<0>, C4<0>;
v0000023b137cfcd0_0 .net *"_ivl_6", 0 0, L_0000023b137f5e30;  1 drivers
v0000023b137ce790_0 .net/2u *"_ivl_8", 7 0, L_0000023b137f5e78;  1 drivers
v0000023b137ceab0_0 .net "a", 7 0, L_0000023b137ecba0;  alias, 1 drivers
v0000023b137cebf0_0 .net "result", 7 0, L_0000023b138480f0;  alias, 1 drivers
L_0000023b138475b0 .part L_0000023b137ecba0, 7, 1;
L_0000023b138470b0 .part L_0000023b137ecba0, 0, 7;
L_0000023b13848730 .concat [ 1 7 0 0], L_0000023b137f5e30, L_0000023b138470b0;
L_0000023b13848370 .part L_0000023b137ecba0, 0, 7;
L_0000023b13848410 .concat [ 1 7 0 0], L_0000023b137f5ec0, L_0000023b13848370;
L_0000023b138480f0 .functor MUXZ 8, L_0000023b13848410, L_0000023b1384fe40, L_0000023b138475b0, C4<>;
S_0000023b137d7fa0 .scope module, "u1_mul2" "mul2" 2 35, 3 1 0, S_0000023b136d5680;
 .timescale 0 0;
    .port_info 0 /INPUT 8 "a";
    .port_info 1 /OUTPUT 8 "result";
L_0000023b137f4528 .functor BUFT 1, C4<00011011>, C4<0>, C4<0>, C4<0>;
L_0000023b13763ee0 .functor XOR 8, L_0000023b137ea4e0, L_0000023b137f4528, C4<00000000>, C4<00000000>;
v0000023b137da140_0 .net *"_ivl_1", 0 0, L_0000023b137eb660;  1 drivers
v0000023b137d9f60_0 .net *"_ivl_10", 7 0, L_0000023b13763ee0;  1 drivers
v0000023b137da0a0_0 .net *"_ivl_12", 7 0, L_0000023b137eb980;  1 drivers
v0000023b137da780_0 .net *"_ivl_14", 6 0, L_0000023b137eb700;  1 drivers
L_0000023b137f4570 .functor BUFT 1, C4<0>, C4<0>, C4<0>, C4<0>;
v0000023b137da8c0_0 .net *"_ivl_16", 0 0, L_0000023b137f4570;  1 drivers
v0000023b137da820_0 .net *"_ivl_2", 7 0, L_0000023b137ea4e0;  1 drivers
v0000023b137da1e0_0 .net *"_ivl_4", 6 0, L_0000023b137ea760;  1 drivers
L_0000023b137f44e0 .functor BUFT 1, C4<0>, C4<0>, C4<0>, C4<0>;
v0000023b137dafa0_0 .net *"_ivl_6", 0 0, L_0000023b137f44e0;  1 drivers
v0000023b137da000_0 .net/2u *"_ivl_8", 7 0, L_0000023b137f4528;  1 drivers
v0000023b137d9e20_0 .net "a", 7 0, L_0000023b137ebca0;  alias, 1 drivers
v0000023b137dadc0_0 .net "result", 7 0, L_0000023b137eba20;  alias, 1 drivers
L_0000023b137eb660 .part L_0000023b137ebca0, 7, 1;
L_0000023b137ea760 .part L_0000023b137ebca0, 0, 7;
L_0000023b137ea4e0 .concat [ 1 7 0 0], L_0000023b137f44e0, L_0000023b137ea760;
L_0000023b137eb700 .part L_0000023b137ebca0, 0, 7;
L_0000023b137eb980 .concat [ 1 7 0 0], L_0000023b137f4570, L_0000023b137eb700;
L_0000023b137eba20 .functor MUXZ 8, L_0000023b137eb980, L_0000023b13763ee0, L_0000023b137eb660, C4<>;
S_0000023b137d8a90 .scope module, "u1_mul3" "mul3" 2 53, 4 3 0, S_0000023b136d5680;
 .timescale 0 0;
    .port_info 0 /INPUT 8 "a";
    .port_info 1 /OUTPUT 8 "result";
L_0000023b1383ccb0 .functor XOR 8, L_0000023b137f14c0, L_0000023b137ebca0, C4<00000000>, C4<00000000>;
v0000023b137d99c0_0 .net "a", 7 0, L_0000023b137ebca0;  alias, 1 drivers
v0000023b137db5e0_0 .net "mul2_result", 7 0, L_0000023b137f14c0;  1 drivers
v0000023b137d9ba0_0 .net "result", 7 0, L_0000023b1383ccb0;  alias, 1 drivers
S_0000023b137d82c0 .scope module, "u_mul2" "mul2" 4 9, 3 1 0, S_0000023b137d8a90;
 .timescale 0 0;
    .port_info 0 /INPUT 8 "a";
    .port_info 1 /OUTPUT 8 "result";
L_0000023b137f52a8 .functor BUFT 1, C4<00011011>, C4<0>, C4<0>, C4<0>;
L_0000023b1383c9a0 .functor XOR 8, L_0000023b137f03e0, L_0000023b137f52a8, C4<00000000>, C4<00000000>;
v0000023b137d9920_0 .net *"_ivl_1", 0 0, L_0000023b137f1b00;  1 drivers
v0000023b137d9b00_0 .net *"_ivl_10", 7 0, L_0000023b1383c9a0;  1 drivers
v0000023b137d9c40_0 .net *"_ivl_12", 7 0, L_0000023b137f1420;  1 drivers
v0000023b137da960_0 .net *"_ivl_14", 6 0, L_0000023b137efc60;  1 drivers
L_0000023b137f52f0 .functor BUFT 1, C4<0>, C4<0>, C4<0>, C4<0>;
v0000023b137db180_0 .net *"_ivl_16", 0 0, L_0000023b137f52f0;  1 drivers
v0000023b137daa00_0 .net *"_ivl_2", 7 0, L_0000023b137f03e0;  1 drivers
v0000023b137da280_0 .net *"_ivl_4", 6 0, L_0000023b137f0340;  1 drivers
L_0000023b137f5260 .functor BUFT 1, C4<0>, C4<0>, C4<0>, C4<0>;
v0000023b137da5a0_0 .net *"_ivl_6", 0 0, L_0000023b137f5260;  1 drivers
v0000023b137d91a0_0 .net/2u *"_ivl_8", 7 0, L_0000023b137f52a8;  1 drivers
v0000023b137d9ec0_0 .net "a", 7 0, L_0000023b137ebca0;  alias, 1 drivers
v0000023b137d9060_0 .net "result", 7 0, L_0000023b137f14c0;  alias, 1 drivers
L_0000023b137f1b00 .part L_0000023b137ebca0, 7, 1;
L_0000023b137f0340 .part L_0000023b137ebca0, 0, 7;
L_0000023b137f03e0 .concat [ 1 7 0 0], L_0000023b137f5260, L_0000023b137f0340;
L_0000023b137efc60 .part L_0000023b137ebca0, 0, 7;
L_0000023b137f1420 .concat [ 1 7 0 0], L_0000023b137f52f0, L_0000023b137efc60;
L_0000023b137f14c0 .functor MUXZ 8, L_0000023b137f1420, L_0000023b1383c9a0, L_0000023b137f1b00, C4<>;
S_0000023b137d85e0 .scope module, "u2_mul2" "mul2" 2 36, 3 1 0, S_0000023b136d5680;
 .timescale 0 0;
    .port_info 0 /INPUT 8 "a";
    .port_info 1 /OUTPUT 8 "result";
L_0000023b137f4600 .functor BUFT 1, C4<00011011>, C4<0>, C4<0>, C4<0>;
L_0000023b13764110 .functor XOR 8, L_0000023b137ea8a0, L_0000023b137f4600, C4<00000000>, C4<00000000>;
v0000023b137d96a0_0 .net *"_ivl_1", 0 0, L_0000023b137eb840;  1 drivers
v0000023b137da3c0_0 .net *"_ivl_10", 7 0, L_0000023b13764110;  1 drivers
v0000023b137daaa0_0 .net *"_ivl_12", 7 0, L_0000023b137eb7a0;  1 drivers
v0000023b137da320_0 .net *"_ivl_14", 6 0, L_0000023b137ebe80;  1 drivers
L_0000023b137f4648 .functor BUFT 1, C4<0>, C4<0>, C4<0>, C4<0>;
v0000023b137d9740_0 .net *"_ivl_16", 0 0, L_0000023b137f4648;  1 drivers
v0000023b137dac80_0 .net *"_ivl_2", 7 0, L_0000023b137ea8a0;  1 drivers
v0000023b137d92e0_0 .net *"_ivl_4", 6 0, L_0000023b137ebc00;  1 drivers
L_0000023b137f45b8 .functor BUFT 1, C4<0>, C4<0>, C4<0>, C4<0>;
v0000023b137db4a0_0 .net *"_ivl_6", 0 0, L_0000023b137f45b8;  1 drivers
v0000023b137da460_0 .net/2u *"_ivl_8", 7 0, L_0000023b137f4600;  1 drivers
v0000023b137dab40_0 .net "a", 7 0, L_0000023b137ec560;  alias, 1 drivers
v0000023b137d9240_0 .net "result", 7 0, L_0000023b137ec600;  alias, 1 drivers
L_0000023b137eb840 .part L_0000023b137ec560, 7, 1;
L_0000023b137ebc00 .part L_0000023b137ec560, 0, 7;
L_0000023b137ea8a0 .concat [ 1 7 0 0], L_0000023b137f45b8, L_0000023b137ebc00;
L_0000023b137ebe80 .part L_0000023b137ec560, 0, 7;
L_0000023b137eb7a0 .concat [ 1 7 0 0], L_0000023b137f4648, L_0000023b137ebe80;
L_0000023b137ec600 .functor MUXZ 8, L_0000023b137eb7a0, L_0000023b13764110, L_0000023b137eb840, C4<>;
S_0000023b137d8770 .scope module, "u2_mul3" "mul3" 2 54, 4 3 0, S_0000023b136d5680;
 .timescale 0 0;
    .port_info 0 /INPUT 8 "a";
    .port_info 1 /OUTPUT 8 "result";
L_0000023b1383c700 .functor XOR 8, L_0000023b137f0840, L_0000023b137ec560, C4<00000000>, C4<00000000>;
v0000023b137db680_0 .net "a", 7 0, L_0000023b137ec560;  alias, 1 drivers
v0000023b137dae60_0 .net "mul2_result", 7 0, L_0000023b137f0840;  1 drivers
v0000023b137db540_0 .net "result", 7 0, L_0000023b1383c700;  alias, 1 drivers
S_0000023b137dd920 .scope module, "u_mul2" "mul2" 4 9, 3 1 0, S_0000023b137d8770;
 .timescale 0 0;
    .port_info 0 /INPUT 8 "a";
    .port_info 1 /OUTPUT 8 "result";
L_0000023b137f5380 .functor BUFT 1, C4<00011011>, C4<0>, C4<0>, C4<0>;
L_0000023b1383cb60 .functor XOR 8, L_0000023b137f0980, L_0000023b137f5380, C4<00000000>, C4<00000000>;
v0000023b137db360_0 .net *"_ivl_1", 0 0, L_0000023b137f02a0;  1 drivers
v0000023b137d9a60_0 .net *"_ivl_10", 7 0, L_0000023b1383cb60;  1 drivers
v0000023b137d9600_0 .net *"_ivl_12", 7 0, L_0000023b137ef760;  1 drivers
v0000023b137d9ce0_0 .net *"_ivl_14", 6 0, L_0000023b137f1240;  1 drivers
L_0000023b137f53c8 .functor BUFT 1, C4<0>, C4<0>, C4<0>, C4<0>;
v0000023b137da640_0 .net *"_ivl_16", 0 0, L_0000023b137f53c8;  1 drivers
v0000023b137d9380_0 .net *"_ivl_2", 7 0, L_0000023b137f0980;  1 drivers
v0000023b137da500_0 .net *"_ivl_4", 6 0, L_0000023b137f1560;  1 drivers
L_0000023b137f5338 .functor BUFT 1, C4<0>, C4<0>, C4<0>, C4<0>;
v0000023b137da6e0_0 .net *"_ivl_6", 0 0, L_0000023b137f5338;  1 drivers
v0000023b137d8fc0_0 .net/2u *"_ivl_8", 7 0, L_0000023b137f5380;  1 drivers
v0000023b137dabe0_0 .net "a", 7 0, L_0000023b137ec560;  alias, 1 drivers
v0000023b137dad20_0 .net "result", 7 0, L_0000023b137f0840;  alias, 1 drivers
L_0000023b137f02a0 .part L_0000023b137ec560, 7, 1;
L_0000023b137f1560 .part L_0000023b137ec560, 0, 7;
L_0000023b137f0980 .concat [ 1 7 0 0], L_0000023b137f5338, L_0000023b137f1560;
L_0000023b137f1240 .part L_0000023b137ec560, 0, 7;
L_0000023b137ef760 .concat [ 1 7 0 0], L_0000023b137f53c8, L_0000023b137f1240;
L_0000023b137f0840 .functor MUXZ 8, L_0000023b137ef760, L_0000023b1383cb60, L_0000023b137f02a0, C4<>;
S_0000023b137de8c0 .scope module, "u3_mul2" "mul2" 2 37, 3 1 0, S_0000023b136d5680;
 .timescale 0 0;
    .port_info 0 /INPUT 8 "a";
    .port_info 1 /OUTPUT 8 "result";
L_0000023b137f46d8 .functor BUFT 1, C4<00011011>, C4<0>, C4<0>, C4<0>;
L_0000023b13764180 .functor XOR 8, L_0000023b137ea800, L_0000023b137f46d8, C4<00000000>, C4<00000000>;
v0000023b137db400_0 .net *"_ivl_1", 0 0, L_0000023b137ec920;  1 drivers
v0000023b137daf00_0 .net *"_ivl_10", 7 0, L_0000023b13764180;  1 drivers
v0000023b137db040_0 .net *"_ivl_12", 7 0, L_0000023b137eaa80;  1 drivers
v0000023b137d9420_0 .net *"_ivl_14", 6 0, L_0000023b137ea9e0;  1 drivers
L_0000023b137f4720 .functor BUFT 1, C4<0>, C4<0>, C4<0>, C4<0>;
v0000023b137db720_0 .net *"_ivl_16", 0 0, L_0000023b137f4720;  1 drivers
v0000023b137db220_0 .net *"_ivl_2", 7 0, L_0000023b137ea800;  1 drivers
v0000023b137db2c0_0 .net *"_ivl_4", 6 0, L_0000023b137ea620;  1 drivers
L_0000023b137f4690 .functor BUFT 1, C4<0>, C4<0>, C4<0>, C4<0>;
v0000023b137d94c0_0 .net *"_ivl_6", 0 0, L_0000023b137f4690;  1 drivers
v0000023b137d9560_0 .net/2u *"_ivl_8", 7 0, L_0000023b137f46d8;  1 drivers
v0000023b137d97e0_0 .net "a", 7 0, L_0000023b137eb200;  alias, 1 drivers
v0000023b137d9880_0 .net "result", 7 0, L_0000023b137eabc0;  alias, 1 drivers
L_0000023b137ec920 .part L_0000023b137eb200, 7, 1;
L_0000023b137ea620 .part L_0000023b137eb200, 0, 7;
L_0000023b137ea800 .concat [ 1 7 0 0], L_0000023b137f4690, L_0000023b137ea620;
L_0000023b137ea9e0 .part L_0000023b137eb200, 0, 7;
L_0000023b137eaa80 .concat [ 1 7 0 0], L_0000023b137f4720, L_0000023b137ea9e0;
L_0000023b137eabc0 .functor MUXZ 8, L_0000023b137eaa80, L_0000023b13764180, L_0000023b137ec920, C4<>;
S_0000023b137ddab0 .scope module, "u3_mul3" "mul3" 2 55, 4 3 0, S_0000023b136d5680;
 .timescale 0 0;
    .port_info 0 /INPUT 8 "a";
    .port_info 1 /OUTPUT 8 "result";
L_0000023b1383cd20 .functor XOR 8, L_0000023b137f0480, L_0000023b137eb200, C4<00000000>, C4<00000000>;
v0000023b137dc080_0 .net "a", 7 0, L_0000023b137eb200;  alias, 1 drivers
v0000023b137dc940_0 .net "mul2_result", 7 0, L_0000023b137f0480;  1 drivers
v0000023b137dc120_0 .net "result", 7 0, L_0000023b1383cd20;  alias, 1 drivers
S_0000023b137dea50 .scope module, "u_mul2" "mul2" 4 9, 3 1 0, S_0000023b137ddab0;
 .timescale 0 0;
    .port_info 0 /INPUT 8 "a";
    .port_info 1 /OUTPUT 8 "result";
L_0000023b137f5458 .functor BUFT 1, C4<00011011>, C4<0>, C4<0>, C4<0>;
L_0000023b1383cbd0 .functor XOR 8, L_0000023b137f1100, L_0000023b137f5458, C4<00000000>, C4<00000000>;
v0000023b137db860_0 .net *"_ivl_1", 0 0, L_0000023b137efd00;  1 drivers
v0000023b137db900_0 .net *"_ivl_10", 7 0, L_0000023b1383cbd0;  1 drivers
v0000023b137dca80_0 .net *"_ivl_12", 7 0, L_0000023b137ef440;  1 drivers
v0000023b137dc260_0 .net *"_ivl_14", 6 0, L_0000023b137f0020;  1 drivers
L_0000023b137f54a0 .functor BUFT 1, C4<0>, C4<0>, C4<0>, C4<0>;
v0000023b137dbfe0_0 .net *"_ivl_16", 0 0, L_0000023b137f54a0;  1 drivers
v0000023b137dc8a0_0 .net *"_ivl_2", 7 0, L_0000023b137f1100;  1 drivers
v0000023b137dc300_0 .net *"_ivl_4", 6 0, L_0000023b137f17e0;  1 drivers
L_0000023b137f5410 .functor BUFT 1, C4<0>, C4<0>, C4<0>, C4<0>;
v0000023b137dbf40_0 .net *"_ivl_6", 0 0, L_0000023b137f5410;  1 drivers
v0000023b137dc440_0 .net/2u *"_ivl_8", 7 0, L_0000023b137f5458;  1 drivers
v0000023b137dcda0_0 .net "a", 7 0, L_0000023b137eb200;  alias, 1 drivers
v0000023b137dc800_0 .net "result", 7 0, L_0000023b137f0480;  alias, 1 drivers
L_0000023b137efd00 .part L_0000023b137eb200, 7, 1;
L_0000023b137f17e0 .part L_0000023b137eb200, 0, 7;
L_0000023b137f1100 .concat [ 1 7 0 0], L_0000023b137f5410, L_0000023b137f17e0;
L_0000023b137f0020 .part L_0000023b137eb200, 0, 7;
L_0000023b137ef440 .concat [ 1 7 0 0], L_0000023b137f54a0, L_0000023b137f0020;
L_0000023b137f0480 .functor MUXZ 8, L_0000023b137ef440, L_0000023b1383cbd0, L_0000023b137efd00, C4<>;
S_0000023b137dddd0 .scope module, "u4_mul2" "mul2" 2 38, 3 1 0, S_0000023b136d5680;
 .timescale 0 0;
    .port_info 0 /INPUT 8 "a";
    .port_info 1 /OUTPUT 8 "result";
L_0000023b137f47b0 .functor BUFT 1, C4<00011011>, C4<0>, C4<0>, C4<0>;
L_0000023b137643b0 .functor XOR 8, L_0000023b137ee9a0, L_0000023b137f47b0, C4<00000000>, C4<00000000>;
v0000023b137dbb80_0 .net *"_ivl_1", 0 0, L_0000023b137eac60;  1 drivers
v0000023b137dc3a0_0 .net *"_ivl_10", 7 0, L_0000023b137643b0;  1 drivers
v0000023b137dc4e0_0 .net *"_ivl_12", 7 0, L_0000023b137ed820;  1 drivers
v0000023b137dcc60_0 .net *"_ivl_14", 6 0, L_0000023b137ef300;  1 drivers
L_0000023b137f47f8 .functor BUFT 1, C4<0>, C4<0>, C4<0>, C4<0>;
v0000023b137dcb20_0 .net *"_ivl_16", 0 0, L_0000023b137f47f8;  1 drivers
v0000023b137db9a0_0 .net *"_ivl_2", 7 0, L_0000023b137ee9a0;  1 drivers
v0000023b137dcd00_0 .net *"_ivl_4", 6 0, L_0000023b137edb40;  1 drivers
L_0000023b137f4768 .functor BUFT 1, C4<0>, C4<0>, C4<0>, C4<0>;
v0000023b137dc1c0_0 .net *"_ivl_6", 0 0, L_0000023b137f4768;  1 drivers
v0000023b137dc580_0 .net/2u *"_ivl_8", 7 0, L_0000023b137f47b0;  1 drivers
v0000023b137dbd60_0 .net "a", 7 0, L_0000023b137eb480;  alias, 1 drivers
v0000023b137dc620_0 .net "result", 7 0, L_0000023b137eeb80;  alias, 1 drivers
L_0000023b137eac60 .part L_0000023b137eb480, 7, 1;
L_0000023b137edb40 .part L_0000023b137eb480, 0, 7;
L_0000023b137ee9a0 .concat [ 1 7 0 0], L_0000023b137f4768, L_0000023b137edb40;
L_0000023b137ef300 .part L_0000023b137eb480, 0, 7;
L_0000023b137ed820 .concat [ 1 7 0 0], L_0000023b137f47f8, L_0000023b137ef300;
L_0000023b137eeb80 .functor MUXZ 8, L_0000023b137ed820, L_0000023b137643b0, L_0000023b137eac60, C4<>;
S_0000023b137ddc40 .scope module, "u4_mul3" "mul3" 2 56, 4 3 0, S_0000023b136d5680;
 .timescale 0 0;
    .port_info 0 /INPUT 8 "a";
    .port_info 1 /OUTPUT 8 "result";
L_0000023b1383cc40 .functor XOR 8, L_0000023b137efe40, L_0000023b137eb480, C4<00000000>, C4<00000000>;
v0000023b137dbae0_0 .net "a", 7 0, L_0000023b137eb480;  alias, 1 drivers
v0000023b137e09f0_0 .net "mul2_result", 7 0, L_0000023b137efe40;  1 drivers
v0000023b137e12b0_0 .net "result", 7 0, L_0000023b1383cc40;  alias, 1 drivers
S_0000023b137ddf60 .scope module, "u_mul2" "mul2" 4 9, 3 1 0, S_0000023b137ddc40;
 .timescale 0 0;
    .port_info 0 /INPUT 8 "a";
    .port_info 1 /OUTPUT 8 "result";
L_0000023b137f5530 .functor BUFT 1, C4<00011011>, C4<0>, C4<0>, C4<0>;
L_0000023b1383c690 .functor XOR 8, L_0000023b137efbc0, L_0000023b137f5530, C4<00000000>, C4<00000000>;
v0000023b137dc9e0_0 .net *"_ivl_1", 0 0, L_0000023b137f0c00;  1 drivers
v0000023b137dc6c0_0 .net *"_ivl_10", 7 0, L_0000023b1383c690;  1 drivers
v0000023b137dbea0_0 .net *"_ivl_12", 7 0, L_0000023b137f0d40;  1 drivers
v0000023b137dbc20_0 .net *"_ivl_14", 6 0, L_0000023b137f0520;  1 drivers
L_0000023b137f5578 .functor BUFT 1, C4<0>, C4<0>, C4<0>, C4<0>;
v0000023b137dcbc0_0 .net *"_ivl_16", 0 0, L_0000023b137f5578;  1 drivers
v0000023b137dce40_0 .net *"_ivl_2", 7 0, L_0000023b137efbc0;  1 drivers
v0000023b137dc760_0 .net *"_ivl_4", 6 0, L_0000023b137ef580;  1 drivers
L_0000023b137f54e8 .functor BUFT 1, C4<0>, C4<0>, C4<0>, C4<0>;
v0000023b137dbe00_0 .net *"_ivl_6", 0 0, L_0000023b137f54e8;  1 drivers
v0000023b137db7c0_0 .net/2u *"_ivl_8", 7 0, L_0000023b137f5530;  1 drivers
v0000023b137dba40_0 .net "a", 7 0, L_0000023b137eb480;  alias, 1 drivers
v0000023b137dbcc0_0 .net "result", 7 0, L_0000023b137efe40;  alias, 1 drivers
L_0000023b137f0c00 .part L_0000023b137eb480, 7, 1;
L_0000023b137ef580 .part L_0000023b137eb480, 0, 7;
L_0000023b137efbc0 .concat [ 1 7 0 0], L_0000023b137f54e8, L_0000023b137ef580;
L_0000023b137f0520 .part L_0000023b137eb480, 0, 7;
L_0000023b137f0d40 .concat [ 1 7 0 0], L_0000023b137f5578, L_0000023b137f0520;
L_0000023b137efe40 .functor MUXZ 8, L_0000023b137f0d40, L_0000023b1383c690, L_0000023b137f0c00, C4<>;
S_0000023b137de0f0 .scope module, "u5_mul2" "mul2" 2 39, 3 1 0, S_0000023b136d5680;
 .timescale 0 0;
    .port_info 0 /INPUT 8 "a";
    .port_info 1 /OUTPUT 8 "result";
L_0000023b137f4888 .functor BUFT 1, C4<00011011>, C4<0>, C4<0>, C4<0>;
L_0000023b1383caf0 .functor XOR 8, L_0000023b137ede60, L_0000023b137f4888, C4<00000000>, C4<00000000>;
v0000023b137e1a30_0 .net *"_ivl_1", 0 0, L_0000023b137edd20;  1 drivers
v0000023b137dfff0_0 .net *"_ivl_10", 7 0, L_0000023b1383caf0;  1 drivers
v0000023b137e0ef0_0 .net *"_ivl_12", 7 0, L_0000023b137ecd80;  1 drivers
v0000023b137e0f90_0 .net *"_ivl_14", 6 0, L_0000023b137eed60;  1 drivers
L_0000023b137f48d0 .functor BUFT 1, C4<0>, C4<0>, C4<0>, C4<0>;
v0000023b137e0090_0 .net *"_ivl_16", 0 0, L_0000023b137f48d0;  1 drivers
v0000023b137e13f0_0 .net *"_ivl_2", 7 0, L_0000023b137ede60;  1 drivers
v0000023b137e0d10_0 .net *"_ivl_4", 6 0, L_0000023b137eec20;  1 drivers
L_0000023b137f4840 .functor BUFT 1, C4<0>, C4<0>, C4<0>, C4<0>;
v0000023b137e1530_0 .net *"_ivl_6", 0 0, L_0000023b137f4840;  1 drivers
v0000023b137e1710_0 .net/2u *"_ivl_8", 7 0, L_0000023b137f4888;  1 drivers
v0000023b137e1c10_0 .net "a", 7 0, L_0000023b137ec380;  alias, 1 drivers
v0000023b137e0b30_0 .net "result", 7 0, L_0000023b137eda00;  alias, 1 drivers
L_0000023b137edd20 .part L_0000023b137ec380, 7, 1;
L_0000023b137eec20 .part L_0000023b137ec380, 0, 7;
L_0000023b137ede60 .concat [ 1 7 0 0], L_0000023b137f4840, L_0000023b137eec20;
L_0000023b137eed60 .part L_0000023b137ec380, 0, 7;
L_0000023b137ecd80 .concat [ 1 7 0 0], L_0000023b137f48d0, L_0000023b137eed60;
L_0000023b137eda00 .functor MUXZ 8, L_0000023b137ecd80, L_0000023b1383caf0, L_0000023b137edd20, C4<>;
S_0000023b137de410 .scope module, "u5_mul3" "mul3" 2 57, 4 3 0, S_0000023b136d5680;
 .timescale 0 0;
    .port_info 0 /INPUT 8 "a";
    .port_info 1 /OUTPUT 8 "result";
L_0000023b1383ce70 .functor XOR 8, L_0000023b137ef4e0, L_0000023b137ec380, C4<00000000>, C4<00000000>;
v0000023b137e10d0_0 .net "a", 7 0, L_0000023b137ec380;  alias, 1 drivers
v0000023b137e1350_0 .net "mul2_result", 7 0, L_0000023b137ef4e0;  1 drivers
v0000023b137e1490_0 .net "result", 7 0, L_0000023b1383ce70;  alias, 1 drivers
S_0000023b137dd150 .scope module, "u_mul2" "mul2" 4 9, 3 1 0, S_0000023b137de410;
 .timescale 0 0;
    .port_info 0 /INPUT 8 "a";
    .port_info 1 /OUTPUT 8 "result";
L_0000023b137f5608 .functor BUFT 1, C4<00011011>, C4<0>, C4<0>, C4<0>;
L_0000023b1383cd90 .functor XOR 8, L_0000023b137f1600, L_0000023b137f5608, C4<00000000>, C4<00000000>;
v0000023b137e1170_0 .net *"_ivl_1", 0 0, L_0000023b137f11a0;  1 drivers
v0000023b137e1ad0_0 .net *"_ivl_10", 7 0, L_0000023b1383cd90;  1 drivers
v0000023b137e04f0_0 .net *"_ivl_12", 7 0, L_0000023b137f07a0;  1 drivers
v0000023b137e1d50_0 .net *"_ivl_14", 6 0, L_0000023b137f16a0;  1 drivers
L_0000023b137f5650 .functor BUFT 1, C4<0>, C4<0>, C4<0>, C4<0>;
v0000023b137e15d0_0 .net *"_ivl_16", 0 0, L_0000023b137f5650;  1 drivers
v0000023b137e2390_0 .net *"_ivl_2", 7 0, L_0000023b137f1600;  1 drivers
v0000023b137e2110_0 .net *"_ivl_4", 6 0, L_0000023b137f0660;  1 drivers
L_0000023b137f55c0 .functor BUFT 1, C4<0>, C4<0>, C4<0>, C4<0>;
v0000023b137e0950_0 .net *"_ivl_6", 0 0, L_0000023b137f55c0;  1 drivers
v0000023b137e2750_0 .net/2u *"_ivl_8", 7 0, L_0000023b137f5608;  1 drivers
v0000023b137e1210_0 .net "a", 7 0, L_0000023b137ec380;  alias, 1 drivers
v0000023b137e1670_0 .net "result", 7 0, L_0000023b137ef4e0;  alias, 1 drivers
L_0000023b137f11a0 .part L_0000023b137ec380, 7, 1;
L_0000023b137f0660 .part L_0000023b137ec380, 0, 7;
L_0000023b137f1600 .concat [ 1 7 0 0], L_0000023b137f55c0, L_0000023b137f0660;
L_0000023b137f16a0 .part L_0000023b137ec380, 0, 7;
L_0000023b137f07a0 .concat [ 1 7 0 0], L_0000023b137f5650, L_0000023b137f16a0;
L_0000023b137ef4e0 .functor MUXZ 8, L_0000023b137f07a0, L_0000023b1383cd90, L_0000023b137f11a0, C4<>;
S_0000023b137de280 .scope module, "u6_mul2" "mul2" 2 40, 3 1 0, S_0000023b136d5680;
 .timescale 0 0;
    .port_info 0 /INPUT 8 "a";
    .port_info 1 /OUTPUT 8 "result";
L_0000023b137f4960 .functor BUFT 1, C4<00011011>, C4<0>, C4<0>, C4<0>;
L_0000023b1383ca10 .functor XOR 8, L_0000023b137eddc0, L_0000023b137f4960, C4<00000000>, C4<00000000>;
v0000023b137e1030_0 .net *"_ivl_1", 0 0, L_0000023b137eecc0;  1 drivers
v0000023b137e0e50_0 .net *"_ivl_10", 7 0, L_0000023b1383ca10;  1 drivers
v0000023b137e0590_0 .net *"_ivl_12", 7 0, L_0000023b137ee040;  1 drivers
v0000023b137e1cb0_0 .net *"_ivl_14", 6 0, L_0000023b137edc80;  1 drivers
L_0000023b137f49a8 .functor BUFT 1, C4<0>, C4<0>, C4<0>, C4<0>;
v0000023b137e17b0_0 .net *"_ivl_16", 0 0, L_0000023b137f49a8;  1 drivers
v0000023b137e1990_0 .net *"_ivl_2", 7 0, L_0000023b137eddc0;  1 drivers
v0000023b137e0a90_0 .net *"_ivl_4", 6 0, L_0000023b137ee5e0;  1 drivers
L_0000023b137f4918 .functor BUFT 1, C4<0>, C4<0>, C4<0>, C4<0>;
v0000023b137e1850_0 .net *"_ivl_6", 0 0, L_0000023b137f4918;  1 drivers
v0000023b137e1df0_0 .net/2u *"_ivl_8", 7 0, L_0000023b137f4960;  1 drivers
v0000023b137e0310_0 .net "a", 7 0, L_0000023b137eab20;  alias, 1 drivers
v0000023b137e08b0_0 .net "result", 7 0, L_0000023b137ef3a0;  alias, 1 drivers
L_0000023b137eecc0 .part L_0000023b137eab20, 7, 1;
L_0000023b137ee5e0 .part L_0000023b137eab20, 0, 7;
L_0000023b137eddc0 .concat [ 1 7 0 0], L_0000023b137f4918, L_0000023b137ee5e0;
L_0000023b137edc80 .part L_0000023b137eab20, 0, 7;
L_0000023b137ee040 .concat [ 1 7 0 0], L_0000023b137f49a8, L_0000023b137edc80;
L_0000023b137ef3a0 .functor MUXZ 8, L_0000023b137ee040, L_0000023b1383ca10, L_0000023b137eecc0, C4<>;
S_0000023b137de5a0 .scope module, "u6_mul3" "mul3" 2 58, 4 3 0, S_0000023b136d5680;
 .timescale 0 0;
    .port_info 0 /INPUT 8 "a";
    .port_info 1 /OUTPUT 8 "result";
L_0000023b1383d110 .functor XOR 8, L_0000023b137f0ac0, L_0000023b137eab20, C4<00000000>, C4<00000000>;
v0000023b137e21b0_0 .net "a", 7 0, L_0000023b137eab20;  alias, 1 drivers
v0000023b137e2250_0 .net "mul2_result", 7 0, L_0000023b137f0ac0;  1 drivers
v0000023b137e22f0_0 .net "result", 7 0, L_0000023b1383d110;  alias, 1 drivers
S_0000023b137de730 .scope module, "u_mul2" "mul2" 4 9, 3 1 0, S_0000023b137de5a0;
 .timescale 0 0;
    .port_info 0 /INPUT 8 "a";
    .port_info 1 /OUTPUT 8 "result";
L_0000023b137f56e0 .functor BUFT 1, C4<00011011>, C4<0>, C4<0>, C4<0>;
L_0000023b1383d030 .functor XOR 8, L_0000023b137f00c0, L_0000023b137f56e0, C4<00000000>, C4<00000000>;
v0000023b137e1f30_0 .net *"_ivl_1", 0 0, L_0000023b137f0f20;  1 drivers
v0000023b137e18f0_0 .net *"_ivl_10", 7 0, L_0000023b1383d030;  1 drivers
v0000023b137e1b70_0 .net *"_ivl_12", 7 0, L_0000023b137f0a20;  1 drivers
v0000023b137e0130_0 .net *"_ivl_14", 6 0, L_0000023b137f0700;  1 drivers
L_0000023b137f5728 .functor BUFT 1, C4<0>, C4<0>, C4<0>, C4<0>;
v0000023b137e1e90_0 .net *"_ivl_16", 0 0, L_0000023b137f5728;  1 drivers
v0000023b137e0bd0_0 .net *"_ivl_2", 7 0, L_0000023b137f00c0;  1 drivers
v0000023b137e1fd0_0 .net *"_ivl_4", 6 0, L_0000023b137ef620;  1 drivers
L_0000023b137f5698 .functor BUFT 1, C4<0>, C4<0>, C4<0>, C4<0>;
v0000023b137e0c70_0 .net *"_ivl_6", 0 0, L_0000023b137f5698;  1 drivers
v0000023b137e0db0_0 .net/2u *"_ivl_8", 7 0, L_0000023b137f56e0;  1 drivers
v0000023b137e06d0_0 .net "a", 7 0, L_0000023b137eab20;  alias, 1 drivers
v0000023b137e2070_0 .net "result", 7 0, L_0000023b137f0ac0;  alias, 1 drivers
L_0000023b137f0f20 .part L_0000023b137eab20, 7, 1;
L_0000023b137ef620 .part L_0000023b137eab20, 0, 7;
L_0000023b137f00c0 .concat [ 1 7 0 0], L_0000023b137f5698, L_0000023b137ef620;
L_0000023b137f0700 .part L_0000023b137eab20, 0, 7;
L_0000023b137f0a20 .concat [ 1 7 0 0], L_0000023b137f5728, L_0000023b137f0700;
L_0000023b137f0ac0 .functor MUXZ 8, L_0000023b137f0a20, L_0000023b1383d030, L_0000023b137f0f20, C4<>;
S_0000023b137ded70 .scope module, "u7_mul2" "mul2" 2 41, 3 1 0, S_0000023b136d5680;
 .timescale 0 0;
    .port_info 0 /INPUT 8 "a";
    .port_info 1 /OUTPUT 8 "result";
L_0000023b137f4a38 .functor BUFT 1, C4<00011011>, C4<0>, C4<0>, C4<0>;
L_0000023b1383c850 .functor XOR 8, L_0000023b137ee680, L_0000023b137f4a38, C4<00000000>, C4<00000000>;
v0000023b137e2430_0 .net *"_ivl_1", 0 0, L_0000023b137ee900;  1 drivers
v0000023b137e24d0_0 .net *"_ivl_10", 7 0, L_0000023b1383c850;  1 drivers
v0000023b137e26b0_0 .net *"_ivl_12", 7 0, L_0000023b137eee00;  1 drivers
v0000023b137e2570_0 .net *"_ivl_14", 6 0, L_0000023b137ecf60;  1 drivers
L_0000023b137f4a80 .functor BUFT 1, C4<0>, C4<0>, C4<0>, C4<0>;
v0000023b137e2610_0 .net *"_ivl_16", 0 0, L_0000023b137f4a80;  1 drivers
v0000023b137e01d0_0 .net *"_ivl_2", 7 0, L_0000023b137ee680;  1 drivers
v0000023b137e0270_0 .net *"_ivl_4", 6 0, L_0000023b137ee180;  1 drivers
L_0000023b137f49f0 .functor BUFT 1, C4<0>, C4<0>, C4<0>, C4<0>;
v0000023b137e03b0_0 .net *"_ivl_6", 0 0, L_0000023b137f49f0;  1 drivers
v0000023b137e0450_0 .net/2u *"_ivl_8", 7 0, L_0000023b137f4a38;  1 drivers
v0000023b137e0630_0 .net "a", 7 0, L_0000023b137eb520;  alias, 1 drivers
v0000023b137e0770_0 .net "result", 7 0, L_0000023b137ee0e0;  alias, 1 drivers
L_0000023b137ee900 .part L_0000023b137eb520, 7, 1;
L_0000023b137ee180 .part L_0000023b137eb520, 0, 7;
L_0000023b137ee680 .concat [ 1 7 0 0], L_0000023b137f49f0, L_0000023b137ee180;
L_0000023b137ecf60 .part L_0000023b137eb520, 0, 7;
L_0000023b137eee00 .concat [ 1 7 0 0], L_0000023b137f4a80, L_0000023b137ecf60;
L_0000023b137ee0e0 .functor MUXZ 8, L_0000023b137eee00, L_0000023b1383c850, L_0000023b137ee900, C4<>;
S_0000023b137debe0 .scope module, "u7_mul3" "mul3" 2 59, 4 3 0, S_0000023b136d5680;
 .timescale 0 0;
    .port_info 0 /INPUT 8 "a";
    .port_info 1 /OUTPUT 8 "result";
L_0000023b1383cf50 .functor XOR 8, L_0000023b137ef8a0, L_0000023b137eb520, C4<00000000>, C4<00000000>;
v0000023b137e36f0_0 .net "a", 7 0, L_0000023b137eb520;  alias, 1 drivers
v0000023b137e3290_0 .net "mul2_result", 7 0, L_0000023b137ef8a0;  1 drivers
v0000023b137e3e70_0 .net "result", 7 0, L_0000023b1383cf50;  alias, 1 drivers
S_0000023b137dcfc0 .scope module, "u_mul2" "mul2" 4 9, 3 1 0, S_0000023b137debe0;
 .timescale 0 0;
    .port_info 0 /INPUT 8 "a";
    .port_info 1 /OUTPUT 8 "result";
L_0000023b137f57b8 .functor BUFT 1, C4<00011011>, C4<0>, C4<0>, C4<0>;
L_0000023b1383cee0 .functor XOR 8, L_0000023b137f0fc0, L_0000023b137f57b8, C4<00000000>, C4<00000000>;
v0000023b137e0810_0 .net *"_ivl_1", 0 0, L_0000023b137f1740;  1 drivers
v0000023b137e2930_0 .net *"_ivl_10", 7 0, L_0000023b1383cee0;  1 drivers
v0000023b137e27f0_0 .net *"_ivl_12", 7 0, L_0000023b137f0b60;  1 drivers
v0000023b137e2c50_0 .net *"_ivl_14", 6 0, L_0000023b137f1060;  1 drivers
L_0000023b137f5800 .functor BUFT 1, C4<0>, C4<0>, C4<0>, C4<0>;
v0000023b137e3c90_0 .net *"_ivl_16", 0 0, L_0000023b137f5800;  1 drivers
v0000023b137e3ab0_0 .net *"_ivl_2", 7 0, L_0000023b137f0fc0;  1 drivers
v0000023b137e2f70_0 .net *"_ivl_4", 6 0, L_0000023b137efee0;  1 drivers
L_0000023b137f5770 .functor BUFT 1, C4<0>, C4<0>, C4<0>, C4<0>;
v0000023b137e3bf0_0 .net *"_ivl_6", 0 0, L_0000023b137f5770;  1 drivers
v0000023b137e3650_0 .net/2u *"_ivl_8", 7 0, L_0000023b137f57b8;  1 drivers
v0000023b137e3dd0_0 .net "a", 7 0, L_0000023b137eb520;  alias, 1 drivers
v0000023b137e31f0_0 .net "result", 7 0, L_0000023b137ef8a0;  alias, 1 drivers
L_0000023b137f1740 .part L_0000023b137eb520, 7, 1;
L_0000023b137efee0 .part L_0000023b137eb520, 0, 7;
L_0000023b137f0fc0 .concat [ 1 7 0 0], L_0000023b137f5770, L_0000023b137efee0;
L_0000023b137f1060 .part L_0000023b137eb520, 0, 7;
L_0000023b137f0b60 .concat [ 1 7 0 0], L_0000023b137f5800, L_0000023b137f1060;
L_0000023b137ef8a0 .functor MUXZ 8, L_0000023b137f0b60, L_0000023b1383cee0, L_0000023b137f1740, C4<>;
S_0000023b137dd2e0 .scope module, "u8_mul2" "mul2" 2 42, 3 1 0, S_0000023b136d5680;
 .timescale 0 0;
    .port_info 0 /INPUT 8 "a";
    .port_info 1 /OUTPUT 8 "result";
L_0000023b137f4b10 .functor BUFT 1, C4<00011011>, C4<0>, C4<0>, C4<0>;
L_0000023b1383c7e0 .functor XOR 8, L_0000023b137eea40, L_0000023b137f4b10, C4<00000000>, C4<00000000>;
v0000023b137e2a70_0 .net *"_ivl_1", 0 0, L_0000023b137ed500;  1 drivers
v0000023b137e2d90_0 .net *"_ivl_10", 7 0, L_0000023b1383c7e0;  1 drivers
v0000023b137e29d0_0 .net *"_ivl_12", 7 0, L_0000023b137ecc40;  1 drivers
v0000023b137e3970_0 .net *"_ivl_14", 6 0, L_0000023b137ed8c0;  1 drivers
L_0000023b137f4b58 .functor BUFT 1, C4<0>, C4<0>, C4<0>, C4<0>;
v0000023b137e3790_0 .net *"_ivl_16", 0 0, L_0000023b137f4b58;  1 drivers
v0000023b137e3d30_0 .net *"_ivl_2", 7 0, L_0000023b137eea40;  1 drivers
v0000023b137e3a10_0 .net *"_ivl_4", 6 0, L_0000023b137eefe0;  1 drivers
L_0000023b137f4ac8 .functor BUFT 1, C4<0>, C4<0>, C4<0>, C4<0>;
v0000023b137e3010_0 .net *"_ivl_6", 0 0, L_0000023b137f4ac8;  1 drivers
v0000023b137e2ed0_0 .net/2u *"_ivl_8", 7 0, L_0000023b137f4b10;  1 drivers
v0000023b137e2bb0_0 .net "a", 7 0, L_0000023b137ec420;  alias, 1 drivers
v0000023b137e33d0_0 .net "result", 7 0, L_0000023b137ed960;  alias, 1 drivers
L_0000023b137ed500 .part L_0000023b137ec420, 7, 1;
L_0000023b137eefe0 .part L_0000023b137ec420, 0, 7;
L_0000023b137eea40 .concat [ 1 7 0 0], L_0000023b137f4ac8, L_0000023b137eefe0;
L_0000023b137ed8c0 .part L_0000023b137ec420, 0, 7;
L_0000023b137ecc40 .concat [ 1 7 0 0], L_0000023b137f4b58, L_0000023b137ed8c0;
L_0000023b137ed960 .functor MUXZ 8, L_0000023b137ecc40, L_0000023b1383c7e0, L_0000023b137ed500, C4<>;
S_0000023b137dd470 .scope module, "u8_mul3" "mul3" 2 60, 4 3 0, S_0000023b136d5680;
 .timescale 0 0;
    .port_info 0 /INPUT 8 "a";
    .port_info 1 /OUTPUT 8 "result";
L_0000023b1383c540 .functor XOR 8, L_0000023b137ef9e0, L_0000023b137ec420, C4<00000000>, C4<00000000>;
v0000023b137e2e30_0 .net "a", 7 0, L_0000023b137ec420;  alias, 1 drivers
v0000023b137e35b0_0 .net "mul2_result", 7 0, L_0000023b137ef9e0;  1 drivers
v0000023b137e6c60_0 .net "result", 7 0, L_0000023b1383c540;  alias, 1 drivers
S_0000023b137dd600 .scope module, "u_mul2" "mul2" 4 9, 3 1 0, S_0000023b137dd470;
 .timescale 0 0;
    .port_info 0 /INPUT 8 "a";
    .port_info 1 /OUTPUT 8 "result";
L_0000023b137f5890 .functor BUFT 1, C4<00011011>, C4<0>, C4<0>, C4<0>;
L_0000023b1383cfc0 .functor XOR 8, L_0000023b137f1880, L_0000023b137f5890, C4<00000000>, C4<00000000>;
v0000023b137e30b0_0 .net *"_ivl_1", 0 0, L_0000023b137f12e0;  1 drivers
v0000023b137e2890_0 .net *"_ivl_10", 7 0, L_0000023b1383cfc0;  1 drivers
v0000023b137e3150_0 .net *"_ivl_12", 7 0, L_0000023b137f1a60;  1 drivers
v0000023b137e3830_0 .net *"_ivl_14", 6 0, L_0000023b137f1920;  1 drivers
L_0000023b137f58d8 .functor BUFT 1, C4<0>, C4<0>, C4<0>, C4<0>;
v0000023b137e38d0_0 .net *"_ivl_16", 0 0, L_0000023b137f58d8;  1 drivers
v0000023b137e3b50_0 .net *"_ivl_2", 7 0, L_0000023b137f1880;  1 drivers
v0000023b137e3330_0 .net *"_ivl_4", 6 0, L_0000023b137ef940;  1 drivers
L_0000023b137f5848 .functor BUFT 1, C4<0>, C4<0>, C4<0>, C4<0>;
v0000023b137e3470_0 .net *"_ivl_6", 0 0, L_0000023b137f5848;  1 drivers
v0000023b137e2b10_0 .net/2u *"_ivl_8", 7 0, L_0000023b137f5890;  1 drivers
v0000023b137e3510_0 .net "a", 7 0, L_0000023b137ec420;  alias, 1 drivers
v0000023b137e2cf0_0 .net "result", 7 0, L_0000023b137ef9e0;  alias, 1 drivers
L_0000023b137f12e0 .part L_0000023b137ec420, 7, 1;
L_0000023b137ef940 .part L_0000023b137ec420, 0, 7;
L_0000023b137f1880 .concat [ 1 7 0 0], L_0000023b137f5848, L_0000023b137ef940;
L_0000023b137f1920 .part L_0000023b137ec420, 0, 7;
L_0000023b137f1a60 .concat [ 1 7 0 0], L_0000023b137f58d8, L_0000023b137f1920;
L_0000023b137ef9e0 .functor MUXZ 8, L_0000023b137f1a60, L_0000023b1383cfc0, L_0000023b137f12e0, C4<>;
S_0000023b137dd790 .scope module, "u9_mul2" "mul2" 2 43, 3 1 0, S_0000023b136d5680;
 .timescale 0 0;
    .port_info 0 /INPUT 8 "a";
    .port_info 1 /OUTPUT 8 "result";
L_0000023b137f4be8 .functor BUFT 1, C4<00011011>, C4<0>, C4<0>, C4<0>;
L_0000023b1383ca80 .functor XOR 8, L_0000023b137ece20, L_0000023b137f4be8, C4<00000000>, C4<00000000>;
v0000023b137e77a0_0 .net *"_ivl_1", 0 0, L_0000023b137ee220;  1 drivers
v0000023b137e7e80_0 .net *"_ivl_10", 7 0, L_0000023b1383ca80;  1 drivers
v0000023b137e7200_0 .net *"_ivl_12", 7 0, L_0000023b137edaa0;  1 drivers
v0000023b137e70c0_0 .net *"_ivl_14", 6 0, L_0000023b137ecce0;  1 drivers
L_0000023b137f4c30 .functor BUFT 1, C4<0>, C4<0>, C4<0>, C4<0>;
v0000023b137e6da0_0 .net *"_ivl_16", 0 0, L_0000023b137f4c30;  1 drivers
v0000023b137e7840_0 .net *"_ivl_2", 7 0, L_0000023b137ece20;  1 drivers
v0000023b137e6ee0_0 .net *"_ivl_4", 6 0, L_0000023b137ed5a0;  1 drivers
L_0000023b137f4ba0 .functor BUFT 1, C4<0>, C4<0>, C4<0>, C4<0>;
v0000023b137e7340_0 .net *"_ivl_6", 0 0, L_0000023b137f4ba0;  1 drivers
v0000023b137e7160_0 .net/2u *"_ivl_8", 7 0, L_0000023b137f4be8;  1 drivers
v0000023b137e7660_0 .net "a", 7 0, L_0000023b137ec880;  alias, 1 drivers
v0000023b137e73e0_0 .net "result", 7 0, L_0000023b137eeea0;  alias, 1 drivers
L_0000023b137ee220 .part L_0000023b137ec880, 7, 1;
L_0000023b137ed5a0 .part L_0000023b137ec880, 0, 7;
L_0000023b137ece20 .concat [ 1 7 0 0], L_0000023b137f4ba0, L_0000023b137ed5a0;
L_0000023b137ecce0 .part L_0000023b137ec880, 0, 7;
L_0000023b137edaa0 .concat [ 1 7 0 0], L_0000023b137f4c30, L_0000023b137ecce0;
L_0000023b137eeea0 .functor MUXZ 8, L_0000023b137edaa0, L_0000023b1383ca80, L_0000023b137ee220, C4<>;
S_0000023b137e9900 .scope module, "u9_mul3" "mul3" 2 61, 4 3 0, S_0000023b136d5680;
 .timescale 0 0;
    .port_info 0 /INPUT 8 "a";
    .port_info 1 /OUTPUT 8 "result";
L_0000023b1383d0a0 .functor XOR 8, L_0000023b137f1e20, L_0000023b137ec880, C4<00000000>, C4<00000000>;
v0000023b137e75c0_0 .net "a", 7 0, L_0000023b137ec880;  alias, 1 drivers
v0000023b137e7de0_0 .net "mul2_result", 7 0, L_0000023b137f1e20;  1 drivers
v0000023b137e7980_0 .net "result", 7 0, L_0000023b1383d0a0;  alias, 1 drivers
S_0000023b137e8af0 .scope module, "u_mul2" "mul2" 4 9, 3 1 0, S_0000023b137e9900;
 .timescale 0 0;
    .port_info 0 /INPUT 8 "a";
    .port_info 1 /OUTPUT 8 "result";
L_0000023b137f5968 .functor BUFT 1, C4<00011011>, C4<0>, C4<0>, C4<0>;
L_0000023b1383c5b0 .functor XOR 8, L_0000023b137efb20, L_0000023b137f5968, C4<00000000>, C4<00000000>;
v0000023b137e7480_0 .net *"_ivl_1", 0 0, L_0000023b137eff80;  1 drivers
v0000023b137e7700_0 .net *"_ivl_10", 7 0, L_0000023b1383c5b0;  1 drivers
v0000023b137e6f80_0 .net *"_ivl_12", 7 0, L_0000023b137f2280;  1 drivers
v0000023b137e6d00_0 .net *"_ivl_14", 6 0, L_0000023b137f2140;  1 drivers
L_0000023b137f59b0 .functor BUFT 1, C4<0>, C4<0>, C4<0>, C4<0>;
v0000023b137e7020_0 .net *"_ivl_16", 0 0, L_0000023b137f59b0;  1 drivers
v0000023b137e78e0_0 .net *"_ivl_2", 7 0, L_0000023b137efb20;  1 drivers
v0000023b137e7b60_0 .net *"_ivl_4", 6 0, L_0000023b137efa80;  1 drivers
L_0000023b137f5920 .functor BUFT 1, C4<0>, C4<0>, C4<0>, C4<0>;
v0000023b137e7a20_0 .net *"_ivl_6", 0 0, L_0000023b137f5920;  1 drivers
v0000023b137e6e40_0 .net/2u *"_ivl_8", 7 0, L_0000023b137f5968;  1 drivers
v0000023b137e72a0_0 .net "a", 7 0, L_0000023b137ec880;  alias, 1 drivers
v0000023b137e7520_0 .net "result", 7 0, L_0000023b137f1e20;  alias, 1 drivers
L_0000023b137eff80 .part L_0000023b137ec880, 7, 1;
L_0000023b137efa80 .part L_0000023b137ec880, 0, 7;
L_0000023b137efb20 .concat [ 1 7 0 0], L_0000023b137f5920, L_0000023b137efa80;
L_0000023b137f2140 .part L_0000023b137ec880, 0, 7;
L_0000023b137f2280 .concat [ 1 7 0 0], L_0000023b137f59b0, L_0000023b137f2140;
L_0000023b137f1e20 .functor MUXZ 8, L_0000023b137f2280, L_0000023b1383c5b0, L_0000023b137eff80, C4<>;
# The file index is used to find the file name in the following table.
:file_names 5;
    "N/A";
    "<interactive>";
    "MixColumns.v";
    "./mul2.v";
    "./mul3.v";
