#! /c/Source/iverilog-install/bin/vvp
:ivl_version "12.0 (devel)" "(s20150603-1110-g18392a46)";
:ivl_delay_selection "TYPICAL";
:vpi_time_precision + 0;
:vpi_module "D:\iverilog\iverilog\lib\ivl\system.vpi";
:vpi_module "D:\iverilog\iverilog\lib\ivl\vhdl_sys.vpi";
:vpi_module "D:\iverilog\iverilog\lib\ivl\vhdl_textio.vpi";
:vpi_module "D:\iverilog\iverilog\lib\ivl\v2005_math.vpi";
:vpi_module "D:\iverilog\iverilog\lib\ivl\va_math.vpi";
S_00000207ae2a5680 .scope module, "mul3" "mul3" 2 3;
 .timescale 0 0;
    .port_info 0 /INPUT 8 "a";
    .port_info 1 /OUTPUT 8 "result";
o00000207ae2a7188 .functor BUFZ 8, C4<zzzzzzzz>; HiZ drive
L_00000207ae259170 .functor XOR 8, L_00000207ae2a2380, o00000207ae2a7188, C4<00000000>, C4<00000000>;
v00000207ae2a27e0_0 .net "a", 7 0, o00000207ae2a7188;  0 drivers
v00000207ae2a24c0_0 .net "mul2_result", 7 0, L_00000207ae2a2380;  1 drivers
v00000207ae2a21a0_0 .net "result", 7 0, L_00000207ae259170;  1 drivers
S_00000207ae2a5810 .scope module, "u_mul2" "mul2" 2 9, 3 1 0, S_00000207ae2a5680;
 .timescale 0 0;
    .port_info 0 /INPUT 8 "a";
    .port_info 1 /OUTPUT 8 "result";
L_00000207ae2eb890 .functor BUFT 1, C4<00011011>, C4<0>, C4<0>, C4<0>;
L_00000207ae2a5ae0 .functor XOR 8, L_00000207ae2a2560, L_00000207ae2eb890, C4<00000000>, C4<00000000>;
v00000207ae272f80_0 .net *"_ivl_1", 0 0, L_00000207ae2a2b00;  1 drivers
v00000207ae272b60_0 .net *"_ivl_10", 7 0, L_00000207ae2a5ae0;  1 drivers
v00000207ae2590d0_0 .net *"_ivl_12", 7 0, L_00000207ae2a2240;  1 drivers
v00000207ae2a59a0_0 .net *"_ivl_14", 6 0, L_00000207ae2a2ba0;  1 drivers
L_00000207ae2eb8d8 .functor BUFT 1, C4<0>, C4<0>, C4<0>, C4<0>;
v00000207ae2a5a40_0 .net *"_ivl_16", 0 0, L_00000207ae2eb8d8;  1 drivers
v00000207ae25bd10_0 .net *"_ivl_2", 7 0, L_00000207ae2a2560;  1 drivers
v00000207ae25bdb0_0 .net *"_ivl_4", 6 0, L_00000207ae2a2880;  1 drivers
L_00000207ae2eb848 .functor BUFT 1, C4<0>, C4<0>, C4<0>, C4<0>;
v00000207ae25be50_0 .net *"_ivl_6", 0 0, L_00000207ae2eb848;  1 drivers
v00000207ae2a2740_0 .net/2u *"_ivl_8", 7 0, L_00000207ae2eb890;  1 drivers
v00000207ae2a2100_0 .net "a", 7 0, o00000207ae2a7188;  alias, 0 drivers
v00000207ae2a2420_0 .net "result", 7 0, L_00000207ae2a2380;  alias, 1 drivers
L_00000207ae2a2b00 .part o00000207ae2a7188, 7, 1;
L_00000207ae2a2880 .part o00000207ae2a7188, 0, 7;
L_00000207ae2a2560 .concat [ 1 7 0 0], L_00000207ae2eb848, L_00000207ae2a2880;
L_00000207ae2a2ba0 .part o00000207ae2a7188, 0, 7;
L_00000207ae2a2240 .concat [ 1 7 0 0], L_00000207ae2eb8d8, L_00000207ae2a2ba0;
L_00000207ae2a2380 .functor MUXZ 8, L_00000207ae2a2240, L_00000207ae2a5ae0, L_00000207ae2a2b00, C4<>;
# The file index is used to find the file name in the following table.
:file_names 4;
    "N/A";
    "<interactive>";
    "mul3.v";
    "./mul2.v";
