#! /c/Source/iverilog-install/bin/vvp
:ivl_version "12.0 (devel)" "(s20150603-1110-g18392a46)";
:ivl_delay_selection "TYPICAL";
:vpi_time_precision + 0;
:vpi_module "D:\iverilog\iverilog\lib\ivl\system.vpi";
:vpi_module "D:\iverilog\iverilog\lib\ivl\vhdl_sys.vpi";
:vpi_module "D:\iverilog\iverilog\lib\ivl\vhdl_textio.vpi";
:vpi_module "D:\iverilog\iverilog\lib\ivl\v2005_math.vpi";
:vpi_module "D:\iverilog\iverilog\lib\ivl\va_math.vpi";
S_00000155030b2720 .scope module, "PCore_Controller_Pipeline" "PCore_Controller_Pipeline" 2 1;
 .timescale 0 0;
    .port_info 0 /INPUT 1 "clk";
    .port_info 1 /INPUT 1 "rst_n";
    .port_info 2 /INPUT 1 "datard";
    .port_info 3 /OUTPUT 1 "wen";
    .port_info 4 /OUTPUT 1 "waddr";
    .port_info 5 /OUTPUT 1 "raddr";
    .port_info 6 /OUTPUT 4 "addr_key";
    .port_info 7 /OUTPUT 1 "ctvalid1";
    .port_info 8 /OUTPUT 1 "ctvalid2";
    .port_info 9 /OUTPUT 1 "ready_new_input";
    .port_info 10 /OUTPUT 1 "ready_new_key";
    .port_info 11 /OUTPUT 1 "src_input";
P_00000155030b28b0 .param/l "DONE1" 1 2 23, +C4<00000000000000000000000000000100>;
P_00000155030b28e8 .param/l "DONE2" 1 2 30, +C4<00000000000000000000000000000100>;
P_00000155030b2920 .param/l "IDLE1" 1 2 19, +C4<00000000000000000000000000000000>;
P_00000155030b2958 .param/l "IDLE2" 1 2 26, +C4<00000000000000000000000000000000>;
P_00000155030b2990 .param/l "LOAD_DATA1" 1 2 20, +C4<00000000000000000000000000000001>;
P_00000155030b29c8 .param/l "LOAD_DATA2" 1 2 27, +C4<00000000000000000000000000000001>;
P_00000155030b2a00 .param/l "MIXCOLUMNS_ADDROUNDKEY1" 1 2 22, +C4<00000000000000000000000000000011>;
P_00000155030b2a38 .param/l "MIXCOLUMNS_ADDROUNDKEY2" 1 2 29, +C4<00000000000000000000000000000011>;
P_00000155030b2a70 .param/l "SHIFTROWS_SUBBYTES1" 1 2 21, +C4<00000000000000000000000000000010>;
P_00000155030b2aa8 .param/l "SHIFTROWS_SUBBYTES2" 1 2 28, +C4<00000000000000000000000000000010>;
L_00000155031009c0 .functor OR 1, v000001550315eb90_0, v000001550315f770_0, C4<0>, C4<0>;
L_0000015503100720 .functor AND 1, L_000001550315ea50, L_000001550315eff0, C4<1>, C4<1>;
v00000155030db150_0 .net *"_ivl_10", 31 0, L_000001550315f8b0;  1 drivers
L_00000155031a0118 .functor BUFT 1, C4<00000000000000000000000000000>, C4<0>, C4<0>, C4<0>;
v00000155030db5b0_0 .net *"_ivl_13", 28 0, L_00000155031a0118;  1 drivers
L_00000155031a0160 .functor BUFT 1, C4<00000000000000000000000000000000>, C4<0>, C4<0>, C4<0>;
v00000155030daed0_0 .net/2u *"_ivl_14", 31 0, L_00000155031a0160;  1 drivers
v00000155030db650_0 .net *"_ivl_16", 0 0, L_000001550315eff0;  1 drivers
v00000155030db1f0_0 .net *"_ivl_19", 0 0, L_0000015503100720;  1 drivers
v00000155030da890_0 .net *"_ivl_2", 31 0, L_000001550315f270;  1 drivers
L_00000155031a01a8 .functor BUFT 1, C4<01>, C4<0>, C4<0>, C4<0>;
v00000155030db510_0 .net/2s *"_ivl_20", 1 0, L_00000155031a01a8;  1 drivers
L_00000155031a01f0 .functor BUFT 1, C4<00>, C4<0>, C4<0>, C4<0>;
v00000155030db010_0 .net/2s *"_ivl_22", 1 0, L_00000155031a01f0;  1 drivers
v00000155030db290_0 .net *"_ivl_24", 1 0, L_000001550315eaf0;  1 drivers
L_00000155031a0088 .functor BUFT 1, C4<00000000000000000000000000000>, C4<0>, C4<0>, C4<0>;
v00000155030daf70_0 .net *"_ivl_5", 28 0, L_00000155031a0088;  1 drivers
L_00000155031a00d0 .functor BUFT 1, C4<00000000000000000000000000000000>, C4<0>, C4<0>, C4<0>;
v00000155030db330_0 .net/2u *"_ivl_6", 31 0, L_00000155031a00d0;  1 drivers
v00000155030dae30_0 .net *"_ivl_8", 0 0, L_000001550315ea50;  1 drivers
v00000155030da9d0_0 .var "addr_key", 3 0;
v00000155030da930_0 .var "addr_key1", 3 0;
v00000155030db3d0_0 .var "addr_key2", 3 0;
o000001550310b288 .functor BUFZ 1, C4<z>; HiZ drive
v00000155030daa70_0 .net "clk", 0 0, o000001550310b288;  0 drivers
v00000155030db470_0 .var "cnt", 1 0;
v00000155030dac50_0 .var "ctvalid1", 0 0;
v00000155030dab10_0 .var "ctvalid2", 0 0;
o000001550310b348 .functor BUFZ 1, C4<z>; HiZ drive
v00000155030dabb0_0 .net "datard", 0 0, o000001550310b348;  0 drivers
v00000155030dad90_0 .var "next_state1", 2 0;
v00000155030dacf0_0 .var "next_state2", 2 0;
v000001550315ee10_0 .var "raddr", 0 0;
v000001550315e4b0_0 .net "ready_new_input", 0 0, L_00000155031009c0;  1 drivers
v000001550315eb90_0 .var "ready_new_input1", 0 0;
v000001550315f770_0 .var "ready_new_input2", 0 0;
v000001550315e370_0 .net "ready_new_key", 0 0, L_000001550315eeb0;  1 drivers
o000001550310b4c8 .functor BUFZ 1, C4<z>; HiZ drive
v000001550315f1d0_0 .net "rst_n", 0 0, o000001550310b4c8;  0 drivers
v000001550315f130_0 .var "src_input", 0 0;
v000001550315e730_0 .var "state1", 2 0;
v000001550315ec30_0 .var "state2", 2 0;
v000001550315e870_0 .var "waddr", 0 0;
v000001550315e910_0 .var "wen", 0 0;
E_000001550310acc0 .event anyedge, v000001550315e730_0, v00000155030dabb0_0, v00000155030db470_0, v000001550315ec30_0;
E_000001550310ae80/0 .event negedge, v000001550315f1d0_0;
E_000001550310ae80/1 .event posedge, v00000155030daa70_0;
E_000001550310ae80 .event/or E_000001550310ae80/0, E_000001550310ae80/1;
E_000001550310a000/0 .event anyedge, v000001550315ec30_0, v00000155030dabb0_0, v00000155030db470_0, v000001550315e730_0;
E_000001550310a000/1 .event anyedge, v00000155030db3d0_0;
E_000001550310a000 .event/or E_000001550310a000/0, E_000001550310a000/1;
E_000001550310a780/0 .event anyedge, v000001550315e730_0, v00000155030dabb0_0, v00000155030db470_0, v000001550315ec30_0;
E_000001550310a780/1 .event anyedge, v00000155030da930_0;
E_000001550310a780 .event/or E_000001550310a780/0, E_000001550310a780/1;
L_000001550315f270 .concat [ 3 29 0 0], v000001550315e730_0, L_00000155031a0088;
L_000001550315ea50 .cmp/eq 32, L_000001550315f270, L_00000155031a00d0;
L_000001550315f8b0 .concat [ 3 29 0 0], v000001550315ec30_0, L_00000155031a0118;
L_000001550315eff0 .cmp/eq 32, L_000001550315f8b0, L_00000155031a0160;
L_000001550315eaf0 .functor MUXZ 2, L_00000155031a01f0, L_00000155031a01a8, L_0000015503100720, C4<>;
L_000001550315eeb0 .part L_000001550315eaf0, 0, 1;
    .scope S_00000155030b2720;
T_0 ;
    %wait E_000001550310a780;
    %load/vec4 v000001550315e730_0;
    %dup/vec4;
    %pushi/vec4 0, 0, 3;
    %cmp/u;
    %jmp/1 T_0.0, 6;
    %dup/vec4;
    %pushi/vec4 1, 0, 3;
    %cmp/u;
    %jmp/1 T_0.1, 6;
    %dup/vec4;
    %pushi/vec4 2, 0, 3;
    %cmp/u;
    %jmp/1 T_0.2, 6;
    %dup/vec4;
    %pushi/vec4 3, 0, 3;
    %cmp/u;
    %jmp/1 T_0.3, 6;
    %dup/vec4;
    %pushi/vec4 4, 0, 3;
    %cmp/u;
    %jmp/1 T_0.4, 6;
    %pushi/vec4 0, 0, 3;
    %store/vec4 v00000155030dad90_0, 0, 3;
    %jmp T_0.6;
T_0.0 ;
    %load/vec4 v00000155030dabb0_0;
    %load/vec4 v00000155030db470_0;
    %inv;
    %pushi/vec4 0, 0, 2;
    %cmp/ne;
    %flag_get/vec4 4;
    %and;
    %flag_set/vec4 8;
    %jmp/0xz  T_0.7, 8;
    %pushi/vec4 1, 0, 3;
    %store/vec4 v00000155030dad90_0, 0, 3;
    %jmp T_0.8;
T_0.7 ;
    %pushi/vec4 0, 0, 3;
    %store/vec4 v00000155030dad90_0, 0, 3;
T_0.8 ;
    %jmp T_0.6;
T_0.1 ;
    %load/vec4 v000001550315ec30_0;
    %pad/u 32;
    %cmpi/e 2, 0, 32;
    %flag_mov 8, 4;
    %load/vec4 v000001550315ec30_0;
    %pad/u 32;
    %cmpi/e 0, 0, 32;
    %flag_or 4, 8;
    %flag_mov 8, 4;
    %jmp/0 T_0.9, 8;
    %pushi/vec4 2, 0, 32;
    %jmp/1 T_0.10, 8;
T_0.9 ; End of true expr.
    %pushi/vec4 1, 0, 32;
    %jmp/0 T_0.10, 8;
 ; End of false expr.
    %blend;
T_0.10;
    %pad/s 3;
    %store/vec4 v00000155030dad90_0, 0, 3;
    %jmp T_0.6;
T_0.2 ;
    %pushi/vec4 3, 0, 3;
    %store/vec4 v00000155030dad90_0, 0, 3;
    %jmp T_0.6;
T_0.3 ;
    %load/vec4 v00000155030da930_0;
    %pad/u 32;
    %cmpi/e 10, 0, 32;
    %flag_mov 8, 4;
    %jmp/0 T_0.11, 8;
    %pushi/vec4 4, 0, 32;
    %jmp/1 T_0.12, 8;
T_0.11 ; End of true expr.
    %pushi/vec4 2, 0, 32;
    %jmp/0 T_0.12, 8;
 ; End of false expr.
    %blend;
T_0.12;
    %pad/s 3;
    %store/vec4 v00000155030dad90_0, 0, 3;
    %jmp T_0.6;
T_0.4 ;
    %pushi/vec4 0, 0, 3;
    %store/vec4 v00000155030dad90_0, 0, 3;
    %jmp T_0.6;
T_0.6 ;
    %pop/vec4 1;
    %jmp T_0;
    .thread T_0, $push;
    .scope S_00000155030b2720;
T_1 ;
    %wait E_000001550310a000;
    %load/vec4 v000001550315ec30_0;
    %dup/vec4;
    %pushi/vec4 0, 0, 3;
    %cmp/u;
    %jmp/1 T_1.0, 6;
    %dup/vec4;
    %pushi/vec4 1, 0, 3;
    %cmp/u;
    %jmp/1 T_1.1, 6;
    %dup/vec4;
    %pushi/vec4 2, 0, 3;
    %cmp/u;
    %jmp/1 T_1.2, 6;
    %dup/vec4;
    %pushi/vec4 3, 0, 3;
    %cmp/u;
    %jmp/1 T_1.3, 6;
    %dup/vec4;
    %pushi/vec4 4, 0, 3;
    %cmp/u;
    %jmp/1 T_1.4, 6;
    %pushi/vec4 0, 0, 3;
    %store/vec4 v00000155030dacf0_0, 0, 3;
    %jmp T_1.6;
T_1.0 ;
    %load/vec4 v00000155030dabb0_0;
    %load/vec4 v00000155030db470_0;
    %pushi/vec4 0, 0, 2;
    %cmp/ne;
    %flag_get/vec4 4;
    %and;
    %flag_set/vec4 8;
    %jmp/0xz  T_1.7, 8;
    %pushi/vec4 1, 0, 3;
    %store/vec4 v00000155030dacf0_0, 0, 3;
    %jmp T_1.8;
T_1.7 ;
    %pushi/vec4 0, 0, 3;
    %store/vec4 v00000155030dacf0_0, 0, 3;
T_1.8 ;
    %jmp T_1.6;
T_1.1 ;
    %load/vec4 v000001550315e730_0;
    %pad/u 32;
    %cmpi/e 2, 0, 32;
    %flag_mov 8, 4;
    %jmp/0 T_1.9, 8;
    %pushi/vec4 2, 0, 32;
    %jmp/1 T_1.10, 8;
T_1.9 ; End of true expr.
    %pushi/vec4 1, 0, 32;
    %jmp/0 T_1.10, 8;
 ; End of false expr.
    %blend;
T_1.10;
    %pad/s 3;
    %store/vec4 v00000155030dacf0_0, 0, 3;
    %jmp T_1.6;
T_1.2 ;
    %pushi/vec4 3, 0, 3;
    %store/vec4 v00000155030dacf0_0, 0, 3;
    %jmp T_1.6;
T_1.3 ;
    %load/vec4 v00000155030db3d0_0;
    %pad/u 32;
    %cmpi/e 10, 0, 32;
    %flag_mov 8, 4;
    %jmp/0 T_1.11, 8;
    %pushi/vec4 4, 0, 32;
    %jmp/1 T_1.12, 8;
T_1.11 ; End of true expr.
    %pushi/vec4 2, 0, 32;
    %jmp/0 T_1.12, 8;
 ; End of false expr.
    %blend;
T_1.12;
    %pad/s 3;
    %store/vec4 v00000155030dacf0_0, 0, 3;
    %jmp T_1.6;
T_1.4 ;
    %pushi/vec4 0, 0, 3;
    %store/vec4 v00000155030dacf0_0, 0, 3;
    %jmp T_1.6;
T_1.6 ;
    %pop/vec4 1;
    %jmp T_1;
    .thread T_1, $push;
    .scope S_00000155030b2720;
T_2 ;
    %wait E_000001550310ae80;
    %load/vec4 v000001550315f1d0_0;
    %inv;
    %flag_set/vec4 8;
    %jmp/0xz  T_2.0, 8;
    %pushi/vec4 0, 0, 3;
    %assign/vec4 v000001550315e730_0, 0;
    %jmp T_2.1;
T_2.0 ;
    %load/vec4 v00000155030dad90_0;
    %assign/vec4 v000001550315e730_0, 0;
T_2.1 ;
    %jmp T_2;
    .thread T_2;
    .scope S_00000155030b2720;
T_3 ;
    %wait E_000001550310ae80;
    %load/vec4 v000001550315f1d0_0;
    %inv;
    %flag_set/vec4 8;
    %jmp/0xz  T_3.0, 8;
    %pushi/vec4 0, 0, 3;
    %assign/vec4 v000001550315ec30_0, 0;
    %jmp T_3.1;
T_3.0 ;
    %load/vec4 v00000155030dacf0_0;
    %assign/vec4 v000001550315ec30_0, 0;
T_3.1 ;
    %jmp T_3;
    .thread T_3;
    .scope S_00000155030b2720;
T_4 ;
    %wait E_000001550310ae80;
    %load/vec4 v000001550315f1d0_0;
    %inv;
    %flag_set/vec4 8;
    %jmp/0xz  T_4.0, 8;
    %pushi/vec4 0, 0, 2;
    %assign/vec4 v00000155030db470_0, 0;
    %jmp T_4.1;
T_4.0 ;
    %load/vec4 v00000155030dabb0_0;
    %flag_set/vec4 8;
    %jmp/0xz  T_4.2, 8;
    %load/vec4 v00000155030db470_0;
    %addi 1, 0, 2;
    %assign/vec4 v00000155030db470_0, 0;
T_4.2 ;
    %load/vec4 v000001550315e730_0;
    %pad/u 32;
    %cmpi/e 1, 0, 32;
    %flag_mov 8, 4;
    %load/vec4 v000001550315ec30_0;
    %pad/u 32;
    %cmpi/e 1, 0, 32;
    %flag_or 4, 8;
    %jmp/0xz  T_4.4, 4;
    %load/vec4 v00000155030db470_0;
    %subi 1, 0, 2;
    %assign/vec4 v00000155030db470_0, 0;
T_4.4 ;
T_4.1 ;
    %jmp T_4;
    .thread T_4;
    .scope S_00000155030b2720;
T_5 ;
    %wait E_000001550310ae80;
    %load/vec4 v000001550315f1d0_0;
    %inv;
    %flag_set/vec4 8;
    %jmp/0xz  T_5.0, 8;
    %pushi/vec4 1, 0, 4;
    %assign/vec4 v00000155030da930_0, 0;
    %jmp T_5.1;
T_5.0 ;
    %load/vec4 v000001550315e730_0;
    %pad/u 32;
    %cmpi/e 0, 0, 32;
    %jmp/0xz  T_5.2, 4;
    %pushi/vec4 1, 0, 4;
    %assign/vec4 v00000155030da930_0, 0;
    %jmp T_5.3;
T_5.2 ;
    %load/vec4 v000001550315e730_0;
    %pad/u 32;
    %cmpi/e 2, 0, 32;
    %jmp/0xz  T_5.4, 4;
    %load/vec4 v00000155030da930_0;
    %addi 1, 0, 4;
    %assign/vec4 v00000155030da930_0, 0;
T_5.4 ;
T_5.3 ;
T_5.1 ;
    %jmp T_5;
    .thread T_5;
    .scope S_00000155030b2720;
T_6 ;
    %wait E_000001550310ae80;
    %load/vec4 v000001550315f1d0_0;
    %inv;
    %flag_set/vec4 8;
    %jmp/0xz  T_6.0, 8;
    %pushi/vec4 1, 0, 4;
    %assign/vec4 v00000155030db3d0_0, 0;
    %jmp T_6.1;
T_6.0 ;
    %load/vec4 v000001550315ec30_0;
    %pad/u 32;
    %cmpi/e 0, 0, 32;
    %jmp/0xz  T_6.2, 4;
    %pushi/vec4 1, 0, 4;
    %assign/vec4 v00000155030db3d0_0, 0;
    %jmp T_6.3;
T_6.2 ;
    %load/vec4 v000001550315ec30_0;
    %pad/u 32;
    %cmpi/e 2, 0, 32;
    %jmp/0xz  T_6.4, 4;
    %load/vec4 v00000155030db3d0_0;
    %addi 1, 0, 4;
    %assign/vec4 v00000155030db3d0_0, 0;
T_6.4 ;
T_6.3 ;
T_6.1 ;
    %jmp T_6;
    .thread T_6;
    .scope S_00000155030b2720;
T_7 ;
    %wait E_000001550310ae80;
    %load/vec4 v000001550315f1d0_0;
    %inv;
    %flag_set/vec4 8;
    %jmp/0xz  T_7.0, 8;
    %pushi/vec4 1, 0, 4;
    %assign/vec4 v00000155030da9d0_0, 0;
    %jmp T_7.1;
T_7.0 ;
    %load/vec4 v000001550315e730_0;
    %pad/u 32;
    %pushi/vec4 3, 0, 32;
    %cmp/e;
    %flag_get/vec4 4;
    %load/vec4 v000001550315ec30_0;
    %pad/u 32;
    %pushi/vec4 1, 0, 32;
    %cmp/e;
    %flag_get/vec4 4;
    %and;
    %flag_set/vec4 8;
    %jmp/0xz  T_7.2, 8;
    %load/vec4 v00000155030db3d0_0;
    %assign/vec4 v00000155030da9d0_0, 0;
T_7.2 ;
    %load/vec4 v000001550315e730_0;
    %pad/u 32;
    %pushi/vec4 3, 0, 32;
    %cmp/e;
    %flag_get/vec4 4;
    %load/vec4 v000001550315ec30_0;
    %pad/u 32;
    %pushi/vec4 0, 0, 32;
    %cmp/e;
    %flag_get/vec4 4;
    %and;
    %load/vec4 v00000155030dabb0_0;
    %and;
    %load/vec4 v00000155030db470_0;
    %pushi/vec4 0, 0, 2;
    %cmp/ne;
    %flag_get/vec4 4;
    %and;
    %flag_set/vec4 8;
    %jmp/0xz  T_7.4, 8;
    %load/vec4 v00000155030db3d0_0;
    %assign/vec4 v00000155030da9d0_0, 0;
T_7.4 ;
    %load/vec4 v000001550315e730_0;
    %pad/u 32;
    %cmpi/e 2, 0, 32;
    %jmp/0xz  T_7.6, 4;
    %load/vec4 v00000155030da930_0;
    %addi 1, 0, 4;
    %assign/vec4 v00000155030da9d0_0, 0;
    %jmp T_7.7;
T_7.6 ;
    %load/vec4 v000001550315ec30_0;
    %pad/u 32;
    %cmpi/e 2, 0, 32;
    %jmp/0xz  T_7.8, 4;
    %load/vec4 v00000155030db3d0_0;
    %addi 1, 0, 4;
    %assign/vec4 v00000155030da9d0_0, 0;
T_7.8 ;
T_7.7 ;
T_7.1 ;
    %jmp T_7;
    .thread T_7;
    .scope S_00000155030b2720;
T_8 ;
    %wait E_000001550310ae80;
    %load/vec4 v000001550315f1d0_0;
    %inv;
    %flag_set/vec4 8;
    %jmp/0xz  T_8.0, 8;
    %pushi/vec4 1, 0, 1;
    %assign/vec4 v000001550315eb90_0, 0;
    %pushi/vec4 1, 0, 1;
    %assign/vec4 v000001550315f770_0, 0;
    %jmp T_8.1;
T_8.0 ;
    %load/vec4 v000001550315e730_0;
    %pad/u 32;
    %cmpi/e 0, 0, 32;
    %jmp/0xz  T_8.2, 4;
    %load/vec4 v00000155030dabb0_0;
    %load/vec4 v00000155030db470_0;
    %pad/u 32;
    %pushi/vec4 0, 0, 32;
    %cmp/e;
    %flag_get/vec4 4;
    %and;
    %flag_set/vec4 8;
    %jmp/0xz  T_8.4, 8;
    %pushi/vec4 0, 0, 1;
    %assign/vec4 v000001550315eb90_0, 0;
    %jmp T_8.5;
T_8.4 ;
    %pushi/vec4 1, 0, 1;
    %assign/vec4 v000001550315eb90_0, 0;
T_8.5 ;
T_8.2 ;
    %load/vec4 v000001550315ec30_0;
    %pad/u 32;
    %cmpi/e 0, 0, 32;
    %jmp/0xz  T_8.6, 4;
    %load/vec4 v00000155030dabb0_0;
    %load/vec4 v00000155030db470_0;
    %pad/u 32;
    %pushi/vec4 1, 0, 32;
    %cmp/e;
    %flag_get/vec4 4;
    %and;
    %flag_set/vec4 8;
    %jmp/0xz  T_8.8, 8;
    %pushi/vec4 0, 0, 1;
    %assign/vec4 v000001550315f770_0, 0;
    %jmp T_8.9;
T_8.8 ;
    %pushi/vec4 1, 0, 1;
    %assign/vec4 v000001550315f770_0, 0;
T_8.9 ;
T_8.6 ;
T_8.1 ;
    %jmp T_8;
    .thread T_8;
    .scope S_00000155030b2720;
T_9 ;
    %wait E_000001550310acc0;
    %pushi/vec4 0, 0, 1;
    %store/vec4 v000001550315e910_0, 0, 1;
    %pushi/vec4 0, 0, 1;
    %store/vec4 v000001550315e870_0, 0, 1;
    %pushi/vec4 0, 0, 1;
    %store/vec4 v000001550315ee10_0, 0, 1;
    %pushi/vec4 0, 0, 1;
    %store/vec4 v000001550315f130_0, 0, 1;
    %pushi/vec4 0, 0, 1;
    %store/vec4 v00000155030dac50_0, 0, 1;
    %pushi/vec4 0, 0, 1;
    %store/vec4 v00000155030dab10_0, 0, 1;
    %load/vec4 v000001550315e730_0;
    %pad/u 32;
    %pushi/vec4 0, 0, 32;
    %cmp/e;
    %flag_get/vec4 4;
    %load/vec4 v00000155030dabb0_0;
    %and;
    %load/vec4 v00000155030db470_0;
    %pad/u 32;
    %pushi/vec4 0, 0, 32;
    %cmp/e;
    %flag_get/vec4 4;
    %and;
    %flag_set/vec4 8;
    %jmp/0xz  T_9.0, 8;
    %pushi/vec4 1, 0, 1;
    %store/vec4 v000001550315e910_0, 0, 1;
    %pushi/vec4 0, 0, 1;
    %store/vec4 v000001550315e870_0, 0, 1;
T_9.0 ;
    %load/vec4 v000001550315e730_0;
    %pad/u 32;
    %pushi/vec4 1, 0, 32;
    %cmp/e;
    %flag_get/vec4 4;
    %load/vec4 v000001550315ec30_0;
    %pad/u 32;
    %pushi/vec4 0, 0, 32;
    %cmp/e;
    %flag_get/vec4 4;
    %load/vec4 v000001550315ec30_0;
    %pad/u 32;
    %pushi/vec4 2, 0, 32;
    %cmp/e;
    %flag_get/vec4 4;
    %or;
    %and;
    %flag_set/vec4 8;
    %jmp/0xz  T_9.2, 8;
    %pushi/vec4 0, 0, 1;
    %store/vec4 v000001550315ee10_0, 0, 1;
    %pushi/vec4 1, 0, 1;
    %store/vec4 v000001550315f130_0, 0, 1;
    %jmp T_9.3;
T_9.2 ;
    %load/vec4 v000001550315ec30_0;
    %pad/u 32;
    %pushi/vec4 0, 0, 32;
    %cmp/e;
    %flag_get/vec4 4;
    %load/vec4 v00000155030dabb0_0;
    %and;
    %load/vec4 v00000155030db470_0;
    %pad/u 32;
    %pushi/vec4 1, 0, 32;
    %cmp/e;
    %flag_get/vec4 4;
    %and;
    %flag_set/vec4 8;
    %jmp/0xz  T_9.4, 8;
    %pushi/vec4 1, 0, 1;
    %store/vec4 v000001550315e910_0, 0, 1;
    %pushi/vec4 1, 0, 1;
    %store/vec4 v000001550315e870_0, 0, 1;
    %jmp T_9.5;
T_9.4 ;
    %load/vec4 v000001550315ec30_0;
    %pad/u 32;
    %cmpi/e 1, 0, 32;
    %jmp/0xz  T_9.6, 4;
    %load/vec4 v000001550315e730_0;
    %pad/u 32;
    %cmpi/e 2, 0, 32;
    %jmp/0xz  T_9.8, 4;
    %pushi/vec4 1, 0, 1;
    %store/vec4 v000001550315ee10_0, 0, 1;
    %pushi/vec4 1, 0, 1;
    %store/vec4 v000001550315f130_0, 0, 1;
T_9.8 ;
    %jmp T_9.7;
T_9.6 ;
    %load/vec4 v000001550315e730_0;
    %pad/u 32;
    %cmpi/e 4, 0, 32;
    %jmp/0xz  T_9.10, 4;
    %pushi/vec4 1, 0, 1;
    %store/vec4 v00000155030dac50_0, 0, 1;
    %jmp T_9.11;
T_9.10 ;
    %load/vec4 v000001550315ec30_0;
    %pad/u 32;
    %cmpi/e 4, 0, 32;
    %jmp/0xz  T_9.12, 4;
    %pushi/vec4 1, 0, 1;
    %store/vec4 v00000155030dab10_0, 0, 1;
T_9.12 ;
T_9.11 ;
T_9.7 ;
T_9.5 ;
T_9.3 ;
    %jmp T_9;
    .thread T_9, $push;
# The file index is used to find the file name in the following table.
:file_names 3;
    "N/A";
    "<interactive>";
    "PCore_Controller_Pipeline.v";
