#! /c/Source/iverilog-install/bin/vvp
:ivl_version "12.0 (devel)" "(s20150603-1110-g18392a46)";
:ivl_delay_selection "TYPICAL";
:vpi_time_precision + 0;
:vpi_module "D:\iverilog\iverilog\lib\ivl\system.vpi";
:vpi_module "D:\iverilog\iverilog\lib\ivl\vhdl_sys.vpi";
:vpi_module "D:\iverilog\iverilog\lib\ivl\vhdl_textio.vpi";
:vpi_module "D:\iverilog\iverilog\lib\ivl\v2005_math.vpi";
:vpi_module "D:\iverilog\iverilog\lib\ivl\va_math.vpi";
S_000001e7d6f02720 .scope module, "PCore_Controller_Pipelinev1" "PCore_Controller_Pipelinev1" 2 1;
 .timescale 0 0;
    .port_info 0 /INPUT 1 "clk";
    .port_info 1 /INPUT 1 "rst_n";
    .port_info 2 /INPUT 1 "datard";
    .port_info 3 /OUTPUT 1 "wen";
    .port_info 4 /OUTPUT 1 "waddr";
    .port_info 5 /OUTPUT 1 "raddr";
    .port_info 6 /OUTPUT 4 "addr_key";
    .port_info 7 /OUTPUT 1 "ctvalid1";
    .port_info 8 /OUTPUT 1 "ctvalid2";
    .port_info 9 /OUTPUT 1 "ready_new_input";
    .port_info 10 /OUTPUT 1 "ready_new_key";
    .port_info 11 /OUTPUT 1 "src_input";
P_000001e7d6f028b0 .param/l "DONE1" 1 2 23, +C4<00000000000000000000000000000100>;
P_000001e7d6f028e8 .param/l "DONE2" 1 2 30, +C4<00000000000000000000000000000100>;
P_000001e7d6f02920 .param/l "IDLE1" 1 2 19, +C4<00000000000000000000000000000000>;
P_000001e7d6f02958 .param/l "IDLE2" 1 2 26, +C4<00000000000000000000000000000000>;
P_000001e7d6f02990 .param/l "LOAD_DATA1" 1 2 20, +C4<00000000000000000000000000000001>;
P_000001e7d6f029c8 .param/l "LOAD_DATA2" 1 2 27, +C4<00000000000000000000000000000001>;
P_000001e7d6f02a00 .param/l "MIXCOLUMNS_ADDROUNDKEY1" 1 2 22, +C4<00000000000000000000000000000011>;
P_000001e7d6f02a38 .param/l "MIXCOLUMNS_ADDROUNDKEY2" 1 2 29, +C4<00000000000000000000000000000011>;
P_000001e7d6f02a70 .param/l "SHIFTROWS_SUBBYTES1" 1 2 21, +C4<00000000000000000000000000000010>;
P_000001e7d6f02aa8 .param/l "SHIFTROWS_SUBBYTES2" 1 2 28, +C4<00000000000000000000000000000010>;
L_000001e7d6f52a60 .functor OR 1, v000001e7d6fb0e40_0, v000001e7d6fb0300_0, C4<0>, C4<0>;
L_000001e7d6f52590 .functor AND 1, L_000001e7d6faf860, L_000001e7d6fb0f80, C4<1>, C4<1>;
v000001e7d6f2e550_0 .net *"_ivl_10", 31 0, L_000001e7d6fb1020;  1 drivers
L_000001e7d7030118 .functor BUFT 1, C4<00000000000000000000000000000>, C4<0>, C4<0>, C4<0>;
v000001e7d6f2e4b0_0 .net *"_ivl_13", 28 0, L_000001e7d7030118;  1 drivers
L_000001e7d7030160 .functor BUFT 1, C4<00000000000000000000000000000000>, C4<0>, C4<0>, C4<0>;
v000001e7d6f2dd30_0 .net/2u *"_ivl_14", 31 0, L_000001e7d7030160;  1 drivers
v000001e7d6f2ddd0_0 .net *"_ivl_16", 0 0, L_000001e7d6fb0f80;  1 drivers
v000001e7d6f2e5f0_0 .net *"_ivl_19", 0 0, L_000001e7d6f52590;  1 drivers
v000001e7d6f2e050_0 .net *"_ivl_2", 31 0, L_000001e7d6fb04e0;  1 drivers
L_000001e7d70301a8 .functor BUFT 1, C4<01>, C4<0>, C4<0>, C4<0>;
v000001e7d6f2de70_0 .net/2s *"_ivl_20", 1 0, L_000001e7d70301a8;  1 drivers
L_000001e7d70301f0 .functor BUFT 1, C4<00>, C4<0>, C4<0>, C4<0>;
v000001e7d6f2dc90_0 .net/2s *"_ivl_22", 1 0, L_000001e7d70301f0;  1 drivers
v000001e7d6f2e0f0_0 .net *"_ivl_24", 1 0, L_000001e7d6fb0120;  1 drivers
L_000001e7d7030088 .functor BUFT 1, C4<00000000000000000000000000000>, C4<0>, C4<0>, C4<0>;
v000001e7d6f2df10_0 .net *"_ivl_5", 28 0, L_000001e7d7030088;  1 drivers
L_000001e7d70300d0 .functor BUFT 1, C4<00000000000000000000000000000000>, C4<0>, C4<0>, C4<0>;
v000001e7d6f2db50_0 .net/2u *"_ivl_6", 31 0, L_000001e7d70300d0;  1 drivers
v000001e7d6f2e190_0 .net *"_ivl_8", 0 0, L_000001e7d6faf860;  1 drivers
v000001e7d6f2dab0_0 .var "addr_key", 3 0;
v000001e7d6f2dfb0_0 .var "addr_key1", 3 0;
v000001e7d6f2e690_0 .var "addr_key2", 3 0;
o000001e7d6f5c2d8 .functor BUFZ 1, C4<z>; HiZ drive
v000001e7d6f2e230_0 .net "clk", 0 0, o000001e7d6f5c2d8;  0 drivers
v000001e7d6f2e2d0_0 .var "cnt", 1 0;
v000001e7d6f2e410_0 .var "ctvalid1", 0 0;
v000001e7d6f2e730_0 .var "ctvalid2", 0 0;
o000001e7d6f5c398 .functor BUFZ 1, C4<z>; HiZ drive
v000001e7d6f2d970_0 .net "datard", 0 0, o000001e7d6f5c398;  0 drivers
v000001e7d6f2e7d0_0 .var "next_state1", 2 0;
v000001e7d6f2d8d0_0 .var "next_state2", 2 0;
v000001e7d6fb09e0_0 .var "raddr", 0 0;
v000001e7d6fb0580_0 .net "ready_new_input", 0 0, L_000001e7d6f52a60;  1 drivers
v000001e7d6fb0e40_0 .var "ready_new_input1", 0 0;
v000001e7d6fb0300_0 .var "ready_new_input2", 0 0;
v000001e7d6fb03a0_0 .net "ready_new_key", 0 0, L_000001e7d6fb0800;  1 drivers
o000001e7d6f5c518 .functor BUFZ 1, C4<z>; HiZ drive
v000001e7d6fafcc0_0 .net "rst_n", 0 0, o000001e7d6f5c518;  0 drivers
v000001e7d6faf360_0 .var "src_input", 0 0;
v000001e7d6fb0a80_0 .var "state1", 2 0;
v000001e7d6fb0940_0 .var "state2", 2 0;
v000001e7d6fb0440_0 .var "waddr", 0 0;
v000001e7d6faf4a0_0 .var "wen", 0 0;
E_000001e7d6f59430 .event anyedge, v000001e7d6fb0a80_0, v000001e7d6f2d970_0, v000001e7d6f2e2d0_0, v000001e7d6fb0940_0;
E_000001e7d6f59df0/0 .event negedge, v000001e7d6fafcc0_0;
E_000001e7d6f59df0/1 .event posedge, v000001e7d6f2e230_0;
E_000001e7d6f59df0 .event/or E_000001e7d6f59df0/0, E_000001e7d6f59df0/1;
E_000001e7d6f59370/0 .event anyedge, v000001e7d6fb0940_0, v000001e7d6f2d970_0, v000001e7d6f2e2d0_0, v000001e7d6fb0a80_0;
E_000001e7d6f59370/1 .event anyedge, v000001e7d6f2e690_0;
E_000001e7d6f59370 .event/or E_000001e7d6f59370/0, E_000001e7d6f59370/1;
E_000001e7d6f59470/0 .event anyedge, v000001e7d6fb0a80_0, v000001e7d6f2d970_0, v000001e7d6f2e2d0_0, v000001e7d6fb0940_0;
E_000001e7d6f59470/1 .event anyedge, v000001e7d6f2dfb0_0;
E_000001e7d6f59470 .event/or E_000001e7d6f59470/0, E_000001e7d6f59470/1;
L_000001e7d6fb04e0 .concat [ 3 29 0 0], v000001e7d6fb0a80_0, L_000001e7d7030088;
L_000001e7d6faf860 .cmp/eq 32, L_000001e7d6fb04e0, L_000001e7d70300d0;
L_000001e7d6fb1020 .concat [ 3 29 0 0], v000001e7d6fb0940_0, L_000001e7d7030118;
L_000001e7d6fb0f80 .cmp/eq 32, L_000001e7d6fb1020, L_000001e7d7030160;
L_000001e7d6fb0120 .functor MUXZ 2, L_000001e7d70301f0, L_000001e7d70301a8, L_000001e7d6f52590, C4<>;
L_000001e7d6fb0800 .part L_000001e7d6fb0120, 0, 1;
    .scope S_000001e7d6f02720;
T_0 ;
    %wait E_000001e7d6f59470;
    %load/vec4 v000001e7d6fb0a80_0;
    %dup/vec4;
    %pushi/vec4 0, 0, 3;
    %cmp/u;
    %jmp/1 T_0.0, 6;
    %dup/vec4;
    %pushi/vec4 1, 0, 3;
    %cmp/u;
    %jmp/1 T_0.1, 6;
    %dup/vec4;
    %pushi/vec4 2, 0, 3;
    %cmp/u;
    %jmp/1 T_0.2, 6;
    %dup/vec4;
    %pushi/vec4 3, 0, 3;
    %cmp/u;
    %jmp/1 T_0.3, 6;
    %dup/vec4;
    %pushi/vec4 4, 0, 3;
    %cmp/u;
    %jmp/1 T_0.4, 6;
    %pushi/vec4 0, 0, 3;
    %store/vec4 v000001e7d6f2e7d0_0, 0, 3;
    %jmp T_0.6;
T_0.0 ;
    %load/vec4 v000001e7d6f2d970_0;
    %load/vec4 v000001e7d6f2e2d0_0;
    %inv;
    %pushi/vec4 0, 0, 2;
    %cmp/ne;
    %flag_get/vec4 4;
    %and;
    %flag_set/vec4 8;
    %jmp/0xz  T_0.7, 8;
    %pushi/vec4 1, 0, 3;
    %store/vec4 v000001e7d6f2e7d0_0, 0, 3;
    %jmp T_0.8;
T_0.7 ;
    %pushi/vec4 0, 0, 3;
    %store/vec4 v000001e7d6f2e7d0_0, 0, 3;
T_0.8 ;
    %jmp T_0.6;
T_0.1 ;
    %load/vec4 v000001e7d6fb0940_0;
    %pad/u 32;
    %cmpi/e 2, 0, 32;
    %flag_mov 8, 4;
    %load/vec4 v000001e7d6fb0940_0;
    %pad/u 32;
    %cmpi/e 0, 0, 32;
    %flag_or 4, 8;
    %flag_mov 8, 4;
    %jmp/0 T_0.9, 8;
    %pushi/vec4 2, 0, 32;
    %jmp/1 T_0.10, 8;
T_0.9 ; End of true expr.
    %pushi/vec4 1, 0, 32;
    %jmp/0 T_0.10, 8;
 ; End of false expr.
    %blend;
T_0.10;
    %pad/s 3;
    %store/vec4 v000001e7d6f2e7d0_0, 0, 3;
    %jmp T_0.6;
T_0.2 ;
    %pushi/vec4 3, 0, 3;
    %store/vec4 v000001e7d6f2e7d0_0, 0, 3;
    %jmp T_0.6;
T_0.3 ;
    %load/vec4 v000001e7d6f2dfb0_0;
    %pad/u 32;
    %cmpi/e 10, 0, 32;
    %flag_mov 8, 4;
    %jmp/0 T_0.11, 8;
    %pushi/vec4 4, 0, 32;
    %jmp/1 T_0.12, 8;
T_0.11 ; End of true expr.
    %pushi/vec4 2, 0, 32;
    %jmp/0 T_0.12, 8;
 ; End of false expr.
    %blend;
T_0.12;
    %pad/s 3;
    %store/vec4 v000001e7d6f2e7d0_0, 0, 3;
    %jmp T_0.6;
T_0.4 ;
    %pushi/vec4 0, 0, 3;
    %store/vec4 v000001e7d6f2e7d0_0, 0, 3;
    %jmp T_0.6;
T_0.6 ;
    %pop/vec4 1;
    %jmp T_0;
    .thread T_0, $push;
    .scope S_000001e7d6f02720;
T_1 ;
    %wait E_000001e7d6f59370;
    %load/vec4 v000001e7d6fb0940_0;
    %dup/vec4;
    %pushi/vec4 0, 0, 3;
    %cmp/u;
    %jmp/1 T_1.0, 6;
    %dup/vec4;
    %pushi/vec4 1, 0, 3;
    %cmp/u;
    %jmp/1 T_1.1, 6;
    %dup/vec4;
    %pushi/vec4 2, 0, 3;
    %cmp/u;
    %jmp/1 T_1.2, 6;
    %dup/vec4;
    %pushi/vec4 3, 0, 3;
    %cmp/u;
    %jmp/1 T_1.3, 6;
    %dup/vec4;
    %pushi/vec4 4, 0, 3;
    %cmp/u;
    %jmp/1 T_1.4, 6;
    %pushi/vec4 0, 0, 3;
    %store/vec4 v000001e7d6f2d8d0_0, 0, 3;
    %jmp T_1.6;
T_1.0 ;
    %load/vec4 v000001e7d6f2d970_0;
    %load/vec4 v000001e7d6f2e2d0_0;
    %pushi/vec4 0, 0, 2;
    %cmp/ne;
    %flag_get/vec4 4;
    %and;
    %flag_set/vec4 8;
    %jmp/0xz  T_1.7, 8;
    %pushi/vec4 1, 0, 3;
    %store/vec4 v000001e7d6f2d8d0_0, 0, 3;
    %jmp T_1.8;
T_1.7 ;
    %pushi/vec4 0, 0, 3;
    %store/vec4 v000001e7d6f2d8d0_0, 0, 3;
T_1.8 ;
    %jmp T_1.6;
T_1.1 ;
    %load/vec4 v000001e7d6fb0a80_0;
    %pad/u 32;
    %cmpi/e 2, 0, 32;
    %flag_mov 8, 4;
    %jmp/0 T_1.9, 8;
    %pushi/vec4 2, 0, 32;
    %jmp/1 T_1.10, 8;
T_1.9 ; End of true expr.
    %pushi/vec4 1, 0, 32;
    %jmp/0 T_1.10, 8;
 ; End of false expr.
    %blend;
T_1.10;
    %pad/s 3;
    %store/vec4 v000001e7d6f2d8d0_0, 0, 3;
    %jmp T_1.6;
T_1.2 ;
    %pushi/vec4 3, 0, 3;
    %store/vec4 v000001e7d6f2d8d0_0, 0, 3;
    %jmp T_1.6;
T_1.3 ;
    %load/vec4 v000001e7d6f2e690_0;
    %pad/u 32;
    %cmpi/e 10, 0, 32;
    %flag_mov 8, 4;
    %jmp/0 T_1.11, 8;
    %pushi/vec4 4, 0, 32;
    %jmp/1 T_1.12, 8;
T_1.11 ; End of true expr.
    %pushi/vec4 2, 0, 32;
    %jmp/0 T_1.12, 8;
 ; End of false expr.
    %blend;
T_1.12;
    %pad/s 3;
    %store/vec4 v000001e7d6f2d8d0_0, 0, 3;
    %jmp T_1.6;
T_1.4 ;
    %pushi/vec4 0, 0, 3;
    %store/vec4 v000001e7d6f2d8d0_0, 0, 3;
    %jmp T_1.6;
T_1.6 ;
    %pop/vec4 1;
    %jmp T_1;
    .thread T_1, $push;
    .scope S_000001e7d6f02720;
T_2 ;
    %wait E_000001e7d6f59df0;
    %load/vec4 v000001e7d6fafcc0_0;
    %inv;
    %flag_set/vec4 8;
    %jmp/0xz  T_2.0, 8;
    %pushi/vec4 0, 0, 3;
    %assign/vec4 v000001e7d6fb0a80_0, 0;
    %jmp T_2.1;
T_2.0 ;
    %load/vec4 v000001e7d6f2e7d0_0;
    %assign/vec4 v000001e7d6fb0a80_0, 0;
T_2.1 ;
    %jmp T_2;
    .thread T_2;
    .scope S_000001e7d6f02720;
T_3 ;
    %wait E_000001e7d6f59df0;
    %load/vec4 v000001e7d6fafcc0_0;
    %inv;
    %flag_set/vec4 8;
    %jmp/0xz  T_3.0, 8;
    %pushi/vec4 0, 0, 3;
    %assign/vec4 v000001e7d6fb0940_0, 0;
    %jmp T_3.1;
T_3.0 ;
    %load/vec4 v000001e7d6f2d8d0_0;
    %assign/vec4 v000001e7d6fb0940_0, 0;
T_3.1 ;
    %jmp T_3;
    .thread T_3;
    .scope S_000001e7d6f02720;
T_4 ;
    %wait E_000001e7d6f59df0;
    %load/vec4 v000001e7d6fafcc0_0;
    %inv;
    %flag_set/vec4 8;
    %jmp/0xz  T_4.0, 8;
    %pushi/vec4 0, 0, 2;
    %assign/vec4 v000001e7d6f2e2d0_0, 0;
    %jmp T_4.1;
T_4.0 ;
    %load/vec4 v000001e7d6f2d970_0;
    %flag_set/vec4 8;
    %jmp/0xz  T_4.2, 8;
    %load/vec4 v000001e7d6f2e2d0_0;
    %addi 1, 0, 2;
    %assign/vec4 v000001e7d6f2e2d0_0, 0;
T_4.2 ;
    %load/vec4 v000001e7d6f2e2d0_0;
    %pad/u 32;
    %cmpi/e 2, 0, 32;
    %flag_mov 8, 4;
    %load/vec4 v000001e7d6fb0a80_0;
    %pad/u 32;
    %pushi/vec4 4, 0, 32;
    %cmp/e;
    %flag_get/vec4 4;
    %load/vec4 v000001e7d6fb0940_0;
    %pad/u 32;
    %pushi/vec4 0, 0, 32;
    %cmp/e;
    %flag_get/vec4 4;
    %and;
    %flag_set/vec4 9;
    %flag_or 9, 8;
    %load/vec4 v000001e7d6fb0940_0;
    %pad/u 32;
    %pushi/vec4 4, 0, 32;
    %cmp/e;
    %flag_get/vec4 4;
    %load/vec4 v000001e7d6fb0a80_0;
    %pad/u 32;
    %pushi/vec4 0, 0, 32;
    %cmp/e;
    %flag_get/vec4 4;
    %and;
    %flag_set/vec4 8;
    %flag_or 8, 9;
    %jmp/0xz  T_4.4, 8;
    %pushi/vec4 0, 0, 2;
    %assign/vec4 v000001e7d6f2e2d0_0, 0;
T_4.4 ;
T_4.1 ;
    %jmp T_4;
    .thread T_4;
    .scope S_000001e7d6f02720;
T_5 ;
    %wait E_000001e7d6f59df0;
    %load/vec4 v000001e7d6fafcc0_0;
    %inv;
    %flag_set/vec4 8;
    %jmp/0xz  T_5.0, 8;
    %pushi/vec4 1, 0, 4;
    %assign/vec4 v000001e7d6f2dfb0_0, 0;
    %jmp T_5.1;
T_5.0 ;
    %load/vec4 v000001e7d6fb0a80_0;
    %pad/u 32;
    %cmpi/e 0, 0, 32;
    %jmp/0xz  T_5.2, 4;
    %pushi/vec4 1, 0, 4;
    %assign/vec4 v000001e7d6f2dfb0_0, 0;
    %jmp T_5.3;
T_5.2 ;
    %load/vec4 v000001e7d6fb0a80_0;
    %pad/u 32;
    %cmpi/e 2, 0, 32;
    %jmp/0xz  T_5.4, 4;
    %load/vec4 v000001e7d6f2dfb0_0;
    %addi 1, 0, 4;
    %assign/vec4 v000001e7d6f2dfb0_0, 0;
T_5.4 ;
T_5.3 ;
T_5.1 ;
    %jmp T_5;
    .thread T_5;
    .scope S_000001e7d6f02720;
T_6 ;
    %wait E_000001e7d6f59df0;
    %load/vec4 v000001e7d6fafcc0_0;
    %inv;
    %flag_set/vec4 8;
    %jmp/0xz  T_6.0, 8;
    %pushi/vec4 1, 0, 4;
    %assign/vec4 v000001e7d6f2e690_0, 0;
    %jmp T_6.1;
T_6.0 ;
    %load/vec4 v000001e7d6fb0940_0;
    %pad/u 32;
    %cmpi/e 0, 0, 32;
    %jmp/0xz  T_6.2, 4;
    %pushi/vec4 1, 0, 4;
    %assign/vec4 v000001e7d6f2e690_0, 0;
    %jmp T_6.3;
T_6.2 ;
    %load/vec4 v000001e7d6fb0940_0;
    %pad/u 32;
    %cmpi/e 2, 0, 32;
    %jmp/0xz  T_6.4, 4;
    %load/vec4 v000001e7d6f2e690_0;
    %addi 1, 0, 4;
    %assign/vec4 v000001e7d6f2e690_0, 0;
T_6.4 ;
T_6.3 ;
T_6.1 ;
    %jmp T_6;
    .thread T_6;
    .scope S_000001e7d6f02720;
T_7 ;
    %wait E_000001e7d6f59df0;
    %load/vec4 v000001e7d6fafcc0_0;
    %inv;
    %flag_set/vec4 8;
    %jmp/0xz  T_7.0, 8;
    %pushi/vec4 1, 0, 4;
    %assign/vec4 v000001e7d6f2dab0_0, 0;
    %jmp T_7.1;
T_7.0 ;
    %load/vec4 v000001e7d6fb0a80_0;
    %pad/u 32;
    %pushi/vec4 3, 0, 32;
    %cmp/e;
    %flag_get/vec4 4;
    %load/vec4 v000001e7d6fb0940_0;
    %pad/u 32;
    %pushi/vec4 1, 0, 32;
    %cmp/e;
    %flag_get/vec4 4;
    %and;
    %flag_set/vec4 8;
    %jmp/0xz  T_7.2, 8;
    %load/vec4 v000001e7d6f2e690_0;
    %assign/vec4 v000001e7d6f2dab0_0, 0;
T_7.2 ;
    %load/vec4 v000001e7d6fb0a80_0;
    %pad/u 32;
    %pushi/vec4 3, 0, 32;
    %cmp/e;
    %flag_get/vec4 4;
    %load/vec4 v000001e7d6fb0940_0;
    %pad/u 32;
    %pushi/vec4 0, 0, 32;
    %cmp/e;
    %flag_get/vec4 4;
    %and;
    %load/vec4 v000001e7d6f2d970_0;
    %and;
    %load/vec4 v000001e7d6f2e2d0_0;
    %pad/u 32;
    %pushi/vec4 1, 0, 32;
    %cmp/e;
    %flag_get/vec4 4;
    %and;
    %flag_set/vec4 8;
    %jmp/0xz  T_7.4, 8;
    %load/vec4 v000001e7d6f2e690_0;
    %assign/vec4 v000001e7d6f2dab0_0, 0;
T_7.4 ;
    %load/vec4 v000001e7d6fb0940_0;
    %pad/u 32;
    %pushi/vec4 3, 0, 32;
    %cmp/e;
    %flag_get/vec4 4;
    %load/vec4 v000001e7d6fb0a80_0;
    %pad/u 32;
    %pushi/vec4 1, 0, 32;
    %cmp/e;
    %flag_get/vec4 4;
    %and;
    %flag_set/vec4 8;
    %jmp/0xz  T_7.6, 8;
    %load/vec4 v000001e7d6f2dfb0_0;
    %assign/vec4 v000001e7d6f2dab0_0, 0;
T_7.6 ;
    %load/vec4 v000001e7d6fb0940_0;
    %pad/u 32;
    %pushi/vec4 3, 0, 32;
    %cmp/e;
    %flag_get/vec4 4;
    %load/vec4 v000001e7d6fb0a80_0;
    %pad/u 32;
    %pushi/vec4 0, 0, 32;
    %cmp/e;
    %flag_get/vec4 4;
    %and;
    %load/vec4 v000001e7d6f2d970_0;
    %and;
    %load/vec4 v000001e7d6f2e2d0_0;
    %pad/u 32;
    %pushi/vec4 0, 0, 32;
    %cmp/e;
    %flag_get/vec4 4;
    %and;
    %flag_set/vec4 8;
    %jmp/0xz  T_7.8, 8;
    %load/vec4 v000001e7d6f2dfb0_0;
    %assign/vec4 v000001e7d6f2dab0_0, 0;
T_7.8 ;
    %load/vec4 v000001e7d6fb0a80_0;
    %pad/u 32;
    %cmpi/e 2, 0, 32;
    %jmp/0xz  T_7.10, 4;
    %load/vec4 v000001e7d6f2dfb0_0;
    %addi 1, 0, 4;
    %assign/vec4 v000001e7d6f2dab0_0, 0;
    %jmp T_7.11;
T_7.10 ;
    %load/vec4 v000001e7d6fb0940_0;
    %pad/u 32;
    %cmpi/e 2, 0, 32;
    %jmp/0xz  T_7.12, 4;
    %load/vec4 v000001e7d6f2e690_0;
    %addi 1, 0, 4;
    %assign/vec4 v000001e7d6f2dab0_0, 0;
T_7.12 ;
T_7.11 ;
T_7.1 ;
    %jmp T_7;
    .thread T_7;
    .scope S_000001e7d6f02720;
T_8 ;
    %wait E_000001e7d6f59df0;
    %load/vec4 v000001e7d6fafcc0_0;
    %inv;
    %flag_set/vec4 8;
    %jmp/0xz  T_8.0, 8;
    %pushi/vec4 1, 0, 1;
    %assign/vec4 v000001e7d6fb0e40_0, 0;
    %pushi/vec4 1, 0, 1;
    %assign/vec4 v000001e7d6fb0300_0, 0;
    %jmp T_8.1;
T_8.0 ;
    %load/vec4 v000001e7d6fb0a80_0;
    %pad/u 32;
    %cmpi/e 0, 0, 32;
    %jmp/0xz  T_8.2, 4;
    %load/vec4 v000001e7d6f2d970_0;
    %load/vec4 v000001e7d6f2e2d0_0;
    %pad/u 32;
    %pushi/vec4 0, 0, 32;
    %cmp/e;
    %flag_get/vec4 4;
    %and;
    %flag_set/vec4 8;
    %jmp/0xz  T_8.4, 8;
    %pushi/vec4 0, 0, 1;
    %assign/vec4 v000001e7d6fb0e40_0, 0;
    %jmp T_8.5;
T_8.4 ;
    %pushi/vec4 1, 0, 1;
    %assign/vec4 v000001e7d6fb0e40_0, 0;
T_8.5 ;
T_8.2 ;
    %load/vec4 v000001e7d6fb0940_0;
    %pad/u 32;
    %cmpi/e 0, 0, 32;
    %jmp/0xz  T_8.6, 4;
    %load/vec4 v000001e7d6f2d970_0;
    %load/vec4 v000001e7d6f2e2d0_0;
    %pad/u 32;
    %pushi/vec4 1, 0, 32;
    %cmp/e;
    %flag_get/vec4 4;
    %and;
    %flag_set/vec4 8;
    %jmp/0xz  T_8.8, 8;
    %pushi/vec4 0, 0, 1;
    %assign/vec4 v000001e7d6fb0300_0, 0;
    %jmp T_8.9;
T_8.8 ;
    %pushi/vec4 1, 0, 1;
    %assign/vec4 v000001e7d6fb0300_0, 0;
T_8.9 ;
T_8.6 ;
T_8.1 ;
    %jmp T_8;
    .thread T_8;
    .scope S_000001e7d6f02720;
T_9 ;
    %wait E_000001e7d6f59430;
    %pushi/vec4 0, 0, 1;
    %store/vec4 v000001e7d6faf4a0_0, 0, 1;
    %pushi/vec4 0, 0, 1;
    %store/vec4 v000001e7d6fb0440_0, 0, 1;
    %pushi/vec4 0, 0, 1;
    %store/vec4 v000001e7d6fb09e0_0, 0, 1;
    %pushi/vec4 0, 0, 1;
    %store/vec4 v000001e7d6faf360_0, 0, 1;
    %pushi/vec4 0, 0, 1;
    %store/vec4 v000001e7d6f2e410_0, 0, 1;
    %pushi/vec4 0, 0, 1;
    %store/vec4 v000001e7d6f2e730_0, 0, 1;
    %load/vec4 v000001e7d6fb0a80_0;
    %pad/u 32;
    %pushi/vec4 0, 0, 32;
    %cmp/e;
    %flag_get/vec4 4;
    %load/vec4 v000001e7d6f2d970_0;
    %and;
    %load/vec4 v000001e7d6f2e2d0_0;
    %pad/u 32;
    %pushi/vec4 0, 0, 32;
    %cmp/e;
    %flag_get/vec4 4;
    %and;
    %flag_set/vec4 8;
    %jmp/0xz  T_9.0, 8;
    %pushi/vec4 1, 0, 1;
    %store/vec4 v000001e7d6faf4a0_0, 0, 1;
    %pushi/vec4 0, 0, 1;
    %store/vec4 v000001e7d6fb0440_0, 0, 1;
T_9.0 ;
    %load/vec4 v000001e7d6fb0a80_0;
    %pad/u 32;
    %pushi/vec4 1, 0, 32;
    %cmp/e;
    %flag_get/vec4 4;
    %load/vec4 v000001e7d6fb0940_0;
    %pad/u 32;
    %pushi/vec4 0, 0, 32;
    %cmp/e;
    %flag_get/vec4 4;
    %load/vec4 v000001e7d6fb0940_0;
    %pad/u 32;
    %pushi/vec4 2, 0, 32;
    %cmp/e;
    %flag_get/vec4 4;
    %or;
    %and;
    %flag_set/vec4 8;
    %jmp/0xz  T_9.2, 8;
    %pushi/vec4 0, 0, 1;
    %store/vec4 v000001e7d6fb09e0_0, 0, 1;
    %pushi/vec4 1, 0, 1;
    %store/vec4 v000001e7d6faf360_0, 0, 1;
T_9.2 ;
    %load/vec4 v000001e7d6fb0940_0;
    %pad/u 32;
    %pushi/vec4 0, 0, 32;
    %cmp/e;
    %flag_get/vec4 4;
    %load/vec4 v000001e7d6f2d970_0;
    %and;
    %load/vec4 v000001e7d6f2e2d0_0;
    %pad/u 32;
    %pushi/vec4 1, 0, 32;
    %cmp/e;
    %flag_get/vec4 4;
    %and;
    %flag_set/vec4 8;
    %jmp/0xz  T_9.4, 8;
    %pushi/vec4 1, 0, 1;
    %store/vec4 v000001e7d6faf4a0_0, 0, 1;
    %pushi/vec4 1, 0, 1;
    %store/vec4 v000001e7d6fb0440_0, 0, 1;
    %jmp T_9.5;
T_9.4 ;
    %load/vec4 v000001e7d6fb0940_0;
    %pad/u 32;
    %cmpi/e 1, 0, 32;
    %jmp/0xz  T_9.6, 4;
    %load/vec4 v000001e7d6fb0a80_0;
    %pad/u 32;
    %cmpi/e 2, 0, 32;
    %jmp/0xz  T_9.8, 4;
    %pushi/vec4 1, 0, 1;
    %store/vec4 v000001e7d6fb09e0_0, 0, 1;
    %pushi/vec4 1, 0, 1;
    %store/vec4 v000001e7d6faf360_0, 0, 1;
T_9.8 ;
    %jmp T_9.7;
T_9.6 ;
    %load/vec4 v000001e7d6fb0a80_0;
    %pad/u 32;
    %cmpi/e 4, 0, 32;
    %jmp/0xz  T_9.10, 4;
    %pushi/vec4 1, 0, 1;
    %store/vec4 v000001e7d6f2e410_0, 0, 1;
    %jmp T_9.11;
T_9.10 ;
    %load/vec4 v000001e7d6fb0940_0;
    %pad/u 32;
    %cmpi/e 4, 0, 32;
    %jmp/0xz  T_9.12, 4;
    %pushi/vec4 1, 0, 1;
    %store/vec4 v000001e7d6f2e730_0, 0, 1;
T_9.12 ;
T_9.11 ;
T_9.7 ;
T_9.5 ;
    %jmp T_9;
    .thread T_9, $push;
# The file index is used to find the file name in the following table.
:file_names 3;
    "N/A";
    "<interactive>";
    "PCore_Controller_Pipelinev1.v";
