#! /c/Source/iverilog-install/bin/vvp
:ivl_version "12.0 (devel)" "(s20150603-1110-g18392a46)";
:ivl_delay_selection "TYPICAL";
:vpi_time_precision + 0;
:vpi_module "D:\iverilog\iverilog\lib\ivl\system.vpi";
:vpi_module "D:\iverilog\iverilog\lib\ivl\vhdl_sys.vpi";
:vpi_module "D:\iverilog\iverilog\lib\ivl\vhdl_textio.vpi";
:vpi_module "D:\iverilog\iverilog\lib\ivl\v2005_math.vpi";
:vpi_module "D:\iverilog\iverilog\lib\ivl\va_math.vpi";
S_0000020f3d42bbf0 .scope module, "ProcessingCore_Controller" "ProcessingCore_Controller" 2 1;
 .timescale 0 0;
    .port_info 0 /INPUT 1 "clk";
    .port_info 1 /INPUT 1 "rst_n";
    .port_info 2 /INPUT 1 "datard";
    .port_info 3 /OUTPUT 4 "addr_key";
    .port_info 4 /OUTPUT 1 "ctvalid";
    .port_info 5 /OUTPUT 1 "ready_new_input";
    .port_info 6 /OUTPUT 1 "src_input";
P_0000020f3d42bd80 .param/l "DONE" 1 2 15, +C4<00000000000000000000000000000100>;
P_0000020f3d42bdb8 .param/l "IDLE" 1 2 11, +C4<00000000000000000000000000000000>;
P_0000020f3d42bdf0 .param/l "LOAD_DATA" 1 2 12, +C4<00000000000000000000000000000001>;
P_0000020f3d42be28 .param/l "MIXCOLUMNS_ADDROUNDKEY" 1 2 14, +C4<00000000000000000000000000000011>;
P_0000020f3d42be60 .param/l "SHIFTROWS_SUBBYTES" 1 2 13, +C4<00000000000000000000000000000010>;
v0000020f3d42a880_0 .var "addr_key", 3 0;
o0000020f3d77efd8 .functor BUFZ 1, C4<z>; HiZ drive
v0000020f3d42bea0_0 .net "clk", 0 0, o0000020f3d77efd8;  0 drivers
v0000020f3d742b20_0 .var "ctvalid", 0 0;
o0000020f3d77f038 .functor BUFZ 1, C4<z>; HiZ drive
v0000020f3d7c6030_0 .net "datard", 0 0, o0000020f3d77f038;  0 drivers
v0000020f3d7c60d0_0 .var "next_state", 2 0;
v0000020f3d7c6170_0 .var "ready_new_input", 0 0;
o0000020f3d77f0c8 .functor BUFZ 1, C4<z>; HiZ drive
v0000020f3d7c6210_0 .net "rst_n", 0 0, o0000020f3d77f0c8;  0 drivers
v0000020f3d7c62b0_0 .var "src_input", 0 0;
v0000020f3d7c6350_0 .var "state", 2 0;
E_0000020f3d42b920 .event anyedge, v0000020f3d7c6350_0;
E_0000020f3d42ad20/0 .event negedge, v0000020f3d7c6210_0;
E_0000020f3d42ad20/1 .event posedge, v0000020f3d42bea0_0;
E_0000020f3d42ad20 .event/or E_0000020f3d42ad20/0, E_0000020f3d42ad20/1;
E_0000020f3d42ac60 .event anyedge, v0000020f3d7c6350_0, v0000020f3d7c6030_0, v0000020f3d42a880_0;
    .scope S_0000020f3d42bbf0;
T_0 ;
    %wait E_0000020f3d42ac60;
    %load/vec4 v0000020f3d7c6350_0;
    %dup/vec4;
    %pushi/vec4 0, 0, 3;
    %cmp/u;
    %jmp/1 T_0.0, 6;
    %dup/vec4;
    %pushi/vec4 1, 0, 3;
    %cmp/u;
    %jmp/1 T_0.1, 6;
    %dup/vec4;
    %pushi/vec4 2, 0, 3;
    %cmp/u;
    %jmp/1 T_0.2, 6;
    %dup/vec4;
    %pushi/vec4 3, 0, 3;
    %cmp/u;
    %jmp/1 T_0.3, 6;
    %dup/vec4;
    %pushi/vec4 4, 0, 3;
    %cmp/u;
    %jmp/1 T_0.4, 6;
    %pushi/vec4 0, 0, 3;
    %store/vec4 v0000020f3d7c60d0_0, 0, 3;
    %jmp T_0.6;
T_0.0 ;
    %load/vec4 v0000020f3d7c6030_0;
    %flag_set/vec4 8;
    %jmp/0 T_0.7, 8;
    %pushi/vec4 1, 0, 32;
    %jmp/1 T_0.8, 8;
T_0.7 ; End of true expr.
    %pushi/vec4 0, 0, 32;
    %jmp/0 T_0.8, 8;
 ; End of false expr.
    %blend;
T_0.8;
    %pad/s 3;
    %store/vec4 v0000020f3d7c60d0_0, 0, 3;
    %jmp T_0.6;
T_0.1 ;
    %pushi/vec4 2, 0, 3;
    %store/vec4 v0000020f3d7c60d0_0, 0, 3;
    %jmp T_0.6;
T_0.2 ;
    %pushi/vec4 3, 0, 3;
    %store/vec4 v0000020f3d7c60d0_0, 0, 3;
    %jmp T_0.6;
T_0.3 ;
    %load/vec4 v0000020f3d42a880_0;
    %pad/u 32;
    %cmpi/e 10, 0, 32;
    %flag_mov 8, 4;
    %jmp/0 T_0.9, 8;
    %pushi/vec4 4, 0, 32;
    %jmp/1 T_0.10, 8;
T_0.9 ; End of true expr.
    %pushi/vec4 2, 0, 32;
    %jmp/0 T_0.10, 8;
 ; End of false expr.
    %blend;
T_0.10;
    %pad/s 3;
    %store/vec4 v0000020f3d7c60d0_0, 0, 3;
    %jmp T_0.6;
T_0.4 ;
    %pushi/vec4 0, 0, 3;
    %store/vec4 v0000020f3d7c60d0_0, 0, 3;
    %jmp T_0.6;
T_0.6 ;
    %pop/vec4 1;
    %jmp T_0;
    .thread T_0, $push;
    .scope S_0000020f3d42bbf0;
T_1 ;
    %wait E_0000020f3d42ad20;
    %load/vec4 v0000020f3d7c6210_0;
    %inv;
    %flag_set/vec4 8;
    %jmp/0xz  T_1.0, 8;
    %pushi/vec4 0, 0, 3;
    %assign/vec4 v0000020f3d7c6350_0, 0;
    %jmp T_1.1;
T_1.0 ;
    %load/vec4 v0000020f3d7c60d0_0;
    %assign/vec4 v0000020f3d7c6350_0, 0;
T_1.1 ;
    %jmp T_1;
    .thread T_1;
    .scope S_0000020f3d42bbf0;
T_2 ;
    %wait E_0000020f3d42ad20;
    %load/vec4 v0000020f3d7c6210_0;
    %inv;
    %flag_set/vec4 8;
    %jmp/0xz  T_2.0, 8;
    %pushi/vec4 0, 0, 4;
    %assign/vec4 v0000020f3d42a880_0, 0;
    %jmp T_2.1;
T_2.0 ;
    %load/vec4 v0000020f3d7c6350_0;
    %pad/u 32;
    %cmpi/e 0, 0, 32;
    %jmp/0xz  T_2.2, 4;
    %pushi/vec4 0, 0, 4;
    %assign/vec4 v0000020f3d42a880_0, 0;
    %jmp T_2.3;
T_2.2 ;
    %load/vec4 v0000020f3d7c6350_0;
    %pad/u 32;
    %cmpi/e 3, 0, 32;
    %jmp/0xz  T_2.4, 4;
    %load/vec4 v0000020f3d42a880_0;
    %addi 1, 0, 4;
    %assign/vec4 v0000020f3d42a880_0, 0;
T_2.4 ;
T_2.3 ;
T_2.1 ;
    %jmp T_2;
    .thread T_2;
    .scope S_0000020f3d42bbf0;
T_3 ;
    %wait E_0000020f3d42b920;
    %pushi/vec4 0, 0, 1;
    %store/vec4 v0000020f3d742b20_0, 0, 1;
    %pushi/vec4 0, 0, 1;
    %store/vec4 v0000020f3d7c6170_0, 0, 1;
    %pushi/vec4 0, 0, 1;
    %store/vec4 v0000020f3d7c62b0_0, 0, 1;
    %load/vec4 v0000020f3d7c6350_0;
    %dup/vec4;
    %pushi/vec4 0, 0, 3;
    %cmp/u;
    %jmp/1 T_3.0, 6;
    %dup/vec4;
    %pushi/vec4 1, 0, 3;
    %cmp/u;
    %jmp/1 T_3.1, 6;
    %dup/vec4;
    %pushi/vec4 4, 0, 3;
    %cmp/u;
    %jmp/1 T_3.2, 6;
    %pushi/vec4 0, 0, 1;
    %store/vec4 v0000020f3d742b20_0, 0, 1;
    %pushi/vec4 0, 0, 1;
    %store/vec4 v0000020f3d7c6170_0, 0, 1;
    %pushi/vec4 0, 0, 1;
    %store/vec4 v0000020f3d7c62b0_0, 0, 1;
    %jmp T_3.4;
T_3.0 ;
    %pushi/vec4 0, 0, 1;
    %store/vec4 v0000020f3d742b20_0, 0, 1;
    %pushi/vec4 1, 0, 1;
    %store/vec4 v0000020f3d7c6170_0, 0, 1;
    %pushi/vec4 0, 0, 1;
    %store/vec4 v0000020f3d7c62b0_0, 0, 1;
    %jmp T_3.4;
T_3.1 ;
    %pushi/vec4 1, 0, 1;
    %store/vec4 v0000020f3d7c62b0_0, 0, 1;
    %jmp T_3.4;
T_3.2 ;
    %pushi/vec4 1, 0, 1;
    %store/vec4 v0000020f3d742b20_0, 0, 1;
    %jmp T_3.4;
T_3.4 ;
    %pop/vec4 1;
    %jmp T_3;
    .thread T_3, $push;
# The file index is used to find the file name in the following table.
:file_names 3;
    "N/A";
    "<interactive>";
    "ProcessingCore_Controller.v";
