#! /c/Source/iverilog-install/bin/vvp
:ivl_version "12.0 (devel)" "(s20150603-1110-g18392a46)";
:ivl_delay_selection "TYPICAL";
:vpi_time_precision + 0;
:vpi_module "D:\iverilog\iverilog\lib\ivl\system.vpi";
:vpi_module "D:\iverilog\iverilog\lib\ivl\vhdl_sys.vpi";
:vpi_module "D:\iverilog\iverilog\lib\ivl\vhdl_textio.vpi";
:vpi_module "D:\iverilog\iverilog\lib\ivl\v2005_math.vpi";
:vpi_module "D:\iverilog\iverilog\lib\ivl\va_math.vpi";
S_000001eb1d4a2830 .scope module, "Rcon" "Rcon" 2 1;
 .timescale 0 0;
    .port_info 0 /INPUT 4 "round";
    .port_info 1 /OUTPUT 32 "rcon_out";
v000001eb1d4a32f0_0 .var "rcon_out", 31 0;
o000001eb1d4d6fc8 .functor BUFZ 4, C4<zzzz>; HiZ drive
v000001eb1d4a2f40_0 .net "round", 3 0, o000001eb1d4d6fc8;  0 drivers
E_000001eb1d60d870 .event anyedge, v000001eb1d4a2f40_0;
    .scope S_000001eb1d4a2830;
T_0 ;
    %wait E_000001eb1d60d870;
    %load/vec4 v000001eb1d4a2f40_0;
    %dup/vec4;
    %pushi/vec4 1, 0, 4;
    %cmp/u;
    %jmp/1 T_0.0, 6;
    %dup/vec4;
    %pushi/vec4 2, 0, 4;
    %cmp/u;
    %jmp/1 T_0.1, 6;
    %dup/vec4;
    %pushi/vec4 3, 0, 4;
    %cmp/u;
    %jmp/1 T_0.2, 6;
    %dup/vec4;
    %pushi/vec4 4, 0, 4;
    %cmp/u;
    %jmp/1 T_0.3, 6;
    %dup/vec4;
    %pushi/vec4 5, 0, 4;
    %cmp/u;
    %jmp/1 T_0.4, 6;
    %dup/vec4;
    %pushi/vec4 6, 0, 4;
    %cmp/u;
    %jmp/1 T_0.5, 6;
    %dup/vec4;
    %pushi/vec4 7, 0, 4;
    %cmp/u;
    %jmp/1 T_0.6, 6;
    %dup/vec4;
    %pushi/vec4 8, 0, 4;
    %cmp/u;
    %jmp/1 T_0.7, 6;
    %dup/vec4;
    %pushi/vec4 9, 0, 4;
    %cmp/u;
    %jmp/1 T_0.8, 6;
    %dup/vec4;
    %pushi/vec4 10, 0, 4;
    %cmp/u;
    %jmp/1 T_0.9, 6;
    %pushi/vec4 0, 0, 32;
    %store/vec4 v000001eb1d4a32f0_0, 0, 32;
    %jmp T_0.11;
T_0.0 ;
    %pushi/vec4 16777216, 0, 32;
    %store/vec4 v000001eb1d4a32f0_0, 0, 32;
    %jmp T_0.11;
T_0.1 ;
    %pushi/vec4 33554432, 0, 32;
    %store/vec4 v000001eb1d4a32f0_0, 0, 32;
    %jmp T_0.11;
T_0.2 ;
    %pushi/vec4 67108864, 0, 32;
    %store/vec4 v000001eb1d4a32f0_0, 0, 32;
    %jmp T_0.11;
T_0.3 ;
    %pushi/vec4 134217728, 0, 32;
    %store/vec4 v000001eb1d4a32f0_0, 0, 32;
    %jmp T_0.11;
T_0.4 ;
    %pushi/vec4 268435456, 0, 32;
    %store/vec4 v000001eb1d4a32f0_0, 0, 32;
    %jmp T_0.11;
T_0.5 ;
    %pushi/vec4 536870912, 0, 32;
    %store/vec4 v000001eb1d4a32f0_0, 0, 32;
    %jmp T_0.11;
T_0.6 ;
    %pushi/vec4 1073741824, 0, 32;
    %store/vec4 v000001eb1d4a32f0_0, 0, 32;
    %jmp T_0.11;
T_0.7 ;
    %pushi/vec4 2147483648, 0, 32;
    %store/vec4 v000001eb1d4a32f0_0, 0, 32;
    %jmp T_0.11;
T_0.8 ;
    %pushi/vec4 452984832, 0, 32;
    %store/vec4 v000001eb1d4a32f0_0, 0, 32;
    %jmp T_0.11;
T_0.9 ;
    %pushi/vec4 905969664, 0, 32;
    %store/vec4 v000001eb1d4a32f0_0, 0, 32;
    %jmp T_0.11;
T_0.11 ;
    %pop/vec4 1;
    %jmp T_0;
    .thread T_0, $push;
# The file index is used to find the file name in the following table.
:file_names 3;
    "N/A";
    "<interactive>";
    "Rcon.v";
