#! /c/Source/iverilog-install/bin/vvp
:ivl_version "12.0 (devel)" "(s20150603-1110-g18392a46)";
:ivl_delay_selection "TYPICAL";
:vpi_time_precision + 0;
:vpi_module "D:\iverilog\iverilog\lib\ivl\system.vpi";
:vpi_module "D:\iverilog\iverilog\lib\ivl\vhdl_sys.vpi";
:vpi_module "D:\iverilog\iverilog\lib\ivl\vhdl_textio.vpi";
:vpi_module "D:\iverilog\iverilog\lib\ivl\v2005_math.vpi";
:vpi_module "D:\iverilog\iverilog\lib\ivl\va_math.vpi";
S_000001a6b9472720 .scope module, "Registerfile" "Registerfile" 2 1;
 .timescale 0 0;
    .port_info 0 /INPUT 1 "clk";
    .port_info 1 /INPUT 1 "rst_n";
    .port_info 2 /INPUT 1 "wen";
    .port_info 3 /INPUT 4 "waddr";
    .port_info 4 /INPUT 128 "din";
    .port_info 5 /INPUT 4 "raddr";
    .port_info 6 /OUTPUT 128 "dout";
L_000001a6b945bf10 .functor BUFZ 128, L_000001a6b94ec260, C4<00000000000000000000000000000000000000000000000000000000000000000000000000000000000000000000000000000000000000000000000000000000>, C4<00000000000000000000000000000000000000000000000000000000000000000000000000000000000000000000000000000000000000000000000000000000>, C4<00000000000000000000000000000000000000000000000000000000000000000000000000000000000000000000000000000000000000000000000000000000>;
v000001a6b9472df0_0 .net *"_ivl_0", 127 0, L_000001a6b94ec260;  1 drivers
v000001a6b945be70_0 .net *"_ivl_2", 4 0, L_000001a6b94ec300;  1 drivers
L_000001a6b94ecbe8 .functor BUFT 1, C4<0>, C4<0>, C4<0>, C4<0>;
v000001a6b94728b0_0 .net *"_ivl_5", 0 0, L_000001a6b94ecbe8;  1 drivers
o000001a6b94a7048 .functor BUFZ 1, C4<z>; HiZ drive
v000001a6b9472950_0 .net "clk", 0 0, o000001a6b94a7048;  0 drivers
o000001a6b94a7078 .functor BUFZ 128, C4<zzzzzzzzzzzzzzzzzzzzzzzzzzzzzzzzzzzzzzzzzzzzzzzzzzzzzzzzzzzzzzzzzzzzzzzzzzzzzzzzzzzzzzzzzzzzzzzzzzzzzzzzzzzzzzzzzzzzzzzzzzzzzzzz>; HiZ drive
v000001a6b94729f0_0 .net "din", 127 0, o000001a6b94a7078;  0 drivers
v000001a6b9472a90_0 .net "dout", 127 0, L_000001a6b945bf10;  1 drivers
v000001a6b9472b30_0 .var/i "i", 31 0;
o000001a6b94a7108 .functor BUFZ 4, C4<zzzz>; HiZ drive
v000001a6b94eb820_0 .net "raddr", 3 0, o000001a6b94a7108;  0 drivers
v000001a6b94eb8c0 .array "regs", 10 0, 127 0;
o000001a6b94a7138 .functor BUFZ 1, C4<z>; HiZ drive
v000001a6b94eb9f0_0 .net "rst_n", 0 0, o000001a6b94a7138;  0 drivers
o000001a6b94a7168 .functor BUFZ 4, C4<zzzz>; HiZ drive
v000001a6b94eba90_0 .net "waddr", 3 0, o000001a6b94a7168;  0 drivers
o000001a6b94a7198 .functor BUFZ 1, C4<z>; HiZ drive
v000001a6b94ebb30_0 .net "wen", 0 0, o000001a6b94a7198;  0 drivers
E_000001a6b94a6710/0 .event negedge, v000001a6b94eb9f0_0;
E_000001a6b94a6710/1 .event posedge, v000001a6b9472950_0;
E_000001a6b94a6710 .event/or E_000001a6b94a6710/0, E_000001a6b94a6710/1;
L_000001a6b94ec260 .array/port v000001a6b94eb8c0, L_000001a6b94ec300;
L_000001a6b94ec300 .concat [ 4 1 0 0], o000001a6b94a7108, L_000001a6b94ecbe8;
    .scope S_000001a6b9472720;
T_0 ;
    %wait E_000001a6b94a6710;
    %load/vec4 v000001a6b94eb9f0_0;
    %nor/r;
    %flag_set/vec4 8;
    %jmp/0xz  T_0.0, 8;
    %pushi/vec4 0, 0, 32;
    %store/vec4 v000001a6b9472b30_0, 0, 32;
T_0.2 ;
    %load/vec4 v000001a6b9472b30_0;
    %cmpi/s 11, 0, 32;
    %jmp/0xz T_0.3, 5;
    %pushi/vec4 0, 0, 128;
    %ix/getv/s 3, v000001a6b9472b30_0;
    %ix/load 4, 0, 0; Constant delay
    %assign/vec4/a/d v000001a6b94eb8c0, 0, 4;
    %load/vec4 v000001a6b9472b30_0;
    %addi 1, 0, 32;
    %store/vec4 v000001a6b9472b30_0, 0, 32;
    %jmp T_0.2;
T_0.3 ;
    %jmp T_0.1;
T_0.0 ;
    %load/vec4 v000001a6b94ebb30_0;
    %flag_set/vec4 8;
    %jmp/0xz  T_0.4, 8;
    %load/vec4 v000001a6b94729f0_0;
    %load/vec4 v000001a6b94eba90_0;
    %pad/u 5;
    %ix/vec4 3;
    %ix/load 4, 0, 0; Constant delay
    %assign/vec4/a/d v000001a6b94eb8c0, 0, 4;
T_0.4 ;
T_0.1 ;
    %jmp T_0;
    .thread T_0;
# The file index is used to find the file name in the following table.
:file_names 3;
    "N/A";
    "<interactive>";
    "Registerfile.v";
