#! /c/Source/iverilog-install/bin/vvp
:ivl_version "12.0 (devel)" "(s20150603-1110-g18392a46)";
:ivl_delay_selection "TYPICAL";
:vpi_time_precision + 0;
:vpi_module "D:\iverilog\iverilog\lib\ivl\system.vpi";
:vpi_module "D:\iverilog\iverilog\lib\ivl\vhdl_sys.vpi";
:vpi_module "D:\iverilog\iverilog\lib\ivl\vhdl_textio.vpi";
:vpi_module "D:\iverilog\iverilog\lib\ivl\v2005_math.vpi";
:vpi_module "D:\iverilog\iverilog\lib\ivl\va_math.vpi";
S_0000025ad49a9760 .scope module, "Registerfile_Data" "Registerfile_Data" 2 1;
 .timescale 0 0;
    .port_info 0 /INPUT 1 "clk";
    .port_info 1 /INPUT 1 "rst_n";
    .port_info 2 /INPUT 1 "wen";
    .port_info 3 /INPUT 1 "waddr";
    .port_info 4 /INPUT 1 "raddr";
    .port_info 5 /INPUT 128 "din";
    .port_info 6 /OUTPUT 128 "dout";
L_0000025ad4a32bc0 .functor BUFZ 128, L_0000025ad4aabb60, C4<00000000000000000000000000000000000000000000000000000000000000000000000000000000000000000000000000000000000000000000000000000000>, C4<00000000000000000000000000000000000000000000000000000000000000000000000000000000000000000000000000000000000000000000000000000000>, C4<00000000000000000000000000000000000000000000000000000000000000000000000000000000000000000000000000000000000000000000000000000000>;
v0000025ad4a32720_0 .net *"_ivl_0", 127 0, L_0000025ad4aabb60;  1 drivers
v0000025ad49abbc0_0 .net *"_ivl_2", 2 0, L_0000025ad4a627d0;  1 drivers
L_0000025ad4aabc08 .functor BUFT 1, C4<00>, C4<0>, C4<0>, C4<0>;
v0000025ad49abc60_0 .net *"_ivl_5", 1 0, L_0000025ad4aabc08;  1 drivers
o0000025ad4a67068 .functor BUFZ 1, C4<z>; HiZ drive
v0000025ad49abd00_0 .net "clk", 0 0, o0000025ad4a67068;  0 drivers
o0000025ad4a67098 .functor BUFZ 128, C4<zzzzzzzzzzzzzzzzzzzzzzzzzzzzzzzzzzzzzzzzzzzzzzzzzzzzzzzzzzzzzzzzzzzzzzzzzzzzzzzzzzzzzzzzzzzzzzzzzzzzzzzzzzzzzzzzzzzzzzzzzzzzzzzz>; HiZ drive
v0000025ad49abda0_0 .net "din", 127 0, o0000025ad4a67098;  0 drivers
v0000025ad49abe40_0 .net "dout", 127 0, L_0000025ad4a32bc0;  1 drivers
v0000025ad4aab840 .array "mem", 1 0, 127 0;
o0000025ad4a670f8 .functor BUFZ 1, C4<z>; HiZ drive
v0000025ad4aab8e0_0 .net "raddr", 0 0, o0000025ad4a670f8;  0 drivers
o0000025ad4a67128 .functor BUFZ 1, C4<z>; HiZ drive
v0000025ad4aab980_0 .net "rst_n", 0 0, o0000025ad4a67128;  0 drivers
o0000025ad4a67158 .functor BUFZ 1, C4<z>; HiZ drive
v0000025ad4aaba20_0 .net "waddr", 0 0, o0000025ad4a67158;  0 drivers
o0000025ad4a67188 .functor BUFZ 1, C4<z>; HiZ drive
v0000025ad4aabac0_0 .net "wen", 0 0, o0000025ad4a67188;  0 drivers
E_0000025ad4a665b0/0 .event negedge, v0000025ad4aab980_0;
E_0000025ad4a665b0/1 .event posedge, v0000025ad49abd00_0;
E_0000025ad4a665b0 .event/or E_0000025ad4a665b0/0, E_0000025ad4a665b0/1;
L_0000025ad4aabb60 .array/port v0000025ad4aab840, L_0000025ad4a627d0;
L_0000025ad4a627d0 .concat [ 1 2 0 0], o0000025ad4a670f8, L_0000025ad4aabc08;
    .scope S_0000025ad49a9760;
T_0 ;
    %wait E_0000025ad4a665b0;
    %load/vec4 v0000025ad4aab980_0;
    %inv;
    %flag_set/vec4 8;
    %jmp/0xz  T_0.0, 8;
    %pushi/vec4 0, 0, 128;
    %ix/load 3, 0, 0;
    %flag_set/imm 4, 0;
    %ix/load 4, 0, 0; Constant delay
    %assign/vec4/a/d v0000025ad4aab840, 0, 4;
    %pushi/vec4 0, 0, 128;
    %ix/load 3, 1, 0;
    %flag_set/imm 4, 0;
    %ix/load 4, 0, 0; Constant delay
    %assign/vec4/a/d v0000025ad4aab840, 0, 4;
    %jmp T_0.1;
T_0.0 ;
    %load/vec4 v0000025ad4aabac0_0;
    %flag_set/vec4 8;
    %jmp/0xz  T_0.2, 8;
    %load/vec4 v0000025ad49abda0_0;
    %load/vec4 v0000025ad4aaba20_0;
    %pad/u 3;
    %ix/vec4 3;
    %ix/load 4, 0, 0; Constant delay
    %assign/vec4/a/d v0000025ad4aab840, 0, 4;
T_0.2 ;
T_0.1 ;
    %jmp T_0;
    .thread T_0;
# The file index is used to find the file name in the following table.
:file_names 3;
    "N/A";
    "<interactive>";
    "Registerfile_Data.v";
