#! /c/Source/iverilog-install/bin/vvp
:ivl_version "12.0 (devel)" "(s20150603-1110-g18392a46)";
:ivl_delay_selection "TYPICAL";
:vpi_time_precision + 0;
:vpi_module "D:\iverilog\iverilog\lib\ivl\system.vpi";
:vpi_module "D:\iverilog\iverilog\lib\ivl\vhdl_sys.vpi";
:vpi_module "D:\iverilog\iverilog\lib\ivl\vhdl_textio.vpi";
:vpi_module "D:\iverilog\iverilog\lib\ivl\v2005_math.vpi";
:vpi_module "D:\iverilog\iverilog\lib\ivl\va_math.vpi";
S_000002c0a0de6ca0 .scope module, "RotWord" "RotWord" 2 1;
 .timescale 0 0;
    .port_info 0 /INPUT 32 "rot_in";
    .port_info 1 /OUTPUT 32 "rot_out";
v000002c0a0db2f40_0 .net *"_ivl_1", 23 0, L_000002c0a0de09e0;  1 drivers
v000002c0a0db32d0_0 .net *"_ivl_3", 7 0, L_000002c0a0de0a80;  1 drivers
o000002c0a0de6e98 .functor BUFZ 32, C4<zzzzzzzzzzzzzzzzzzzzzzzzzzzzzzzz>; HiZ drive
v000002c0a0db2b20_0 .net "rot_in", 31 0, o000002c0a0de6e98;  0 drivers
v000002c0a0de0940_0 .net "rot_out", 31 0, L_000002c0a0de0b20;  1 drivers
L_000002c0a0de09e0 .part o000002c0a0de6e98, 0, 24;
L_000002c0a0de0a80 .part o000002c0a0de6e98, 24, 8;
L_000002c0a0de0b20 .concat [ 8 24 0 0], L_000002c0a0de0a80, L_000002c0a0de09e0;
# The file index is used to find the file name in the following table.
:file_names 3;
    "N/A";
    "<interactive>";
    "RotWord.v";
