#! /c/Source/iverilog-install/bin/vvp
:ivl_version "12.0 (devel)" "(s20150603-1110-g18392a46)";
:ivl_delay_selection "TYPICAL";
:vpi_time_precision + 0;
:vpi_module "D:\iverilog\iverilog\lib\ivl\system.vpi";
:vpi_module "D:\iverilog\iverilog\lib\ivl\vhdl_sys.vpi";
:vpi_module "D:\iverilog\iverilog\lib\ivl\vhdl_textio.vpi";
:vpi_module "D:\iverilog\iverilog\lib\ivl\v2005_math.vpi";
:vpi_module "D:\iverilog\iverilog\lib\ivl\va_math.vpi";
S_000002135ae8bdf0 .scope module, "ShiftRows" "ShiftRows" 2 1;
 .timescale 0 0;
    .port_info 0 /INPUT 128 "b_in";
    .port_info 1 /OUTPUT 128 "b_out";
v000002135ada62d0_0 .net *"_ivl_11", 7 0, L_000002135ada5dd0;  1 drivers
v000002135ada6d70_0 .net *"_ivl_15", 7 0, L_000002135ada51f0;  1 drivers
v000002135ada6ff0_0 .net *"_ivl_19", 7 0, L_000002135ada6f50;  1 drivers
v000002135ada5d30_0 .net *"_ivl_23", 7 0, L_000002135ada5290;  1 drivers
v000002135ada5510_0 .net *"_ivl_27", 7 0, L_000002135ada5330;  1 drivers
v000002135ada6a50_0 .net *"_ivl_3", 7 0, L_000002135ada6af0;  1 drivers
v000002135ada5790_0 .net *"_ivl_31", 7 0, L_000002135ada6050;  1 drivers
v000002135ada5a10_0 .net *"_ivl_35", 7 0, L_000002135ada5b50;  1 drivers
v000002135ada6370_0 .net *"_ivl_39", 7 0, L_000002135ada53d0;  1 drivers
v000002135ada6c30_0 .net *"_ivl_43", 7 0, L_000002135ada65f0;  1 drivers
v000002135ada6cd0_0 .net *"_ivl_47", 7 0, L_000002135ada6550;  1 drivers
v000002135ada6910_0 .net *"_ivl_51", 7 0, L_000002135ada5470;  1 drivers
v000002135ada6e10_0 .net *"_ivl_55", 7 0, L_000002135ada64b0;  1 drivers
v000002135ada5150_0 .net *"_ivl_59", 7 0, L_000002135ada55b0;  1 drivers
v000002135ada58d0_0 .net *"_ivl_64", 7 0, L_000002135ada5fb0;  1 drivers
v000002135ada5f10_0 .net *"_ivl_7", 7 0, L_000002135ada6410;  1 drivers
o000002135adb92b8 .functor BUFZ 128, C4<zzzzzzzzzzzzzzzzzzzzzzzzzzzzzzzzzzzzzzzzzzzzzzzzzzzzzzzzzzzzzzzzzzzzzzzzzzzzzzzzzzzzzzzzzzzzzzzzzzzzzzzzzzzzzzzzzzzzzzzzzzzzzzzz>; HiZ drive
v000002135ada60f0_0 .net "b_in", 127 0, o000002135adb92b8;  0 drivers
v000002135ada6690_0 .net "b_out", 127 0, L_000002135ada6190;  1 drivers
L_000002135ada6af0 .part o000002135adb92b8, 120, 8;
L_000002135ada6410 .part o000002135adb92b8, 80, 8;
L_000002135ada5dd0 .part o000002135adb92b8, 40, 8;
L_000002135ada51f0 .part o000002135adb92b8, 0, 8;
L_000002135ada6f50 .part o000002135adb92b8, 88, 8;
L_000002135ada5290 .part o000002135adb92b8, 48, 8;
L_000002135ada5330 .part o000002135adb92b8, 8, 8;
L_000002135ada6050 .part o000002135adb92b8, 96, 8;
L_000002135ada5b50 .part o000002135adb92b8, 56, 8;
L_000002135ada53d0 .part o000002135adb92b8, 16, 8;
L_000002135ada65f0 .part o000002135adb92b8, 104, 8;
L_000002135ada6550 .part o000002135adb92b8, 64, 8;
L_000002135ada5470 .part o000002135adb92b8, 24, 8;
L_000002135ada64b0 .part o000002135adb92b8, 112, 8;
L_000002135ada55b0 .part o000002135adb92b8, 72, 8;
LS_000002135ada6190_0_0 .concat8 [ 8 8 8 8], L_000002135ada5fb0, L_000002135ada55b0, L_000002135ada64b0, L_000002135ada5470;
LS_000002135ada6190_0_4 .concat8 [ 8 8 8 8], L_000002135ada6550, L_000002135ada65f0, L_000002135ada53d0, L_000002135ada5b50;
LS_000002135ada6190_0_8 .concat8 [ 8 8 8 8], L_000002135ada6050, L_000002135ada5330, L_000002135ada5290, L_000002135ada6f50;
LS_000002135ada6190_0_12 .concat8 [ 8 8 8 8], L_000002135ada51f0, L_000002135ada5dd0, L_000002135ada6410, L_000002135ada6af0;
L_000002135ada6190 .concat8 [ 32 32 32 32], LS_000002135ada6190_0_0, LS_000002135ada6190_0_4, LS_000002135ada6190_0_8, LS_000002135ada6190_0_12;
L_000002135ada5fb0 .part o000002135adb92b8, 32, 8;
# The file index is used to find the file name in the following table.
:file_names 3;
    "N/A";
    "<interactive>";
    "ShiftRows.v";
