#! /c/Source/iverilog-install/bin/vvp
:ivl_version "12.0 (devel)" "(s20150603-1110-g18392a46)";
:ivl_delay_selection "TYPICAL";
:vpi_time_precision + 0;
:vpi_module "D:\iverilog\iverilog\lib\ivl\system.vpi";
:vpi_module "D:\iverilog\iverilog\lib\ivl\vhdl_sys.vpi";
:vpi_module "D:\iverilog\iverilog\lib\ivl\vhdl_textio.vpi";
:vpi_module "D:\iverilog\iverilog\lib\ivl\v2005_math.vpi";
:vpi_module "D:\iverilog\iverilog\lib\ivl\va_math.vpi";
S_0000022417177cd0 .scope module, "SystemController_Pipelinev1" "SystemController_Pipelinev1" 2 1;
 .timescale 0 0;
    .port_info 0 /INPUT 1 "clk";
    .port_info 1 /INPUT 1 "rst_n";
    .port_info 2 /INPUT 1 "done_kl";
    .port_info 3 /INPUT 1 "ready_new_input_pc";
    .port_info 4 /INPUT 1 "ready_new_key_pc";
    .port_info 5 /INPUT 1 "ctvalid1";
    .port_info 6 /INPUT 1 "ctvalid2";
    .port_info 7 /INPUT 1 "keynewinput_if";
    .port_info 8 /INPUT 1 "keyrd_if";
    .port_info 9 /INPUT 1 "datard_if";
    .port_info 10 /OUTPUT 1 "readdata";
    .port_info 11 /OUTPUT 2 "addr_data";
    .port_info 12 /OUTPUT 1 "readkey";
    .port_info 13 /OUTPUT 1 "ready_new_input";
    .port_info 14 /OUTPUT 1 "ready_new_key";
    .port_info 15 /OUTPUT 1 "ctvalid";
    .port_info 16 /OUTPUT 1 "src_sbox";
    .port_info 17 /OUTPUT 1 "Key_rd_kl";
    .port_info 18 /OUTPUT 1 "data_rd_pc";
P_000002241714a690 .param/l "DONE1" 1 2 33, +C4<00000000000000000000000000000110>;
P_000002241714a6c8 .param/l "DONE2" 1 2 38, +C4<00000000000000000000000000000011>;
P_000002241714a700 .param/l "IDLE1" 1 2 27, +C4<00000000000000000000000000000000>;
P_000002241714a738 .param/l "IDLE2" 1 2 35, +C4<00000000000000000000000000000000>;
P_000002241714a770 .param/l "KEY_EX_COM" 1 2 29, +C4<00000000000000000000000000000010>;
P_000002241714a7a8 .param/l "KEY_EX_START" 1 2 28, +C4<00000000000000000000000000000001>;
P_000002241714a7e0 .param/l "LOAD_DATA1" 1 2 31, +C4<00000000000000000000000000000100>;
P_000002241714a818 .param/l "LOAD_DATA2" 1 2 36, +C4<00000000000000000000000000000001>;
P_000002241714a850 .param/l "PCORE_COM1" 1 2 32, +C4<00000000000000000000000000000101>;
P_000002241714a888 .param/l "PCORE_COM2" 1 2 37, +C4<00000000000000000000000000000010>;
P_000002241714a8c0 .param/l "PCORE_START" 1 2 30, +C4<00000000000000000000000000000011>;
o00000224171780a8 .functor BUFZ 1, C4<z>; HiZ drive
o00000224171780d8 .functor BUFZ 1, C4<z>; HiZ drive
L_0000022417171160 .functor OR 1, o00000224171780a8, o00000224171780d8, C4<0>, C4<0>;
v000002241714e0c0_0 .var "Key_rd_kl", 0 0;
v000002241714ee80_0 .var "addr_data", 1 0;
o0000022417178018 .functor BUFZ 1, C4<z>; HiZ drive
v000002241714ed40_0 .net "clk", 0 0, o0000022417178018;  0 drivers
v000002241714e980_0 .var "cnt_data", 1 0;
v000002241714e480_0 .net "ctvalid", 0 0, L_0000022417171160;  1 drivers
v000002241714e660_0 .net "ctvalid1", 0 0, o00000224171780a8;  0 drivers
v000002241714e160_0 .net "ctvalid2", 0 0, o00000224171780d8;  0 drivers
v000002241714e700_0 .var "data_rd_pc", 0 0;
o0000022417178138 .functor BUFZ 1, C4<z>; HiZ drive
v000002241714ef20_0 .net "datard_if", 0 0, o0000022417178138;  0 drivers
o0000022417178168 .functor BUFZ 1, C4<z>; HiZ drive
v000002241714e200_0 .net "done_kl", 0 0, o0000022417178168;  0 drivers
o0000022417178198 .functor BUFZ 1, C4<z>; HiZ drive
v000002241714eb60_0 .net "keynewinput_if", 0 0, o0000022417178198;  0 drivers
o00000224171781c8 .functor BUFZ 1, C4<z>; HiZ drive
v000002241714e520_0 .net "keyrd_if", 0 0, o00000224171781c8;  0 drivers
v000002241714e8e0_0 .var "next_state1", 3 0;
v000002241714e2a0_0 .var "next_state2", 3 0;
v000002241714ea20_0 .var "readdata", 0 0;
v000002241714e7a0_0 .var "readkey", 0 0;
v000002241714e840_0 .var "ready_new_input", 0 0;
o00000224171782e8 .functor BUFZ 1, C4<z>; HiZ drive
v000002241714e340_0 .net "ready_new_input_pc", 0 0, o00000224171782e8;  0 drivers
v000002241714eac0_0 .var "ready_new_key", 0 0;
o0000022417178348 .functor BUFZ 1, C4<z>; HiZ drive
v000002241714ede0_0 .net "ready_new_key_pc", 0 0, o0000022417178348;  0 drivers
o0000022417178378 .functor BUFZ 1, C4<z>; HiZ drive
v000002241714ec00_0 .net "rst_n", 0 0, o0000022417178378;  0 drivers
v000002241714eca0_0 .var "src_sbox", 0 0;
v00000224171c7730_0 .var "state1", 3 0;
v00000224171c8770_0 .var "state2", 3 0;
E_0000022417149550/0 .event negedge, v000002241714ec00_0;
E_0000022417149550/1 .event posedge, v000002241714ed40_0;
E_0000022417149550 .event/or E_0000022417149550/0, E_0000022417149550/1;
E_000002241714a050 .event anyedge, v00000224171c7730_0, v00000224171c8770_0;
E_000002241714a110/0 .event anyedge, v00000224171c8770_0, v00000224171c7730_0, v000002241714e980_0, v000002241714ee80_0;
E_000002241714a110/1 .event anyedge, v000002241714ef20_0, v000002241714e160_0;
E_000002241714a110 .event/or E_000002241714a110/0, E_000002241714a110/1;
E_0000022417149350/0 .event anyedge, v00000224171c7730_0, v000002241714eb60_0, v000002241714e520_0, v000002241714ef20_0;
E_0000022417149350/1 .event anyedge, v000002241714e980_0, v000002241714e200_0, v000002241714e660_0, v00000224171c8770_0;
E_0000022417149350 .event/or E_0000022417149350/0, E_0000022417149350/1;
    .scope S_0000022417177cd0;
T_0 ;
    %wait E_0000022417149350;
    %load/vec4 v00000224171c7730_0;
    %dup/vec4;
    %pushi/vec4 0, 0, 4;
    %cmp/u;
    %jmp/1 T_0.0, 6;
    %dup/vec4;
    %pushi/vec4 1, 0, 4;
    %cmp/u;
    %jmp/1 T_0.1, 6;
    %dup/vec4;
    %pushi/vec4 2, 0, 4;
    %cmp/u;
    %jmp/1 T_0.2, 6;
    %dup/vec4;
    %pushi/vec4 3, 0, 4;
    %cmp/u;
    %jmp/1 T_0.3, 6;
    %dup/vec4;
    %pushi/vec4 4, 0, 4;
    %cmp/u;
    %jmp/1 T_0.4, 6;
    %dup/vec4;
    %pushi/vec4 5, 0, 4;
    %cmp/u;
    %jmp/1 T_0.5, 6;
    %dup/vec4;
    %pushi/vec4 6, 0, 4;
    %cmp/u;
    %jmp/1 T_0.6, 6;
    %jmp T_0.7;
T_0.0 ;
    %load/vec4 v000002241714eb60_0;
    %load/vec4 v000002241714e520_0;
    %and;
    %flag_set/vec4 8;
    %jmp/0xz  T_0.8, 8;
    %pushi/vec4 1, 0, 4;
    %store/vec4 v000002241714e8e0_0, 0, 4;
    %jmp T_0.9;
T_0.8 ;
    %load/vec4 v000002241714ef20_0;
    %flag_set/vec4 8;
    %jmp/0xz  T_0.10, 8;
    %pushi/vec4 4, 0, 4;
    %store/vec4 v000002241714e8e0_0, 0, 4;
    %jmp T_0.11;
T_0.10 ;
    %load/vec4 v000002241714e980_0;
    %pad/u 32;
    %cmpi/ne 0, 0, 32;
    %jmp/0xz  T_0.12, 4;
    %pushi/vec4 4, 0, 4;
    %store/vec4 v000002241714e8e0_0, 0, 4;
    %jmp T_0.13;
T_0.12 ;
    %pushi/vec4 0, 0, 4;
    %store/vec4 v000002241714e8e0_0, 0, 4;
T_0.13 ;
T_0.11 ;
T_0.9 ;
    %jmp T_0.7;
T_0.1 ;
    %pushi/vec4 2, 0, 4;
    %store/vec4 v000002241714e8e0_0, 0, 4;
    %jmp T_0.7;
T_0.2 ;
    %load/vec4 v000002241714e200_0;
    %flag_set/vec4 8;
    %jmp/0 T_0.14, 8;
    %pushi/vec4 3, 0, 32;
    %jmp/1 T_0.15, 8;
T_0.14 ; End of true expr.
    %pushi/vec4 2, 0, 32;
    %jmp/0 T_0.15, 8;
 ; End of false expr.
    %blend;
T_0.15;
    %pad/s 4;
    %store/vec4 v000002241714e8e0_0, 0, 4;
    %jmp T_0.7;
T_0.3 ;
    %load/vec4 v000002241714e980_0;
    %pad/u 32;
    %cmpi/ne 0, 0, 32;
    %flag_mov 8, 4;
    %jmp/0 T_0.16, 8;
    %pushi/vec4 4, 0, 32;
    %jmp/1 T_0.17, 8;
T_0.16 ; End of true expr.
    %pushi/vec4 0, 0, 32;
    %jmp/0 T_0.17, 8;
 ; End of false expr.
    %blend;
T_0.17;
    %pad/s 4;
    %store/vec4 v000002241714e8e0_0, 0, 4;
    %jmp T_0.7;
T_0.4 ;
    %pushi/vec4 5, 0, 4;
    %store/vec4 v000002241714e8e0_0, 0, 4;
    %jmp T_0.7;
T_0.5 ;
    %load/vec4 v000002241714e660_0;
    %flag_set/vec4 8;
    %jmp/0 T_0.18, 8;
    %pushi/vec4 6, 0, 32;
    %jmp/1 T_0.19, 8;
T_0.18 ; End of true expr.
    %pushi/vec4 5, 0, 32;
    %jmp/0 T_0.19, 8;
 ; End of false expr.
    %blend;
T_0.19;
    %pad/s 4;
    %store/vec4 v000002241714e8e0_0, 0, 4;
    %jmp T_0.7;
T_0.6 ;
    %load/vec4 v00000224171c8770_0;
    %pad/u 32;
    %cmpi/e 0, 0, 32;
    %jmp/0xz  T_0.20, 4;
    %pushi/vec4 0, 0, 4;
    %store/vec4 v000002241714e8e0_0, 0, 4;
    %jmp T_0.21;
T_0.20 ;
    %load/vec4 v000002241714ef20_0;
    %flag_set/vec4 8;
    %jmp/0xz  T_0.22, 8;
    %pushi/vec4 4, 0, 4;
    %store/vec4 v000002241714e8e0_0, 0, 4;
    %jmp T_0.23;
T_0.22 ;
    %pushi/vec4 6, 0, 4;
    %store/vec4 v000002241714e8e0_0, 0, 4;
T_0.23 ;
T_0.21 ;
    %jmp T_0.7;
T_0.7 ;
    %pop/vec4 1;
    %jmp T_0;
    .thread T_0, $push;
    .scope S_0000022417177cd0;
T_1 ;
    %wait E_000002241714a110;
    %load/vec4 v00000224171c8770_0;
    %dup/vec4;
    %pushi/vec4 0, 0, 4;
    %cmp/u;
    %jmp/1 T_1.0, 6;
    %dup/vec4;
    %pushi/vec4 1, 0, 4;
    %cmp/u;
    %jmp/1 T_1.1, 6;
    %dup/vec4;
    %pushi/vec4 2, 0, 4;
    %cmp/u;
    %jmp/1 T_1.2, 6;
    %dup/vec4;
    %pushi/vec4 3, 0, 4;
    %cmp/u;
    %jmp/1 T_1.3, 6;
    %jmp T_1.4;
T_1.0 ;
    %load/vec4 v00000224171c7730_0;
    %pad/u 32;
    %pushi/vec4 4, 0, 32;
    %cmp/e;
    %flag_get/vec4 4;
    %load/vec4 v000002241714e980_0;
    %load/vec4 v000002241714ee80_0;
    %cmp/ne;
    %flag_get/vec4 4;
    %and;
    %flag_set/vec4 8;
    %jmp/0xz  T_1.5, 8;
    %pushi/vec4 1, 0, 4;
    %store/vec4 v000002241714e2a0_0, 0, 4;
    %jmp T_1.6;
T_1.5 ;
    %load/vec4 v00000224171c7730_0;
    %pad/u 32;
    %pushi/vec4 4, 0, 32;
    %cmp/e;
    %flag_get/vec4 4;
    %load/vec4 v000002241714ef20_0;
    %and;
    %flag_set/vec4 8;
    %jmp/0xz  T_1.7, 8;
    %pushi/vec4 1, 0, 4;
    %store/vec4 v000002241714e2a0_0, 0, 4;
    %jmp T_1.8;
T_1.7 ;
    %load/vec4 v00000224171c7730_0;
    %pad/u 32;
    %pushi/vec4 5, 0, 32;
    %cmp/e;
    %flag_get/vec4 4;
    %load/vec4 v000002241714ef20_0;
    %and;
    %flag_set/vec4 8;
    %jmp/0xz  T_1.9, 8;
    %pushi/vec4 1, 0, 4;
    %store/vec4 v000002241714e2a0_0, 0, 4;
    %jmp T_1.10;
T_1.9 ;
    %pushi/vec4 0, 0, 4;
    %store/vec4 v000002241714e2a0_0, 0, 4;
T_1.10 ;
T_1.8 ;
T_1.6 ;
    %jmp T_1.4;
T_1.1 ;
    %pushi/vec4 2, 0, 4;
    %store/vec4 v000002241714e2a0_0, 0, 4;
    %jmp T_1.4;
T_1.2 ;
    %load/vec4 v000002241714e160_0;
    %flag_set/vec4 8;
    %jmp/0 T_1.11, 8;
    %pushi/vec4 3, 0, 32;
    %jmp/1 T_1.12, 8;
T_1.11 ; End of true expr.
    %pushi/vec4 2, 0, 32;
    %jmp/0 T_1.12, 8;
 ; End of false expr.
    %blend;
T_1.12;
    %pad/s 4;
    %store/vec4 v000002241714e2a0_0, 0, 4;
    %jmp T_1.4;
T_1.3 ;
    %load/vec4 v00000224171c7730_0;
    %pad/u 32;
    %cmpi/e 6, 0, 32;
    %jmp/0xz  T_1.13, 4;
    %pushi/vec4 0, 0, 4;
    %store/vec4 v000002241714e2a0_0, 0, 4;
    %jmp T_1.14;
T_1.13 ;
    %load/vec4 v000002241714ef20_0;
    %flag_set/vec4 8;
    %jmp/0xz  T_1.15, 8;
    %pushi/vec4 1, 0, 4;
    %store/vec4 v000002241714e2a0_0, 0, 4;
    %jmp T_1.16;
T_1.15 ;
    %pushi/vec4 3, 0, 4;
    %store/vec4 v000002241714e2a0_0, 0, 4;
T_1.16 ;
T_1.14 ;
    %jmp T_1.4;
T_1.4 ;
    %pop/vec4 1;
    %jmp T_1;
    .thread T_1, $push;
    .scope S_0000022417177cd0;
T_2 ;
    %wait E_0000022417149550;
    %load/vec4 v000002241714ec00_0;
    %inv;
    %flag_set/vec4 8;
    %jmp/0xz  T_2.0, 8;
    %pushi/vec4 0, 0, 4;
    %assign/vec4 v00000224171c7730_0, 0;
    %jmp T_2.1;
T_2.0 ;
    %load/vec4 v000002241714e8e0_0;
    %assign/vec4 v00000224171c7730_0, 0;
T_2.1 ;
    %jmp T_2;
    .thread T_2;
    .scope S_0000022417177cd0;
T_3 ;
    %wait E_0000022417149550;
    %load/vec4 v000002241714ec00_0;
    %inv;
    %flag_set/vec4 8;
    %jmp/0xz  T_3.0, 8;
    %pushi/vec4 0, 0, 4;
    %assign/vec4 v00000224171c8770_0, 0;
    %jmp T_3.1;
T_3.0 ;
    %load/vec4 v000002241714e2a0_0;
    %assign/vec4 v00000224171c8770_0, 0;
T_3.1 ;
    %jmp T_3;
    .thread T_3;
    .scope S_0000022417177cd0;
T_4 ;
    %wait E_0000022417149550;
    %load/vec4 v000002241714ec00_0;
    %inv;
    %flag_set/vec4 8;
    %jmp/0xz  T_4.0, 8;
    %pushi/vec4 0, 0, 2;
    %assign/vec4 v000002241714e980_0, 0;
    %jmp T_4.1;
T_4.0 ;
    %load/vec4 v00000224171c7730_0;
    %pad/u 32;
    %pushi/vec4 0, 0, 32;
    %cmp/ne;
    %flag_get/vec4 4;
    %load/vec4 v00000224171c8770_0;
    %pad/u 32;
    %pushi/vec4 0, 0, 32;
    %cmp/ne;
    %flag_get/vec4 4;
    %and;
    %load/vec4 v000002241714ef20_0;
    %and;
    %load/vec4 v000002241714e980_0;
    %pad/u 32;
    %pushi/vec4 2, 0, 32;
    %cmp/ne;
    %flag_get/vec4 4;
    %and;
    %flag_set/vec4 8;
    %jmp/0xz  T_4.2, 8;
    %load/vec4 v000002241714e980_0;
    %addi 1, 0, 2;
    %assign/vec4 v000002241714e980_0, 0;
    %jmp T_4.3;
T_4.2 ;
    %load/vec4 v000002241714ee80_0;
    %load/vec4 v000002241714e980_0;
    %cmp/e;
    %jmp/0xz  T_4.4, 4;
    %pushi/vec4 0, 0, 2;
    %assign/vec4 v000002241714e980_0, 0;
T_4.4 ;
T_4.3 ;
T_4.1 ;
    %jmp T_4;
    .thread T_4;
    .scope S_0000022417177cd0;
T_5 ;
    %wait E_0000022417149550;
    %load/vec4 v000002241714ec00_0;
    %inv;
    %flag_set/vec4 8;
    %jmp/0xz  T_5.0, 8;
    %pushi/vec4 0, 0, 2;
    %assign/vec4 v000002241714ee80_0, 0;
    %jmp T_5.1;
T_5.0 ;
    %load/vec4 v00000224171c7730_0;
    %pad/u 32;
    %cmpi/e 4, 0, 32;
    %flag_mov 8, 4;
    %load/vec4 v00000224171c8770_0;
    %pad/u 32;
    %cmpi/e 1, 0, 32;
    %flag_or 4, 8;
    %jmp/0xz  T_5.2, 4;
    %load/vec4 v000002241714ee80_0;
    %addi 1, 0, 2;
    %assign/vec4 v000002241714ee80_0, 0;
    %jmp T_5.3;
T_5.2 ;
    %load/vec4 v000002241714ee80_0;
    %load/vec4 v000002241714e980_0;
    %cmp/e;
    %jmp/0xz  T_5.4, 4;
    %pushi/vec4 0, 0, 2;
    %assign/vec4 v000002241714ee80_0, 0;
T_5.4 ;
T_5.3 ;
T_5.1 ;
    %jmp T_5;
    .thread T_5;
    .scope S_0000022417177cd0;
T_6 ;
    %wait E_0000022417149550;
    %load/vec4 v000002241714ec00_0;
    %inv;
    %flag_set/vec4 8;
    %jmp/0xz  T_6.0, 8;
    %pushi/vec4 0, 0, 1;
    %assign/vec4 v000002241714eca0_0, 0;
    %jmp T_6.1;
T_6.0 ;
    %load/vec4 v00000224171c7730_0;
    %pad/u 32;
    %cmpi/e 1, 0, 32;
    %jmp/0xz  T_6.2, 4;
    %pushi/vec4 0, 0, 1;
    %assign/vec4 v000002241714eca0_0, 0;
    %jmp T_6.3;
T_6.2 ;
    %load/vec4 v00000224171c7730_0;
    %pad/u 32;
    %cmpi/e 4, 0, 32;
    %jmp/0xz  T_6.4, 4;
    %pushi/vec4 1, 0, 1;
    %assign/vec4 v000002241714eca0_0, 0;
    %jmp T_6.5;
T_6.4 ;
    %load/vec4 v000002241714eca0_0;
    %assign/vec4 v000002241714eca0_0, 0;
T_6.5 ;
T_6.3 ;
T_6.1 ;
    %jmp T_6;
    .thread T_6;
    .scope S_0000022417177cd0;
T_7 ;
    %wait E_000002241714a050;
    %pushi/vec4 0, 0, 1;
    %store/vec4 v000002241714ea20_0, 0, 1;
    %pushi/vec4 0, 0, 1;
    %store/vec4 v000002241714e7a0_0, 0, 1;
    %pushi/vec4 0, 0, 1;
    %store/vec4 v000002241714e0c0_0, 0, 1;
    %pushi/vec4 0, 0, 1;
    %store/vec4 v000002241714e700_0, 0, 1;
    %load/vec4 v00000224171c7730_0;
    %pad/u 32;
    %cmpi/e 1, 0, 32;
    %jmp/0xz  T_7.0, 4;
    %pushi/vec4 1, 0, 1;
    %store/vec4 v000002241714e7a0_0, 0, 1;
    %pushi/vec4 1, 0, 1;
    %store/vec4 v000002241714e0c0_0, 0, 1;
    %jmp T_7.1;
T_7.0 ;
    %load/vec4 v00000224171c7730_0;
    %pad/u 32;
    %cmpi/e 4, 0, 32;
    %jmp/0xz  T_7.2, 4;
    %pushi/vec4 1, 0, 1;
    %store/vec4 v000002241714ea20_0, 0, 1;
    %pushi/vec4 1, 0, 1;
    %store/vec4 v000002241714e700_0, 0, 1;
    %jmp T_7.3;
T_7.2 ;
    %load/vec4 v00000224171c8770_0;
    %pad/u 32;
    %cmpi/e 1, 0, 32;
    %jmp/0xz  T_7.4, 4;
    %pushi/vec4 1, 0, 1;
    %store/vec4 v000002241714ea20_0, 0, 1;
    %pushi/vec4 1, 0, 1;
    %store/vec4 v000002241714e700_0, 0, 1;
T_7.4 ;
T_7.3 ;
T_7.1 ;
    %jmp T_7;
    .thread T_7, $push;
    .scope S_0000022417177cd0;
T_8 ;
    %wait E_0000022417149550;
    %load/vec4 v000002241714ec00_0;
    %inv;
    %flag_set/vec4 8;
    %jmp/0xz  T_8.0, 8;
    %pushi/vec4 1, 0, 1;
    %assign/vec4 v000002241714eac0_0, 0;
    %jmp T_8.1;
T_8.0 ;
    %load/vec4 v00000224171c7730_0;
    %pad/u 32;
    %cmpi/e 0, 0, 32;
    %flag_mov 8, 4;
    %load/vec4 v00000224171c7730_0;
    %pad/u 32;
    %pushi/vec4 6, 0, 32;
    %cmp/e;
    %flag_get/vec4 4;
    %load/vec4 v00000224171c8770_0;
    %pad/u 32;
    %pushi/vec4 0, 0, 32;
    %cmp/e;
    %flag_get/vec4 4;
    %and;
    %flag_set/vec4 9;
    %flag_or 9, 8;
    %load/vec4 v00000224171c8770_0;
    %pad/u 32;
    %cmpi/e 3, 0, 32;
    %flag_or 4, 9;
    %jmp/0xz  T_8.2, 4;
    %pushi/vec4 1, 0, 1;
    %assign/vec4 v000002241714eac0_0, 0;
    %jmp T_8.3;
T_8.2 ;
    %pushi/vec4 0, 0, 1;
    %assign/vec4 v000002241714eac0_0, 0;
T_8.3 ;
T_8.1 ;
    %jmp T_8;
    .thread T_8;
    .scope S_0000022417177cd0;
T_9 ;
    %wait E_0000022417149550;
    %load/vec4 v000002241714ec00_0;
    %inv;
    %flag_set/vec4 8;
    %jmp/0xz  T_9.0, 8;
    %pushi/vec4 1, 0, 1;
    %assign/vec4 v000002241714e840_0, 0;
    %jmp T_9.1;
T_9.0 ;
    %load/vec4 v000002241714e980_0;
    %pad/u 32;
    %pushi/vec4 2, 0, 32;
    %cmp/ne;
    %flag_get/vec4 4;
    %load/vec4 v00000224171c7730_0;
    %pad/u 32;
    %pushi/vec4 0, 0, 32;
    %cmp/e;
    %flag_get/vec4 4;
    %load/vec4 v00000224171c7730_0;
    %pad/u 32;
    %pushi/vec4 1, 0, 32;
    %cmp/e;
    %flag_get/vec4 4;
    %or;
    %load/vec4 v00000224171c7730_0;
    %pad/u 32;
    %pushi/vec4 2, 0, 32;
    %cmp/e;
    %flag_get/vec4 4;
    %or;
    %and;
    %flag_set/vec4 8;
    %jmp/0xz  T_9.2, 8;
    %pushi/vec4 1, 0, 1;
    %assign/vec4 v000002241714e840_0, 0;
    %jmp T_9.3;
T_9.2 ;
    %pushi/vec4 0, 0, 1;
    %assign/vec4 v000002241714e840_0, 0;
T_9.3 ;
T_9.1 ;
    %jmp T_9;
    .thread T_9;
# The file index is used to find the file name in the following table.
:file_names 3;
    "N/A";
    "<interactive>";
    "SystemController_Pipelinev1.v";
