#! /c/Source/iverilog-install/bin/vvp
:ivl_version "12.0 (devel)" "(s20150603-1110-g18392a46)";
:ivl_delay_selection "TYPICAL";
:vpi_time_precision + 0;
:vpi_module "D:\iverilog\iverilog\lib\ivl\system.vpi";
:vpi_module "D:\iverilog\iverilog\lib\ivl\vhdl_sys.vpi";
:vpi_module "D:\iverilog\iverilog\lib\ivl\vhdl_textio.vpi";
:vpi_module "D:\iverilog\iverilog\lib\ivl\v2005_math.vpi";
:vpi_module "D:\iverilog\iverilog\lib\ivl\va_math.vpi";
S_0000026a0bac2830 .scope module, "SystemController_Pipeline" "SystemController_Pipeline" 2 1;
 .timescale 0 0;
    .port_info 0 /INPUT 1 "clk";
    .port_info 1 /INPUT 1 "rst_n";
    .port_info 2 /INPUT 1 "done_kl";
    .port_info 3 /INPUT 1 "ready_new_input_pc";
    .port_info 4 /INPUT 1 "ready_new_key_pc";
    .port_info 5 /INPUT 1 "ctvalid_pc";
    .port_info 6 /INPUT 1 "keynewinput_if";
    .port_info 7 /INPUT 1 "keyrd_if";
    .port_info 8 /INPUT 1 "datard_if";
    .port_info 9 /OUTPUT 1 "readdata";
    .port_info 10 /OUTPUT 2 "addr_data";
    .port_info 11 /OUTPUT 1 "readkey";
    .port_info 12 /OUTPUT 1 "ready_new_input";
    .port_info 13 /OUTPUT 1 "ready_new_key";
    .port_info 14 /OUTPUT 1 "ctvalid";
    .port_info 15 /OUTPUT 1 "src_sbox";
    .port_info 16 /OUTPUT 1 "Key_rd_kl";
    .port_info 17 /OUTPUT 1 "data_rd_pc";
P_0000026a0bac29c0 .param/l "DONE" 1 2 34, +C4<00000000000000000000000000000110>;
P_0000026a0bac29f8 .param/l "IDLE" 1 2 28, +C4<00000000000000000000000000000000>;
P_0000026a0bac2a30 .param/l "KEY_EX_COM" 1 2 30, +C4<00000000000000000000000000000010>;
P_0000026a0bac2a68 .param/l "KEY_EX_START" 1 2 29, +C4<00000000000000000000000000000001>;
P_0000026a0bac2aa0 .param/l "LOAD_DATA" 1 2 32, +C4<00000000000000000000000000000100>;
P_0000026a0bac2ad8 .param/l "PCORE_COM" 1 2 33, +C4<00000000000000000000000000000101>;
P_0000026a0bac2b10 .param/l "PCORE_START" 1 2 31, +C4<00000000000000000000000000000011>;
o0000026a0bb0f0c8 .functor BUFZ 1, C4<z>; HiZ drive
L_0000026a0bae6a20 .functor BUFZ 1, o0000026a0bb0f0c8, C4<0>, C4<0>, C4<0>;
v0000026a0baaddc0_0 .var "Key_rd_kl", 0 0;
v0000026a0bac2b50_0 .var "addr_data", 1 0;
o0000026a0bb0f038 .functor BUFZ 1, C4<z>; HiZ drive
v0000026a0baabaa0_0 .net "clk", 0 0, o0000026a0bb0f038;  0 drivers
v0000026a0baabb40_0 .var "cnt_data", 1 0;
v0000026a0baabbe0_0 .net "ctvalid", 0 0, L_0000026a0bae6a20;  1 drivers
v0000026a0baabc80_0 .net "ctvalid_pc", 0 0, o0000026a0bb0f0c8;  0 drivers
v0000026a0baabd20_0 .var "data_rd_pc", 0 0;
o0000026a0bb0f128 .functor BUFZ 1, C4<z>; HiZ drive
v0000026a0baabdc0_0 .net "datard_if", 0 0, o0000026a0bb0f128;  0 drivers
o0000026a0bb0f158 .functor BUFZ 1, C4<z>; HiZ drive
v0000026a0bb5bc80_0 .net "done_kl", 0 0, o0000026a0bb0f158;  0 drivers
o0000026a0bb0f188 .functor BUFZ 1, C4<z>; HiZ drive
v0000026a0bb5bd20_0 .net "keynewinput_if", 0 0, o0000026a0bb0f188;  0 drivers
o0000026a0bb0f1b8 .functor BUFZ 1, C4<z>; HiZ drive
v0000026a0bb5bdc0_0 .net "keyrd_if", 0 0, o0000026a0bb0f1b8;  0 drivers
v0000026a0bb5c630_0 .var "next_state", 2 0;
v0000026a0bb5c3b0_0 .var "readdata", 0 0;
v0000026a0bb5c9f0_0 .var "readkey", 0 0;
v0000026a0bb5c310_0 .var "ready_new_input", 0 0;
o0000026a0bb0f2a8 .functor BUFZ 1, C4<z>; HiZ drive
v0000026a0bb5cdb0_0 .net "ready_new_input_pc", 0 0, o0000026a0bb0f2a8;  0 drivers
v0000026a0bb5beb0_0 .var "ready_new_key", 0 0;
o0000026a0bb0f308 .functor BUFZ 1, C4<z>; HiZ drive
v0000026a0bb5cc70_0 .net "ready_new_key_pc", 0 0, o0000026a0bb0f308;  0 drivers
o0000026a0bb0f338 .functor BUFZ 1, C4<z>; HiZ drive
v0000026a0bb5cd10_0 .net "rst_n", 0 0, o0000026a0bb0f338;  0 drivers
v0000026a0bb5c810_0 .var "src_sbox", 0 0;
v0000026a0bb5c770_0 .var "state", 2 0;
E_0000026a0baec2c0/0 .event negedge, v0000026a0bb5cd10_0;
E_0000026a0baec2c0/1 .event posedge, v0000026a0baabaa0_0;
E_0000026a0baec2c0 .event/or E_0000026a0baec2c0/0, E_0000026a0baec2c0/1;
E_0000026a0baebe80 .event anyedge, v0000026a0bb5c770_0, v0000026a0bac2b50_0, v0000026a0baabb40_0;
E_0000026a0baec340/0 .event anyedge, v0000026a0bb5c770_0, v0000026a0bb5bd20_0, v0000026a0bb5bdc0_0, v0000026a0baabb40_0;
E_0000026a0baec340/1 .event anyedge, v0000026a0bb5bc80_0, v0000026a0bac2b50_0, v0000026a0baabc80_0;
E_0000026a0baec340 .event/or E_0000026a0baec340/0, E_0000026a0baec340/1;
    .scope S_0000026a0bac2830;
T_0 ;
    %wait E_0000026a0baec340;
    %load/vec4 v0000026a0bb5c770_0;
    %dup/vec4;
    %pushi/vec4 0, 0, 3;
    %cmp/u;
    %jmp/1 T_0.0, 6;
    %dup/vec4;
    %pushi/vec4 1, 0, 3;
    %cmp/u;
    %jmp/1 T_0.1, 6;
    %dup/vec4;
    %pushi/vec4 2, 0, 3;
    %cmp/u;
    %jmp/1 T_0.2, 6;
    %dup/vec4;
    %pushi/vec4 3, 0, 3;
    %cmp/u;
    %jmp/1 T_0.3, 6;
    %dup/vec4;
    %pushi/vec4 4, 0, 3;
    %cmp/u;
    %jmp/1 T_0.4, 6;
    %dup/vec4;
    %pushi/vec4 5, 0, 3;
    %cmp/u;
    %jmp/1 T_0.5, 6;
    %dup/vec4;
    %pushi/vec4 6, 0, 3;
    %cmp/u;
    %jmp/1 T_0.6, 6;
    %jmp T_0.7;
T_0.0 ;
    %load/vec4 v0000026a0bb5bd20_0;
    %load/vec4 v0000026a0bb5bdc0_0;
    %and;
    %flag_set/vec4 8;
    %jmp/0xz  T_0.8, 8;
    %pushi/vec4 1, 0, 3;
    %store/vec4 v0000026a0bb5c630_0, 0, 3;
    %jmp T_0.9;
T_0.8 ;
    %load/vec4 v0000026a0baabb40_0;
    %pad/u 32;
    %cmpi/ne 0, 0, 32;
    %jmp/0xz  T_0.10, 4;
    %pushi/vec4 4, 0, 3;
    %store/vec4 v0000026a0bb5c630_0, 0, 3;
    %jmp T_0.11;
T_0.10 ;
    %pushi/vec4 0, 0, 3;
    %store/vec4 v0000026a0bb5c630_0, 0, 3;
T_0.11 ;
T_0.9 ;
    %jmp T_0.7;
T_0.1 ;
    %pushi/vec4 2, 0, 3;
    %store/vec4 v0000026a0bb5c630_0, 0, 3;
    %jmp T_0.7;
T_0.2 ;
    %load/vec4 v0000026a0bb5bc80_0;
    %flag_set/vec4 8;
    %jmp/0 T_0.12, 8;
    %pushi/vec4 3, 0, 32;
    %jmp/1 T_0.13, 8;
T_0.12 ; End of true expr.
    %pushi/vec4 2, 0, 32;
    %jmp/0 T_0.13, 8;
 ; End of false expr.
    %blend;
T_0.13;
    %pad/s 3;
    %store/vec4 v0000026a0bb5c630_0, 0, 3;
    %jmp T_0.7;
T_0.3 ;
    %load/vec4 v0000026a0baabb40_0;
    %pad/u 32;
    %cmpi/ne 0, 0, 32;
    %flag_mov 8, 4;
    %jmp/0 T_0.14, 8;
    %pushi/vec4 4, 0, 32;
    %jmp/1 T_0.15, 8;
T_0.14 ; End of true expr.
    %pushi/vec4 0, 0, 32;
    %jmp/0 T_0.15, 8;
 ; End of false expr.
    %blend;
T_0.15;
    %pad/s 3;
    %store/vec4 v0000026a0bb5c630_0, 0, 3;
    %jmp T_0.7;
T_0.4 ;
    %load/vec4 v0000026a0baabb40_0;
    %load/vec4 v0000026a0bac2b50_0;
    %cmp/e;
    %flag_mov 8, 4;
    %jmp/0 T_0.16, 8;
    %pushi/vec4 5, 0, 32;
    %jmp/1 T_0.17, 8;
T_0.16 ; End of true expr.
    %pushi/vec4 4, 0, 32;
    %jmp/0 T_0.17, 8;
 ; End of false expr.
    %blend;
T_0.17;
    %pad/s 3;
    %store/vec4 v0000026a0bb5c630_0, 0, 3;
    %jmp T_0.7;
T_0.5 ;
    %load/vec4 v0000026a0baabc80_0;
    %flag_set/vec4 8;
    %jmp/0 T_0.18, 8;
    %pushi/vec4 6, 0, 32;
    %jmp/1 T_0.19, 8;
T_0.18 ; End of true expr.
    %pushi/vec4 5, 0, 32;
    %jmp/0 T_0.19, 8;
 ; End of false expr.
    %blend;
T_0.19;
    %pad/s 3;
    %store/vec4 v0000026a0bb5c630_0, 0, 3;
    %jmp T_0.7;
T_0.6 ;
    %pushi/vec4 0, 0, 3;
    %store/vec4 v0000026a0bb5c630_0, 0, 3;
    %jmp T_0.7;
T_0.7 ;
    %pop/vec4 1;
    %jmp T_0;
    .thread T_0, $push;
    .scope S_0000026a0bac2830;
T_1 ;
    %wait E_0000026a0baec2c0;
    %load/vec4 v0000026a0bb5cd10_0;
    %inv;
    %flag_set/vec4 8;
    %jmp/0xz  T_1.0, 8;
    %pushi/vec4 0, 0, 3;
    %assign/vec4 v0000026a0bb5c770_0, 0;
    %jmp T_1.1;
T_1.0 ;
    %load/vec4 v0000026a0bb5c630_0;
    %assign/vec4 v0000026a0bb5c770_0, 0;
T_1.1 ;
    %jmp T_1;
    .thread T_1;
    .scope S_0000026a0bac2830;
T_2 ;
    %wait E_0000026a0baec2c0;
    %load/vec4 v0000026a0bb5cd10_0;
    %inv;
    %flag_set/vec4 8;
    %jmp/0xz  T_2.0, 8;
    %pushi/vec4 0, 0, 2;
    %assign/vec4 v0000026a0baabb40_0, 0;
    %jmp T_2.1;
T_2.0 ;
    %load/vec4 v0000026a0baabdc0_0;
    %flag_set/vec4 8;
    %jmp/0xz  T_2.2, 8;
    %load/vec4 v0000026a0baabb40_0;
    %pad/u 32;
    %cmpi/u 2, 0, 32;
    %jmp/0xz  T_2.4, 5;
    %load/vec4 v0000026a0baabb40_0;
    %addi 1, 0, 2;
    %assign/vec4 v0000026a0baabb40_0, 0;
T_2.4 ;
T_2.2 ;
    %load/vec4 v0000026a0bb5c770_0;
    %pad/u 32;
    %cmpi/e 6, 0, 32;
    %jmp/0xz  T_2.6, 4;
    %pushi/vec4 0, 0, 2;
    %assign/vec4 v0000026a0baabb40_0, 0;
T_2.6 ;
T_2.1 ;
    %jmp T_2;
    .thread T_2;
    .scope S_0000026a0bac2830;
T_3 ;
    %wait E_0000026a0baec2c0;
    %load/vec4 v0000026a0bb5cd10_0;
    %inv;
    %flag_set/vec4 8;
    %jmp/0xz  T_3.0, 8;
    %pushi/vec4 0, 0, 2;
    %assign/vec4 v0000026a0bac2b50_0, 0;
    %jmp T_3.1;
T_3.0 ;
    %load/vec4 v0000026a0bb5c770_0;
    %pad/u 32;
    %cmpi/e 4, 0, 32;
    %jmp/0xz  T_3.2, 4;
    %load/vec4 v0000026a0bac2b50_0;
    %load/vec4 v0000026a0baabb40_0;
    %cmp/ne;
    %jmp/0xz  T_3.4, 4;
    %load/vec4 v0000026a0bac2b50_0;
    %addi 1, 0, 2;
    %assign/vec4 v0000026a0bac2b50_0, 0;
T_3.4 ;
T_3.2 ;
    %load/vec4 v0000026a0bb5c770_0;
    %pad/u 32;
    %cmpi/e 0, 0, 32;
    %jmp/0xz  T_3.6, 4;
    %pushi/vec4 0, 0, 2;
    %assign/vec4 v0000026a0bac2b50_0, 0;
T_3.6 ;
T_3.1 ;
    %jmp T_3;
    .thread T_3;
    .scope S_0000026a0bac2830;
T_4 ;
    %wait E_0000026a0baec2c0;
    %load/vec4 v0000026a0bb5cd10_0;
    %inv;
    %flag_set/vec4 8;
    %jmp/0xz  T_4.0, 8;
    %pushi/vec4 0, 0, 1;
    %assign/vec4 v0000026a0bb5c810_0, 0;
    %jmp T_4.1;
T_4.0 ;
    %load/vec4 v0000026a0bb5c770_0;
    %pad/u 32;
    %cmpi/e 1, 0, 32;
    %flag_mov 8, 4;
    %load/vec4 v0000026a0bb5c770_0;
    %pad/u 32;
    %cmpi/e 0, 0, 32;
    %flag_or 4, 8;
    %jmp/0xz  T_4.2, 4;
    %pushi/vec4 0, 0, 1;
    %assign/vec4 v0000026a0bb5c810_0, 0;
    %jmp T_4.3;
T_4.2 ;
    %load/vec4 v0000026a0bb5c770_0;
    %pad/u 32;
    %cmpi/e 3, 0, 32;
    %jmp/0xz  T_4.4, 4;
    %pushi/vec4 1, 0, 1;
    %assign/vec4 v0000026a0bb5c810_0, 0;
    %jmp T_4.5;
T_4.4 ;
    %load/vec4 v0000026a0bb5c810_0;
    %assign/vec4 v0000026a0bb5c810_0, 0;
T_4.5 ;
T_4.3 ;
T_4.1 ;
    %jmp T_4;
    .thread T_4;
    .scope S_0000026a0bac2830;
T_5 ;
    %wait E_0000026a0baebe80;
    %pushi/vec4 0, 0, 1;
    %store/vec4 v0000026a0baaddc0_0, 0, 1;
    %pushi/vec4 0, 0, 1;
    %store/vec4 v0000026a0bb5c3b0_0, 0, 1;
    %pushi/vec4 0, 0, 1;
    %store/vec4 v0000026a0bb5c9f0_0, 0, 1;
    %pushi/vec4 0, 0, 1;
    %store/vec4 v0000026a0baabd20_0, 0, 1;
    %load/vec4 v0000026a0bb5c770_0;
    %dup/vec4;
    %pushi/vec4 1, 0, 3;
    %cmp/u;
    %jmp/1 T_5.0, 6;
    %dup/vec4;
    %pushi/vec4 4, 0, 3;
    %cmp/u;
    %jmp/1 T_5.1, 6;
    %dup/vec4;
    %pushi/vec4 6, 0, 3;
    %cmp/u;
    %jmp/1 T_5.2, 6;
    %jmp T_5.3;
T_5.0 ;
    %pushi/vec4 1, 0, 1;
    %store/vec4 v0000026a0baaddc0_0, 0, 1;
    %pushi/vec4 1, 0, 1;
    %store/vec4 v0000026a0bb5c9f0_0, 0, 1;
    %jmp T_5.3;
T_5.1 ;
    %load/vec4 v0000026a0bac2b50_0;
    %load/vec4 v0000026a0baabb40_0;
    %cmp/ne;
    %jmp/0xz  T_5.4, 4;
    %pushi/vec4 1, 0, 1;
    %store/vec4 v0000026a0baabd20_0, 0, 1;
    %pushi/vec4 1, 0, 1;
    %store/vec4 v0000026a0bb5c3b0_0, 0, 1;
T_5.4 ;
    %jmp T_5.3;
T_5.2 ;
    %jmp T_5.3;
T_5.3 ;
    %pop/vec4 1;
    %jmp T_5;
    .thread T_5, $push;
    .scope S_0000026a0bac2830;
T_6 ;
    %wait E_0000026a0baec2c0;
    %load/vec4 v0000026a0bb5cd10_0;
    %inv;
    %flag_set/vec4 8;
    %jmp/0xz  T_6.0, 8;
    %pushi/vec4 1, 0, 1;
    %assign/vec4 v0000026a0bb5c310_0, 0;
    %pushi/vec4 1, 0, 1;
    %assign/vec4 v0000026a0bb5beb0_0, 0;
    %jmp T_6.1;
T_6.0 ;
    %load/vec4 v0000026a0bb5c770_0;
    %pad/u 32;
    %cmpi/e 1, 0, 32;
    %flag_mov 8, 4;
    %load/vec4 v0000026a0bb5c770_0;
    %pad/u 32;
    %cmpi/e 2, 0, 32;
    %flag_or 4, 8;
    %flag_mov 8, 4;
    %load/vec4 v0000026a0bb5c770_0;
    %pad/u 32;
    %cmpi/e 4, 0, 32;
    %flag_or 4, 8;
    %flag_mov 8, 4;
    %load/vec4 v0000026a0bb5c770_0;
    %pad/u 32;
    %cmpi/e 5, 0, 32;
    %flag_or 4, 8;
    %jmp/0xz  T_6.2, 4;
    %pushi/vec4 0, 0, 1;
    %assign/vec4 v0000026a0bb5beb0_0, 0;
T_6.2 ;
    %load/vec4 v0000026a0bb5c770_0;
    %pad/u 32;
    %cmpi/e 0, 0, 32;
    %flag_mov 8, 4;
    %load/vec4 v0000026a0bb5c770_0;
    %pad/u 32;
    %cmpi/e 6, 0, 32;
    %flag_or 4, 8;
    %jmp/0xz  T_6.4, 4;
    %pushi/vec4 1, 0, 1;
    %assign/vec4 v0000026a0bb5beb0_0, 0;
T_6.4 ;
    %load/vec4 v0000026a0baabb40_0;
    %pad/u 32;
    %cmpi/e 2, 0, 32;
    %flag_mov 8, 4;
    %load/vec4 v0000026a0bb5c770_0;
    %pad/u 32;
    %cmpi/e 3, 0, 32;
    %flag_or 4, 8;
    %flag_mov 8, 4;
    %load/vec4 v0000026a0bb5c770_0;
    %pad/u 32;
    %cmpi/e 4, 0, 32;
    %flag_or 4, 8;
    %flag_mov 8, 4;
    %load/vec4 v0000026a0bb5c770_0;
    %pad/u 32;
    %cmpi/e 5, 0, 32;
    %flag_or 4, 8;
    %jmp/0xz  T_6.6, 4;
    %pushi/vec4 0, 0, 1;
    %assign/vec4 v0000026a0bb5c310_0, 0;
T_6.6 ;
    %load/vec4 v0000026a0bb5c770_0;
    %pad/u 32;
    %pushi/vec4 0, 0, 32;
    %cmp/e;
    %flag_get/vec4 4;
    %load/vec4 v0000026a0bb5c770_0;
    %pad/u 32;
    %pushi/vec4 6, 0, 32;
    %cmp/e;
    %flag_get/vec4 4;
    %or;
    %load/vec4 v0000026a0bb5c770_0;
    %pad/u 32;
    %pushi/vec4 1, 0, 32;
    %cmp/e;
    %flag_get/vec4 4;
    %or;
    %load/vec4 v0000026a0bb5c770_0;
    %pad/u 32;
    %pushi/vec4 2, 0, 32;
    %cmp/e;
    %flag_get/vec4 4;
    %or;
    %load/vec4 v0000026a0baabb40_0;
    %pad/u 32;
    %pushi/vec4 2, 0, 32;
    %cmp/ne;
    %flag_get/vec4 4;
    %and;
    %flag_set/vec4 8;
    %jmp/0xz  T_6.8, 8;
    %pushi/vec4 1, 0, 1;
    %assign/vec4 v0000026a0bb5c310_0, 0;
T_6.8 ;
T_6.1 ;
    %jmp T_6;
    .thread T_6;
# The file index is used to find the file name in the following table.
:file_names 3;
    "N/A";
    "<interactive>";
    "SystemController_Pipeline.v";
