#! /c/Source/iverilog-install/bin/vvp
:ivl_version "12.0 (devel)" "(s20150603-1110-g18392a46)";
:ivl_delay_selection "TYPICAL";
:vpi_time_precision + 0;
:vpi_module "D:\iverilog\iverilog\lib\ivl\system.vpi";
:vpi_module "D:\iverilog\iverilog\lib\ivl\vhdl_sys.vpi";
:vpi_module "D:\iverilog\iverilog\lib\ivl\vhdl_textio.vpi";
:vpi_module "D:\iverilog\iverilog\lib\ivl\v2005_math.vpi";
:vpi_module "D:\iverilog\iverilog\lib\ivl\va_math.vpi";
S_000001c22583dfb0 .scope module, "Xorr" "Xorr" 2 4;
 .timescale 0 0;
    .port_info 0 /INPUT 128 "key_prev";
    .port_info 1 /INPUT 32 "sub_in";
    .port_info 2 /INPUT 4 "round";
    .port_info 3 /OUTPUT 128 "key_new";
o000001c22588c0f8 .functor BUFZ 128, C4<zzzzzzzzzzzzzzzzzzzzzzzzzzzzzzzzzzzzzzzzzzzzzzzzzzzzzzzzzzzzzzzzzzzzzzzzzzzzzzzzzzzzzzzzzzzzzzzzzzzzzzzzzzzzzzzzzzzzzzzzzzzzzzzz>; HiZ drive
L_000001c225876a40 .functor BUFZ 128, o000001c22588c0f8, C4<00000000000000000000000000000000000000000000000000000000000000000000000000000000000000000000000000000000000000000000000000000000>, C4<00000000000000000000000000000000000000000000000000000000000000000000000000000000000000000000000000000000000000000000000000000000>, C4<00000000000000000000000000000000000000000000000000000000000000000000000000000000000000000000000000000000000000000000000000000000>;
o000001c22588c128 .functor BUFZ 32, C4<zzzzzzzzzzzzzzzzzzzzzzzzzzzzzzzz>; HiZ drive
L_000001c225876f80 .functor XOR 32, o000001c22588c128, v000001c2258786f0_0, C4<00000000000000000000000000000000>, C4<00000000000000000000000000000000>;
L_000001c225876f10 .functor XOR 32, L_000001c225877d90, L_000001c225876f80, C4<00000000000000000000000000000000>, C4<00000000000000000000000000000000>;
L_000001c225876ff0 .functor XOR 32, L_000001c2258785b0, L_000001c225876f10, C4<00000000000000000000000000000000>, C4<00000000000000000000000000000000>;
L_000001c225877060 .functor XOR 32, L_000001c225878c90, L_000001c225876ff0, C4<00000000000000000000000000000000>, C4<00000000000000000000000000000000>;
L_000001c225876dc0 .functor XOR 32, L_000001c225878010, L_000001c225877060, C4<00000000000000000000000000000000>, C4<00000000000000000000000000000000>;
v000001c225878bf0_0 .net *"_ivl_6", 127 0, L_000001c225876a40;  1 drivers
v000001c2258780b0_0 .net "key_new", 127 0, L_000001c225878510;  1 drivers
v000001c225878330_0 .net "key_prev", 127 0, o000001c22588c0f8;  0 drivers
v000001c225878150_0 .net "rcon", 31 0, v000001c2258786f0_0;  1 drivers
o000001c22588c008 .functor BUFZ 4, C4<zzzz>; HiZ drive
v000001c225878970_0 .net "round", 3 0, o000001c22588c008;  0 drivers
v000001c225878a10_0 .net "sub_in", 31 0, o000001c22588c128;  0 drivers
v000001c2258783d0_0 .net "temp", 31 0, L_000001c225876f80;  1 drivers
v000001c225878b50_0 .net "w0", 31 0, L_000001c225877d90;  1 drivers
v000001c225878290_0 .net "w1", 31 0, L_000001c2258785b0;  1 drivers
v000001c225878790_0 .net "w2", 31 0, L_000001c225878c90;  1 drivers
v000001c225878ab0_0 .net "w3", 31 0, L_000001c225878010;  1 drivers
v000001c2258788d0_0 .net "w4", 31 0, L_000001c225876f10;  1 drivers
v000001c225878470_0 .net "w5", 31 0, L_000001c225876ff0;  1 drivers
v000001c225877f70_0 .net "w6", 31 0, L_000001c225877060;  1 drivers
v000001c225877e30_0 .net "w7", 31 0, L_000001c225876dc0;  1 drivers
L_000001c225877d90 .part L_000001c225876a40, 96, 32;
L_000001c2258785b0 .part L_000001c225876a40, 64, 32;
L_000001c225878c90 .part L_000001c225876a40, 32, 32;
L_000001c225878010 .part L_000001c225876a40, 0, 32;
L_000001c225878510 .concat [ 32 32 32 32], L_000001c225876dc0, L_000001c225877060, L_000001c225876ff0, L_000001c225876f10;
S_000001c22583e140 .scope module, "u_rcon" "Rcon" 2 19, 3 1 0, S_000001c22583dfb0;
 .timescale 0 0;
    .port_info 0 /INPUT 4 "round";
    .port_info 1 /OUTPUT 32 "rcon_out";
v000001c2258786f0_0 .var "rcon_out", 31 0;
v000001c225878830_0 .net "round", 3 0, o000001c22588c008;  alias, 0 drivers
E_000001c225875280 .event anyedge, v000001c225878830_0;
    .scope S_000001c22583e140;
T_0 ;
    %wait E_000001c225875280;
    %load/vec4 v000001c225878830_0;
    %dup/vec4;
    %pushi/vec4 1, 0, 4;
    %cmp/u;
    %jmp/1 T_0.0, 6;
    %dup/vec4;
    %pushi/vec4 2, 0, 4;
    %cmp/u;
    %jmp/1 T_0.1, 6;
    %dup/vec4;
    %pushi/vec4 3, 0, 4;
    %cmp/u;
    %jmp/1 T_0.2, 6;
    %dup/vec4;
    %pushi/vec4 4, 0, 4;
    %cmp/u;
    %jmp/1 T_0.3, 6;
    %dup/vec4;
    %pushi/vec4 5, 0, 4;
    %cmp/u;
    %jmp/1 T_0.4, 6;
    %dup/vec4;
    %pushi/vec4 6, 0, 4;
    %cmp/u;
    %jmp/1 T_0.5, 6;
    %dup/vec4;
    %pushi/vec4 7, 0, 4;
    %cmp/u;
    %jmp/1 T_0.6, 6;
    %dup/vec4;
    %pushi/vec4 8, 0, 4;
    %cmp/u;
    %jmp/1 T_0.7, 6;
    %dup/vec4;
    %pushi/vec4 9, 0, 4;
    %cmp/u;
    %jmp/1 T_0.8, 6;
    %dup/vec4;
    %pushi/vec4 10, 0, 4;
    %cmp/u;
    %jmp/1 T_0.9, 6;
    %pushi/vec4 0, 0, 32;
    %store/vec4 v000001c2258786f0_0, 0, 32;
    %jmp T_0.11;
T_0.0 ;
    %pushi/vec4 16777216, 0, 32;
    %store/vec4 v000001c2258786f0_0, 0, 32;
    %jmp T_0.11;
T_0.1 ;
    %pushi/vec4 33554432, 0, 32;
    %store/vec4 v000001c2258786f0_0, 0, 32;
    %jmp T_0.11;
T_0.2 ;
    %pushi/vec4 67108864, 0, 32;
    %store/vec4 v000001c2258786f0_0, 0, 32;
    %jmp T_0.11;
T_0.3 ;
    %pushi/vec4 134217728, 0, 32;
    %store/vec4 v000001c2258786f0_0, 0, 32;
    %jmp T_0.11;
T_0.4 ;
    %pushi/vec4 268435456, 0, 32;
    %store/vec4 v000001c2258786f0_0, 0, 32;
    %jmp T_0.11;
T_0.5 ;
    %pushi/vec4 536870912, 0, 32;
    %store/vec4 v000001c2258786f0_0, 0, 32;
    %jmp T_0.11;
T_0.6 ;
    %pushi/vec4 1073741824, 0, 32;
    %store/vec4 v000001c2258786f0_0, 0, 32;
    %jmp T_0.11;
T_0.7 ;
    %pushi/vec4 2147483648, 0, 32;
    %store/vec4 v000001c2258786f0_0, 0, 32;
    %jmp T_0.11;
T_0.8 ;
    %pushi/vec4 452984832, 0, 32;
    %store/vec4 v000001c2258786f0_0, 0, 32;
    %jmp T_0.11;
T_0.9 ;
    %pushi/vec4 905969664, 0, 32;
    %store/vec4 v000001c2258786f0_0, 0, 32;
    %jmp T_0.11;
T_0.11 ;
    %pop/vec4 1;
    %jmp T_0;
    .thread T_0, $push;
# The file index is used to find the file name in the following table.
:file_names 4;
    "N/A";
    "<interactive>";
    "Xorr.v";
    "./Rcon.v";
